Component: ARM Compiler 5.06 update 7 (build 960) Tool: armlink [4d3601]

==============================================================================

Section Cross References

    main.o(.text) refers to network.o(.text) for NetServerInit
    main.o(.text) refers to tasks.o(.text) for vTaskSuspend
    main.o(.text) refers to bsp.o(.text) for BSP_Init
    main.o(.text) refers to uartstdio.o(.text) for UARTprintf
    startup.o(RESET) refers to startup.o(STACK) for StackMem
    startup.o(RESET) refers to main.o(.text) for deviceDebugHander
    startup.o(RESET) refers to port.o(.emb_text) for vPortSVCHandler
    startup.o(RESET) refers to port.o(.text) for xPortSysTickHandler
    startup.o(RESET) refers to mb_cvt.o(.text) for UARTIntHandler
    startup.o(RESET) refers to lwiplib.o(.text) for lwIPEthernetIntHandler
    startup.o(RESET) refers to entry.o(.ARM.Collect$$$$00000000) for __main
    mb_cvt.o(.text) refers to mallocr.o(i.realloc) for realloc
    mb_cvt.o(.text) refers to heap_2.o(.text) for vPortFree
    mb_cvt.o(.text) refers to mb_cvt.o(.constdata) for .constdata
    mb_cvt.o(.text) refers to uart.o(.text) for UARTIntStatus
    mb_cvt.o(.text) refers to fifo.o(.text) for FIFO_Push
    mb_cvt.o(.text) refers to tasks.o(.text) for vTaskDelay
    mb_cvt.o(.text) refers to mb_cvt.o(.data) for .data
    mb_cvt.o(.text) refers to mb_cvt.o(.bss) for .bss
    mb_cvt.o(.text) refers to uartstdio.o(.text) for UARTprintf
    mb_cvt.o(.text) refers to def_1.o(.text) for lwip_htons
    mb_cvt.o(.text) refers to sockets_1.o(.text) for lwip_socket
    mb_cvt.o(.text) refers to sysctl.o(.text) for SysCtlPeripheralEnable
    mb_cvt.o(.text) refers to gpio.o(.text) for GPIOPinTypeUART
    mb_cvt.o(.text) refers to interrupt.o(.text) for IntEnable
    mb_cvt.o(.text) refers to ip4_addr.o(.text) for ip4addr_ntoa
    mb_cvt.o(.text) refers to memseta.o(.text) for __aeabi_memclr
    mb_cvt.o(.data) refers to mb_cvt.o(.text) for modbusParseRequest01020304
    bsp.o(.text) refers to sysctl.o(.text) for SysCtlLDOSet
    bsp.o(.text) refers to gpio.o(.text) for GPIOPinTypeUART
    bsp.o(.text) refers to uartstdio.o(.text) for UARTStdioInit
    bsp_led.o(.text) refers to sysctl.o(.text) for SysCtlPeripheralEnable
    bsp_led.o(.text) refers to gpio.o(.text) for GPIOPinTypeGPIOOutput
    rit128x96x4.o(.text) refers to ssi.o(.text) for SSIBusy
    rit128x96x4.o(.text) refers to gpio.o(.text) for GPIOPinWrite
    rit128x96x4.o(.text) refers to sysctl.o(.text) for SysCtlClockGet
    rit128x96x4.o(.text) refers to rit128x96x4.o(.data) for .data
    rit128x96x4.o(.text) refers to rit128x96x4.o(.constdata) for .constdata
    ethernet.o(.text) refers to interrupt.o(.text) for IntRegister
    gpio.o(.text) refers to interrupt.o(.text) for IntRegister
    gpio.o(.text) refers to gpio.o(.constdata) for .constdata
    interrupt.o(.text) refers to cpu.o(.emb_text) for CPUcpsie
    interrupt.o(.text) refers to interrupt.o(vtable) for vtable
    interrupt.o(.text) refers to interrupt.o(.constdata) for .constdata
    hibernate.o(.text) refers to sysctl.o(.emb_text) for SysCtlDelay
    hibernate.o(.text) refers to interrupt.o(.text) for IntRegister
    hibernate.o(.text) refers to hibernate.o(.data) for .data
    sysctl.o(.text) refers to interrupt.o(.text) for IntRegister
    sysctl.o(.text) refers to cpu.o(.emb_text) for CPUwfi
    sysctl.o(.text) refers to sysctl.o(.constdata) for .constdata
    sysctl.o(.text) refers to sysctl.o(.emb_text) for SysCtlDelay
    ssi.o(.text) refers to interrupt.o(.text) for IntRegister
    ssi.o(.text) refers to ssi.o(.constdata) for .constdata
    timer.o(.text) refers to interrupt.o(.text) for IntRegister
    timer.o(.text) refers to timer.o(.constdata) for .constdata
    uart.o(.text) refers to interrupt.o(.text) for IntRegister
    uart.o(.text) refers to uart.o(.constdata) for .constdata
    lwiplib.o(.text) refers to queue.o(.text) for xQueueGenericReceive
    lwiplib.o(.text) refers to stellarisif.o(.text) for stellarisif_interrupt
    lwiplib.o(.text) refers to ethernet.o(.text) for EthernetIntEnable
    lwiplib.o(.text) refers to timeouts.o(.text) for sys_timeout
    lwiplib.o(.text) refers to tasks.o(.text) for xTaskGenericCreate
    lwiplib.o(.text) refers to netif_1.o(.text) for netif_add
    lwiplib.o(.text) refers to def_1.o(.text) for lwip_htonl
    lwiplib.o(.text) refers to sysctl.o(.text) for SysCtlPeripheralEnable
    lwiplib.o(.text) refers to tcpip_1.o(.text) for tcpip_init
    lwiplib.o(.text) refers to port.o(.text) for vPortYieldFromISR
    lwiplib.o(.text) refers to lwiplib.o(.data) for .data
    lwiplib.o(.text) refers to lwiplib.o(.bss) for .bss
    ustdlib.o(.text) refers to ustdlib.o(.constdata) for .constdata
    ustdlib.o(.text) refers to ustdlib.o(.data) for .data
    ustdlib.o(.constdata) refers to ustdlib.o(.conststring) for .conststring
    uartstdio.o(.text) refers to sysctl.o(.text) for SysCtlPeripheralPresent
[...]
    __main_after_scatterload                 0x00000281   Thumb Code     0  entry5.o(.ARM.Collect$$$$00000004)
    _main_clock                              0x00000281   Thumb Code     0  entry7b.o(.ARM.Collect$$$$00000008)
    _main_cpp_init                           0x00000281   Thumb Code     0  entry8b.o(.ARM.Collect$$$$0000000A)
    _main_init                               0x00000281   Thumb Code     0  entry9a.o(.ARM.Collect$$$$0000000B)
    __rt_lib_shutdown_fini                   0x00000289   Thumb Code     0  entry12b.o(.ARM.Collect$$$$0000000E)
    __rt_final_cpp                           0x0000028d   Thumb Code     0  entry10a.o(.ARM.Collect$$$$0000000F)
    __rt_final_exit                          0x0000028d   Thumb Code     0  entry11a.o(.ARM.Collect$$$$00000011)
    CPUcpsid                                 0x00000291   Thumb Code     8  cpu.o(.emb_text)
    CPUprimask                               0x00000299   Thumb Code     6  cpu.o(.emb_text)
    CPUcpsie                                 0x0000029f   Thumb Code     8  cpu.o(.emb_text)
    CPUwfi                                   0x000002a7   Thumb Code     4  cpu.o(.emb_text)
    CPUbasepriSet                            0x000002ab   Thumb Code     6  cpu.o(.emb_text)
    CPUbasepriGet                            0x000002b1   Thumb Code     6  cpu.o(.emb_text)
    SysCtlDelay                              0x000002b9   Thumb Code     6  sysctl.o(.emb_text)
    vPortSVCHandler                          0x000002c1   Thumb Code    28  port.o(.emb_text)
    vPortStartFirstTask                      0x000002e1   Thumb Code    16  port.o(.emb_text)
    xPortPendSVHandler                       0x000002f5   Thumb Code    56  port.o(.emb_text)
    vPortSetInterruptMask                    0x00000331   Thumb Code    14  port.o(.emb_text)
    vPortClearInterruptMask                  0x0000033f   Thumb Code    14  port.o(.emb_text)
    main                                     0x00000359   Thumb Code    40  main.o(.text)
    vApplicationStackOverflowHook            0x00000381   Thumb Code    16  main.o(.text)
    deviceDebugHander                        0x00000391   Thumb Code     2  main.o(.text)
    modbusCRC                                0x000003d9   Thumb Code    50  mb_cvt.o(.text)
    modbusBufferAllocateADU                  0x0000040b   Thumb Code    50  mb_cvt.o(.text)
    modbusBufferFree                         0x0000043d   Thumb Code     6  mb_cvt.o(.text)
    modbusDefaultAllocator                   0x00000443   Thumb Code    42  mb_cvt.o(.text)
    modbusBufferInit                         0x0000046d   Thumb Code    14  mb_cvt.o(.text)
    modbusBufferDestroy                      0x0000047b   Thumb Code     2  mb_cvt.o(.text)
    modbusSlaveInit                          0x0000047d   Thumb Code    26  mb_cvt.o(.text)
    modbusSlaveDestroy                       0x00000497   Thumb Code     6  mb_cvt.o(.text)
    modbusBuildException                     0x0000049d   Thumb Code    46  mb_cvt.o(.text)
    modbusBuildExceptionPDU                  0x000004cb   Thumb Code    28  mb_cvt.o(.text)
    modbusBuildExceptionRTU                  0x000004e7   Thumb Code    82  mb_cvt.o(.text)
    modbusBuildExceptionTCP                  0x00000539   Thumb Code    84  mb_cvt.o(.text)
    modbusParseRequest                       0x0000058d   Thumb Code    60  mb_cvt.o(.text)
    modbusParseRequestPDU                    0x000005c9   Thumb Code    20  mb_cvt.o(.text)
    modbusParseRequestRTU                    0x000005dd   Thumb Code   194  mb_cvt.o(.text)
    modbusParseRequestTCP                    0x0000069f   Thumb Code   192  mb_cvt.o(.text)
    modbusParseRequest01020304               0x0000075f   Thumb Code   334  mb_cvt.o(.text)
    modbusParseRequest0506                   0x000008ad   Thumb Code   196  mb_cvt.o(.text)
    modbusParseRequest1516                   0x00000971   Thumb Code   330  mb_cvt.o(.text)
    modbusParseRequest22                     0x00000abb   Thumb Code   234  mb_cvt.o(.text)
    modbusMasterInit                         0x00000ba5   Thumb Code    24  mb_cvt.o(.text)
    modbusMasterDestroy                      0x00000bbd   Thumb Code     6  mb_cvt.o(.text)
    modbusBeginRequestPDU                    0x00000bc3   Thumb Code    10  mb_cvt.o(.text)
    modbusEndRequestPDU                      0x00000bcd   Thumb Code     4  mb_cvt.o(.text)
    modbusBeginRequestRTU                    0x00000bd1   Thumb Code    12  mb_cvt.o(.text)
    modbusEndRequestRTU                      0x00000bdd   Thumb Code    52  mb_cvt.o(.text)
    modbusBeginRequestTCP                    0x00000c11   Thumb Code    10  mb_cvt.o(.text)
    modbusEndRequestTCP                      0x00000c1b   Thumb Code    60  mb_cvt.o(.text)
    modbusParseResponsePDU                   0x00000c57   Thumb Code   148  mb_cvt.o(.text)
    modbusParseResponseRTU                   0x00000ceb   Thumb Code   204  mb_cvt.o(.text)
    modbusParseResponseTCP                   0x00000db7   Thumb Code   244  mb_cvt.o(.text)
    modbusParseResponse01020304              0x00000eab   Thumb Code   254  mb_cvt.o(.text)
    modbusParseResponse0506                  0x00000fa9   Thumb Code    78  mb_cvt.o(.text)
    modbusParseResponse1516                  0x00000ff7   Thumb Code   138  mb_cvt.o(.text)
    modbusParseResponse22                    0x00001081   Thumb Code    68  mb_cvt.o(.text)
    modbusBuildRequest01020304               0x000010c5   Thumb Code   116  mb_cvt.o(.text)
    modbusBuildRequest0506                   0x00001139   Thumb Code    72  mb_cvt.o(.text)
    modbusBuildRequest15                     0x00001181   Thumb Code   178  mb_cvt.o(.text)
    modbusBuildRequest16                     0x00001233   Thumb Code   126  mb_cvt.o(.text)
    modbusBuildRequest22                     0x000012b1   Thumb Code    66  mb_cvt.o(.text)
    modbusErrorStr                           0x000012f3   Thumb Code    78  mb_cvt.o(.text)
    modbusErrorSourceStr                     0x00001341   Thumb Code    34  mb_cvt.o(.text)
    modbusExceptionCodeStr                   0x00001363   Thumb Code    48  mb_cvt.o(.text)
    modbusDataTypeStr                        0x00001393   Thumb Code    36  mb_cvt.o(.text)
    modbusRegisterQueryStr                   0x000013b7   Thumb Code    34  mb_cvt.o(.text)
    UARTIntHandler                           0x000013d9   Thumb Code    62  mb_cvt.o(.text)
    rtu_recv                                 0x00001417   Thumb Code   958  mb_cvt.o(.text)
    rtu_send                                 0x000017d5   Thumb Code    26  mb_cvt.o(.text)
    registerCallback                         0x000017ef   Thumb Code     4  mb_cvt.o(.text)
    exceptionCallback                        0x000017f3   Thumb Code     4  mb_cvt.o(.text)
    printErrorInfo                           0x000017f7   Thumb Code    50  mb_cvt.o(.text)
    printResponse                            0x00001829   Thumb Code    28  mb_cvt.o(.text)
    rtu_send_msg_pre                         0x00001845   Thumb Code    54  mb_cvt.o(.text)
    myAllocator                              0x0000187b   Thumb Code    28  mb_cvt.o(.text)
    dataCallback                             0x00001897   Thumb Code     4  mb_cvt.o(.text)
    masterExceptionCallback                  0x0000189b   Thumb Code     4  mb_cvt.o(.text)
    modbus_init                              0x00001ddb   Thumb Code    36  mb_cvt.o(.text)
    FIFO_Create                              0x00001eb1   Thumb Code    32  fifo.o(.text)
    FIFO_Destroy                             0x00001ed1   Thumb Code     2  fifo.o(.text)
    FIFO_Reset                               0x00001ed3   Thumb Code    24  fifo.o(.text)
    FIFO_Push                                0x00001eeb   Thumb Code    62  fifo.o(.text)
    FIFO_Pop                                 0x00001f29   Thumb Code    62  fifo.o(.text)
    FIFO_GetCount                            0x00001f67   Thumb Code     6  fifo.o(.text)
    FIFO_Recv                                0x00001f6d   Thumb Code    48  fifo.o(.text)
    FIFO_EnableProtect                       0x00001f9d   Thumb Code    16  fifo.o(.text)
    FIFO_DisableProtect                      0x00001fad   Thumb Code     8  fifo.o(.text)
    FIFO_RewindHead                          0x00001fb5   Thumb Code    56  fifo.o(.text)
    FIFO_IsEnablePush                        0x00001fed   Thumb Code    42  fifo.o(.text)
    FIFO_IsEmpty                             0x00002017   Thumb Code    14  fifo.o(.text)
    FIFO_IsFull                              0x00002025   Thumb Code    16  fifo.o(.text)
    FIFO_ProbeFirst                          0x00002035   Thumb Code    22  fifo.o(.text)
    FIFO_ProbeLast                           0x0000204b   Thumb Code    22  fifo.o(.text)
    BSP_Init                                 0x00002061   Thumb Code    62  bsp.o(.text)
    EthernetInitExpClk                       0x000020c1   Thumb Code    12  ethernet.o(.text)
    EthernetConfigSet                        0x000020cd   Thumb Code    42  ethernet.o(.text)
    EthernetConfigGet                        0x000020f7   Thumb Code    24  ethernet.o(.text)
    EthernetMACAddrSet                       0x0000210f   Thumb Code    52  ethernet.o(.text)
    EthernetMACAddrGet                       0x00002143   Thumb Code    48  ethernet.o(.text)
    EthernetEnable                           0x00002173   Thumb Code    34  ethernet.o(.text)
    EthernetDisable                          0x00002195   Thumb Code    34  ethernet.o(.text)
    EthernetPacketAvail                      0x000021b7   Thumb Code    10  ethernet.o(.text)
    EthernetSpaceAvail                       0x000021c1   Thumb Code    10  ethernet.o(.text)
    EthernetPacketGetNonBlocking             0x00002247   Thumb Code    12  ethernet.o(.text)
    EthernetPacketGet                        0x00002253   Thumb Code     8  ethernet.o(.text)
    EthernetPacketPutNonBlocking             0x000022cd   Thumb Code    12  ethernet.o(.text)
    EthernetPacketPut                        0x000022d9   Thumb Code     8  ethernet.o(.text)
    EthernetIntRegister                      0x000022e1   Thumb Code    18  ethernet.o(.text)
    EthernetIntUnregister                    0x000022f3   Thumb Code    18  ethernet.o(.text)
    EthernetIntEnable                        0x00002305   Thumb Code     8  ethernet.o(.text)
    EthernetIntDisable                       0x0000230d   Thumb Code     8  ethernet.o(.text)
    EthernetIntStatus                        0x00002315   Thumb Code    14  ethernet.o(.text)
    EthernetIntClear                         0x00002323   Thumb Code     4  ethernet.o(.text)
    EthernetPHYAddrSet                       0x00002327   Thumb Code    10  ethernet.o(.text)
    EthernetPHYWrite                         0x00002331   Thumb Code    26  ethernet.o(.text)
    EthernetPHYRead                          0x0000234b   Thumb Code    26  ethernet.o(.text)
    EthernetPHYPowerOff                      0x00002365   Thumb Code    28  ethernet.o(.text)
    EthernetPHYPowerOn                       0x00002381   Thumb Code    28  ethernet.o(.text)
    GPIODirModeSet                           0x00002467   Thumb Code    38  gpio.o(.text)
    GPIODirModeGet                           0x0000248d   Thumb Code    38  gpio.o(.text)
    GPIOIntTypeSet                           0x000024b3   Thumb Code    56  gpio.o(.text)
    GPIOIntTypeGet                           0x000024eb   Thumb Code    52  gpio.o(.text)
    GPIOPadConfigSet                         0x0000251f   Thumb Code   164  gpio.o(.text)
    GPIOPadConfigGet                         0x000025c3   Thumb Code   126  gpio.o(.text)
    GPIOPinIntEnable                         0x00002641   Thumb Code    12  gpio.o(.text)
    GPIOPinIntDisable                        0x0000264d   Thumb Code    12  gpio.o(.text)
    GPIOPinIntStatus                         0x00002659   Thumb Code    14  gpio.o(.text)
    GPIOPinIntClear                          0x00002667   Thumb Code     6  gpio.o(.text)
    GPIOPortIntRegister                      0x0000266d   Thumb Code    26  gpio.o(.text)
    GPIOPortIntUnregister                    0x00002687   Thumb Code    22  gpio.o(.text)
    GPIOPinRead                              0x0000269d   Thumb Code     6  gpio.o(.text)
    GPIOPinWrite                             0x000026a3   Thumb Code     6  gpio.o(.text)
    GPIOPinTypeADC                           0x000026a9   Thumb Code    26  gpio.o(.text)
    GPIOPinTypeCAN                           0x000026c3   Thumb Code    26  gpio.o(.text)
    GPIOPinTypeComparator                    0x000026dd   Thumb Code    26  gpio.o(.text)
    GPIOPinTypeEPI                           0x000026f7   Thumb Code    26  gpio.o(.text)
    GPIOPinTypeEthernetLED                   0x00002711   Thumb Code    26  gpio.o(.text)
    GPIOPinTypeEthernetMII                   0x0000272b   Thumb Code    26  gpio.o(.text)
    GPIOPinTypeFan                           0x00002745   Thumb Code    26  gpio.o(.text)
    GPIOPinTypeGPIOInput                     0x0000275f   Thumb Code    26  gpio.o(.text)
    GPIOPinTypeGPIOOutput                    0x00002779   Thumb Code    44  gpio.o(.text)
    GPIOPinTypeGPIOOutputOD                  0x000027a5   Thumb Code    26  gpio.o(.text)
    GPIOPinTypeI2C                           0x000027bf   Thumb Code    26  gpio.o(.text)
    GPIOPinTypeI2CSCL                        0x000027d9   Thumb Code    44  gpio.o(.text)
    GPIOPinTypeI2S                           0x00002805   Thumb Code    26  gpio.o(.text)
    GPIOPinTypeLPC                           0x0000281f   Thumb Code    26  gpio.o(.text)
    GPIOPinTypePECIRx                        0x00002839   Thumb Code    26  gpio.o(.text)
    GPIOPinTypePECITx                        0x00002853   Thumb Code    26  gpio.o(.text)
    GPIOPinTypePWM                           0x0000286d   Thumb Code    26  gpio.o(.text)
    GPIOPinTypeQEI                           0x00002887   Thumb Code    26  gpio.o(.text)
    GPIOPinTypeSSI                           0x000028a1   Thumb Code    26  gpio.o(.text)
    GPIOPinTypeTimer                         0x000028bb   Thumb Code    26  gpio.o(.text)
    GPIOPinTypeUART                          0x000028d5   Thumb Code    26  gpio.o(.text)
    GPIOPinTypeUSBAnalog                     0x000028ef   Thumb Code    26  gpio.o(.text)
    GPIOPinTypeUSBDigital                    0x00002909   Thumb Code    26  gpio.o(.text)
    GPIOPinConfigure                         0x00002923   Thumb Code    58  gpio.o(.text)
    GPIODMATriggerEnable                     0x0000295d   Thumb Code    12  gpio.o(.text)
    GPIODMATriggerDisable                    0x00002969   Thumb Code    12  gpio.o(.text)
    GPIOADCTriggerEnable                     0x00002975   Thumb Code    12  gpio.o(.text)
    GPIOADCTriggerDisable                    0x00002981   Thumb Code    12  gpio.o(.text)
    IntMasterEnable                          0x0000299f   Thumb Code    10  interrupt.o(.text)
    IntMasterDisable                         0x000029a9   Thumb Code    10  interrupt.o(.text)
    IntRegister                              0x000029b3   Thumb Code    38  interrupt.o(.text)
    IntUnregister                            0x000029d9   Thumb Code    10  interrupt.o(.text)
    IntPriorityGroupingSet                   0x000029e3   Thumb Code    18  interrupt.o(.text)
    IntPriorityGroupingGet                   0x000029f5   Thumb Code    30  interrupt.o(.text)
    IntPrioritySet                           0x00002a13   Thumb Code    32  interrupt.o(.text)
    IntPriorityGet                           0x00002a33   Thumb Code    22  interrupt.o(.text)
    IntEnable                                0x00002a49   Thumb Code    88  interrupt.o(.text)
    IntDisable                               0x00002aa1   Thumb Code    88  interrupt.o(.text)
    IntIsEnabled                             0x00002af9   Thumb Code    90  interrupt.o(.text)
    IntPendSet                               0x00002b53   Thumb Code    70  interrupt.o(.text)
    IntPendClear                             0x00002b99   Thumb Code    58  interrupt.o(.text)
    IntPriorityMaskSet                       0x00002bd3   Thumb Code     4  interrupt.o(.text)
    IntPriorityMaskGet                       0x00002bd7   Thumb Code     4  interrupt.o(.text)
    SysCtlSRAMSizeGet                        0x00002bf1   Thumb Code    16  sysctl.o(.text)
    SysCtlFlashSizeGet                       0x00002c01   Thumb Code    14  sysctl.o(.text)
    SysCtlPinPresent                         0x00002c0f   Thumb Code    16  sysctl.o(.text)
    SysCtlPeripheralPresent                  0x00002c1f   Thumb Code    90  sysctl.o(.text)
    SysCtlPeripheralReady                    0x00002c79   Thumb Code    42  sysctl.o(.text)
    SysCtlPeripheralPowerOn                  0x00002ca3   Thumb Code    42  sysctl.o(.text)
    SysCtlPeripheralPowerOff                 0x00002ccd   Thumb Code    42  sysctl.o(.text)
    SysCtlPeripheralReset                    0x00002cf7   Thumb Code   110  sysctl.o(.text)
    SysCtlPeripheralEnable                   0x00002d65   Thumb Code    70  sysctl.o(.text)
    SysCtlPeripheralDisable                  0x00002dab   Thumb Code    70  sysctl.o(.text)
    SysCtlPeripheralSleepEnable              0x00002df1   Thumb Code    70  sysctl.o(.text)
    SysCtlPeripheralSleepDisable             0x00002e37   Thumb Code    70  sysctl.o(.text)
    SysCtlPeripheralDeepSleepEnable          0x00002e7d   Thumb Code    70  sysctl.o(.text)
    SysCtlPeripheralDeepSleepDisable         0x00002ec3   Thumb Code    70  sysctl.o(.text)
    SysCtlPeripheralClockGating              0x00002f09   Thumb Code    22  sysctl.o(.text)
    SysCtlIntRegister                        0x00002f1f   Thumb Code    20  sysctl.o(.text)
    SysCtlIntUnregister                      0x00002f33   Thumb Code    18  sysctl.o(.text)
    SysCtlIntEnable                          0x00002f45   Thumb Code    10  sysctl.o(.text)
    SysCtlIntDisable                         0x00002f4f   Thumb Code    10  sysctl.o(.text)
    SysCtlIntClear                           0x00002f59   Thumb Code     6  sysctl.o(.text)
    SysCtlIntStatus                          0x00002f5f   Thumb Code    12  sysctl.o(.text)
    SysCtlLDOSet                             0x00002f6b   Thumb Code     6  sysctl.o(.text)
    SysCtlLDOGet                             0x00002f71   Thumb Code     6  sysctl.o(.text)
    SysCtlLDOConfigSet                       0x00002f77   Thumb Code     8  sysctl.o(.text)
    SysCtlReset                              0x00002f7f   Thumb Code     8  sysctl.o(.text)
    SysCtlSleep                              0x00002f87   Thumb Code     4  sysctl.o(.text)
    SysCtlDeepSleep                          0x00002f8b   Thumb Code    28  sysctl.o(.text)
    SysCtlResetCauseGet                      0x00002fa7   Thumb Code     6  sysctl.o(.text)
    SysCtlResetCauseClear                    0x00002fad   Thumb Code    10  sysctl.o(.text)
    SysCtlBrownOutConfigSet                  0x00002fb7   Thumb Code    10  sysctl.o(.text)
    SysCtlMOSCConfigSet                      0x00002fc1   Thumb Code     6  sysctl.o(.text)
    SysCtlPIOSCCalibrate                     0x00002fc7   Thumb Code   124  sysctl.o(.text)
    SysCtlClockSet                           0x00003043   Thumb Code   288  sysctl.o(.text)
    SysCtlClockGet                           0x00003163   Thumb Code   412  sysctl.o(.text)
    SysCtlDeepSleepClockSet                  0x000032ff   Thumb Code     8  sysctl.o(.text)
    SysCtlPWMClockSet                        0x00003307   Thumb Code    14  sysctl.o(.text)
    SysCtlPWMClockGet                        0x00003315   Thumb Code    20  sysctl.o(.text)
    SysCtlADCSpeedSet                        0x00003329   Thumb Code    32  sysctl.o(.text)
    SysCtlADCSpeedGet                        0x00003349   Thumb Code    12  sysctl.o(.text)
    SysCtlIOSCVerificationSet                0x00003355   Thumb Code    22  sysctl.o(.text)
    SysCtlMOSCVerificationSet                0x0000336b   Thumb Code    22  sysctl.o(.text)
    SysCtlPLLVerificationSet                 0x00003381   Thumb Code    22  sysctl.o(.text)
    SysCtlClkVerificationClear               0x00003397   Thumb Code    16  sysctl.o(.text)
    SysCtlGPIOAHBEnable                      0x000033a7   Thumb Code    12  sysctl.o(.text)
    SysCtlGPIOAHBDisable                     0x000033b3   Thumb Code    12  sysctl.o(.text)
    SysCtlUSBPLLEnable                       0x000033bf   Thumb Code    12  sysctl.o(.text)
    SysCtlUSBPLLDisable                      0x000033cb   Thumb Code    12  sysctl.o(.text)
    SysCtlI2SMClkSet                         0x000033d7   Thumb Code   246  sysctl.o(.text)
    UARTParityModeSet                        0x000034ed   Thumb Code    12  uart.o(.text)
    UARTParityModeGet                        0x000034f9   Thumb Code     8  uart.o(.text)
    UARTFIFOLevelSet                         0x00003501   Thumb Code     6  uart.o(.text)
    UARTFIFOLevelGet                         0x00003507   Thumb Code    16  uart.o(.text)
    UARTEnable                               0x00003517   Thumb Code    20  uart.o(.text)
    UARTDisable                              0x0000352b   Thumb Code    26  uart.o(.text)
    UARTConfigSetExpClk                      0x00003545   Thumb Code    70  uart.o(.text)
    UARTConfigGetExpClk                      0x0000358b   Thumb Code    38  uart.o(.text)
    UARTFIFOEnable                           0x000035b1   Thumb Code    10  uart.o(.text)
    UARTFIFODisable                          0x000035bb   Thumb Code    10  uart.o(.text)
    UARTEnableSIR                            0x000035c5   Thumb Code    20  uart.o(.text)
    UARTDisableSIR                           0x000035d9   Thumb Code    10  uart.o(.text)
    UARTSmartCardEnable                      0x000035e3   Thumb Code    22  uart.o(.text)
    UARTSmartCardDisable                     0x000035f9   Thumb Code    10  uart.o(.text)
    UARTModemControlSet                      0x00003603   Thumb Code    12  uart.o(.text)
    UARTModemControlClear                    0x0000360f   Thumb Code    12  uart.o(.text)
    UARTModemControlGet                      0x0000361b   Thumb Code     8  uart.o(.text)
    UARTModemStatusGet                       0x00003623   Thumb Code    10  uart.o(.text)
    UARTFlowControlSet                       0x0000362d   Thumb Code    12  uart.o(.text)
    UARTFlowControlGet                       0x00003639   Thumb Code     8  uart.o(.text)
    UARTTxIntModeSet                         0x00003641   Thumb Code    12  uart.o(.text)
    UARTTxIntModeGet                         0x0000364d   Thumb Code     8  uart.o(.text)
    UARTCharsAvail                           0x00003655   Thumb Code    10  uart.o(.text)
    UARTSpaceAvail                           0x0000365f   Thumb Code    10  uart.o(.text)
    UARTCharGetNonBlocking                   0x00003669   Thumb Code    16  uart.o(.text)
    UARTCharGet                              0x00003679   Thumb Code    10  uart.o(.text)
    UARTCharPutNonBlocking                   0x00003683   Thumb Code    16  uart.o(.text)
    UARTCharPut                              0x00003693   Thumb Code    10  uart.o(.text)
    UARTBreakCtl                             0x0000369d   Thumb Code    20  uart.o(.text)
    UARTBusy                                 0x000036b1   Thumb Code     8  uart.o(.text)
    UARTIntRegister                          0x000036b9   Thumb Code    26  uart.o(.text)
    UARTIntUnregister                        0x000036d3   Thumb Code    22  uart.o(.text)
    UARTIntEnable                            0x000036e9   Thumb Code     8  uart.o(.text)
    UARTIntDisable                           0x000036f1   Thumb Code     8  uart.o(.text)
    UARTIntStatus                            0x000036f9   Thumb Code    10  uart.o(.text)
    UARTIntClear                             0x00003703   Thumb Code     4  uart.o(.text)
    UARTDMAEnable                            0x00003707   Thumb Code     8  uart.o(.text)
    UARTDMADisable                           0x0000370f   Thumb Code     8  uart.o(.text)
    UARTRxErrorGet                           0x00003717   Thumb Code     8  uart.o(.text)
    UARTRxErrorClear                         0x0000371f   Thumb Code     6  uart.o(.text)
    UARTClockSourceSet                       0x00003725   Thumb Code     6  uart.o(.text)
    UARTClockSourceGet                       0x0000372b   Thumb Code     6  uart.o(.text)
    UART9BitEnable                           0x00003731   Thumb Code    12  uart.o(.text)
    UART9BitDisable                          0x0000373d   Thumb Code    12  uart.o(.text)
    UART9BitAddrSet                          0x00003749   Thumb Code     8  uart.o(.text)
    UART9BitAddrSend                         0x00003751   Thumb Code    34  uart.o(.text)
    lwIPInit                                 0x00003889   Thumb Code    54  lwiplib.o(.text)
    lwIPEthernetIntHandler                   0x000038bf   Thumb Code    60  lwiplib.o(.text)
    lwIPLocalIPAddrGet                       0x000038fb   Thumb Code     6  lwiplib.o(.text)
    lwIPLocalNetMaskGet                      0x00003901   Thumb Code     6  lwiplib.o(.text)
    lwIPLocalGWAddrGet                       0x00003907   Thumb Code     6  lwiplib.o(.text)
    lwIPLocalMACGet                          0x0000390d   Thumb Code     8  lwiplib.o(.text)
    lwIPNetworkConfigChange                  0x00003949   Thumb Code    22  lwiplib.o(.text)
    ustrncpy                                 0x0000399d   Thumb Code    36  ustdlib.o(.text)
    uvsnprintf                               0x000039c1   Thumb Code   576  ustdlib.o(.text)
    usprintf                                 0x00003c01   Thumb Code    22  ustdlib.o(.text)
    usnprintf                                0x00003c17   Thumb Code    14  ustdlib.o(.text)
    ulocaltime                               0x00003c25   Thumb Code   162  ustdlib.o(.text)
    umktime                                  0x00003d19   Thumb Code    54  ustdlib.o(.text)
    ustrtoul                                 0x00003d4f   Thumb Code   158  ustdlib.o(.text)
    ustrlen                                  0x00003ded   Thumb Code    16  ustdlib.o(.text)
    ustrncmp                                 0x00003dfd   Thumb Code    46  ustdlib.o(.text)
    ustrstr                                  0x00003e2b   Thumb Code    42  ustdlib.o(.text)
    ustrnicmp                                0x00003e55   Thumb Code    88  ustdlib.o(.text)
    ustrcasecmp                              0x00003ead   Thumb Code     6  ustdlib.o(.text)
    ustrcmp                                  0x00003eb3   Thumb Code     6  ustdlib.o(.text)
    usrand                                   0x00003eb9   Thumb Code     6  ustdlib.o(.text)
    urand                                    0x00003ebf   Thumb Code    16  ustdlib.o(.text)
    UARTStdioInitExpClk                      0x00003edd   Thumb Code    72  uartstdio.o(.text)
    UARTStdioInit                            0x00003f25   Thumb Code     6  uartstdio.o(.text)
    UARTwrite                                0x00003f2b   Thumb Code    46  uartstdio.o(.text)
    UARTgets                                 0x00003f59   Thumb Code   104  uartstdio.o(.text)
    UARTgetc                                 0x00003fc1   Thumb Code    14  uartstdio.o(.text)
    UARTprintf                               0x00003fcf   Thumb Code   434  uartstdio.o(.text)
    stringtoip                               0x0000419d   Thumb Code    50  network.o(.text)
    lwIP_init                                0x000041cf   Thumb Code   182  network.o(.text)
    NetServerInit                            0x00004291   Thumb Code    68  network.o(.text)
    sys_mbox_new                             0x000043dd   Thumb Code    56  sys_arch.o(.text)
    sys_mbox_free                            0x00004415   Thumb Code    42  sys_arch.o(.text)
    sys_mbox_post                            0x0000443f   Thumb Code    26  sys_arch.o(.text)
    sys_mbox_trypost                         0x00004459   Thumb Code    64  sys_arch.o(.text)
    sys_mbox_trypost_fromisr                 0x00004499   Thumb Code     2  sys_arch.o(.text)
    sys_arch_mbox_fetch                      0x0000449b   Thumb Code    92  sys_arch.o(.text)
    sys_arch_mbox_tryfetch                   0x000044f7   Thumb Code    48  sys_arch.o(.text)
    sys_sem_new                              0x00004527   Thumb Code    96  sys_arch.o(.text)
    sys_arch_sem_wait                        0x00004587   Thumb Code    76  sys_arch.o(.text)
    sys_mutex_new                            0x000045d3   Thumb Code    60  sys_arch.o(.text)
    sys_mutex_lock                           0x0000460f   Thumb Code    26  sys_arch.o(.text)
    sys_mutex_unlock                         0x00004629   Thumb Code    12  sys_arch.o(.text)
    sys_mutex_free                           0x00004635   Thumb Code    16  sys_arch.o(.text)
    sys_sem_signal                           0x00004645   Thumb Code    38  sys_arch.o(.text)
    sys_sem_free                             0x0000466b   Thumb Code    16  sys_arch.o(.text)
    sys_init                                 0x0000467b   Thumb Code     2  sys_arch.o(.text)
    sys_now                                  0x0000467d   Thumb Code     4  sys_arch.o(.text)
    sys_thread_new                           0x00004681   Thumb Code    50  sys_arch.o(.text)
    sys_arch_protect                         0x000046b3   Thumb Code    16  sys_arch.o(.text)
    sys_arch_unprotect                       0x000046c3   Thumb Code    14  sys_arch.o(.text)
    sys_assert                               0x000046d1   Thumb Code     2  sys_arch.o(.text)
    stellarisif_init                         0x000048bd   Thumb Code   138  stellarisif.o(.text)
    stellarisif_interrupt                    0x00004947   Thumb Code   106  stellarisif.o(.text)
    etharp_tmr                               0x000049e5   Thumb Code    50  etharp.o(.text)
    etharp_cleanup_netif                     0x00004b03   Thumb Code    58  etharp.o(.text)
    etharp_find_addr                         0x00004b3d   Thumb Code    52  etharp.o(.text)
    etharp_request                           0x00004c69   Thumb Code    32  etharp.o(.text)
    etharp_query                             0x00004c89   Thumb Code   316  etharp.o(.text)
    etharp_output                            0x00004dc5   Thumb Code   220  etharp.o(.text)
    ethernet_input                           0x00004ea1   Thumb Code   108  etharp.o(.text)
    pvPortMalloc                             0x00005091   Thumb Code   170  heap_2.o(.text)
    vPortFree                                0x0000513b   Thumb Code    56  heap_2.o(.text)
    xPortGetFreeHeapSize                     0x00005173   Thumb Code     6  heap_2.o(.text)
    vPortInitialiseBlocks                    0x00005179   Thumb Code     2  heap_2.o(.text)
    vListInitialise                          0x00005185   Thumb Code    22  list.o(.text)
    vListInitialiseItem                      0x0000519b   Thumb Code     6  list.o(.text)
    vListInsertEnd                           0x000051a1   Thumb Code    28  list.o(.text)
    vListInsert                              0x000051bd   Thumb Code    48  list.o(.text)
    vListRemove                              0x000051ed   Thumb Code    36  list.o(.text)
    pxPortInitialiseStack                    0x00005211   Thumb Code    28  port.o(.text)
    xPortStartScheduler                      0x0000522d   Thumb Code    48  port.o(.text)
    vPortEndScheduler                        0x0000525d   Thumb Code     2  port.o(.text)
    vPortYieldFromISR                        0x0000525f   Thumb Code    12  port.o(.text)
    vPortEnterCritical                       0x0000526b   Thumb Code    16  port.o(.text)
    vPortExitCritical                        0x0000527b   Thumb Code    16  port.o(.text)
    xPortSysTickHandler                      0x0000528b   Thumb Code    28  port.o(.text)
    xQueueGenericCreate                      0x000052b1   Thumb Code   100  queue.o(.text)
    xQueueGenericSend                        0x000053d3   Thumb Code   214  queue.o(.text)
    xQueueCreateMutex                        0x000054a9   Thumb Code    68  queue.o(.text)
    xQueueGenericSendFromISR                 0x000054ed   Thumb Code    82  queue.o(.text)
    xQueueGenericReceive                     0x00005567   Thumb Code   268  queue.o(.text)
    xQueueReceiveFromISR                     0x00005673   Thumb Code    78  queue.o(.text)
    uxQueueMessagesWaiting                   0x000056c1   Thumb Code    18  queue.o(.text)
    uxQueueMessagesWaitingFromISR            0x000056d3   Thumb Code     4  queue.o(.text)
    vQueueDelete                             0x000056d7   Thumb Code    50  queue.o(.text)
    xQueueIsQueueEmptyFromISR                0x00005709   Thumb Code    12  queue.o(.text)
    xQueueIsQueueFullFromISR                 0x00005715   Thumb Code    16  queue.o(.text)
    vQueueAddToRegistry                      0x00005725   Thumb Code    32  queue.o(.text)
    xTaskGenericCreate                       0x00005749   Thumb Code   354  tasks.o(.text)
    vTaskDelete                              0x000058ab   Thumb Code    92  tasks.o(.text)
    vTaskIncrementTick                       0x00005907   Thumb Code   150  tasks.o(.text)
    xTaskResumeAll                           0x0000599d   Thumb Code   160  tasks.o(.text)
    vTaskSuspendAll                          0x00005a6d   Thumb Code    10  tasks.o(.text)
    vTaskDelayUntil                          0x00005a77   Thumb Code    78  tasks.o(.text)
    vTaskDelay                               0x00005ac5   Thumb Code    48  tasks.o(.text)
    uxTaskPriorityGet                        0x00005af5   Thumb Code    24  tasks.o(.text)
    vTaskPrioritySet                         0x00005b0d   Thumb Code   144  tasks.o(.text)
    vTaskSwitchContext                       0x00005b9d   Thumb Code   134  tasks.o(.text)
    vTaskSuspend                             0x00005c23   Thumb Code    96  tasks.o(.text)
    xTaskIsTaskSuspended                     0x00005c83   Thumb Code    28  tasks.o(.text)
    vTaskResume                              0x00005c9f   Thumb Code    84  tasks.o(.text)
    xTaskResumeFromISR                       0x00005cf3   Thumb Code    92  tasks.o(.text)
    vTaskStartScheduler                      0x00005d61   Thumb Code    50  tasks.o(.text)
    vTaskEndScheduler                        0x00005d93   Thumb Code    20  tasks.o(.text)
    xTaskGetTickCount                        0x00005da7   Thumb Code    18  tasks.o(.text)
    xTaskGetTickCountFromISR                 0x00005db9   Thumb Code    18  tasks.o(.text)
    uxTaskGetNumberOfTasks                   0x00005dcb   Thumb Code     6  tasks.o(.text)
    vTaskPlaceOnEventList                    0x00005dd1   Thumb Code    50  tasks.o(.text)
    xTaskRemoveFromEventList                 0x00005e03   Thumb Code    80  tasks.o(.text)
    vTaskSetTimeOutState                     0x00005e53   Thumb Code    12  tasks.o(.text)
    xTaskCheckForTimeOut                     0x00005e5f   Thumb Code    72  tasks.o(.text)
    vTaskMissedYield                         0x00005ea7   Thumb Code     8  tasks.o(.text)
    uxTaskGetStackHighWaterMark              0x00005eaf   Thumb Code    28  tasks.o(.text)
    xTaskGetCurrentTaskHandle                0x00005ecb   Thumb Code     6  tasks.o(.text)
    vTaskPriorityInherit                     0x00005ed1   Thumb Code    90  tasks.o(.text)
    vTaskPriorityDisinherit                  0x00005f2b   Thumb Code    64  tasks.o(.text)
    netconn_new_with_proto_and_callback      0x00005fd9   Thumb Code    66  api_lib_1.o(.text)
    netconn_prepare_delete                   0x0000601b   Thumb Code    28  api_lib_1.o(.text)
    netconn_delete                           0x00006037   Thumb Code    30  api_lib_1.o(.text)
    netconn_getaddr                          0x00006055   Thumb Code    42  api_lib_1.o(.text)
    netconn_bind                             0x0000607f   Thumb Code    36  api_lib_1.o(.text)
    netconn_bind_if                          0x000060a3   Thumb Code    28  api_lib_1.o(.text)
    netconn_connect                          0x000060bf   Thumb Code    36  api_lib_1.o(.text)
    netconn_disconnect                       0x000060e3   Thumb Code    24  api_lib_1.o(.text)
    netconn_listen_with_backlog              0x000060fb   Thumb Code    24  api_lib_1.o(.text)
    netconn_err                              0x00006113   Thumb Code    30  api_lib_1.o(.text)
    netconn_accept                           0x00006131   Thumb Code   136  api_lib_1.o(.text)
    netconn_tcp_recvd                        0x00006263   Thumb Code    30  api_lib_1.o(.text)
    netconn_recv_tcp_pbuf                    0x00006313   Thumb Code    22  api_lib_1.o(.text)
    netconn_recv_tcp_pbuf_flags              0x00006329   Thumb Code    26  api_lib_1.o(.text)
    netconn_recv_udp_raw_netbuf              0x00006343   Thumb Code    22  api_lib_1.o(.text)
    netconn_recv_udp_raw_netbuf_flags        0x00006359   Thumb Code    24  api_lib_1.o(.text)
    netconn_recv                             0x00006371   Thumb Code    82  api_lib_1.o(.text)
    netconn_send                             0x000063c3   Thumb Code    68  api_lib_1.o(.text)
    netconn_sendto                           0x00006407   Thumb Code    18  api_lib_1.o(.text)
    netconn_write_vectors_partly             0x00006419   Thumb Code   138  api_lib_1.o(.text)
    netconn_write_partly                     0x000064a3   Thumb Code    20  api_lib_1.o(.text)
    netconn_close                            0x000064b7   Thumb Code     6  api_lib_1.o(.text)
    netconn_shutdown                         0x000064bd   Thumb Code    14  api_lib_1.o(.text)
    lwip_netconn_is_err_msg                  0x00006531   Thumb Code    42  api_msg_1.o(.text)
    netconn_free                             0x00006a3b   Thumb Code    26  api_msg_1.o(.text)
    netconn_alloc                            0x00006a55   Thumb Code   102  api_msg_1.o(.text)
    lwip_netconn_do_newconn                  0x00006b8f   Thumb Code    64  api_msg_1.o(.text)
    lwip_netconn_do_delconn                  0x00006c61   Thumb Code   142  api_msg_1.o(.text)
    lwip_netconn_do_bind                     0x00006cef   Thumb Code    38  api_msg_1.o(.text)
    lwip_netconn_do_bind_if                  0x00006d15   Thumb Code    50  api_msg_1.o(.text)
    lwip_netconn_do_connect                  0x00006da7   Thumb Code   174  api_msg_1.o(.text)
    lwip_netconn_do_disconnect               0x00006e55   Thumb Code     6  api_msg_1.o(.text)
    lwip_netconn_do_listen                   0x00006e5b   Thumb Code   166  api_msg_1.o(.text)
    lwip_netconn_do_send                     0x00006f01   Thumb Code    20  api_msg_1.o(.text)
    lwip_netconn_do_recv                     0x00006f15   Thumb Code    66  api_msg_1.o(.text)
    lwip_netconn_do_write                    0x00006f57   Thumb Code    88  api_msg_1.o(.text)
    lwip_netconn_do_getaddr                  0x00006faf   Thumb Code    72  api_msg_1.o(.text)
    lwip_netconn_do_close                    0x00006ff7   Thumb Code   112  api_msg_1.o(.text)
    err_to_errno                             0x00007099   Thumb Code    24  err_1.o(.text)
    netbuf_new                               0x000070b5   Thumb Code    24  netbuf_1.o(.text)
    netbuf_delete                            0x000070cd   Thumb Code    34  netbuf_1.o(.text)
    netbuf_alloc                             0x000070ef   Thumb Code    44  netbuf_1.o(.text)
    netbuf_free                              0x0000711b   Thumb Code    22  netbuf_1.o(.text)
    netbuf_ref                               0x00007131   Thumb Code    64  netbuf_1.o(.text)
    netbuf_chain                             0x00007171   Thumb Code    38  netbuf_1.o(.text)
    netbuf_data                              0x00007197   Thumb Code    38  netbuf_1.o(.text)
    netbuf_next                              0x000071bd   Thumb Code    30  netbuf_1.o(.text)
    netbuf_first                             0x000071db   Thumb Code    10  netbuf_1.o(.text)
    lwip_socket_thread_init                  0x000071e5   Thumb Code     2  sockets_1.o(.text)
    lwip_socket_thread_cleanup               0x000071e7   Thumb Code     2  sockets_1.o(.text)
    lwip_socket_dbg_get_socket               0x000071e9   Thumb Code     4  sockets_1.o(.text)
    lwip_accept                              0x00007277   Thumb Code   288  sockets_1.o(.text)
    lwip_bind                                0x00007397   Thumb Code    82  sockets_1.o(.text)
    lwip_close                               0x000073e9   Thumb Code    72  sockets_1.o(.text)
    lwip_connect                             0x00007431   Thumb Code   100  sockets_1.o(.text)
    lwip_listen                              0x00007495   Thumb Code    82  sockets_1.o(.text)
    lwip_recvfrom                            0x000076df   Thumb Code   208  sockets_1.o(.text)
    lwip_read                                0x000077af   Thumb Code    14  sockets_1.o(.text)
    lwip_recvmsg                             0x000077bd   Thumb Code   240  sockets_1.o(.text)
    lwip_readv                               0x000078ad   Thumb Code    32  sockets_1.o(.text)
    lwip_recv                                0x000078cd   Thumb Code    14  sockets_1.o(.text)
    lwip_send                                0x000078db   Thumb Code   112  sockets_1.o(.text)
    lwip_sendmsg                             0x0000794b   Thumb Code   156  sockets_1.o(.text)
    lwip_sendto                              0x000079e7   Thumb Code   202  sockets_1.o(.text)
    lwip_socket                              0x00007c39   Thumb Code   104  sockets_1.o(.text)
    lwip_write                               0x00007ca1   Thumb Code     4  sockets_1.o(.text)
    lwip_writev                              0x00007ca5   Thumb Code    30  sockets_1.o(.text)
    lwip_select                              0x00007e79   Thumb Code   674  sockets_1.o(.text)
    lwip_poll                                0x0000820d   Thumb Code   160  sockets_1.o(.text)
    lwip_shutdown                            0x000082ad   Thumb Code   112  sockets_1.o(.text)
    lwip_getpeername                         0x0000838f   Thumb Code     4  sockets_1.o(.text)
    lwip_getsockname                         0x00008393   Thumb Code     4  sockets_1.o(.text)
    lwip_getsockopt                          0x0000852b   Thumb Code    84  sockets_1.o(.text)
    lwip_setsockopt                          0x000086ef   Thumb Code    80  sockets_1.o(.text)
    lwip_ioctl                               0x0000873f   Thumb Code    68  sockets_1.o(.text)
    lwip_fcntl                               0x00008783   Thumb Code   146  sockets_1.o(.text)
    lwip_inet_ntop                           0x00008815   Thumb Code    64  sockets_1.o(.text)
    lwip_inet_pton                           0x00008855   Thumb Code    36  sockets_1.o(.text)
    tcpip_inpkt                              0x0000896f   Thumb Code    64  tcpip_1.o(.text)
    tcpip_input                              0x000089af   Thumb Code    18  tcpip_1.o(.text)
    tcpip_callback                           0x000089c1   Thumb Code    42  tcpip_1.o(.text)
    tcpip_try_callback                       0x000089eb   Thumb Code    56  tcpip_1.o(.text)
    tcpip_send_msg_wait_sem                  0x00008a23   Thumb Code    26  tcpip_1.o(.text)
    tcpip_api_call                           0x00008a3d   Thumb Code    28  tcpip_1.o(.text)
    tcpip_callbackmsg_new                    0x00008a59   Thumb Code    26  tcpip_1.o(.text)
    tcpip_callbackmsg_delete                 0x00008a73   Thumb Code     8  tcpip_1.o(.text)
    tcpip_callbackmsg_trycallback            0x00008a7b   Thumb Code    10  tcpip_1.o(.text)
    tcpip_callbackmsg_trycallback_fromisr    0x00008a85   Thumb Code    10  tcpip_1.o(.text)
    tcpip_init                               0x00008a8f   Thumb Code    50  tcpip_1.o(.text)
    pbuf_free_callback                       0x00008ac5   Thumb Code     6  tcpip_1.o(.text)
    mem_free_callback                        0x00008acb   Thumb Code     6  tcpip_1.o(.text)
    lwip_htons                               0x00008af1   Thumb Code     4  def_1.o(.text)
    lwip_htonl                               0x00008af5   Thumb Code     4  def_1.o(.text)
    lwip_strnstr                             0x00008af9   Thumb Code    64  def_1.o(.text)
    lwip_stricmp                             0x00008b39   Thumb Code    46  def_1.o(.text)
    lwip_strnicmp                            0x00008b67   Thumb Code    50  def_1.o(.text)
    lwip_itoa                                0x00008b99   Thumb Code   100  def_1.o(.text)
    lwip_standard_chksum                     0x00008bfd   Thumb Code    86  inet_chksum_1.o(.text)
    inet_chksum_pseudo                       0x00008c53   Thumb Code    40  inet_chksum_1.o(.text)
    ip_chksum_pseudo                         0x00008c7b   Thumb Code    12  inet_chksum_1.o(.text)
    inet_chksum_pseudo_partial               0x00008c87   Thumb Code    44  inet_chksum_1.o(.text)
    ip_chksum_pseudo_partial                 0x00008cb3   Thumb Code    16  inet_chksum_1.o(.text)
    inet_chksum                              0x00008cc3   Thumb Code    12  inet_chksum_1.o(.text)
    inet_chksum_pbuf                         0x00008ccf   Thumb Code    74  inet_chksum_1.o(.text)
    lwip_init                                0x00008e0f   Thumb Code    34  init_1.o(.text)
    mem_init                                 0x00008e31   Thumb Code    62  mem_1.o(.text)
    mem_free                                 0x00008e6f   Thumb Code   196  mem_1.o(.text)
    mem_trim                                 0x00008f33   Thumb Code   258  mem_1.o(.text)
    mem_malloc                               0x00009035   Thumb Code   280  mem_1.o(.text)
    mem_calloc                               0x0000914d   Thumb Code    34  mem_1.o(.text)
    memp_init_pool                           0x00009205   Thumb Code    46  memp_1.o(.text)
    memp_init                                0x00009233   Thumb Code    40  memp_1.o(.text)
    memp_malloc_pool                         0x0000929f   Thumb Code     8  memp_1.o(.text)
    memp_malloc                              0x000092a7   Thumb Code    16  memp_1.o(.text)
    memp_free_pool                           0x000092b7   Thumb Code    14  memp_1.o(.text)
    memp_free                                0x000092c5   Thumb Code    20  memp_1.o(.text)
    netif_init                               0x00009309   Thumb Code     2  netif_1.o(.text)
    netif_input                              0x0000930b   Thumb Code    18  netif_1.o(.text)
    netif_set_addr                           0x00009377   Thumb Code    92  netif_1.o(.text)
    netif_add                                0x000093d9   Thumb Code   148  netif_1.o(.text)
    netif_add_noaddr                         0x0000946d   Thumb Code    18  netif_1.o(.text)
    netif_set_ipaddr                         0x0000947f   Thumb Code    18  netif_1.o(.text)
    netif_set_netmask                        0x00009491   Thumb Code    16  netif_1.o(.text)
    netif_set_gw                             0x000094a1   Thumb Code    16  netif_1.o(.text)
    netif_set_default                        0x000094b1   Thumb Code     6  netif_1.o(.text)
    netif_set_down                           0x000094b7   Thumb Code    30  netif_1.o(.text)
    netif_remove                             0x000094d5   Thumb Code    76  netif_1.o(.text)
    netif_set_up                             0x00009521   Thumb Code    26  netif_1.o(.text)
    netif_set_link_up                        0x0000953b   Thumb Code    26  netif_1.o(.text)
    netif_set_link_down                      0x00009555   Thumb Code    22  netif_1.o(.text)
    netif_find                               0x0000956b   Thumb Code    60  netif_1.o(.text)
    netif_name_to_index                      0x000095a7   Thumb Code    20  netif_1.o(.text)
    netif_get_by_index                       0x000095bb   Thumb Code    32  netif_1.o(.text)
    netif_index_to_name                      0x000095db   Thumb Code    38  netif_1.o(.text)
    pbuf_free                                0x00009667   Thumb Code    86  pbuf_1.o(.text)
    pbuf_alloc_reference                     0x000096bd   Thumb Code    46  pbuf_1.o(.text)
    pbuf_alloc                               0x000096eb   Thumb Code   254  pbuf_1.o(.text)
    pbuf_realloc                             0x000097e9   Thumb Code    82  pbuf_1.o(.text)
    pbuf_add_header                          0x00009881   Thumb Code     4  pbuf_1.o(.text)
    pbuf_add_header_force                    0x00009885   Thumb Code     4  pbuf_1.o(.text)
    pbuf_remove_header                       0x00009889   Thumb Code    46  pbuf_1.o(.text)
    pbuf_header                              0x000098b7   Thumb Code     6  pbuf_1.o(.text)
    pbuf_header_force                        0x000098bd   Thumb Code     6  pbuf_1.o(.text)
    pbuf_free_header                         0x000098c3   Thumb Code    50  pbuf_1.o(.text)
    pbuf_clen                                0x000098f5   Thumb Code    18  pbuf_1.o(.text)
    pbuf_ref                                 0x00009907   Thumb Code    26  pbuf_1.o(.text)
    pbuf_cat                                 0x00009921   Thumb Code    40  pbuf_1.o(.text)
    pbuf_chain                               0x00009949   Thumb Code    16  pbuf_1.o(.text)
    pbuf_dechain                             0x00009959   Thumb Code    38  pbuf_1.o(.text)
    pbuf_copy                                0x0000997f   Thumb Code   142  pbuf_1.o(.text)
    pbuf_copy_partial                        0x00009a0d   Thumb Code   114  pbuf_1.o(.text)
    pbuf_get_contiguous                      0x00009a7f   Thumb Code    66  pbuf_1.o(.text)
    pbuf_skip                                0x00009ac1   Thumb Code     4  pbuf_1.o(.text)
    pbuf_take                                0x00009ac5   Thumb Code    78  pbuf_1.o(.text)
    pbuf_take_at                             0x00009b13   Thumb Code    84  pbuf_1.o(.text)
    pbuf_clone                               0x00009b67   Thumb Code    30  pbuf_1.o(.text)
    pbuf_coalesce                            0x00009b85   Thumb Code    40  pbuf_1.o(.text)
    pbuf_try_get_at                          0x00009bad   Thumb Code    32  pbuf_1.o(.text)
    pbuf_get_at                              0x00009bcd   Thumb Code    18  pbuf_1.o(.text)
    pbuf_put_at                              0x00009bdf   Thumb Code    30  pbuf_1.o(.text)
    pbuf_memcmp                              0x00009bfd   Thumb Code    90  pbuf_1.o(.text)
    pbuf_memfind                             0x00009c57   Thumb Code    58  pbuf_1.o(.text)
    pbuf_strstr                              0x00009c91   Thumb Code    50  pbuf_1.o(.text)
    stats_init                               0x00009d01   Thumb Code     2  stats_1.o(.text)
    tcp_init                                 0x00009d05   Thumb Code     2  tcp_1.o(.text)
    tcp_free                                 0x00009d07   Thumb Code     8  tcp_1.o(.text)
    tcp_seg_free                             0x00009d0f   Thumb Code    28  tcp_1.o(.text)
    tcp_segs_free                            0x00009d2b   Thumb Code    18  tcp_1.o(.text)
    tcp_free_ooseq                           0x00009d3d   Thumb Code    20  tcp_1.o(.text)
    tcp_pcb_purge                            0x00009d51   Thumb Code    70  tcp_1.o(.text)
    tcp_slowtmr                              0x00009d97   Thumb Code   702  tcp_1.o(.text)
    tcp_pcb_remove                           0x0000a0a5   Thumb Code    80  tcp_1.o(.text)
    tcp_close                                0x0000a201   Thumb Code    26  tcp_1.o(.text)
    tcp_update_rcv_ann_wnd                   0x0000a21b   Thumb Code    52  tcp_1.o(.text)
    tcp_recved                               0x0000a24f   Thumb Code    62  tcp_1.o(.text)
    tcp_recv_null                            0x0000a28d   Thumb Code    42  tcp_1.o(.text)
    tcp_process_refused_data                 0x0000a2b7   Thumb Code   116  tcp_1.o(.text)
    tcp_fasttmr                              0x0000a32b   Thumb Code   104  tcp_1.o(.text)
    tcp_tmr                                  0x0000a393   Thumb Code    28  tcp_1.o(.text)
    tcp_shutdown                             0x0000a3af   Thumb Code    84  tcp_1.o(.text)
    tcp_abandon                              0x0000a403   Thumb Code   208  tcp_1.o(.text)
    tcp_abort                                0x0000a4d3   Thumb Code     4  tcp_1.o(.text)
    tcp_bind                                 0x0000a52d   Thumb Code   166  tcp_1.o(.text)
    tcp_bind_netif                           0x0000a5d3   Thumb Code    12  tcp_1.o(.text)
    tcp_listen_with_backlog_and_err          0x0000a5ed   Thumb Code   196  tcp_1.o(.text)
    tcp_listen_with_backlog                  0x0000a6b1   Thumb Code     4  tcp_1.o(.text)
    tcp_eff_send_mss_netif                   0x0000a6b5   Thumb Code    30  tcp_1.o(.text)
    tcp_next_iss                             0x0000a6d3   Thumb Code    12  tcp_1.o(.text)
    tcp_connect                              0x0000a6df   Thumb Code   328  tcp_1.o(.text)
    tcp_txnow                                0x0000a827   Thumb Code    28  tcp_1.o(.text)
    tcp_setprio                              0x0000a843   Thumb Code     8  tcp_1.o(.text)
    tcp_seg_copy                             0x0000a84b   Thumb Code    36  tcp_1.o(.text)
    tcp_alloc                                0x0000a8a5   Thumb Code   350  tcp_1.o(.text)
    tcp_new                                  0x0000aa03   Thumb Code     4  tcp_1.o(.text)
    tcp_new_ip_type                          0x0000aa07   Thumb Code     4  tcp_1.o(.text)
    tcp_arg                                  0x0000aa0b   Thumb Code     8  tcp_1.o(.text)
    tcp_recv                                 0x0000aa13   Thumb Code    10  tcp_1.o(.text)
    tcp_sent                                 0x0000aa1d   Thumb Code    10  tcp_1.o(.text)
    tcp_err                                  0x0000aa27   Thumb Code    10  tcp_1.o(.text)
    tcp_accept                               0x0000aa31   Thumb Code    14  tcp_1.o(.text)
    tcp_poll                                 0x0000aa3f   Thumb Code    12  tcp_1.o(.text)
    tcp_netif_ip_addr_changed                0x0000aa4b   Thumb Code    70  tcp_1.o(.text)
    tcp_debug_state_str                      0x0000aa91   Thumb Code     8  tcp_1.o(.text)
    tcp_tcp_get_tcp_addrinfo                 0x0000aa99   Thumb Code    38  tcp_1.o(.text)
    tcp_input                                0x0000b755   Thumb Code  1090  tcp_in_1.o(.text)
    tcp_trigger_input_pcb_close              0x0000bb97   Thumb Code    12  tcp_in_1.o(.text)
    tcp_write                                0x0000bcff   Thumb Code   860  tcp_out_1.o(.text)
    tcp_split_unsent_seg                     0x0000c05b   Thumb Code   298  tcp_out_1.o(.text)
    tcp_enqueue_flags                        0x0000c185   Thumb Code   150  tcp_out_1.o(.text)
    tcp_send_fin                             0x0000c21b   Thumb Code    68  tcp_out_1.o(.text)
    tcp_send_empty_ack                       0x0000c421   Thumb Code    70  tcp_out_1.o(.text)
    tcp_output                               0x0000c467   Thumb Code   496  tcp_out_1.o(.text)
    tcp_rexmit_rto_prepare                   0x0000c657   Thumb Code   102  tcp_out_1.o(.text)
    tcp_rexmit_rto_commit                    0x0000c6bd   Thumb Code    16  tcp_out_1.o(.text)
    tcp_rexmit_rto                           0x0000c6cd   Thumb Code    22  tcp_out_1.o(.text)
    tcp_rexmit                               0x0000c6e3   Thumb Code   100  tcp_out_1.o(.text)
    tcp_rexmit_fast                          0x0000c747   Thumb Code    92  tcp_out_1.o(.text)
    tcp_rst                                  0x0000c7a3   Thumb Code    72  tcp_out_1.o(.text)
    tcp_keepalive                            0x0000c7eb   Thumb Code    48  tcp_out_1.o(.text)
    tcp_zero_window_probe                    0x0000c81b   Thumb Code   170  tcp_out_1.o(.text)
    sys_timeout                              0x0000c92f   Thumb Code    24  timeouts.o(.text)
    tcp_timer_needed                         0x0000c96d   Thumb Code    34  timeouts.o(.text)
    sys_timeouts_init                        0x0000c9bf   Thumb Code    28  timeouts.o(.text)
    sys_untimeout                            0x0000c9db   Thumb Code    56  timeouts.o(.text)
    sys_check_timeouts                       0x0000ca13   Thumb Code    60  timeouts.o(.text)
    sys_restart_timeouts                     0x0000ca4f   Thumb Code    36  timeouts.o(.text)
    sys_timeouts_sleeptime                   0x0000ca73   Thumb Code    34  timeouts.o(.text)
    icmp_input                               0x0000caad   Thumb Code   394  icmp_1.o(.text)
    icmp_dest_unreach                        0x0000cc37   Thumb Code     8  icmp_1.o(.text)
    ip4_route                                0x0000cccd   Thumb Code    94  ip4.o(.text)
    ip4_input                                0x0000cd53   Thumb Code   490  ip4.o(.text)
    ip4_output_if_src                        0x0000cf3d   Thumb Code   218  ip4.o(.text)
    ip4_output_if                            0x0000d017   Thumb Code    30  ip4.o(.text)
    ip4_output                               0x0000d035   Thumb Code    60  ip4.o(.text)
    ip4_addr_isbroadcast_u32                 0x0000d089   Thumb Code    46  ip4_addr.o(.text)
    ip4_addr_netmask_valid                   0x0000d0b7   Thumb Code    38  ip4_addr.o(.text)
    ip4addr_aton                             0x0000d0dd   Thumb Code   266  ip4_addr.o(.text)
    ipaddr_addr                              0x0000d1e7   Thumb Code    20  ip4_addr.o(.text)
    ip4addr_ntoa_r                           0x0000d1fb   Thumb Code   118  ip4_addr.o(.text)
    ip4addr_ntoa                             0x0000d271   Thumb Code     6  ip4_addr.o(.text)
    __rt_ctype_table                         0x0000d27d   Thumb Code     4  ctype_o.o(.text)
    ___aeabi_memcpy4$move                    0x0000d285   Thumb Code     0  memmovea.o(.text)
    ___aeabi_memcpy8$move                    0x0000d285   Thumb Code     0  memmovea.o(.text)
    __aeabi_memcpy                           0x0000d285   Thumb Code    64  memmovea.o(.text)
    __aeabi_memmove                          0x0000d285   Thumb Code     0  memmovea.o(.text)
    __aeabi_memmove4                         0x0000d285   Thumb Code     0  memmovea.o(.text)
    __aeabi_memmove8                         0x0000d285   Thumb Code     0  memmovea.o(.text)
    __aeabi_memset                           0x0000d2c5   Thumb Code    14  memseta.o(.text)
    __aeabi_memset4                          0x0000d2c5   Thumb Code     0  memseta.o(.text)
    __aeabi_memset8                          0x0000d2c5   Thumb Code     0  memseta.o(.text)
    __aeabi_memclr                           0x0000d2d3   Thumb Code     4  memseta.o(.text)
    __aeabi_memclr4                          0x0000d2d3   Thumb Code     0  memseta.o(.text)
    __aeabi_memclr8                          0x0000d2d3   Thumb Code     0  memseta.o(.text)
    _memset$wrapper                          0x0000d2d7   Thumb Code    18  memseta.o(.text)
    strncpy                                  0x0000d2e9   Thumb Code    24  strncpy.o(.text)
    strlen                                   0x0000d301   Thumb Code    14  strlen.o(.text)
    memcmp                                   0x0000d30f   Thumb Code    26  memcmp.o(.text)
    strncmp                                  0x0000d329   Thumb Code    30  strncmp.o(.text)
    atoi                                     0x0000d347   Thumb Code    26  atoi.o(.text)
    strtol                                   0x0000d361   Thumb Code   112  strtol.o(.text)
    __scatterload                            0x0000d3d1   Thumb Code    28  init.o(.text)
    __scatterload_rt2                        0x0000d3d1   Thumb Code     0  init.o(.text)
    _strtoul                                 0x0000d3f5   Thumb Code   158  _strtoul.o(.text)
    _chval                                   0x0000d493   Thumb Code    28  _chval.o(.text)
    __decompress                             0x0000d4af   Thumb Code     0  __dczerorl2.o(.text)
    __decompress1                            0x0000d4af   Thumb Code    86  __dczerorl2.o(.text)
    __aeabi_errno_addr                       0x0000d505   Thumb Code     4  errno.o(i.__aeabi_errno_addr)
    __rt_errno_addr                          0x0000d505   Thumb Code     0  errno.o(i.__aeabi_errno_addr)
    __free$realloc                           0x0000d50d   Thumb Code    88  mallocr.o(i.__free$realloc)
    __malloc$realloc                         0x0000d569   Thumb Code    64  mallocr.o(i.__malloc$realloc)
    __scatterload_copy                       0x0000d5b9   Thumb Code    14  handlers.o(i.__scatterload_copy)
    __scatterload_null                       0x0000d5c7   Thumb Code     2  handlers.o(i.__scatterload_null)
    __scatterload_zeroinit                   0x0000d5c9   Thumb Code    14  handlers.o(i.__scatterload_zeroinit)
    realloc                                  0x0000d629   Thumb Code   102  mallocr.o(i.realloc)
    ethbroadcast                             0x0000dd40   Data           6  etharp.o(.constdata)
    ethzero                                  0x0000dd46   Data           6  etharp.o(.constdata)
    netconn_aborted                          0x0000dd60   Data           1  api_msg_1.o(.constdata)
    netconn_reset                            0x0000dd61   Data           1  api_msg_1.o(.constdata)
    netconn_closed                           0x0000dd62   Data           1  api_msg_1.o(.constdata)
    memp_TCP_PCB                             0x0000dda8   Data          16  memp_1.o(.constdata)
    memp_TCP_PCB_LISTEN                      0x0000ddb8   Data          16  memp_1.o(.constdata)
    memp_TCP_SEG                             0x0000ddc8   Data          16  memp_1.o(.constdata)
    memp_NETBUF                              0x0000ddd8   Data          16  memp_1.o(.constdata)
    memp_NETCONN                             0x0000dde8   Data          16  memp_1.o(.constdata)
    memp_TCPIP_MSG_API                       0x0000ddf8   Data          16  memp_1.o(.constdata)
    memp_TCPIP_MSG_INPKT                     0x0000de08   Data          16  memp_1.o(.constdata)
    memp_ARP_QUEUE                           0x0000de18   Data          16  memp_1.o(.constdata)
    memp_SYS_TIMEOUT                         0x0000de28   Data          16  memp_1.o(.constdata)
    memp_PBUF                                0x0000de38   Data          16  memp_1.o(.constdata)
    memp_PBUF_POOL                           0x0000de48   Data          16  memp_1.o(.constdata)
    memp_pools                               0x0000de58   Data          44  memp_1.o(.constdata)
    tcp_pcb_lists                            0x0000dec8   Data          16  tcp_1.o(.constdata)
    lwip_cyclic_timers                       0x0000ded8   Data          16  timeouts.o(.constdata)
    ip_addr_any                              0x0000dee8   Data           4  ip4_addr.o(.constdata)
    __ctype_table                            0x0000deec   Data         129  ctype_o.o(.constdata)
    Region$$Table$$Base                      0x0000e000   Number         0  anon$$obj.o(Region$$Table)
    Region$$Table$$Limit                     0x0000e020   Number         0  anon$$obj.o(Region$$Table)
    modbusSlaveDefaultFunctions              0x20000004   Data          80  mb_cvt.o(.data)
    modbusMasterDefaultFunctions             0x20000054   Data          80  mb_cvt.o(.data)
    g_pInterrupt                             0x200000ac   Data           4  lwiplib.o(.data)
    g_bNetStatus                             0x200000c8   Data           1  network.o(.data)
    IPAddress                                0x200000c9   Data           4  network.o(.data)
    NetMaskAddr                              0x200000cd   Data           4  network.o(.data)
    GwWayAddr                                0x200000d1   Data           4  network.o(.data)
    MACAddress                               0x200000d5   Data           6  network.o(.data)
    xInsideISR                               0x200000dc   Data           4  sys_arch.o(.data)
    pxCurrentTCB                             0x20000100   Data           4  tasks.o(.data)
    lock_tcpip_core                          0x2000014c   Data           4  tcpip_1.o(.data)
    netif_list                               0x20000190   Data           4  netif_1.o(.data)
    netif_default                            0x20000194   Data           4  netif_1.o(.data)
    pbuf_free_ooseq_pending                  0x20000198   Data           1  pbuf_1.o(.data)
    tcp_active_pcbs_changed                  0x2000019c   Data           1  tcp_1.o(.data)
    tcp_ticks                                0x200001a8   Data           4  tcp_1.o(.data)
    tcp_bound_pcbs                           0x200001ac   Data           4  tcp_1.o(.data)
    tcp_listen_pcbs                          0x200001b0   Data           4  tcp_1.o(.data)
    tcp_active_pcbs                          0x200001b4   Data           4  tcp_1.o(.data)
    tcp_tw_pcbs                              0x200001b8   Data           4  tcp_1.o(.data)
    tcp_input_pcb                            0x200001dc   Data           4  tcp_in_1.o(.data)
    __microlib_freelist                      0x200001f4   Data           4  mvars.o(.data)
    __microlib_freelist_initialised          0x200001f8   Data           4  mvars.o(.data)
    xQueueRegistry                           0x20006b00   Data          80  queue.o(.bss)
    ip_data                                  0x20006d20   Data          24  ip_1.o(.bss)
    ram_heap                                 0x20006d38   Data        4115  mem_1.o(.bss)
    memp_memory_TCP_PCB_base                 0x20007d4b   Data         783  memp_1.o(.bss)
    memp_memory_TCP_PCB_LISTEN_base          0x20008064   Data         227  memp_1.o(.bss)
    memp_memory_TCP_SEG_base                 0x20008152   Data         419  memp_1.o(.bss)
    memp_memory_NETBUF_base                  0x20008300   Data          35  memp_1.o(.bss)
    memp_memory_NETCONN_base                 0x2000832e   Data         179  memp_1.o(.bss)
    memp_memory_TCPIP_MSG_API_base           0x200083ec   Data          67  memp_1.o(.bss)
    memp_memory_TCPIP_MSG_INPKT_base         0x2000843a   Data          67  memp_1.o(.bss)
    memp_memory_ARP_QUEUE_base               0x20008488   Data         243  memp_1.o(.bss)
    memp_memory_SYS_TIMEOUT_base             0x20008586   Data         131  memp_1.o(.bss)
    memp_memory_PBUF_base                    0x20008614   Data         259  memp_1.o(.bss)
    memp_memory_PBUF_POOL_base               0x20008722   Data        8707  memp_1.o(.bss)
    lwip_stats                               0x2000a930   Data         196  stats_1.o(.bss)
    __heap_base                              0x2000aa18   Data           0  startup.o(HEAP)
    __heap_limit                             0x2000aa18   Data           0  startup.o(HEAP)
    __initial_sp                             0x2000ae18   Data           0  startup.o(STACK)



==============================================================================

Memory Map of the image

  Image Entry point : 0x00000279

  Load Region LR_IROM1 (Base: 0x00000000, Size: 0x0000e68c, Max: 0x00040000, ABSOLUTE, COMPRESSED[0x0000e0a0])

    Execution Region ER_IROM1 (Exec base: 0x00000000, Load base: 0x00000000, Size: 0x0000e020, Max: 0x00040000, ABSOLUTE)

    Exec Addr    Load Addr    Size         Type   Attr      Idx    E Section Name        Object

    0x00000000   0x00000000   0x00000278   Code   RO          130    RESET               startup.o
    0x00000278   0x00000278   0x00000000   Code   RO         1726  * .ARM.Collect$$$$00000000  mc_w.l(entry.o)
    0x00000278   0x00000278   0x00000004   Code   RO         1807    .ARM.Collect$$$$00000001  mc_w.l(entry2.o)
    0x0000027c   0x0000027c   0x00000004   Code   RO         1810    .ARM.Collect$$$$00000004  mc_w.l(entry5.o)
    0x00000280   0x00000280   0x00000000   Code   RO         1812    .ARM.Collect$$$$00000008  mc_w.l(entry7b.o)
    0x00000280   0x00000280   0x00000000   Code   RO         1814    .ARM.Collect$$$$0000000A  mc_w.l(entry8b.o)
    0x00000280   0x00000280   0x00000008   Code   RO         1815    .ARM.Collect$$$$0000000B  mc_w.l(entry9a.o)
    0x00000288   0x00000288   0x00000004   Code   RO         1822    .ARM.Collect$$$$0000000E  mc_w.l(entry12b.o)
    0x0000028c   0x0000028c   0x00000000   Code   RO         1817    .ARM.Collect$$$$0000000F  mc_w.l(entry10a.o)
    0x0000028c   0x0000028c   0x00000000   Code   RO         1819    .ARM.Collect$$$$00000011  mc_w.l(entry11a.o)
    0x0000028c   0x0000028c   0x00000004   Code   RO         1808    .ARM.Collect$$$$00002712  mc_w.l(entry2.o)
    0x00000290   0x00000290   0x00000026   Code   RO          400    .emb_text           cpu.o
    0x000002b6   0x000002b6   0x00000002   PAD
    0x000002b8   0x000002b8   0x00000006   Code   RO          495    .emb_text           sysctl.o
    0x000002be   0x000002be   0x00000002   PAD
    0x000002c0   0x000002c0   0x0000008c   Code   RO          921    .emb_text           port.o
    0x0000034c   0x0000034c   0x00000070   Code   RO            1    .text               main.o
    0x000003bc   0x000003bc   0x00001af4   Code   RO          135    .text               mb_cvt.o
    0x00001eb0   0x00001eb0   0x000001b0   Code   RO          323    .text               fifo.o
    0x00002060   0x00002060   0x00000060   Code   RO          352    .text               bsp.o
    0x000020c0   0x000020c0   0x000002e0   Code   RO          413    .text               ethernet.o
    0x000023a0   0x000023a0   0x000005fc   Code   RO          438    .text               gpio.o
    0x0000299c   0x0000299c   0x00000254   Code   RO          456    .text               interrupt.o
    0x00002bf0   0x00002bf0   0x000008fc   Code   RO          496    .text               sysctl.o
    0x000034ec   0x000034ec   0x000002ac   Code   RO          547    .text               uart.o
    0x00003798   0x00003798   0x00000204   Code   RO          565    .text               lwiplib.o
    0x0000399c   0x0000399c   0x00000540   Code   RO          638    .text               ustdlib.o
    0x00003edc   0x00003edc   0x000002c0   Code   RO          658    .text               uartstdio.o
    0x0000419c   0x0000419c   0x00000240   Code   RO          680    .text               network.o
    0x000043dc   0x000043dc   0x00000300   Code   RO          710    .text               sys_arch.o
    0x000046dc   0x000046dc   0x000002e8   Code   RO          772    .text               stellarisif.o
    0x000049c4   0x000049c4   0x000006cc   Code   RO          825    .text               etharp.o
    0x00005090   0x00005090   0x000000f4   Code   RO          888    .text               heap_2.o
    0x00005184   0x00005184   0x0000008c   Code   RO          909    .text               list.o
    0x00005210   0x00005210   0x000000a0   Code   RO          922    .text               port.o
    0x000052b0   0x000052b0   0x00000498   Code   RO          939    .text               queue.o
    0x00005748   0x00005748   0x00000890   Code   RO          957    .text               tasks.o
    0x00005fd8   0x00005fd8   0x00000558   Code   RO          985    .text               api_lib_1.o
    0x00006530   0x00006530   0x00000b68   Code   RO         1023    .text               api_msg_1.o
    0x00007098   0x00007098   0x0000001c   Code   RO         1060    .text               err_1.o
    0x000070b4   0x000070b4   0x00000130   Code   RO         1078    .text               netbuf_1.o
    0x000071e4   0x000071e4   0x000016ec   Code   RO         1115    .text               sockets_1.o
    0x000088d0   0x000088d0   0x00000220   Code   RO         1142    .text               tcpip_1.o
    0x00008af0   0x00008af0   0x0000010c   Code   RO         1192    .text               def_1.o
    0x00008bfc   0x00008bfc   0x00000212   Code   RO         1210    .text               inet_chksum_1.o
    0x00008e0e   0x00008e0e   0x00000022   Code   RO         1225    .text               init_1.o
    0x00008e30   0x00008e30   0x000003d4   Code   RO         1282    .text               mem_1.o
    0x00009204   0x00009204   0x00000104   Code   RO         1298    .text               memp_1.o
    0x00009308   0x00009308   0x00000334   Code   RO         1400    .text               netif_1.o
    0x0000963c   0x0000963c   0x000006c4   Code   RO         1436    .text               pbuf_1.o
    0x00009d00   0x00009d00   0x00000002   Code   RO         1458    .text               stats_1.o
    0x00009d02   0x00009d02   0x00000002   PAD
    0x00009d04   0x00009d04   0x00000de8   Code   RO         1495    .text               tcp_1.o
    0x0000aaec   0x0000aaec   0x00001120   Code   RO         1520    .text               tcp_in_1.o
    0x0000bc0c   0x0000bc0c   0x00000cd8   Code   RO         1557    .text               tcp_out_1.o
    0x0000c8e4   0x0000c8e4   0x000001c8   Code   RO         1577    .text               timeouts.o
    0x0000caac   0x0000caac   0x00000220   Code   RO         1619    .text               icmp_1.o
    0x0000cccc   0x0000cccc   0x000003bc   Code   RO         1640    .text               ip4.o
    0x0000d088   0x0000d088   0x000001f4   Code   RO         1657    .text               ip4_addr.o
    0x0000d27c   0x0000d27c   0x00000008   Code   RO         1734    .text               mc_w.l(ctype_o.o)
    0x0000d284   0x0000d284   0x00000040   Code   RO         1764    .text               mc_w.l(memmovea.o)
    0x0000d2c4   0x0000d2c4   0x00000024   Code   RO         1766    .text               mc_w.l(memseta.o)
    0x0000d2e8   0x0000d2e8   0x00000018   Code   RO         1768    .text               mc_w.l(strncpy.o)
    0x0000d300   0x0000d300   0x0000000e   Code   RO         1770    .text               mc_w.l(strlen.o)
    0x0000d30e   0x0000d30e   0x0000001a   Code   RO         1772    .text               mc_w.l(memcmp.o)
    0x0000d328   0x0000d328   0x0000001e   Code   RO         1774    .text               mc_w.l(strncmp.o)
    0x0000d346   0x0000d346   0x0000001a   Code   RO         1805    .text               mc_w.l(atoi.o)
    0x0000d360   0x0000d360   0x00000070   Code   RO         1825    .text               mc_w.l(strtol.o)
    0x0000d3d0   0x0000d3d0   0x00000024   Code   RO         1827    .text               mc_w.l(init.o)
    0x0000d3f4   0x0000d3f4   0x0000009e   Code   RO         1829    .text               mc_w.l(_strtoul.o)
    0x0000d492   0x0000d492   0x0000001c   Code   RO         1831    .text               mc_w.l(_chval.o)
    0x0000d4ae   0x0000d4ae   0x00000056   Code   RO         1841    .text               mc_w.l(__dczerorl2.o)
    0x0000d504   0x0000d504   0x00000008   Code   RO         1798    i.__aeabi_errno_addr  mc_w.l(errno.o)
    0x0000d50c   0x0000d50c   0x0000005c   Code   RO         1780    i.__free$realloc    mc_w.l(mallocr.o)
    0x0000d568   0x0000d568   0x00000050   Code   RO         1781    i.__malloc$realloc  mc_w.l(mallocr.o)
    0x0000d5b8   0x0000d5b8   0x0000000e   Code   RO         1835    i.__scatterload_copy  mc_w.l(handlers.o)
    0x0000d5c6   0x0000d5c6   0x00000002   Code   RO         1836    i.__scatterload_null  mc_w.l(handlers.o)
    0x0000d5c8   0x0000d5c8   0x0000000e   Code   RO         1837    i.__scatterload_zeroinit  mc_w.l(handlers.o)
    0x0000d5d6   0x0000d5d6   0x00000002   PAD
    0x0000d5d8   0x0000d5d8   0x00000050   Code   RO         1782    i.internal_alloc    mc_w.l(mallocr.o)
    0x0000d628   0x0000d628   0x0000006c   Code   RO         1783    i.realloc           mc_w.l(mallocr.o)
    0x0000d694   0x0000d694   0x000002f4   Data   RO          144    .constdata          mb_cvt.o
    0x0000d988   0x0000d988   0x00000078   Data   RO          439    .constdata          gpio.o
    0x0000da00   0x0000da00   0x00000104   Data   RO          457    .constdata          interrupt.o
    0x0000db04   0x0000db04   0x000001c4   Data   RO          497    .constdata          sysctl.o
    0x0000dcc8   0x0000dcc8   0x00000040   Data   RO          548    .constdata          uart.o
    0x0000dd08   0x0000dd08   0x0000001c   Data   RO          639    .constdata          ustdlib.o
    0x0000dd24   0x0000dd24   0x0000001c   Data   RO          659    .constdata          uartstdio.o
    0x0000dd40   0x0000dd40   0x0000000c   Data   RO          827    .constdata          etharp.o
    0x0000dd4c   0x0000dd4c   0x00000014   Data   RO          959    .constdata          tasks.o
    0x0000dd60   0x0000dd60   0x00000003   Data   RO         1024    .constdata          api_msg_1.o
    0x0000dd63   0x0000dd63   0x00000001   PAD
    0x0000dd64   0x0000dd64   0x00000044   Data   RO         1061    .constdata          err_1.o
    0x0000dda8   0x0000dda8   0x00000010   Data   RO         1321    .constdata          memp_1.o
    0x0000ddb8   0x0000ddb8   0x00000010   Data   RO         1322    .constdata          memp_1.o
    0x0000ddc8   0x0000ddc8   0x00000010   Data   RO         1323    .constdata          memp_1.o
    0x0000ddd8   0x0000ddd8   0x00000010   Data   RO         1324    .constdata          memp_1.o
    0x0000dde8   0x0000dde8   0x00000010   Data   RO         1325    .constdata          memp_1.o
    0x0000ddf8   0x0000ddf8   0x00000010   Data   RO         1326    .constdata          memp_1.o
    0x0000de08   0x0000de08   0x00000010   Data   RO         1327    .constdata          memp_1.o
    0x0000de18   0x0000de18   0x00000010   Data   RO         1328    .constdata          memp_1.o
    0x0000de28   0x0000de28   0x00000010   Data   RO         1329    .constdata          memp_1.o
    0x0000de38   0x0000de38   0x00000010   Data   RO         1330    .constdata          memp_1.o
    0x0000de48   0x0000de48   0x00000010   Data   RO         1331    .constdata          memp_1.o
    0x0000de58   0x0000de58   0x0000002c   Data   RO         1332    .constdata          memp_1.o
    0x0000de84   0x0000de84   0x00000054   Data   RO         1496    .constdata          tcp_1.o
    0x0000ded8   0x0000ded8   0x00000010   Data   RO         1578    .constdata          timeouts.o
    0x0000dee8   0x0000dee8   0x00000004   Data   RO         1659    .constdata          ip4_addr.o
    0x0000deec   0x0000deec   0x00000081   Data   RO         1735    .constdata          mc_w.l(ctype_o.o)
    0x0000df6d   0x0000df6d   0x00000003   PAD
    0x0000df70   0x0000df70   0x00000004   Data   RO         1736    .constdata          mc_w.l(ctype_o.o)
    0x0000df74   0x0000df74   0x00000011   Data   RO          640    .conststring        ustdlib.o
    0x0000df85   0x0000df85   0x00000003   PAD
    0x0000df88   0x0000df88   0x00000075   Data   RO         1497    .conststring        tcp_1.o
    0x0000dffd   0x0000dffd   0x00000003   PAD
    0x0000e000   0x0000e000   0x00000020   Data   RO         1833    Region$$Table       anon$$obj.o


    Execution Region RW_IRAM1 (Exec base: 0x20000000, Load base: 0x0000e020, Size: 0x0000ae18, Max: 0x00010000, ABSOLUTE, COMPRESSED[0x00000080])

    Exec Addr    Load Addr    Size         Type   Attr      Idx    E Section Name        Object

    0x20000000   COMPRESSED   0x000000a4   Data   RW          145    .data               mb_cvt.o
    0x200000a4   COMPRESSED   0x00000018   Data   RW          567    .data               lwiplib.o
    0x200000bc   COMPRESSED   0x00000004   Data   RW          641    .data               ustdlib.o
    0x200000c0   COMPRESSED   0x00000008   Data   RW          661    .data               uartstdio.o
    0x200000c8   COMPRESSED   0x00000013   Data   RW          681    .data               network.o
    0x200000db   COMPRESSED   0x00000001   PAD
    0x200000dc   COMPRESSED   0x00000004   Data   RW          711    .data               sys_arch.o
    0x200000e0   COMPRESSED   0x00000001   Data   RW          828    .data               etharp.o
    0x200000e1   COMPRESSED   0x00000003   PAD
    0x200000e4   COMPRESSED   0x00000018   Data   RW          890    .data               heap_2.o
    0x200000fc   COMPRESSED   0x00000004   Data   RW          923    .data               port.o
    0x20000100   COMPRESSED   0x0000003c   Data   RW          960    .data               tasks.o
    0x2000013c   COMPRESSED   0x00000004   Data   RW         1117    .data               sockets_1.o
    0x20000140   COMPRESSED   0x00000010   Data   RW         1143    .data               tcpip_1.o
    0x20000150   COMPRESSED   0x00000010   Data   RW         1284    .data               mem_1.o
    0x20000160   COMPRESSED   0x00000004   Data   RW         1333    .data               memp_1.o
    0x20000164   COMPRESSED   0x00000004   Data   RW         1334    .data               memp_1.o
    0x20000168   COMPRESSED   0x00000004   Data   RW         1335    .data               memp_1.o
    0x2000016c   COMPRESSED   0x00000004   Data   RW         1336    .data               memp_1.o
    0x20000170   COMPRESSED   0x00000004   Data   RW         1337    .data               memp_1.o
    0x20000174   COMPRESSED   0x00000004   Data   RW         1338    .data               memp_1.o
    0x20000178   COMPRESSED   0x00000004   Data   RW         1339    .data               memp_1.o
    0x2000017c   COMPRESSED   0x00000004   Data   RW         1340    .data               memp_1.o
    0x20000180   COMPRESSED   0x00000004   Data   RW         1341    .data               memp_1.o
    0x20000184   COMPRESSED   0x00000004   Data   RW         1342    .data               memp_1.o
    0x20000188   COMPRESSED   0x00000004   Data   RW         1343    .data               memp_1.o
    0x2000018c   COMPRESSED   0x0000000c   Data   RW         1401    .data               netif_1.o
    0x20000198   COMPRESSED   0x00000001   Data   RW         1437    .data               pbuf_1.o
    0x20000199   COMPRESSED   0x00000003   PAD
    0x2000019c   COMPRESSED   0x00000020   Data   RW         1498    .data               tcp_1.o
    0x200001bc   COMPRESSED   0x00000024   Data   RW         1522    .data               tcp_in_1.o
    0x200001e0   COMPRESSED   0x0000000c   Data   RW         1580    .data               timeouts.o
    0x200001ec   COMPRESSED   0x00000002   Data   RW         1641    .data               ip4.o
    0x200001ee   COMPRESSED   0x00000002   PAD
    0x200001f0   COMPRESSED   0x00000004   Data   RW         1801    .data               mc_w.l(errno.o)
    0x200001f4   COMPRESSED   0x00000004   Data   RW         1823    .data               mc_w.l(mvars.o)
    0x200001f8   COMPRESSED   0x00000004   Data   RW         1824    .data               mc_w.l(mvars.o)
    0x200001fc   COMPRESSED   0x00000204   PAD
    0x20000400   COMPRESSED   0x0000026c   Data   RW          458    vtable              interrupt.o
    0x2000066c        -       0x00000310   Zero   RW          136    .bss                mb_cvt.o
    0x2000097c        -       0x00000030   Zero   RW          566    .bss                lwiplib.o
    0x200009ac        -       0x00000060   Zero   RW          773    .bss                stellarisif.o
    0x20000a0c        -       0x000000f0   Zero   RW          826    .bss                etharp.o
    0x20000afc   COMPRESSED   0x00000004   PAD
    0x20000b00        -       0x00006000   Zero   RW          889    .bss                heap_2.o
    0x20006b00        -       0x00000050   Zero   RW          940    .bss                queue.o
    0x20006b50        -       0x00000190   Zero   RW          958    .bss                tasks.o
    0x20006ce0        -       0x00000040   Zero   RW         1116    .bss                sockets_1.o
    0x20006d20        -       0x00000018   Zero   RW         1270    .bss                ip_1.o
    0x20006d38        -       0x00001013   Zero   RW         1283    .bss                mem_1.o
    0x20007d4b        -       0x0000030f   Zero   RW         1299    .bss                memp_1.o
    0x2000805a        -       0x0000000a   Zero   RW         1300    .bss                memp_1.o
    0x20008064        -       0x000000e3   Zero   RW         1301    .bss                memp_1.o
    0x20008147   COMPRESSED   0x00000001   PAD
    0x20008148        -       0x0000000a   Zero   RW         1302    .bss                memp_1.o
    0x20008152        -       0x000001a3   Zero   RW         1303    .bss                memp_1.o
    0x200082f5   COMPRESSED   0x00000001   PAD
    0x200082f6        -       0x0000000a   Zero   RW         1304    .bss                memp_1.o
    0x20008300        -       0x00000023   Zero   RW         1305    .bss                memp_1.o
    0x20008323   COMPRESSED   0x00000001   PAD
    0x20008324        -       0x0000000a   Zero   RW         1306    .bss                memp_1.o
    0x2000832e        -       0x000000b3   Zero   RW         1307    .bss                memp_1.o
    0x200083e1   COMPRESSED   0x00000001   PAD
    0x200083e2        -       0x0000000a   Zero   RW         1308    .bss                memp_1.o
    0x200083ec        -       0x00000043   Zero   RW         1309    .bss                memp_1.o
    0x2000842f   COMPRESSED   0x00000001   PAD
    0x20008430        -       0x0000000a   Zero   RW         1310    .bss                memp_1.o
    0x2000843a        -       0x00000043   Zero   RW         1311    .bss                memp_1.o
    0x2000847d   COMPRESSED   0x00000001   PAD
    0x2000847e        -       0x0000000a   Zero   RW         1312    .bss                memp_1.o
    0x20008488        -       0x000000f3   Zero   RW         1313    .bss                memp_1.o
    0x2000857b   COMPRESSED   0x00000001   PAD
    0x2000857c        -       0x0000000a   Zero   RW         1314    .bss                memp_1.o
    0x20008586        -       0x00000083   Zero   RW         1315    .bss                memp_1.o
    0x20008609   COMPRESSED   0x00000001   PAD
    0x2000860a        -       0x0000000a   Zero   RW         1316    .bss                memp_1.o
    0x20008614        -       0x00000103   Zero   RW         1317    .bss                memp_1.o
    0x20008717   COMPRESSED   0x00000001   PAD
    0x20008718        -       0x0000000a   Zero   RW         1318    .bss                memp_1.o
    0x20008722        -       0x00002203   Zero   RW         1319    .bss                memp_1.o
    0x2000a925   COMPRESSED   0x00000001   PAD
    0x2000a926        -       0x0000000a   Zero   RW         1320    .bss                memp_1.o
    0x2000a930        -       0x000000c4   Zero   RW         1459    .bss                stats_1.o
    0x2000a9f4        -       0x00000010   Zero   RW         1521    .bss                tcp_in_1.o
    0x2000aa04        -       0x00000010   Zero   RW         1658    .bss                ip4_addr.o
    0x2000aa14   COMPRESSED   0x00000004   PAD
    0x2000aa18        -       0x00000000   Zero   RW          129    HEAP                startup.o
    0x2000aa18        -       0x00000400   Zero   RW          128    STACK               startup.o


==============================================================================

Image component sizes


      Code (inc. data)   RO Data    RW Data    ZI Data      Debug   Object Name

      1368         56          0          0          0      27996   api_lib_1.o
      2920         52          3          0          0      22515   api_msg_1.o
        96         34          0          0          0        527   bsp.o
        38          0          0          0          0        608   cpu.o
       268          0          0          0          0       2718   def_1.o
        28          4         68          0          0       1351   err_1.o
      1740         32         12          1        240      19626   etharp.o
       736          4          0          0          0       7462   ethernet.o
       432          0          0          0          0       4016   fifo.o
      1532         46        120          0          0      12439   gpio.o
       244         10          0         24      24576       5076   heap_2.o
       544         10          0          0          0       3415   icmp_1.o
       530          0          0          0          0       4676   inet_chksum_1.o
        34          0          0          0          0      10215   init_1.o
       596         22        260        620          0       4681   interrupt.o
       956         24          0          2          0       4789   ip4.o
       500         12          4          0         16      12662   ip4_addr.o
         0          0          0          0         24       3326   ip_1.o
       140          0          0          0          0       1953   list.o
       516         62          0         24         48       8815   lwiplib.o
       112         42          0          0          0      21311   main.o
      6900       1498        756        164        784      76429   mb_cvt.o
       980         14          0         16       4115       5810   mem_1.o
       260          8        220         44      11227      10414   memp_1.o
       304          0          0          0          0      12357   netbuf_1.o
       820         12          0         12          0      12035   netif_1.o
       576        126          0         19          0       2947   network.o
      1732         14          0          1          0      15300   pbuf_1.o
       300         22          0          4          0       3673   port.o
      1176          4          0          0         80       8835   queue.o
         0          0          0          0          0       3951   slipif.o
      5868         42          0          4         64      46460   sockets_1.o
       632        622          0          0       1024        336   startup.o
         2          0          0          0        196       5498   stats_1.o
       744         20          0          0         96      13086   stellarisif.o
       768         10          0          4          0       9047   sys_arch.o
      2306        128        452          0          0      12399   sysctl.o
      2192         42         20         60        400      14323   tasks.o
      3560         64        201         32          0      28354   tcp_1.o
      4384        114          0         36         16      19217   tcp_in_1.o
      3288         16          0          0          0      24310   tcp_out_1.o
       544         32          0         16          0       7808   tcpip_1.o
       456         24         16         12          0       5356   timeouts.o
       684          6         64          0          0      10482   uart.o
       704         28         28          8          0       3883   uartstdio.o
      1344         30         45          4          0       7331   ustdlib.o

    ----------------------------------------------------------------------
     53860       3286       2308       1116      42924     539818   Object Totals
         0          0         32          0          0          0   (incl. Generated)
         6          0          7          9         18          0   (incl. Padding)

    ----------------------------------------------------------------------

      Code (inc. data)   RO Data    RW Data    ZI Data      Debug   Library Member Name

        86          0          0          0          0          0   __dczerorl2.o
        28          0          0          0          0         68   _chval.o
       158          0          0          0          0         92   _strtoul.o
        26          0          0          0          0         80   atoi.o
         8          4        133          0          0         68   ctype_o.o
         0          0          0          0          0          0   entry.o
         0          0          0          0          0          0   entry10a.o
         0          0          0          0          0          0   entry11a.o
         4          0          0          0          0          0   entry12b.o
         8          4          0          0          0          0   entry2.o
         4          0          0          0          0          0   entry5.o
         0          0          0          0          0          0   entry7b.o
         0          0          0          0          0          0   entry8b.o
         8          4          0          0          0          0   entry9a.o
         8          4          0          4          0         68   errno.o
        30          0          0          0          0          0   handlers.o
        36          8          0          0          0         68   init.o
       360         30          0          0          0        356   mallocr.o
        26          0          0          0          0         80   memcmp.o
        64          0          0          0          0         76   memmovea.o
        36          0          0          0          0        108   memseta.o
         0          0          0          8          0          0   mvars.o
        14          0          0          0          0         68   strlen.o
        30          0          0          0          0         80   strncmp.o
        24          0          0          0          0         76   strncpy.o
       112          0          0          0          0         88   strtol.o

    ----------------------------------------------------------------------
      1072         54        136        528          0       1376   Library Totals
         2          0          3        516          0          0   (incl. Padding)

    ----------------------------------------------------------------------

      Code (inc. data)   RO Data    RW Data    ZI Data      Debug   Library Name

      1070         54        133         12          0       1376   mc_w.l

    ----------------------------------------------------------------------
      1072         54        136        528          0       1376   Library Totals

    ----------------------------------------------------------------------

==============================================================================


      Code (inc. data)   RO Data    RW Data    ZI Data      Debug   

     54932       3340       2444       1644      42924     535030   Grand Totals
     54932       3340       2444        128      42924     535030   ELF Image Totals (compressed)
     54932       3340       2444        128          0          0   ROM Totals

==============================================================================

    Total RO  Size (Code + RO Data)                57376 (  56.03kB)
    Total RW  Size (RW Data + ZI Data)             44568 (  43.52kB)
    Total ROM Size (Code + RO Data + RW Data)      57504 (  56.16kB)

==============================================================================

