Component: ARM Compiler 5.06 update 4 (build 422) Tool: armlink [4d35d2]

==============================================================================

Section Cross References

    main.o(.text) refers to network.o(.text) for NetServerInit
    main.o(.text) refers to cmd.o(.text) for cmd_init
    main.o(.text) refers to tasks.o(.text) for vTaskSuspend
    main.o(.text) refers to bsp.o(.text) for BSP_Init
    main.o(.text) refers to sysctl.o(.text) for SysCtlResetCauseGet
    main.o(.text) refers to uartstdio.o(.text) for UARTprintf
    main.o(.text) refers to main.o(.conststring) for .conststring
    startup.o(RESET) refers to startup.o(STACK) for StackMem
    startup.o(RESET) refers to main.o(.text) for deviceDebugHander
    startup.o(RESET) refers to port.o(.emb_text) for vPortSVCHandler
    startup.o(RESET) refers to port.o(.text) for xPortSysTickHandler
    startup.o(RESET) refers to cmd.o(.text) for UART0IntHandler
    startup.o(RESET) refers to mb_cvt.o(.text) for UARTIntHandler
    startup.o(RESET) refers to lwiplib.o(.text) for lwIPEthernetIntHandler
    startup.o(RESET) refers to entry.o(.ARM.Collect$$$$00000000) for __main
    cgifuncs.o(.text) refers to strcmp.o(.text) for strcmp
    cgifuncs.o(.text) refers to ustdlib.o(.text) for usnprintf
    httpd.o(.text) refers to lmi_fs.o(.text) for fs_close
    httpd.o(.text) refers to mem.o(.text) for mem_free
    httpd.o(.text) refers to tcp.o(.text) for tcp_arg
    httpd.o(.text) refers to strstr.o(.text) for strstr
    httpd.o(.text) refers to strchr.o(.text) for strchr
    httpd.o(.text) refers to strcmp.o(.text) for strcmp
    httpd.o(.text) refers to strlen.o(.text) for strlen
    httpd.o(.text) refers to tcp_out.o(.text) for tcp_write
    httpd.o(.text) refers to httpd.o(.data) for .data
    httpd.o(.text) refers to httpd.o(.constdata) for .constdata
    httpd.o(.text) refers to pbuf.o(.text) for pbuf_free
    httpd.o(.text) refers to strncmp.o(.text) for strncmp
    httpd.o(.text) refers to ustdlib.o(.text) for usnprintf
    httpd.o(.text) refers to ip4_addr.o(.constdata) for ip_addr_any
    httpd.o(.constdata) refers to httpd.o(.conststring) for .conststring
    httpd.o(.data) refers to httpd.o(.conststring) for .conststring
    lmi_fs.o(.text) refers to mem.o(.text) for mem_malloc
    lmi_fs.o(.text) refers to strncmp.o(.text) for strncmp
    lmi_fs.o(.text) refers to strlen.o(.text) for strlen
    lmi_fs.o(.text) refers to memmovea.o(.text) for __aeabi_memcpy
    lmi_fs.o(.text) refers to lmi_fs.o(.bss) for .bss
    lmi_fs.o(.text) refers to lmi_fs.o(.constdata) for .constdata
    lmi_fs.o(.text) refers to lmi_fs.o(.data) for .data
    lmi_fs.o(.constdata) refers to lmi_fs.o(.constdata) for data_success_htm
    lmi_fs.o(.constdata) refers to lmi_fs.o(.constdata) for file_success_htm
    lmi_fs.o(.constdata) refers to lmi_fs.o(.constdata) for data_index_shtml
    lmi_fs.o(.constdata) refers to lmi_fs.o(.constdata) for file_index_shtml
    lmi_fs.o(.constdata) refers to lmi_fs.o(.constdata) for data_format_error_htm
    lmi_fs.o(.constdata) refers to lmi_fs.o(.constdata) for file_format_error_htm
    lmi_fs.o(.constdata) refers to lmi_fs.o(.constdata) for data_404_htm
    mb_cvt.o(.text) refers to mallocr.o(i.realloc) for realloc
    mb_cvt.o(.text) refers to heap_2.o(.text) for vPortFree
    mb_cvt.o(.text) refers to mb_cvt.o(.constdata) for .constdata
    mb_cvt.o(.text) refers to uart.o(.text) for UARTIntStatus
    mb_cvt.o(.text) refers to fifo.o(.text) for FIFO_Push
    mb_cvt.o(.text) refers to tasks.o(.text) for vTaskDelay
    mb_cvt.o(.text) refers to mb_cvt.o(.bss) for .bss
    mb_cvt.o(.text) refers to gpio.o(.text) for GPIOPinWrite
    mb_cvt.o(.text) refers to uartstdio.o(.text) for UARTprintf
    mb_cvt.o(.text) refers to def.o(.text) for lwip_htons
    mb_cvt.o(.text) refers to sockets.o(.text) for lwip_socket
    mb_cvt.o(.text) refers to watchdog.o(.text) for WatchdogReloadGet
    mb_cvt.o(.text) refers to cmd.o(.text) for do_reboot
    mb_cvt.o(.text) refers to ip4_addr.o(.text) for ip4addr_ntoa
    mb_cvt.o(.text) refers to mb_cvt.o(.data) for .data
    mb_cvt.o(.text) refers to memseta.o(.text) for __aeabi_memclr
    mb_cvt.o(.text) refers to user_epprom.o(.text) for get_user_data
    mb_cvt.o(.text) refers to sysctl.o(.text) for SysCtlPeripheralEnable
    mb_cvt.o(.text) refers to interrupt.o(.text) for IntEnable
    mb_cvt.o(.data) refers to mb_cvt.o(.text) for modbusParseRequest01020304
    cmd.o(.text) refers to _scanf_int.o(.text) for _scanf_int
    cmd.o(.text) refers to ctype_o.o(.text) for __rt_ctype_table
    cmd.o(.text) refers to strtok.o(.text) for strtok
    cmd.o(.text) refers to atoi.o(.text) for atoi
    cmd.o(.text) refers to uart.o(.text) for UARTIntStatus
    cmd.o(.text) refers to fifo.o(.text) for FIFO_Push
    cmd.o(.text) refers to uartstdio.o(.text) for UARTprintf
    cmd.o(.text) refers to heap_2.o(.text) for xPortGetFreeHeapSize
    cmd.o(.text) refers to tasks.o(.text) for xTaskGetTickCount
[...]
    EthernetMACAddrGet                       0x00003f37   Thumb Code    48  ethernet.o(.text)
    EthernetEnable                           0x00003f67   Thumb Code    34  ethernet.o(.text)
    EthernetDisable                          0x00003f89   Thumb Code    34  ethernet.o(.text)
    EthernetPacketAvail                      0x00003fab   Thumb Code    10  ethernet.o(.text)
    EthernetSpaceAvail                       0x00003fb5   Thumb Code    10  ethernet.o(.text)
    EthernetPacketGetNonBlocking             0x0000403b   Thumb Code    12  ethernet.o(.text)
    EthernetPacketGet                        0x00004047   Thumb Code     8  ethernet.o(.text)
    EthernetPacketPutNonBlocking             0x000040c1   Thumb Code    12  ethernet.o(.text)
    EthernetPacketPut                        0x000040cd   Thumb Code     8  ethernet.o(.text)
    EthernetIntRegister                      0x000040d5   Thumb Code    18  ethernet.o(.text)
    EthernetIntUnregister                    0x000040e7   Thumb Code    18  ethernet.o(.text)
    EthernetIntEnable                        0x000040f9   Thumb Code     8  ethernet.o(.text)
    EthernetIntDisable                       0x00004101   Thumb Code     8  ethernet.o(.text)
    EthernetIntStatus                        0x00004109   Thumb Code    14  ethernet.o(.text)
    EthernetIntClear                         0x00004117   Thumb Code     4  ethernet.o(.text)
    EthernetPHYAddrSet                       0x0000411b   Thumb Code    10  ethernet.o(.text)
    EthernetPHYWrite                         0x00004125   Thumb Code    26  ethernet.o(.text)
    EthernetPHYRead                          0x0000413f   Thumb Code    26  ethernet.o(.text)
    EthernetPHYPowerOff                      0x00004159   Thumb Code    28  ethernet.o(.text)
    EthernetPHYPowerOn                       0x00004175   Thumb Code    28  ethernet.o(.text)
    GPIODirModeSet                           0x0000425b   Thumb Code    38  gpio.o(.text)
    GPIODirModeGet                           0x00004281   Thumb Code    38  gpio.o(.text)
    GPIOIntTypeSet                           0x000042a7   Thumb Code    56  gpio.o(.text)
    GPIOIntTypeGet                           0x000042df   Thumb Code    52  gpio.o(.text)
    GPIOPadConfigSet                         0x00004313   Thumb Code   164  gpio.o(.text)
    GPIOPadConfigGet                         0x000043b7   Thumb Code   126  gpio.o(.text)
    GPIOPinIntEnable                         0x00004435   Thumb Code    12  gpio.o(.text)
    GPIOPinIntDisable                        0x00004441   Thumb Code    12  gpio.o(.text)
    GPIOPinIntStatus                         0x0000444d   Thumb Code    14  gpio.o(.text)
    GPIOPinIntClear                          0x0000445b   Thumb Code     6  gpio.o(.text)
    GPIOPortIntRegister                      0x00004461   Thumb Code    26  gpio.o(.text)
    GPIOPortIntUnregister                    0x0000447b   Thumb Code    22  gpio.o(.text)
    GPIOPinRead                              0x00004491   Thumb Code     6  gpio.o(.text)
    GPIOPinWrite                             0x00004497   Thumb Code     6  gpio.o(.text)
    GPIOPinTypeADC                           0x0000449d   Thumb Code    26  gpio.o(.text)
    GPIOPinTypeCAN                           0x000044b7   Thumb Code    26  gpio.o(.text)
    GPIOPinTypeComparator                    0x000044d1   Thumb Code    26  gpio.o(.text)
    GPIOPinTypeEPI                           0x000044eb   Thumb Code    26  gpio.o(.text)
    GPIOPinTypeEthernetLED                   0x00004505   Thumb Code    26  gpio.o(.text)
    GPIOPinTypeEthernetMII                   0x0000451f   Thumb Code    26  gpio.o(.text)
    GPIOPinTypeFan                           0x00004539   Thumb Code    26  gpio.o(.text)
    GPIOPinTypeGPIOInput                     0x00004553   Thumb Code    26  gpio.o(.text)
    GPIOPinTypeGPIOOutput                    0x0000456d   Thumb Code    44  gpio.o(.text)
    GPIOPinTypeGPIOOutputOD                  0x00004599   Thumb Code    26  gpio.o(.text)
    GPIOPinTypeI2C                           0x000045b3   Thumb Code    26  gpio.o(.text)
    GPIOPinTypeI2CSCL                        0x000045cd   Thumb Code    44  gpio.o(.text)
    GPIOPinTypeI2S                           0x000045f9   Thumb Code    26  gpio.o(.text)
    GPIOPinTypeLPC                           0x00004613   Thumb Code    26  gpio.o(.text)
    GPIOPinTypePECIRx                        0x0000462d   Thumb Code    26  gpio.o(.text)
    GPIOPinTypePECITx                        0x00004647   Thumb Code    26  gpio.o(.text)
    GPIOPinTypePWM                           0x00004661   Thumb Code    26  gpio.o(.text)
    GPIOPinTypeQEI                           0x0000467b   Thumb Code    26  gpio.o(.text)
    GPIOPinTypeSSI                           0x00004695   Thumb Code    26  gpio.o(.text)
    GPIOPinTypeTimer                         0x000046af   Thumb Code    26  gpio.o(.text)
    GPIOPinTypeUART                          0x000046c9   Thumb Code    26  gpio.o(.text)
    GPIOPinTypeUSBAnalog                     0x000046e3   Thumb Code    26  gpio.o(.text)
    GPIOPinTypeUSBDigital                    0x000046fd   Thumb Code    26  gpio.o(.text)
    GPIOPinConfigure                         0x00004717   Thumb Code    58  gpio.o(.text)
    GPIODMATriggerEnable                     0x00004751   Thumb Code    12  gpio.o(.text)
    GPIODMATriggerDisable                    0x0000475d   Thumb Code    12  gpio.o(.text)
    GPIOADCTriggerEnable                     0x00004769   Thumb Code    12  gpio.o(.text)
    GPIOADCTriggerDisable                    0x00004775   Thumb Code    12  gpio.o(.text)
    IntMasterEnable                          0x00004793   Thumb Code    10  interrupt.o(.text)
    IntMasterDisable                         0x0000479d   Thumb Code    10  interrupt.o(.text)
    IntRegister                              0x000047a7   Thumb Code    38  interrupt.o(.text)
    IntUnregister                            0x000047cd   Thumb Code    10  interrupt.o(.text)
    IntPriorityGroupingSet                   0x000047d7   Thumb Code    18  interrupt.o(.text)
    IntPriorityGroupingGet                   0x000047e9   Thumb Code    30  interrupt.o(.text)
    IntPrioritySet                           0x00004807   Thumb Code    32  interrupt.o(.text)
    IntPriorityGet                           0x00004827   Thumb Code    22  interrupt.o(.text)
    IntEnable                                0x0000483d   Thumb Code    88  interrupt.o(.text)
    IntDisable                               0x00004895   Thumb Code    88  interrupt.o(.text)
    IntIsEnabled                             0x000048ed   Thumb Code    90  interrupt.o(.text)
    IntPendSet                               0x00004947   Thumb Code    70  interrupt.o(.text)
    IntPendClear                             0x0000498d   Thumb Code    58  interrupt.o(.text)
    IntPriorityMaskSet                       0x000049c7   Thumb Code     4  interrupt.o(.text)
    IntPriorityMaskGet                       0x000049cb   Thumb Code     4  interrupt.o(.text)
    SysCtlSRAMSizeGet                        0x000049e5   Thumb Code    16  sysctl.o(.text)
    SysCtlFlashSizeGet                       0x000049f5   Thumb Code    14  sysctl.o(.text)
    SysCtlPinPresent                         0x00004a03   Thumb Code    16  sysctl.o(.text)
    SysCtlPeripheralPresent                  0x00004a13   Thumb Code    90  sysctl.o(.text)
    SysCtlPeripheralReady                    0x00004a6d   Thumb Code    42  sysctl.o(.text)
    SysCtlPeripheralPowerOn                  0x00004a97   Thumb Code    42  sysctl.o(.text)
    SysCtlPeripheralPowerOff                 0x00004ac1   Thumb Code    42  sysctl.o(.text)
    SysCtlPeripheralReset                    0x00004aeb   Thumb Code   110  sysctl.o(.text)
    SysCtlPeripheralEnable                   0x00004b59   Thumb Code    70  sysctl.o(.text)
    SysCtlPeripheralDisable                  0x00004b9f   Thumb Code    70  sysctl.o(.text)
    SysCtlPeripheralSleepEnable              0x00004be5   Thumb Code    70  sysctl.o(.text)
    SysCtlPeripheralSleepDisable             0x00004c2b   Thumb Code    70  sysctl.o(.text)
    SysCtlPeripheralDeepSleepEnable          0x00004c71   Thumb Code    70  sysctl.o(.text)
    SysCtlPeripheralDeepSleepDisable         0x00004cb7   Thumb Code    70  sysctl.o(.text)
    SysCtlPeripheralClockGating              0x00004cfd   Thumb Code    22  sysctl.o(.text)
    SysCtlIntRegister                        0x00004d13   Thumb Code    20  sysctl.o(.text)
    SysCtlIntUnregister                      0x00004d27   Thumb Code    18  sysctl.o(.text)
    SysCtlIntEnable                          0x00004d39   Thumb Code    10  sysctl.o(.text)
    SysCtlIntDisable                         0x00004d43   Thumb Code    10  sysctl.o(.text)
    SysCtlIntClear                           0x00004d4d   Thumb Code     6  sysctl.o(.text)
    SysCtlIntStatus                          0x00004d53   Thumb Code    12  sysctl.o(.text)
    SysCtlLDOSet                             0x00004d5f   Thumb Code     6  sysctl.o(.text)
    SysCtlLDOGet                             0x00004d65   Thumb Code     6  sysctl.o(.text)
    SysCtlLDOConfigSet                       0x00004d6b   Thumb Code     8  sysctl.o(.text)
    SysCtlReset                              0x00004d73   Thumb Code     8  sysctl.o(.text)
    SysCtlSleep                              0x00004d7b   Thumb Code     4  sysctl.o(.text)
    SysCtlDeepSleep                          0x00004d7f   Thumb Code    28  sysctl.o(.text)
    SysCtlResetCauseGet                      0x00004d9b   Thumb Code     6  sysctl.o(.text)
    SysCtlResetCauseClear                    0x00004da1   Thumb Code    10  sysctl.o(.text)
    SysCtlBrownOutConfigSet                  0x00004dab   Thumb Code    10  sysctl.o(.text)
    SysCtlMOSCConfigSet                      0x00004db5   Thumb Code     6  sysctl.o(.text)
    SysCtlPIOSCCalibrate                     0x00004dbb   Thumb Code   124  sysctl.o(.text)
    SysCtlClockSet                           0x00004e37   Thumb Code   288  sysctl.o(.text)
    SysCtlClockGet                           0x00004f57   Thumb Code   412  sysctl.o(.text)
    SysCtlDeepSleepClockSet                  0x000050f3   Thumb Code     8  sysctl.o(.text)
    SysCtlPWMClockSet                        0x000050fb   Thumb Code    14  sysctl.o(.text)
    SysCtlPWMClockGet                        0x00005109   Thumb Code    20  sysctl.o(.text)
    SysCtlADCSpeedSet                        0x0000511d   Thumb Code    32  sysctl.o(.text)
    SysCtlADCSpeedGet                        0x0000513d   Thumb Code    12  sysctl.o(.text)
    SysCtlIOSCVerificationSet                0x00005149   Thumb Code    22  sysctl.o(.text)
    SysCtlMOSCVerificationSet                0x0000515f   Thumb Code    22  sysctl.o(.text)
    SysCtlPLLVerificationSet                 0x00005175   Thumb Code    22  sysctl.o(.text)
    SysCtlClkVerificationClear               0x0000518b   Thumb Code    16  sysctl.o(.text)
    SysCtlGPIOAHBEnable                      0x0000519b   Thumb Code    12  sysctl.o(.text)
    SysCtlGPIOAHBDisable                     0x000051a7   Thumb Code    12  sysctl.o(.text)
    SysCtlUSBPLLEnable                       0x000051b3   Thumb Code    12  sysctl.o(.text)
    SysCtlUSBPLLDisable                      0x000051bf   Thumb Code    12  sysctl.o(.text)
    SysCtlI2SMClkSet                         0x000051cb   Thumb Code   246  sysctl.o(.text)
    UARTParityModeSet                        0x000052e1   Thumb Code    12  uart.o(.text)
    UARTParityModeGet                        0x000052ed   Thumb Code     8  uart.o(.text)
    UARTFIFOLevelSet                         0x000052f5   Thumb Code     6  uart.o(.text)
    UARTFIFOLevelGet                         0x000052fb   Thumb Code    16  uart.o(.text)
    UARTEnable                               0x0000530b   Thumb Code    20  uart.o(.text)
    UARTDisable                              0x0000531f   Thumb Code    20  uart.o(.text)
    UARTConfigSetExpClk                      0x00005333   Thumb Code    70  uart.o(.text)
    UARTConfigGetExpClk                      0x00005379   Thumb Code    38  uart.o(.text)
    UARTFIFOEnable                           0x0000539f   Thumb Code    10  uart.o(.text)
    UARTFIFODisable                          0x000053a9   Thumb Code    10  uart.o(.text)
    UARTEnableSIR                            0x000053b3   Thumb Code    20  uart.o(.text)
    UARTDisableSIR                           0x000053c7   Thumb Code    10  uart.o(.text)
    UARTSmartCardEnable                      0x000053d1   Thumb Code    22  uart.o(.text)
    UARTSmartCardDisable                     0x000053e7   Thumb Code    10  uart.o(.text)
    UARTModemControlSet                      0x000053f1   Thumb Code    12  uart.o(.text)
    UARTModemControlClear                    0x000053fd   Thumb Code    12  uart.o(.text)
    UARTModemControlGet                      0x00005409   Thumb Code     8  uart.o(.text)
    UARTModemStatusGet                       0x00005411   Thumb Code    10  uart.o(.text)
    UARTFlowControlSet                       0x0000541b   Thumb Code    12  uart.o(.text)
    UARTFlowControlGet                       0x00005427   Thumb Code     8  uart.o(.text)
    UARTTxIntModeSet                         0x0000542f   Thumb Code    12  uart.o(.text)
    UARTTxIntModeGet                         0x0000543b   Thumb Code     8  uart.o(.text)
    UARTCharsAvail                           0x00005443   Thumb Code    10  uart.o(.text)
    UARTSpaceAvail                           0x0000544d   Thumb Code    10  uart.o(.text)
    UARTCharGetNonBlocking                   0x00005457   Thumb Code    16  uart.o(.text)
    UARTCharGet                              0x00005467   Thumb Code    10  uart.o(.text)
    UARTCharPutNonBlocking                   0x00005471   Thumb Code    16  uart.o(.text)
    UARTCharPut                              0x00005481   Thumb Code    10  uart.o(.text)
    UARTBreakCtl                             0x0000548b   Thumb Code    20  uart.o(.text)
    UARTBusy                                 0x0000549f   Thumb Code     8  uart.o(.text)
    UARTIntRegister                          0x000054a7   Thumb Code    26  uart.o(.text)
    UARTIntUnregister                        0x000054c1   Thumb Code    22  uart.o(.text)
    UARTIntEnable                            0x000054d7   Thumb Code     8  uart.o(.text)
    UARTIntDisable                           0x000054df   Thumb Code     8  uart.o(.text)
    UARTIntStatus                            0x000054e7   Thumb Code    10  uart.o(.text)
    UARTIntClear                             0x000054f1   Thumb Code     4  uart.o(.text)
    UARTDMAEnable                            0x000054f5   Thumb Code     8  uart.o(.text)
    UARTDMADisable                           0x000054fd   Thumb Code     8  uart.o(.text)
    UARTRxErrorGet                           0x00005505   Thumb Code     8  uart.o(.text)
    UARTRxErrorClear                         0x0000550d   Thumb Code     6  uart.o(.text)
    UARTClockSourceSet                       0x00005513   Thumb Code     6  uart.o(.text)
    UARTClockSourceGet                       0x00005519   Thumb Code     6  uart.o(.text)
    UART9BitEnable                           0x0000551f   Thumb Code    12  uart.o(.text)
    UART9BitDisable                          0x0000552b   Thumb Code    12  uart.o(.text)
    UART9BitAddrSet                          0x00005537   Thumb Code     8  uart.o(.text)
    UART9BitAddrSend                         0x0000553f   Thumb Code    34  uart.o(.text)
    WatchdogRunning                          0x00005585   Thumb Code     8  watchdog.o(.text)
    WatchdogEnable                           0x0000558d   Thumb Code    10  watchdog.o(.text)
    WatchdogResetEnable                      0x00005597   Thumb Code    10  watchdog.o(.text)
    WatchdogResetDisable                     0x000055a1   Thumb Code    10  watchdog.o(.text)
    WatchdogLock                             0x000055ab   Thumb Code     8  watchdog.o(.text)
    WatchdogUnlock                           0x000055b3   Thumb Code     8  watchdog.o(.text)
    WatchdogLockState                        0x000055bb   Thumb Code    12  watchdog.o(.text)
    WatchdogReloadSet                        0x000055c7   Thumb Code     4  watchdog.o(.text)
    WatchdogReloadGet                        0x000055cb   Thumb Code     4  watchdog.o(.text)
    WatchdogValueGet                         0x000055cf   Thumb Code     4  watchdog.o(.text)
    WatchdogIntRegister                      0x000055d3   Thumb Code    18  watchdog.o(.text)
    WatchdogIntUnregister                    0x000055e5   Thumb Code    18  watchdog.o(.text)
    WatchdogIntEnable                        0x000055f7   Thumb Code    10  watchdog.o(.text)
    WatchdogIntStatus                        0x00005601   Thumb Code    10  watchdog.o(.text)
    WatchdogIntClear                         0x0000560b   Thumb Code     6  watchdog.o(.text)
    WatchdogIntTypeSet                       0x00005611   Thumb Code    12  watchdog.o(.text)
    WatchdogStallEnable                      0x0000561d   Thumb Code    14  watchdog.o(.text)
    WatchdogStallDisable                     0x0000562b   Thumb Code    14  watchdog.o(.text)
    FlashUsecGet                             0x0000563d   Thumb Code    10  flash.o(.text)
    FlashUsecSet                             0x00005647   Thumb Code    10  flash.o(.text)
    FlashErase                               0x00005651   Thumb Code    32  flash.o(.text)
    FlashProgram                             0x00005671   Thumb Code   112  flash.o(.text)
    FlashProtectGet                          0x000056e1   Thumb Code   112  flash.o(.text)
    FlashProtectSet                          0x00005751   Thumb Code   220  flash.o(.text)
    FlashProtectSave                         0x0000582d   Thumb Code    60  flash.o(.text)
    FlashUserGet                             0x00005869   Thumb Code    46  flash.o(.text)
    FlashUserSet                             0x00005897   Thumb Code    42  flash.o(.text)
    FlashUserSave                            0x000058c1   Thumb Code    62  flash.o(.text)
    FlashIntRegister                         0x000058ff   Thumb Code    20  flash.o(.text)
    FlashIntUnregister                       0x00005913   Thumb Code    18  flash.o(.text)
    FlashIntEnable                           0x00005925   Thumb Code    10  flash.o(.text)
    FlashIntDisable                          0x0000592f   Thumb Code    10  flash.o(.text)
    FlashIntStatus                           0x00005939   Thumb Code    12  flash.o(.text)
    FlashIntClear                            0x00005945   Thumb Code     6  flash.o(.text)
    lwIPInit                                 0x00005a59   Thumb Code    54  lwiplib.o(.text)
    lwIPEthernetIntHandler                   0x00005a8f   Thumb Code    60  lwiplib.o(.text)
    lwIPLocalIPAddrGet                       0x00005acb   Thumb Code     6  lwiplib.o(.text)
    lwIPLocalNetMaskGet                      0x00005ad1   Thumb Code     6  lwiplib.o(.text)
    lwIPLocalGWAddrGet                       0x00005ad7   Thumb Code     6  lwiplib.o(.text)
    lwIPLocalMACGet                          0x00005add   Thumb Code     8  lwiplib.o(.text)
    lwIPNetworkConfigChange                  0x00005b19   Thumb Code    22  lwiplib.o(.text)
    ustrncpy                                 0x00005b6d   Thumb Code    36  ustdlib.o(.text)
    uvsnprintf                               0x00005b91   Thumb Code   576  ustdlib.o(.text)
    usprintf                                 0x00005dd1   Thumb Code    22  ustdlib.o(.text)
    usnprintf                                0x00005de7   Thumb Code    14  ustdlib.o(.text)
    ulocaltime                               0x00005df5   Thumb Code   162  ustdlib.o(.text)
    umktime                                  0x00005ee9   Thumb Code    54  ustdlib.o(.text)
    ustrtoul                                 0x00005f1f   Thumb Code   158  ustdlib.o(.text)
    ustrlen                                  0x00005fbd   Thumb Code    16  ustdlib.o(.text)
    ustrncmp                                 0x00005fcd   Thumb Code    46  ustdlib.o(.text)
    ustrstr                                  0x00005ffb   Thumb Code    42  ustdlib.o(.text)
    ustrnicmp                                0x00006025   Thumb Code    88  ustdlib.o(.text)
    ustrcasecmp                              0x0000607d   Thumb Code     6  ustdlib.o(.text)
    ustrcmp                                  0x00006083   Thumb Code     6  ustdlib.o(.text)
    usrand                                   0x00006089   Thumb Code     6  ustdlib.o(.text)
    urand                                    0x0000608f   Thumb Code    16  ustdlib.o(.text)
    UARTStdioInitExpClk                      0x000060ad   Thumb Code    72  uartstdio.o(.text)
    UARTStdioInit                            0x000060f5   Thumb Code     6  uartstdio.o(.text)
    UARTwrite                                0x000060fb   Thumb Code    46  uartstdio.o(.text)
    UARTgets                                 0x00006129   Thumb Code   104  uartstdio.o(.text)
    UARTgetc                                 0x00006191   Thumb Code    14  uartstdio.o(.text)
    UARTprintf                               0x0000619f   Thumb Code   434  uartstdio.o(.text)
    CmdLineProcess                           0x0000636d   Thumb Code    90  cmdline.o(.text)
    Crc8CCITT                                0x000063d1   Thumb Code   116  crc.o(.text)
    Crc16                                    0x00006445   Thumb Code   192  crc.o(.text)
    Crc16Array                               0x00006505   Thumb Code     6  crc.o(.text)
    Crc16Array3                              0x0000650b   Thumb Code   152  crc.o(.text)
    FlashPBGet                               0x000065ad   Thumb Code     6  flash_pb.o(.text)
    FlashPBSave                              0x000065b3   Thumb Code   150  flash_pb.o(.text)
    FlashPBInit                              0x00006649   Thumb Code   110  flash_pb.o(.text)
    stringtoip                               0x000066c1   Thumb Code    50  network.o(.text)
    lwIP_init                                0x000066f3   Thumb Code    42  network.o(.text)
    NetServerInit                            0x000067f9   Thumb Code    68  network.o(.text)
    sys_mbox_new                             0x00006871   Thumb Code    56  sys_arch.o(.text)
    sys_mbox_free                            0x000068a9   Thumb Code    42  sys_arch.o(.text)
    sys_mbox_post                            0x000068d3   Thumb Code    26  sys_arch.o(.text)
    sys_mbox_trypost                         0x000068ed   Thumb Code    64  sys_arch.o(.text)
    sys_mbox_trypost_fromisr                 0x0000692d   Thumb Code     2  sys_arch.o(.text)
    sys_arch_mbox_fetch                      0x0000692f   Thumb Code    92  sys_arch.o(.text)
    sys_arch_mbox_tryfetch                   0x0000698b   Thumb Code    48  sys_arch.o(.text)
    sys_sem_new                              0x000069bb   Thumb Code    96  sys_arch.o(.text)
    sys_arch_sem_wait                        0x00006a1b   Thumb Code    76  sys_arch.o(.text)
    sys_mutex_new                            0x00006a67   Thumb Code    60  sys_arch.o(.text)
    sys_mutex_lock                           0x00006aa3   Thumb Code    26  sys_arch.o(.text)
    sys_mutex_unlock                         0x00006abd   Thumb Code    12  sys_arch.o(.text)
    sys_mutex_free                           0x00006ac9   Thumb Code    16  sys_arch.o(.text)
    sys_sem_signal                           0x00006ad9   Thumb Code    38  sys_arch.o(.text)
    sys_sem_free                             0x00006aff   Thumb Code    16  sys_arch.o(.text)
    sys_init                                 0x00006b0f   Thumb Code     2  sys_arch.o(.text)
    sys_now                                  0x00006b11   Thumb Code     4  sys_arch.o(.text)
    sys_thread_new                           0x00006b15   Thumb Code    50  sys_arch.o(.text)
    sys_arch_protect                         0x00006b47   Thumb Code    16  sys_arch.o(.text)
    sys_arch_unprotect                       0x00006b57   Thumb Code    14  sys_arch.o(.text)
    sys_assert                               0x00006b65   Thumb Code     2  sys_arch.o(.text)
    stellarisif_init                         0x00006d51   Thumb Code   138  stellarisif.o(.text)
    stellarisif_interrupt                    0x00006ddb   Thumb Code   106  stellarisif.o(.text)
    etharp_tmr                               0x00006e79   Thumb Code    50  etharp.o(.text)
    etharp_cleanup_netif                     0x00006f97   Thumb Code    58  etharp.o(.text)
    etharp_find_addr                         0x00006fd1   Thumb Code    52  etharp.o(.text)
    etharp_request                           0x000070fd   Thumb Code    32  etharp.o(.text)
    etharp_query                             0x0000711d   Thumb Code   316  etharp.o(.text)
    etharp_output                            0x00007259   Thumb Code   220  etharp.o(.text)
    ethernet_input                           0x00007335   Thumb Code   108  etharp.o(.text)
    pvPortMalloc                             0x00007525   Thumb Code   170  heap_2.o(.text)
    vPortFree                                0x000075cf   Thumb Code    56  heap_2.o(.text)
    xPortGetFreeHeapSize                     0x00007607   Thumb Code     6  heap_2.o(.text)
    vPortInitialiseBlocks                    0x0000760d   Thumb Code     2  heap_2.o(.text)
    vListInitialise                          0x00007619   Thumb Code    22  list.o(.text)
    vListInitialiseItem                      0x0000762f   Thumb Code     6  list.o(.text)
    vListInsertEnd                           0x00007635   Thumb Code    28  list.o(.text)
    vListInsert                              0x00007651   Thumb Code    48  list.o(.text)
    vListRemove                              0x00007681   Thumb Code    36  list.o(.text)
    pxPortInitialiseStack                    0x000076a5   Thumb Code    28  port.o(.text)
    xPortStartScheduler                      0x000076c1   Thumb Code    48  port.o(.text)
    vPortEndScheduler                        0x000076f1   Thumb Code     2  port.o(.text)
    vPortYieldFromISR                        0x000076f3   Thumb Code    12  port.o(.text)
    vPortEnterCritical                       0x000076ff   Thumb Code    16  port.o(.text)
    vPortExitCritical                        0x0000770f   Thumb Code    16  port.o(.text)
    xPortSysTickHandler                      0x0000771f   Thumb Code    28  port.o(.text)
    xQueueGenericCreate                      0x00007745   Thumb Code   100  queue.o(.text)
    xQueueGenericSend                        0x00007867   Thumb Code   214  queue.o(.text)
    xQueueCreateMutex                        0x0000793d   Thumb Code    68  queue.o(.text)
    xQueueGenericSendFromISR                 0x00007981   Thumb Code    82  queue.o(.text)
    xQueueGenericReceive                     0x000079fb   Thumb Code   268  queue.o(.text)
    xQueueReceiveFromISR                     0x00007b07   Thumb Code    78  queue.o(.text)
    uxQueueMessagesWaiting                   0x00007b55   Thumb Code    18  queue.o(.text)
    uxQueueMessagesWaitingFromISR            0x00007b67   Thumb Code     4  queue.o(.text)
    vQueueDelete                             0x00007b6b   Thumb Code    50  queue.o(.text)
    xQueueIsQueueEmptyFromISR                0x00007b9d   Thumb Code    12  queue.o(.text)
    xQueueIsQueueFullFromISR                 0x00007ba9   Thumb Code    16  queue.o(.text)
    vQueueAddToRegistry                      0x00007bb9   Thumb Code    32  queue.o(.text)
    xTaskGenericCreate                       0x00007bdd   Thumb Code   354  tasks.o(.text)
    vTaskDelete                              0x00007d3f   Thumb Code    92  tasks.o(.text)
    vTaskIncrementTick                       0x00007d9b   Thumb Code   150  tasks.o(.text)
    xTaskResumeAll                           0x00007e31   Thumb Code   160  tasks.o(.text)
    vTaskSuspendAll                          0x00007f01   Thumb Code    10  tasks.o(.text)
    vTaskDelayUntil                          0x00007f0b   Thumb Code    78  tasks.o(.text)
    vTaskDelay                               0x00007f59   Thumb Code    48  tasks.o(.text)
    uxTaskPriorityGet                        0x00007f89   Thumb Code    24  tasks.o(.text)
    vTaskPrioritySet                         0x00007fa1   Thumb Code   144  tasks.o(.text)
    vTaskSwitchContext                       0x00008031   Thumb Code   134  tasks.o(.text)
    vTaskSuspend                             0x000080b7   Thumb Code    96  tasks.o(.text)
    xTaskIsTaskSuspended                     0x00008117   Thumb Code    28  tasks.o(.text)
    vTaskResume                              0x00008133   Thumb Code    84  tasks.o(.text)
    xTaskResumeFromISR                       0x00008187   Thumb Code    92  tasks.o(.text)
    vTaskStartScheduler                      0x000081f5   Thumb Code    50  tasks.o(.text)
    vTaskEndScheduler                        0x00008227   Thumb Code    20  tasks.o(.text)
    xTaskGetTickCount                        0x0000823b   Thumb Code    18  tasks.o(.text)
    xTaskGetTickCountFromISR                 0x0000824d   Thumb Code    18  tasks.o(.text)
    uxTaskGetNumberOfTasks                   0x0000825f   Thumb Code     6  tasks.o(.text)
    vTaskPlaceOnEventList                    0x00008265   Thumb Code    50  tasks.o(.text)
    xTaskRemoveFromEventList                 0x00008297   Thumb Code    80  tasks.o(.text)
    vTaskSetTimeOutState                     0x000082e7   Thumb Code    12  tasks.o(.text)
    xTaskCheckForTimeOut                     0x000082f3   Thumb Code    72  tasks.o(.text)
    vTaskMissedYield                         0x0000833b   Thumb Code     8  tasks.o(.text)
    uxTaskGetStackHighWaterMark              0x00008343   Thumb Code    28  tasks.o(.text)
    xTaskGetCurrentTaskHandle                0x0000835f   Thumb Code     6  tasks.o(.text)
    vTaskPriorityInherit                     0x00008365   Thumb Code    90  tasks.o(.text)
    vTaskPriorityDisinherit                  0x000083bf   Thumb Code    64  tasks.o(.text)
    netconn_new_with_proto_and_callback      0x0000846d   Thumb Code    66  api_lib.o(.text)
    netconn_prepare_delete                   0x000084af   Thumb Code    28  api_lib.o(.text)
    netconn_delete                           0x000084cb   Thumb Code    30  api_lib.o(.text)
    netconn_getaddr                          0x000084e9   Thumb Code    42  api_lib.o(.text)
    netconn_bind                             0x00008513   Thumb Code    36  api_lib.o(.text)
    netconn_bind_if                          0x00008537   Thumb Code    28  api_lib.o(.text)
    netconn_connect                          0x00008553   Thumb Code    36  api_lib.o(.text)
    netconn_disconnect                       0x00008577   Thumb Code    24  api_lib.o(.text)
    netconn_listen_with_backlog              0x0000858f   Thumb Code    24  api_lib.o(.text)
    netconn_err                              0x000085a7   Thumb Code    30  api_lib.o(.text)
    netconn_accept                           0x000085c5   Thumb Code   136  api_lib.o(.text)
    netconn_tcp_recvd                        0x000086f7   Thumb Code    30  api_lib.o(.text)
    netconn_recv_tcp_pbuf                    0x000087a7   Thumb Code    22  api_lib.o(.text)
    netconn_recv_tcp_pbuf_flags              0x000087bd   Thumb Code    26  api_lib.o(.text)
    netconn_recv_udp_raw_netbuf              0x000087d7   Thumb Code    22  api_lib.o(.text)
    netconn_recv_udp_raw_netbuf_flags        0x000087ed   Thumb Code    24  api_lib.o(.text)
    netconn_recv                             0x00008805   Thumb Code    82  api_lib.o(.text)
    netconn_send                             0x00008857   Thumb Code    68  api_lib.o(.text)
    netconn_sendto                           0x0000889b   Thumb Code    18  api_lib.o(.text)
    netconn_write_vectors_partly             0x000088ad   Thumb Code   138  api_lib.o(.text)
    netconn_write_partly                     0x00008937   Thumb Code    20  api_lib.o(.text)
    netconn_close                            0x0000894b   Thumb Code     6  api_lib.o(.text)
    netconn_shutdown                         0x00008951   Thumb Code    14  api_lib.o(.text)
    lwip_netconn_is_err_msg                  0x000089c5   Thumb Code    42  api_msg.o(.text)
    netconn_free                             0x00008ecf   Thumb Code    26  api_msg.o(.text)
    netconn_alloc                            0x00008ee9   Thumb Code   102  api_msg.o(.text)
    lwip_netconn_do_newconn                  0x00009023   Thumb Code    64  api_msg.o(.text)
    lwip_netconn_do_delconn                  0x000090f5   Thumb Code   142  api_msg.o(.text)
    lwip_netconn_do_bind                     0x00009183   Thumb Code    38  api_msg.o(.text)
    lwip_netconn_do_bind_if                  0x000091a9   Thumb Code    50  api_msg.o(.text)
    lwip_netconn_do_connect                  0x0000923b   Thumb Code   174  api_msg.o(.text)
    lwip_netconn_do_disconnect               0x000092e9   Thumb Code     6  api_msg.o(.text)
    lwip_netconn_do_listen                   0x000092ef   Thumb Code   166  api_msg.o(.text)
    lwip_netconn_do_send                     0x00009395   Thumb Code    20  api_msg.o(.text)
    lwip_netconn_do_recv                     0x000093a9   Thumb Code    66  api_msg.o(.text)
    lwip_netconn_do_write                    0x000093eb   Thumb Code    88  api_msg.o(.text)
    lwip_netconn_do_getaddr                  0x00009443   Thumb Code    72  api_msg.o(.text)
    lwip_netconn_do_close                    0x0000948b   Thumb Code   112  api_msg.o(.text)
    err_to_errno                             0x0000952d   Thumb Code    24  err.o(.text)
    netbuf_new                               0x00009549   Thumb Code    24  netbuf.o(.text)
    netbuf_delete                            0x00009561   Thumb Code    34  netbuf.o(.text)
    netbuf_alloc                             0x00009583   Thumb Code    44  netbuf.o(.text)
    netbuf_free                              0x000095af   Thumb Code    22  netbuf.o(.text)
    netbuf_ref                               0x000095c5   Thumb Code    64  netbuf.o(.text)
    netbuf_chain                             0x00009605   Thumb Code    38  netbuf.o(.text)
    netbuf_data                              0x0000962b   Thumb Code    38  netbuf.o(.text)
    netbuf_next                              0x00009651   Thumb Code    30  netbuf.o(.text)
    netbuf_first                             0x0000966f   Thumb Code    10  netbuf.o(.text)
    lwip_socket_thread_init                  0x00009679   Thumb Code     2  sockets.o(.text)
    lwip_socket_thread_cleanup               0x0000967b   Thumb Code     2  sockets.o(.text)
    lwip_socket_dbg_get_socket               0x0000967d   Thumb Code     4  sockets.o(.text)
    lwip_accept                              0x0000970b   Thumb Code   288  sockets.o(.text)
    lwip_bind                                0x0000982b   Thumb Code    82  sockets.o(.text)
    lwip_close                               0x0000987d   Thumb Code    72  sockets.o(.text)
    lwip_connect                             0x000098c5   Thumb Code    96  sockets.o(.text)
    lwip_listen                              0x00009925   Thumb Code    82  sockets.o(.text)
    lwip_recvfrom                            0x00009b6d   Thumb Code   208  sockets.o(.text)
    lwip_read                                0x00009c3d   Thumb Code    14  sockets.o(.text)
    lwip_recvmsg                             0x00009c4b   Thumb Code   240  sockets.o(.text)
    lwip_readv                               0x00009d3b   Thumb Code    32  sockets.o(.text)
    lwip_recv                                0x00009d5b   Thumb Code    14  sockets.o(.text)
    lwip_send                                0x00009d69   Thumb Code   112  sockets.o(.text)
    lwip_sendmsg                             0x00009dd9   Thumb Code   156  sockets.o(.text)
    lwip_sendto                              0x00009e75   Thumb Code   202  sockets.o(.text)
    lwip_socket                              0x0000a0c7   Thumb Code   104  sockets.o(.text)
    lwip_write                               0x0000a12f   Thumb Code     4  sockets.o(.text)
    lwip_writev                              0x0000a133   Thumb Code    30  sockets.o(.text)
    lwip_select                              0x0000a307   Thumb Code   672  sockets.o(.text)
    lwip_poll                                0x0000a699   Thumb Code   160  sockets.o(.text)
    lwip_shutdown                            0x0000a739   Thumb Code   112  sockets.o(.text)
    lwip_getpeername                         0x0000a81b   Thumb Code     4  sockets.o(.text)
    lwip_getsockname                         0x0000a81f   Thumb Code     4  sockets.o(.text)
    lwip_getsockopt                          0x0000a9b7   Thumb Code    84  sockets.o(.text)
    lwip_setsockopt                          0x0000ab7b   Thumb Code    80  sockets.o(.text)
    lwip_ioctl                               0x0000abcb   Thumb Code    68  sockets.o(.text)
    lwip_fcntl                               0x0000ac0f   Thumb Code   146  sockets.o(.text)
    lwip_inet_ntop                           0x0000aca1   Thumb Code    64  sockets.o(.text)
    lwip_inet_pton                           0x0000ace1   Thumb Code    36  sockets.o(.text)
    tcpip_inpkt                              0x0000adfb   Thumb Code    64  tcpip.o(.text)
    tcpip_input                              0x0000ae3b   Thumb Code    18  tcpip.o(.text)
    tcpip_callback                           0x0000ae4d   Thumb Code    42  tcpip.o(.text)
    tcpip_try_callback                       0x0000ae77   Thumb Code    56  tcpip.o(.text)
    tcpip_send_msg_wait_sem                  0x0000aeaf   Thumb Code    26  tcpip.o(.text)
    tcpip_api_call                           0x0000aec9   Thumb Code    28  tcpip.o(.text)
    tcpip_callbackmsg_new                    0x0000aee5   Thumb Code    26  tcpip.o(.text)
    tcpip_callbackmsg_delete                 0x0000aeff   Thumb Code     8  tcpip.o(.text)
    tcpip_callbackmsg_trycallback            0x0000af07   Thumb Code    10  tcpip.o(.text)
    tcpip_callbackmsg_trycallback_fromisr    0x0000af11   Thumb Code    10  tcpip.o(.text)
    tcpip_init                               0x0000af1b   Thumb Code    52  tcpip.o(.text)
    pbuf_free_callback                       0x0000af53   Thumb Code     6  tcpip.o(.text)
    mem_free_callback                        0x0000af59   Thumb Code     6  tcpip.o(.text)
    lwip_htons                               0x0000af81   Thumb Code     4  def.o(.text)
    lwip_htonl                               0x0000af85   Thumb Code     4  def.o(.text)
    lwip_strnstr                             0x0000af89   Thumb Code    64  def.o(.text)
    lwip_stricmp                             0x0000afc9   Thumb Code    46  def.o(.text)
    lwip_strnicmp                            0x0000aff7   Thumb Code    50  def.o(.text)
    lwip_itoa                                0x0000b029   Thumb Code   100  def.o(.text)
    lwip_standard_chksum                     0x0000b08d   Thumb Code    86  inet_chksum.o(.text)
    inet_chksum_pseudo                       0x0000b0e3   Thumb Code    40  inet_chksum.o(.text)
    ip_chksum_pseudo                         0x0000b10b   Thumb Code    12  inet_chksum.o(.text)
    inet_chksum_pseudo_partial               0x0000b117   Thumb Code    44  inet_chksum.o(.text)
    ip_chksum_pseudo_partial                 0x0000b143   Thumb Code    16  inet_chksum.o(.text)
    inet_chksum                              0x0000b153   Thumb Code    12  inet_chksum.o(.text)
    inet_chksum_pbuf                         0x0000b15f   Thumb Code    74  inet_chksum.o(.text)
    lwip_init                                0x0000b29f   Thumb Code    34  init.o(.text)
    mem_init                                 0x0000b2c1   Thumb Code    62  mem.o(.text)
    mem_free                                 0x0000b2ff   Thumb Code   196  mem.o(.text)
    mem_trim                                 0x0000b3c3   Thumb Code   258  mem.o(.text)
    mem_malloc                               0x0000b4c5   Thumb Code   280  mem.o(.text)
    mem_calloc                               0x0000b5dd   Thumb Code    34  mem.o(.text)
    memp_init_pool                           0x0000b695   Thumb Code    46  memp.o(.text)
    memp_init                                0x0000b6c3   Thumb Code    40  memp.o(.text)
    memp_malloc_pool                         0x0000b72f   Thumb Code     8  memp.o(.text)
    memp_malloc                              0x0000b737   Thumb Code    16  memp.o(.text)
    memp_free_pool                           0x0000b747   Thumb Code    14  memp.o(.text)
    memp_free                                0x0000b755   Thumb Code    20  memp.o(.text)
    netif_init                               0x0000b799   Thumb Code     2  netif.o(.text)
    netif_input                              0x0000b79b   Thumb Code    18  netif.o(.text)
    netif_set_addr                           0x0000b803   Thumb Code    92  netif.o(.text)
    netif_add                                0x0000b865   Thumb Code   148  netif.o(.text)
    netif_add_noaddr                         0x0000b8f9   Thumb Code    18  netif.o(.text)
    netif_set_ipaddr                         0x0000b90b   Thumb Code    18  netif.o(.text)
    netif_set_netmask                        0x0000b91d   Thumb Code    16  netif.o(.text)
    netif_set_gw                             0x0000b92d   Thumb Code    16  netif.o(.text)
    netif_set_default                        0x0000b93d   Thumb Code     6  netif.o(.text)
    netif_set_down                           0x0000b943   Thumb Code    30  netif.o(.text)
    netif_remove                             0x0000b961   Thumb Code    76  netif.o(.text)
    netif_set_up                             0x0000b9ad   Thumb Code    26  netif.o(.text)
    netif_set_link_up                        0x0000b9c7   Thumb Code    26  netif.o(.text)
    netif_set_link_down                      0x0000b9e1   Thumb Code    22  netif.o(.text)
    netif_find                               0x0000b9f7   Thumb Code    60  netif.o(.text)
    netif_name_to_index                      0x0000ba33   Thumb Code    20  netif.o(.text)
    netif_get_by_index                       0x0000ba47   Thumb Code    32  netif.o(.text)
    netif_index_to_name                      0x0000ba67   Thumb Code    38  netif.o(.text)
    pbuf_free                                0x0000baf3   Thumb Code    86  pbuf.o(.text)
    pbuf_alloc_reference                     0x0000bb49   Thumb Code    46  pbuf.o(.text)
    pbuf_alloc                               0x0000bb77   Thumb Code   254  pbuf.o(.text)
    pbuf_realloc                             0x0000bc75   Thumb Code    82  pbuf.o(.text)
    pbuf_add_header                          0x0000bd0d   Thumb Code     4  pbuf.o(.text)
    pbuf_add_header_force                    0x0000bd11   Thumb Code     4  pbuf.o(.text)
    pbuf_remove_header                       0x0000bd15   Thumb Code    46  pbuf.o(.text)
    pbuf_header                              0x0000bd43   Thumb Code     6  pbuf.o(.text)
    pbuf_header_force                        0x0000bd49   Thumb Code     6  pbuf.o(.text)
    pbuf_free_header                         0x0000bd4f   Thumb Code    50  pbuf.o(.text)
    pbuf_clen                                0x0000bd81   Thumb Code    18  pbuf.o(.text)
    pbuf_ref                                 0x0000bd93   Thumb Code    26  pbuf.o(.text)
    pbuf_cat                                 0x0000bdad   Thumb Code    40  pbuf.o(.text)
    pbuf_chain                               0x0000bdd5   Thumb Code    16  pbuf.o(.text)
    pbuf_dechain                             0x0000bde5   Thumb Code    38  pbuf.o(.text)
    pbuf_copy                                0x0000be0b   Thumb Code   142  pbuf.o(.text)
    pbuf_copy_partial                        0x0000be99   Thumb Code   114  pbuf.o(.text)
    pbuf_get_contiguous                      0x0000bf0b   Thumb Code    66  pbuf.o(.text)
    pbuf_skip                                0x0000bf4d   Thumb Code     4  pbuf.o(.text)
    pbuf_take                                0x0000bf51   Thumb Code    78  pbuf.o(.text)
    pbuf_take_at                             0x0000bf9f   Thumb Code    84  pbuf.o(.text)
    pbuf_clone                               0x0000bff3   Thumb Code    30  pbuf.o(.text)
    pbuf_coalesce                            0x0000c011   Thumb Code    40  pbuf.o(.text)
    pbuf_try_get_at                          0x0000c039   Thumb Code    32  pbuf.o(.text)
    pbuf_get_at                              0x0000c059   Thumb Code    18  pbuf.o(.text)
    pbuf_put_at                              0x0000c06b   Thumb Code    30  pbuf.o(.text)
    pbuf_memcmp                              0x0000c089   Thumb Code    90  pbuf.o(.text)
    pbuf_memfind                             0x0000c0e3   Thumb Code    58  pbuf.o(.text)
    pbuf_strstr                              0x0000c11d   Thumb Code    50  pbuf.o(.text)
    stats_init                               0x0000c18d   Thumb Code     2  stats.o(.text)
    tcp_init                                 0x0000c191   Thumb Code     2  tcp.o(.text)
    tcp_free                                 0x0000c193   Thumb Code     8  tcp.o(.text)
    tcp_seg_free                             0x0000c19b   Thumb Code    28  tcp.o(.text)
    tcp_segs_free                            0x0000c1b7   Thumb Code    18  tcp.o(.text)
    tcp_free_ooseq                           0x0000c1c9   Thumb Code    20  tcp.o(.text)
    tcp_pcb_purge                            0x0000c1dd   Thumb Code    70  tcp.o(.text)
    tcp_slowtmr                              0x0000c223   Thumb Code   702  tcp.o(.text)
    tcp_pcb_remove                           0x0000c531   Thumb Code    80  tcp.o(.text)
    tcp_close                                0x0000c68d   Thumb Code    26  tcp.o(.text)
    tcp_update_rcv_ann_wnd                   0x0000c6a7   Thumb Code    52  tcp.o(.text)
    tcp_recved                               0x0000c6db   Thumb Code    62  tcp.o(.text)
    tcp_recv_null                            0x0000c719   Thumb Code    42  tcp.o(.text)
    tcp_process_refused_data                 0x0000c743   Thumb Code   116  tcp.o(.text)
    tcp_fasttmr                              0x0000c7b7   Thumb Code   104  tcp.o(.text)
    tcp_tmr                                  0x0000c81f   Thumb Code    28  tcp.o(.text)
    tcp_shutdown                             0x0000c83b   Thumb Code    84  tcp.o(.text)
    tcp_abandon                              0x0000c88f   Thumb Code   208  tcp.o(.text)
    tcp_abort                                0x0000c95f   Thumb Code     4  tcp.o(.text)
    tcp_bind                                 0x0000c9b9   Thumb Code   166  tcp.o(.text)
    tcp_bind_netif                           0x0000ca5f   Thumb Code    12  tcp.o(.text)
    tcp_listen_with_backlog_and_err          0x0000ca79   Thumb Code   196  tcp.o(.text)
    tcp_listen_with_backlog                  0x0000cb3d   Thumb Code     4  tcp.o(.text)
    tcp_eff_send_mss_netif                   0x0000cb41   Thumb Code    30  tcp.o(.text)
    tcp_next_iss                             0x0000cb5f   Thumb Code    12  tcp.o(.text)
    tcp_connect                              0x0000cb6b   Thumb Code   328  tcp.o(.text)
    tcp_txnow                                0x0000ccb3   Thumb Code    28  tcp.o(.text)
    tcp_setprio                              0x0000cccf   Thumb Code     8  tcp.o(.text)
    tcp_seg_copy                             0x0000ccd7   Thumb Code    36  tcp.o(.text)
    tcp_alloc                                0x0000cd31   Thumb Code   350  tcp.o(.text)
    tcp_new                                  0x0000ce8f   Thumb Code     4  tcp.o(.text)
    tcp_new_ip_type                          0x0000ce93   Thumb Code     4  tcp.o(.text)
    tcp_arg                                  0x0000ce97   Thumb Code     8  tcp.o(.text)
    tcp_recv                                 0x0000ce9f   Thumb Code    10  tcp.o(.text)
    tcp_sent                                 0x0000cea9   Thumb Code    10  tcp.o(.text)
    tcp_err                                  0x0000ceb3   Thumb Code    10  tcp.o(.text)
    tcp_accept                               0x0000cebd   Thumb Code    14  tcp.o(.text)
    tcp_poll                                 0x0000cecb   Thumb Code    12  tcp.o(.text)
    tcp_netif_ip_addr_changed                0x0000ced7   Thumb Code    70  tcp.o(.text)
    tcp_debug_state_str                      0x0000cf1d   Thumb Code     8  tcp.o(.text)
    tcp_tcp_get_tcp_addrinfo                 0x0000cf25   Thumb Code    38  tcp.o(.text)
    tcp_input                                0x0000dbe1   Thumb Code  1090  tcp_in.o(.text)
    tcp_trigger_input_pcb_close              0x0000e023   Thumb Code    12  tcp_in.o(.text)
    tcp_write                                0x0000e18b   Thumb Code   860  tcp_out.o(.text)
    tcp_split_unsent_seg                     0x0000e4e7   Thumb Code   298  tcp_out.o(.text)
    tcp_enqueue_flags                        0x0000e611   Thumb Code   150  tcp_out.o(.text)
    tcp_send_fin                             0x0000e6a7   Thumb Code    68  tcp_out.o(.text)
    tcp_send_empty_ack                       0x0000e8ad   Thumb Code    70  tcp_out.o(.text)
    tcp_output                               0x0000e8f3   Thumb Code   496  tcp_out.o(.text)
    tcp_rexmit_rto_prepare                   0x0000eae3   Thumb Code   102  tcp_out.o(.text)
    tcp_rexmit_rto_commit                    0x0000eb49   Thumb Code    16  tcp_out.o(.text)
    tcp_rexmit_rto                           0x0000eb59   Thumb Code    22  tcp_out.o(.text)
    tcp_rexmit                               0x0000eb6f   Thumb Code   100  tcp_out.o(.text)
    tcp_rexmit_fast                          0x0000ebd3   Thumb Code    92  tcp_out.o(.text)
    tcp_rst                                  0x0000ec2f   Thumb Code    72  tcp_out.o(.text)
    tcp_keepalive                            0x0000ec77   Thumb Code    48  tcp_out.o(.text)
    tcp_zero_window_probe                    0x0000eca7   Thumb Code   170  tcp_out.o(.text)
    sys_timeout                              0x0000edbb   Thumb Code    24  timeouts.o(.text)
    tcp_timer_needed                         0x0000edf9   Thumb Code    34  timeouts.o(.text)
    sys_timeouts_init                        0x0000ee4b   Thumb Code    28  timeouts.o(.text)
    sys_untimeout                            0x0000ee67   Thumb Code    56  timeouts.o(.text)
    sys_check_timeouts                       0x0000ee9f   Thumb Code    60  timeouts.o(.text)
    sys_restart_timeouts                     0x0000eedb   Thumb Code    36  timeouts.o(.text)
    sys_timeouts_sleeptime                   0x0000eeff   Thumb Code    34  timeouts.o(.text)
    icmp_input                               0x0000ef39   Thumb Code   394  icmp.o(.text)
    icmp_dest_unreach                        0x0000f0c3   Thumb Code     8  icmp.o(.text)
    ip4_route                                0x0000f159   Thumb Code    94  ip4.o(.text)
    ip4_input                                0x0000f1df   Thumb Code   490  ip4.o(.text)
    ip4_output_if_src                        0x0000f3c9   Thumb Code   218  ip4.o(.text)
    ip4_output_if                            0x0000f4a3   Thumb Code    30  ip4.o(.text)
    ip4_output                               0x0000f4c1   Thumb Code    60  ip4.o(.text)
    ip4_addr_isbroadcast_u32                 0x0000f515   Thumb Code    46  ip4_addr.o(.text)
    ip4_addr_netmask_valid                   0x0000f543   Thumb Code    38  ip4_addr.o(.text)
    ip4addr_aton                             0x0000f569   Thumb Code   272  ip4_addr.o(.text)
    ipaddr_addr                              0x0000f679   Thumb Code    20  ip4_addr.o(.text)
    ip4addr_ntoa_r                           0x0000f68d   Thumb Code   118  ip4_addr.o(.text)
    ip4addr_ntoa                             0x0000f703   Thumb Code     6  ip4_addr.o(.text)
    __rt_ctype_table                         0x0000f70d   Thumb Code     4  ctype_o.o(.text)
    isspace                                  0x0000f715   Thumb Code    18  isspace_o.o(.text)
    ___aeabi_memcpy4$move                    0x0000f727   Thumb Code     0  memmovea.o(.text)
    ___aeabi_memcpy8$move                    0x0000f727   Thumb Code     0  memmovea.o(.text)
    __aeabi_memcpy                           0x0000f727   Thumb Code    64  memmovea.o(.text)
    __aeabi_memmove                          0x0000f727   Thumb Code     0  memmovea.o(.text)
    __aeabi_memmove4                         0x0000f727   Thumb Code     0  memmovea.o(.text)
    __aeabi_memmove8                         0x0000f727   Thumb Code     0  memmovea.o(.text)
    __aeabi_memset                           0x0000f767   Thumb Code    14  memseta.o(.text)
    __aeabi_memset4                          0x0000f767   Thumb Code     0  memseta.o(.text)
    __aeabi_memset8                          0x0000f767   Thumb Code     0  memseta.o(.text)
    __aeabi_memclr                           0x0000f775   Thumb Code     4  memseta.o(.text)
    __aeabi_memclr4                          0x0000f775   Thumb Code     0  memseta.o(.text)
    __aeabi_memclr8                          0x0000f775   Thumb Code     0  memseta.o(.text)
    _memset$wrapper                          0x0000f779   Thumb Code    18  memseta.o(.text)
    strstr                                   0x0000f78b   Thumb Code    36  strstr.o(.text)
    strncpy                                  0x0000f7af   Thumb Code    24  strncpy.o(.text)
    strchr                                   0x0000f7c7   Thumb Code    20  strchr.o(.text)
    strlen                                   0x0000f7db   Thumb Code    14  strlen.o(.text)
    strcmp                                   0x0000f7e9   Thumb Code    28  strcmp.o(.text)
    memcmp                                   0x0000f805   Thumb Code    26  memcmp.o(.text)
    strncmp                                  0x0000f81f   Thumb Code    30  strncmp.o(.text)
    strtok                                   0x0000f83d   Thumb Code    62  strtok.o(.text)
    __0sscanf                                0x0000f881   Thumb Code    48  __0sscanf.o(.text)
    _scanf_int                               0x0000f8b9   Thumb Code   332  _scanf_int.o(.text)
    atoi                                     0x0000fa05   Thumb Code    26  atoi.o(.text)
    _chval                                   0x0000fa1f   Thumb Code    28  _chval.o(.text)
    __vfscanf_char                           0x0000fa49   Thumb Code    20  scanf_char.o(.text)
    _sgetc                                   0x0000fa65   Thumb Code    30  _sgetc.o(.text)
    _sbackspace                              0x0000fa83   Thumb Code    34  _sgetc.o(.text)
    strtol                                   0x0000faa5   Thumb Code   112  strtol.o(.text)
    __scatterload                            0x0000fb15   Thumb Code    28  init.o(.text)
    __scatterload_rt2                        0x0000fb15   Thumb Code     0  init.o(.text)
    __vfscanf                                0x0000fb39   Thumb Code   808  _scanf.o(.text)
    _strtoul                                 0x0000fe65   Thumb Code   158  _strtoul.o(.text)
    __decompress                             0x0000ff03   Thumb Code     0  __dczerorl2.o(.text)
    __decompress1                            0x0000ff03   Thumb Code    86  __dczerorl2.o(.text)
    __0snprintf$2                            0x0000ff59   Thumb Code    44  printf2.o(i.__0snprintf$2)
    __1snprintf$2                            0x0000ff59   Thumb Code     0  printf2.o(i.__0snprintf$2)
    __2snprintf                              0x0000ff59   Thumb Code     0  printf2.o(i.__0snprintf$2)
    __aeabi_errno_addr                       0x0000ff89   Thumb Code     4  errno.o(i.__aeabi_errno_addr)
    __rt_errno_addr                          0x0000ff89   Thumb Code     0  errno.o(i.__aeabi_errno_addr)
    __free$realloc                           0x0000ff91   Thumb Code    88  mallocr.o(i.__free$realloc)
    __malloc$realloc                         0x0000ffed   Thumb Code    64  mallocr.o(i.__malloc$realloc)
    __scatterload_copy                       0x0001003d   Thumb Code    14  handlers.o(i.__scatterload_copy)
    __scatterload_null                       0x0001004b   Thumb Code     2  handlers.o(i.__scatterload_null)
    __scatterload_zeroinit                   0x0001004d   Thumb Code    14  handlers.o(i.__scatterload_zeroinit)
    realloc                                  0x00010199   Thumb Code   102  mallocr.o(i.realloc)
    g_pcTagLeadIn                            0x00010204   Data           4  httpd.o(.constdata)
    g_pcTagLeadOut                           0x00010208   Data           4  httpd.o(.constdata)
    g_psDefaultFilenames                     0x0001020c   Data          40  httpd.o(.constdata)
    file_success_htm                         0x00010ebc   Data          16  lmi_fs.o(.constdata)
    file_index_shtml                         0x00010ecc   Data          16  lmi_fs.o(.constdata)
    file_format_error_htm                    0x00010edc   Data          16  lmi_fs.o(.constdata)
    file_404_htm                             0x00010eec   Data          16  lmi_fs.o(.constdata)
    ethbroadcast                             0x000118d0   Data           6  etharp.o(.constdata)
    ethzero                                  0x000118d6   Data           6  etharp.o(.constdata)
    netconn_aborted                          0x000118f0   Data           1  api_msg.o(.constdata)
    netconn_reset                            0x000118f1   Data           1  api_msg.o(.constdata)
    netconn_closed                           0x000118f2   Data           1  api_msg.o(.constdata)
    memp_TCP_PCB                             0x00011938   Data          16  memp.o(.constdata)
    memp_TCP_PCB_LISTEN                      0x00011948   Data          16  memp.o(.constdata)
    memp_TCP_SEG                             0x00011958   Data          16  memp.o(.constdata)
    memp_NETBUF                              0x00011968   Data          16  memp.o(.constdata)
    memp_NETCONN                             0x00011978   Data          16  memp.o(.constdata)
    memp_TCPIP_MSG_API                       0x00011988   Data          16  memp.o(.constdata)
    memp_TCPIP_MSG_INPKT                     0x00011998   Data          16  memp.o(.constdata)
    memp_ARP_QUEUE                           0x000119a8   Data          16  memp.o(.constdata)
    memp_SYS_TIMEOUT                         0x000119b8   Data          16  memp.o(.constdata)
    memp_PBUF                                0x000119c8   Data          16  memp.o(.constdata)
    memp_PBUF_POOL                           0x000119d8   Data          16  memp.o(.constdata)
    memp_pools                               0x000119e8   Data          44  memp.o(.constdata)
    tcp_pcb_lists                            0x00011a58   Data          16  tcp.o(.constdata)
    lwip_cyclic_timers                       0x00011a68   Data          16  timeouts.o(.constdata)
    ip_addr_any                              0x00011a78   Data           4  ip4_addr.o(.constdata)
    __ctype_table                            0x00011a7c   Data         129  ctype_o.o(.constdata)
    Region$$Table$$Base                      0x000123cc   Number         0  anon$$obj.o(Region$$Table)
    Region$$Table$$Limit                     0x000123ec   Number         0  anon$$obj.o(Region$$Table)
    g_pfnSSIHandler                          0x20000000   Data           4  httpd.o(.data)
    g_iNumTags                               0x20000004   Data           4  httpd.o(.data)
    g_ppcTags                                0x20000008   Data           4  httpd.o(.data)
    g_pCGIs                                  0x2000000c   Data           4  httpd.o(.data)
    g_iNumCGIs                               0x20000010   Data           4  httpd.o(.data)
    g_pcSSIExtensions                        0x20000014   Data          16  httpd.o(.data)
    g_psHTTPHeaderStrings                    0x20000024   Data          72  httpd.o(.data)
    g_psHTTPHeaders                          0x2000006c   Data         136  httpd.o(.data)
    modbusSlaveDefaultFunctions              0x200000fc   Data          80  mb_cvt.o(.data)
    modbusMasterDefaultFunctions             0x2000014c   Data          80  mb_cvt.o(.data)
    g_sCmdTable                              0x2000019c   Data          84  cmd.o(.data)
    timeout                                  0x200001f0   Data           4  webserver.o(.data)
    clk                                      0x20000210   Data           4  bsp.o(.data)
    g_pInterrupt                             0x2000021c   Data           4  lwiplib.o(.data)
    g_bNetStatus                             0x20000248   Data           1  network.o(.data)
    btn_cnt                                  0x2000024c   Data           4  network.o(.data)
    led_cnt                                  0x20000250   Data           4  network.o(.data)
    xInsideISR                               0x20000254   Data           4  sys_arch.o(.data)
    pxCurrentTCB                             0x20000278   Data           4  tasks.o(.data)
    lock_tcpip_core                          0x200002c4   Data           4  tcpip.o(.data)
    netif_list                               0x20000308   Data           4  netif.o(.data)
    netif_default                            0x2000030c   Data           4  netif.o(.data)
    pbuf_free_ooseq_pending                  0x20000310   Data           1  pbuf.o(.data)
    tcp_active_pcbs_changed                  0x20000314   Data           1  tcp.o(.data)
    tcp_ticks                                0x20000320   Data           4  tcp.o(.data)
    tcp_bound_pcbs                           0x20000324   Data           4  tcp.o(.data)
    tcp_listen_pcbs                          0x20000328   Data           4  tcp.o(.data)
    tcp_active_pcbs                          0x2000032c   Data           4  tcp.o(.data)
    tcp_tw_pcbs                              0x20000330   Data           4  tcp.o(.data)
    tcp_input_pcb                            0x20000354   Data           4  tcp_in.o(.data)
    __microlib_freelist                      0x20000370   Data           4  mvars.o(.data)
    __microlib_freelist_initialised          0x20000374   Data           4  mvars.o(.data)
    xQueueRegistry                           0x20006d60   Data          80  queue.o(.bss)
    ip_data                                  0x20006f80   Data          24  ip.o(.bss)
    ram_heap                                 0x20006f98   Data        4115  mem.o(.bss)
    memp_memory_TCP_PCB_base                 0x20007fab   Data         783  memp.o(.bss)
    memp_memory_TCP_PCB_LISTEN_base          0x200082c4   Data         227  memp.o(.bss)
    memp_memory_TCP_SEG_base                 0x200083b2   Data         419  memp.o(.bss)
    memp_memory_NETBUF_base                  0x20008560   Data          35  memp.o(.bss)
    memp_memory_NETCONN_base                 0x2000858e   Data         179  memp.o(.bss)
    memp_memory_TCPIP_MSG_API_base           0x2000864c   Data          67  memp.o(.bss)
    memp_memory_TCPIP_MSG_INPKT_base         0x2000869a   Data          67  memp.o(.bss)
    memp_memory_ARP_QUEUE_base               0x200086e8   Data         243  memp.o(.bss)
    memp_memory_SYS_TIMEOUT_base             0x200087e6   Data         131  memp.o(.bss)
    memp_memory_PBUF_base                    0x20008874   Data         259  memp.o(.bss)
    memp_memory_PBUF_POOL_base               0x20008982   Data        8707  memp.o(.bss)
    lwip_stats                               0x2000ab90   Data         196  stats.o(.bss)
    __heap_base                              0x2000ac78   Data           0  startup.o(HEAP)
    __heap_limit                             0x2000ac78   Data           0  startup.o(HEAP)
    __initial_sp                             0x2000b078   Data           0  startup.o(STACK)



==============================================================================

Memory Map of the image

  Image Entry point : 0x00000279

  Load Region LR_IROM1 (Base: 0x00000000, Size: 0x00012a58, Max: 0x00040000, ABSOLUTE, COMPRESSED[0x0001253c])

    Execution Region ER_IROM1 (Base: 0x00000000, Size: 0x000123ec, Max: 0x00040000, ABSOLUTE)

    Base Addr    Size         Type   Attr      Idx    E Section Name        Object

    0x00000000   0x00000278   Code   RO          189    RESET               startup.o
    0x00000278   0x00000000   Code   RO         1943  * .ARM.Collect$$$$00000000  mc_w.l(entry.o)
    0x00000278   0x00000004   Code   RO         2301    .ARM.Collect$$$$00000001  mc_w.l(entry2.o)
    0x0000027c   0x00000004   Code   RO         2304    .ARM.Collect$$$$00000004  mc_w.l(entry5.o)
    0x00000280   0x00000000   Code   RO         2306    .ARM.Collect$$$$00000008  mc_w.l(entry7b.o)
    0x00000280   0x00000000   Code   RO         2308    .ARM.Collect$$$$0000000A  mc_w.l(entry8b.o)
    0x00000280   0x00000008   Code   RO         2309    .ARM.Collect$$$$0000000B  mc_w.l(entry9a.o)
    0x00000288   0x00000000   Code   RO         2311    .ARM.Collect$$$$0000000D  mc_w.l(entry10a.o)
    0x00000288   0x00000000   Code   RO         2313    .ARM.Collect$$$$0000000F  mc_w.l(entry11a.o)
    0x00000288   0x00000004   Code   RO         2302    .ARM.Collect$$$$00002712  mc_w.l(entry2.o)
    0x0000028c   0x00000026   Code   RO          597    .emb_text           cpu.o
    0x000002b2   0x00000002   PAD
    0x000002b4   0x00000006   Code   RO          692    .emb_text           sysctl.o
    0x000002ba   0x00000002   PAD
    0x000002bc   0x0000008c   Code   RO         1151    .emb_text           port.o
    0x00000348   0x0000008c   Code   RO            1    .text               main.o
    0x000003d4   0x000001b0   Code   RO          194    .text               fifo.o
    0x00000584   0x000001e4   Code   RO          210    .text               cgifuncs.o
    0x00000768   0x00000978   Code   RO          226    .text               httpd.o
    0x000010e0   0x0000022c   Code   RO          329    .text               lmi_fs.o
    0x0000130c   0x00001b68   Code   RO          429    .text               mb_cvt.o
    0x00002e74   0x000008b4   Code   RO          510    .text               cmd.o
    0x00003728   0x000001f8   Code   RO          545    .text               user_epprom.o
    0x00003920   0x0000049c   Code   RO          564    .text               webserver.o
    0x00003dbc   0x000000f8   Code   RO          582    .text               bsp.o
    0x00003eb4   0x000002e0   Code   RO          610    .text               ethernet.o
    0x00004194   0x000005fc   Code   RO          635    .text               gpio.o
    0x00004790   0x00000254   Code   RO          653    .text               interrupt.o
    0x000049e4   0x000008fc   Code   RO          693    .text               sysctl.o
    0x000052e0   0x000002a4   Code   RO          747    .text               uart.o
    0x00005584   0x000000b8   Code   RO          786    .text               watchdog.o
    0x0000563c   0x0000032c   Code   RO          804    .text               flash.o
    0x00005968   0x00000204   Code   RO          824    .text               lwiplib.o
    0x00005b6c   0x00000540   Code   RO          861    .text               ustdlib.o
    0x000060ac   0x000002c0   Code   RO          878    .text               uartstdio.o
    0x0000636c   0x00000064   Code   RO          900    .text               cmdline.o
    0x000063d0   0x000001dc   Code   RO          913    .text               crc.o
    0x000065ac   0x00000114   Code   RO          927    .text               flash_pb.o
    0x000066c0   0x000001b0   Code   RO          941    .text               network.o
    0x00006870   0x00000300   Code   RO          963    .text               sys_arch.o
    0x00006b70   0x000002e8   Code   RO         1016    .text               stellarisif.o
    0x00006e58   0x000006cc   Code   RO         1055    .text               etharp.o
    0x00007524   0x000000f4   Code   RO         1118    .text               heap_2.o
    0x00007618   0x0000008c   Code   RO         1139    .text               list.o
    0x000076a4   0x000000a0   Code   RO         1152    .text               port.o
    0x00007744   0x00000498   Code   RO         1169    .text               queue.o
    0x00007bdc   0x00000890   Code   RO         1187    .text               tasks.o
    0x0000846c   0x00000558   Code   RO         1215    .text               api_lib.o
    0x000089c4   0x00000b68   Code   RO         1253    .text               api_msg.o
    0x0000952c   0x0000001c   Code   RO         1290    .text               err.o
    0x00009548   0x00000130   Code   RO         1308    .text               netbuf.o
    0x00009678   0x000016e4   Code   RO         1338    .text               sockets.o
    0x0000ad5c   0x00000224   Code   RO         1365    .text               tcpip.o
    0x0000af80   0x0000010c   Code   RO         1415    .text               def.o
    0x0000b08c   0x00000212   Code   RO         1433    .text               inet_chksum.o
    0x0000b29e   0x00000022   Code   RO         1448    .text               init.o
    0x0000b2c0   0x000003d4   Code   RO         1505    .text               mem.o
    0x0000b694   0x00000104   Code   RO         1521    .text               memp.o
    0x0000b798   0x00000330   Code   RO         1620    .text               netif.o
    0x0000bac8   0x000006c4   Code   RO         1656    .text               pbuf.o
    0x0000c18c   0x00000002   Code   RO         1678    .text               stats.o
    0x0000c18e   0x00000002   PAD
    0x0000c190   0x00000de8   Code   RO         1715    .text               tcp.o
    0x0000cf78   0x00001120   Code   RO         1740    .text               tcp_in.o
    0x0000e098   0x00000cd8   Code   RO         1777    .text               tcp_out.o
    0x0000ed70   0x000001c8   Code   RO         1797    .text               timeouts.o
    0x0000ef38   0x00000220   Code   RO         1839    .text               icmp.o
    0x0000f158   0x000003bc   Code   RO         1860    .text               ip4.o
    0x0000f514   0x000001f8   Code   RO         1877    .text               ip4_addr.o
    0x0000f70c   0x00000008   Code   RO         1951    .text               mc_w.l(ctype_o.o)
    0x0000f714   0x00000012   Code   RO         1973    .text               mc_w.l(isspace_o.o)
    0x0000f726   0x00000040   Code   RO         1981    .text               mc_w.l(memmovea.o)
    0x0000f766   0x00000024   Code   RO         1983    .text               mc_w.l(memseta.o)
    0x0000f78a   0x00000024   Code   RO         1985    .text               mc_w.l(strstr.o)
    0x0000f7ae   0x00000018   Code   RO         1987    .text               mc_w.l(strncpy.o)
    0x0000f7c6   0x00000014   Code   RO         1989    .text               mc_w.l(strchr.o)
    0x0000f7da   0x0000000e   Code   RO         1991    .text               mc_w.l(strlen.o)
    0x0000f7e8   0x0000001c   Code   RO         1993    .text               mc_w.l(strcmp.o)
    0x0000f804   0x0000001a   Code   RO         1995    .text               mc_w.l(memcmp.o)
    0x0000f81e   0x0000001e   Code   RO         1997    .text               mc_w.l(strncmp.o)
    0x0000f83c   0x00000044   Code   RO         1999    .text               mc_w.l(strtok.o)
    0x0000f880   0x00000038   Code   RO         2295    .text               mc_w.l(__0sscanf.o)
    0x0000f8b8   0x0000014c   Code   RO         2297    .text               mc_w.l(_scanf_int.o)
    0x0000fa04   0x0000001a   Code   RO         2299    .text               mc_w.l(atoi.o)
    0x0000fa1e   0x0000001c   Code   RO         2322    .text               mc_w.l(_chval.o)
    0x0000fa3a   0x00000002   PAD
    0x0000fa3c   0x00000028   Code   RO         2324    .text               mc_w.l(scanf_char.o)
    0x0000fa64   0x00000040   Code   RO         2326    .text               mc_w.l(_sgetc.o)
    0x0000faa4   0x00000070   Code   RO         2328    .text               mc_w.l(strtol.o)
    0x0000fb14   0x00000024   Code   RO         2341    .text               mc_w.l(init.o)
    0x0000fb38   0x0000032c   Code   RO         2351    .text               mc_w.l(_scanf.o)
    0x0000fe64   0x0000009e   Code   RO         2353    .text               mc_w.l(_strtoul.o)
    0x0000ff02   0x00000056   Code   RO         2368    .text               mc_w.l(__dczerorl2.o)
    0x0000ff58   0x00000030   Code   RO         2077    i.__0snprintf$2     mc_w.l(printf2.o)
    0x0000ff88   0x00000008   Code   RO         2288    i.__aeabi_errno_addr  mc_w.l(errno.o)
    0x0000ff90   0x0000005c   Code   RO         2270    i.__free$realloc    mc_w.l(mallocr.o)
    0x0000ffec   0x00000050   Code   RO         2271    i.__malloc$realloc  mc_w.l(mallocr.o)
    0x0001003c   0x0000000e   Code   RO         2362    i.__scatterload_copy  mc_w.l(handlers.o)
    0x0001004a   0x00000002   Code   RO         2363    i.__scatterload_null  mc_w.l(handlers.o)
    0x0001004c   0x0000000e   Code   RO         2364    i.__scatterload_zeroinit  mc_w.l(handlers.o)
    0x0001005a   0x000000d6   Code   RO         2083    i._printf_core      mc_w.l(printf2.o)
    0x00010130   0x00000016   Code   RO         2084    i._snputc           mc_w.l(printf2.o)
    0x00010146   0x00000002   PAD
    0x00010148   0x00000050   Code   RO         2272    i.internal_alloc    mc_w.l(mallocr.o)
    0x00010198   0x0000006c   Code   RO         2273    i.realloc           mc_w.l(mallocr.o)
    0x00010204   0x00000030   Data   RO          227    .constdata          httpd.o
    0x00010234   0x000000d9   Data   RO          331    .constdata          lmi_fs.o
    0x0001030d   0x000000dc   Data   RO          332    .constdata          lmi_fs.o
    0x000103e9   0x000009de   Data   RO          333    .constdata          lmi_fs.o
    0x00010dc7   0x000000f5   Data   RO          334    .constdata          lmi_fs.o
    0x00010ebc   0x00000010   Data   RO          335    .constdata          lmi_fs.o
    0x00010ecc   0x00000010   Data   RO          336    .constdata          lmi_fs.o
    0x00010edc   0x00000010   Data   RO          337    .constdata          lmi_fs.o
    0x00010eec   0x00000010   Data   RO          338    .constdata          lmi_fs.o
    0x00010efc   0x000002f4   Data   RO          438    .constdata          mb_cvt.o
    0x000111f0   0x00000008   Data   RO          566    .constdata          webserver.o
    0x000111f8   0x00000078   Data   RO          636    .constdata          gpio.o
    0x00011270   0x00000104   Data   RO          654    .constdata          interrupt.o
    0x00011374   0x000001c4   Data   RO          694    .constdata          sysctl.o
    0x00011538   0x00000040   Data   RO          748    .constdata          uart.o
    0x00011578   0x00000020   Data   RO          805    .constdata          flash.o
    0x00011598   0x0000001c   Data   RO          862    .constdata          ustdlib.o
    0x000115b4   0x0000001c   Data   RO          879    .constdata          uartstdio.o
    0x000115d0   0x00000300   Data   RO          914    .constdata          crc.o
    0x000118d0   0x0000000c   Data   RO         1057    .constdata          etharp.o
    0x000118dc   0x00000014   Data   RO         1189    .constdata          tasks.o
    0x000118f0   0x00000003   Data   RO         1254    .constdata          api_msg.o
    0x000118f3   0x00000001   PAD
    0x000118f4   0x00000044   Data   RO         1291    .constdata          err.o
    0x00011938   0x00000010   Data   RO         1544    .constdata          memp.o
    0x00011948   0x00000010   Data   RO         1545    .constdata          memp.o
    0x00011958   0x00000010   Data   RO         1546    .constdata          memp.o
    0x00011968   0x00000010   Data   RO         1547    .constdata          memp.o
    0x00011978   0x00000010   Data   RO         1548    .constdata          memp.o
    0x00011988   0x00000010   Data   RO         1549    .constdata          memp.o
    0x00011998   0x00000010   Data   RO         1550    .constdata          memp.o
    0x000119a8   0x00000010   Data   RO         1551    .constdata          memp.o
    0x000119b8   0x00000010   Data   RO         1552    .constdata          memp.o
    0x000119c8   0x00000010   Data   RO         1553    .constdata          memp.o
    0x000119d8   0x00000010   Data   RO         1554    .constdata          memp.o
    0x000119e8   0x0000002c   Data   RO         1555    .constdata          memp.o
    0x00011a14   0x00000054   Data   RO         1716    .constdata          tcp.o
    0x00011a68   0x00000010   Data   RO         1798    .constdata          timeouts.o
    0x00011a78   0x00000004   Data   RO         1879    .constdata          ip4_addr.o
    0x00011a7c   0x00000081   Data   RO         1952    .constdata          mc_w.l(ctype_o.o)
    0x00011afd   0x00000003   PAD
    0x00011b00   0x00000004   Data   RO         1953    .constdata          mc_w.l(ctype_o.o)
    0x00011b04   0x00000047   Data   RO            2    .conststring        main.o
    0x00011b4b   0x00000001   PAD
    0x00011b4c   0x0000038c   Data   RO          228    .conststring        httpd.o
    0x00011ed8   0x00000095   Data   RO          512    .conststring        cmd.o
    0x00011f6d   0x00000003   PAD
    0x00011f70   0x000003cf   Data   RO          567    .conststring        webserver.o
    0x0001233f   0x00000001   PAD
    0x00012340   0x00000011   Data   RO          863    .conststring        ustdlib.o
    0x00012351   0x00000003   PAD
    0x00012354   0x00000075   Data   RO         1717    .conststring        tcp.o
    0x000123c9   0x00000003   PAD
    0x000123cc   0x00000020   Data   RO         2360    Region$$Table       anon$$obj.o


    Execution Region RW_IRAM1 (Base: 0x20000000, Size: 0x0000b078, Max: 0x00010000, ABSOLUTE, COMPRESSED[0x00000150])

    Base Addr    Size         Type   Attr      Idx    E Section Name        Object

    0x20000000   0x000000f4   Data   RW          229    .data               httpd.o
    0x200000f4   0x00000008   Data   RW          339    .data               lmi_fs.o
    0x200000fc   0x000000a0   Data   RW          439    .data               mb_cvt.o
    0x2000019c   0x00000054   Data   RW          513    .data               cmd.o
    0x200001f0   0x00000020   Data   RW          568    .data               webserver.o
    0x20000210   0x00000004   Data   RW          583    .data               bsp.o
    0x20000214   0x00000018   Data   RW          826    .data               lwiplib.o
    0x2000022c   0x00000004   Data   RW          864    .data               ustdlib.o
    0x20000230   0x00000008   Data   RW          881    .data               uartstdio.o
    0x20000238   0x00000010   Data   RW          928    .data               flash_pb.o
    0x20000248   0x0000000c   Data   RW          946    .data               network.o
    0x20000254   0x00000004   Data   RW          964    .data               sys_arch.o
    0x20000258   0x00000001   Data   RW         1058    .data               etharp.o
    0x20000259   0x00000003   PAD
    0x2000025c   0x00000018   Data   RW         1120    .data               heap_2.o
    0x20000274   0x00000004   Data   RW         1153    .data               port.o
    0x20000278   0x0000003c   Data   RW         1190    .data               tasks.o
    0x200002b4   0x00000004   Data   RW         1340    .data               sockets.o
    0x200002b8   0x00000010   Data   RW         1366    .data               tcpip.o
    0x200002c8   0x00000010   Data   RW         1507    .data               mem.o
    0x200002d8   0x00000004   Data   RW         1556    .data               memp.o
    0x200002dc   0x00000004   Data   RW         1557    .data               memp.o
    0x200002e0   0x00000004   Data   RW         1558    .data               memp.o
    0x200002e4   0x00000004   Data   RW         1559    .data               memp.o
    0x200002e8   0x00000004   Data   RW         1560    .data               memp.o
    0x200002ec   0x00000004   Data   RW         1561    .data               memp.o
    0x200002f0   0x00000004   Data   RW         1562    .data               memp.o
    0x200002f4   0x00000004   Data   RW         1563    .data               memp.o
    0x200002f8   0x00000004   Data   RW         1564    .data               memp.o
    0x200002fc   0x00000004   Data   RW         1565    .data               memp.o
    0x20000300   0x00000004   Data   RW         1566    .data               memp.o
    0x20000304   0x0000000c   Data   RW         1621    .data               netif.o
    0x20000310   0x00000001   Data   RW         1657    .data               pbuf.o
    0x20000311   0x00000003   PAD
    0x20000314   0x00000020   Data   RW         1718    .data               tcp.o
    0x20000334   0x00000024   Data   RW         1742    .data               tcp_in.o
    0x20000358   0x0000000c   Data   RW         1800    .data               timeouts.o
    0x20000364   0x00000002   Data   RW         1861    .data               ip4.o
    0x20000366   0x00000002   PAD
    0x20000368   0x00000004   Data   RW         2000    .data               mc_w.l(strtok.o)
    0x2000036c   0x00000004   Data   RW         2291    .data               mc_w.l(errno.o)
    0x20000370   0x00000004   Data   RW         2320    .data               mc_w.l(mvars.o)
    0x20000374   0x00000004   Data   RW         2321    .data               mc_w.l(mvars.o)
    0x20000378   0x00000088   PAD
    0x20000400   0x0000026c   Data   RW          655    vtable              interrupt.o
    0x2000066c   0x00000030   Zero   RW          330    .bss                lmi_fs.o
    0x2000069c   0x00000310   Zero   RW          430    .bss                mb_cvt.o
    0x200009ac   0x00000210   Zero   RW          511    .bss                cmd.o
    0x20000bbc   0x00000030   Zero   RW          825    .bss                lwiplib.o
    0x20000bec   0x00000024   Zero   RW          901    .bss                cmdline.o
    0x20000c10   0x00000060   Zero   RW         1017    .bss                stellarisif.o
    0x20000c70   0x000000f0   Zero   RW         1056    .bss                etharp.o
    0x20000d60   0x00006000   Zero   RW         1119    .bss                heap_2.o
    0x20006d60   0x00000050   Zero   RW         1170    .bss                queue.o
    0x20006db0   0x00000190   Zero   RW         1188    .bss                tasks.o
    0x20006f40   0x00000040   Zero   RW         1339    .bss                sockets.o
    0x20006f80   0x00000018   Zero   RW         1493    .bss                ip.o
    0x20006f98   0x00001013   Zero   RW         1506    .bss                mem.o
    0x20007fab   0x0000030f   Zero   RW         1522    .bss                memp.o
    0x200082ba   0x0000000a   Zero   RW         1523    .bss                memp.o
    0x200082c4   0x000000e3   Zero   RW         1524    .bss                memp.o
    0x200083a7   0x00000001   PAD
    0x200083a8   0x0000000a   Zero   RW         1525    .bss                memp.o
    0x200083b2   0x000001a3   Zero   RW         1526    .bss                memp.o
    0x20008555   0x00000001   PAD
    0x20008556   0x0000000a   Zero   RW         1527    .bss                memp.o
    0x20008560   0x00000023   Zero   RW         1528    .bss                memp.o
    0x20008583   0x00000001   PAD
    0x20008584   0x0000000a   Zero   RW         1529    .bss                memp.o
    0x2000858e   0x000000b3   Zero   RW         1530    .bss                memp.o
    0x20008641   0x00000001   PAD
    0x20008642   0x0000000a   Zero   RW         1531    .bss                memp.o
    0x2000864c   0x00000043   Zero   RW         1532    .bss                memp.o
    0x2000868f   0x00000001   PAD
    0x20008690   0x0000000a   Zero   RW         1533    .bss                memp.o
    0x2000869a   0x00000043   Zero   RW         1534    .bss                memp.o
    0x200086dd   0x00000001   PAD
    0x200086de   0x0000000a   Zero   RW         1535    .bss                memp.o
    0x200086e8   0x000000f3   Zero   RW         1536    .bss                memp.o
    0x200087db   0x00000001   PAD
    0x200087dc   0x0000000a   Zero   RW         1537    .bss                memp.o
    0x200087e6   0x00000083   Zero   RW         1538    .bss                memp.o
    0x20008869   0x00000001   PAD
    0x2000886a   0x0000000a   Zero   RW         1539    .bss                memp.o
    0x20008874   0x00000103   Zero   RW         1540    .bss                memp.o
    0x20008977   0x00000001   PAD
    0x20008978   0x0000000a   Zero   RW         1541    .bss                memp.o
    0x20008982   0x00002203   Zero   RW         1542    .bss                memp.o
    0x2000ab85   0x00000001   PAD
    0x2000ab86   0x0000000a   Zero   RW         1543    .bss                memp.o
    0x2000ab90   0x000000c4   Zero   RW         1679    .bss                stats.o
    0x2000ac54   0x00000010   Zero   RW         1741    .bss                tcp_in.o
    0x2000ac64   0x00000010   Zero   RW         1878    .bss                ip4_addr.o
    0x2000ac74   0x00000004   PAD
    0x2000ac78   0x00000000   Zero   RW          188    HEAP                startup.o
    0x2000ac78   0x00000400   Zero   RW          187    STACK               startup.o


==============================================================================

Image component sizes


      Code (inc. data)   RO Data    RW Data    ZI Data      Debug   Object Name

      1368         56          0          0          0      27996   api_lib.o
      2920         52          3          0          0      22515   api_msg.o
       248         28          0          4          0        877   bsp.o
       484          8          0          0          0       4386   cgifuncs.o
      2228        828        149         84        528      15426   cmd.o
       100         10          0          0         36       1333   cmdline.o
        38          0          0          0          0        608   cpu.o
       476         10        768          0          0       2681   crc.o
       268          0          0          0          0       2718   def.o
        28          4         68          0          0       1351   err.o
      1740         32         12          1        240      19626   etharp.o
       736          4          0          0          0       7462   ethernet.o
       432          0          0          0          0       4548   fifo.o
       812         30         32          0          0       5997   flash.o
       276         10          0         16          0       2661   flash_pb.o
      1532         46        120          0          0      12439   gpio.o
       244         10          0         24      24576       5076   heap_2.o
      2424        110        956        244          0      41668   httpd.o
       544         10          0          0          0       3415   icmp.o
       530          0          0          0          0       4676   inet_chksum.o
        34          0          0          0          0      10215   init.o
       596         22        260        620          0       4681   interrupt.o
         0          0          0          0         24       3326   ip.o
       956         24          0          2          0       4789   ip4.o
       504         10          4          0         16      11218   ip4_addr.o
       140          0          0          0          0       1953   list.o
       556        164       3272          8         48      11668   lmi_fs.o
       516         62          0         24         48       3291   lwiplib.o
       140         46         71          0          0      25057   main.o
      7016       1364        756        160        784      52870   mb_cvt.o
       980         14          0         16       4115       5810   mem.o
       260          8        220         44      11227       9614   memp.o
       304          0          0          0          0       4305   netbuf.o
       816         12          0         12          0      12031   netif.o
       432         54          0         12          0       3203   network.o
      1732         14          0          1          0      15300   pbuf.o
       300         22          0          4          0       3673   port.o
      1176          4          0          0         80       8835   queue.o
         0          0          0          0          0       3951   slipif.o
      5860         40          0          4         64      46452   sockets.o
       632        622          0          0       1024        336   startup.o
         2          0          0          0        196       5498   stats.o
       744         20          0          0         96       7033   stellarisif.o
       768         10          0          4          0       9047   sys_arch.o
      2306        128        452          0          0      12399   sysctl.o
      2192         42         20         60        400      14323   tasks.o
      3560         64        201         32          0      28354   tcp.o
      4384        114          0         36         16      19217   tcp_in.o
      3288         16          0          0          0      24310   tcp_out.o
       548         34          0         16          0       7808   tcpip.o
       456         24         16         12          0       5356   timeouts.o
       676          4         64          0          0      10474   uart.o
       704         28         28          8          0       3883   uartstdio.o
       504        114          0          0          0       2064   user_epprom.o
      1344         30         45          4          0       7331   ustdlib.o
       184          4          0          0          0       3496   watchdog.o
      1180        378        983         32          0       3756   webserver.o

    ----------------------------------------------------------------------
     63224       4740       8544       1492      43532     594386   Object Totals
         0          0         32          0          0          0   (incl. Generated)
         6          0         12          8         14          0   (incl. Padding)

    ----------------------------------------------------------------------

      Code (inc. data)   RO Data    RW Data    ZI Data      Debug   Library Member Name

        56          8          0          0          0         84   __0sscanf.o
        86          0          0          0          0          0   __dczerorl2.o
        28          0          0          0          0         68   _chval.o
       812          4          0          0          0        112   _scanf.o
       332          0          0          0          0         96   _scanf_int.o
        64          0          0          0          0         84   _sgetc.o
       158          0          0          0          0         92   _strtoul.o
        26          0          0          0          0         80   atoi.o
         8          4        133          0          0         68   ctype_o.o
         0          0          0          0          0          0   entry.o
         0          0          0          0          0          0   entry10a.o
         0          0          0          0          0          0   entry11a.o
         8          4          0          0          0          0   entry2.o
         4          0          0          0          0          0   entry5.o
         0          0          0          0          0          0   entry7b.o
         0          0          0          0          0          0   entry8b.o
         8          4          0          0          0          0   entry9a.o
         8          4          0          4          0         68   errno.o
        30          0          0          0          0          0   handlers.o
        36          8          0          0          0         68   init.o
        18          0          0          0          0         76   isspace_o.o
       360         30          0          0          0        356   mallocr.o
        26          0          0          0          0         80   memcmp.o
        64          0          0          0          0         76   memmovea.o
        36          0          0          0          0        108   memseta.o
         0          0          0          8          0          0   mvars.o
       284          4          0          0          0        244   printf2.o
        40          8          0          0          0         84   scanf_char.o
        20          0          0          0          0         68   strchr.o
        28          0          0          0          0         76   strcmp.o
        14          0          0          0          0         68   strlen.o
        30          0          0          0          0         80   strncmp.o
        24          0          0          0          0         76   strncpy.o
        36          0          0          0          0         80   strstr.o
        68          6          0          4          0         80   strtok.o
       112          0          0          0          0         88   strtol.o

    ----------------------------------------------------------------------
      2828         84        136        152          0       2460   Library Totals
         4          0          3        136          0          0   (incl. Padding)

    ----------------------------------------------------------------------

      Code (inc. data)   RO Data    RW Data    ZI Data      Debug   Library Name

      2824         84        133         16          0       2460   mc_w.l

    ----------------------------------------------------------------------
      2828         84        136        152          0       2460   Library Totals

    ----------------------------------------------------------------------

==============================================================================


      Code (inc. data)   RO Data    RW Data    ZI Data      Debug   

     66052       4824       8680       1644      43532     588758   Grand Totals
     66052       4824       8680        336      43532     588758   ELF Image Totals (compressed)
     66052       4824       8680        336          0          0   ROM Totals

==============================================================================

    Total RO  Size (Code + RO Data)                74732 (  72.98kB)
    Total RW  Size (RW Data + ZI Data)             45176 (  44.12kB)
    Total ROM Size (Code + RO Data + RW Data)      75068 (  73.31kB)

==============================================================================

