Component: ARM Compiler 5.06 update 7 (build 960) Tool: armlink [4d3601]

==============================================================================

Section Cross References

    main.o(.text) refers to network.o(.text) for NetServerInit
    main.o(.text) refers to cmd.o(.text) for cmd_init
    main.o(.text) refers to tasks.o(.text) for vTaskSuspend
    main.o(.text) refers to bsp.o(.text) for BSP_Init
    main.o(.text) refers to sysctl.o(.text) for SysCtlResetCauseGet
    main.o(.text) refers to uartstdio.o(.text) for UARTprintf
    main.o(.text) refers to main.o(.conststring) for .conststring
    startup.o(RESET) refers to startup.o(STACK) for StackMem
    startup.o(RESET) refers to main.o(.text) for deviceDebugHander
    startup.o(RESET) refers to port.o(.emb_text) for vPortSVCHandler
    startup.o(RESET) refers to port.o(.text) for xPortSysTickHandler
    startup.o(RESET) refers to cmd.o(.text) for UART0IntHandler
    startup.o(RESET) refers to mb_cvt.o(.text) for UARTIntHandler
    startup.o(RESET) refers to lwiplib.o(.text) for lwIPEthernetIntHandler
    startup.o(RESET) refers to entry.o(.ARM.Collect$$$$00000000) for __main
    cgifuncs.o(.text) refers to strcmp.o(.text) for strcmp
    cgifuncs.o(.text) refers to ustdlib.o(.text) for usnprintf
    httpd.o(.text) refers to lmi_fs.o(.text) for fs_close
    httpd.o(.text) refers to mem_1.o(.text) for mem_free
    httpd.o(.text) refers to tcp_1.o(.text) for tcp_arg
    httpd.o(.text) refers to strstr.o(.text) for strstr
    httpd.o(.text) refers to strchr.o(.text) for strchr
    httpd.o(.text) refers to strcmp.o(.text) for strcmp
    httpd.o(.text) refers to strlen.o(.text) for strlen
    httpd.o(.text) refers to tcp_out_1.o(.text) for tcp_write
    httpd.o(.text) refers to httpd.o(.data) for .data
    httpd.o(.text) refers to httpd.o(.constdata) for .constdata
    httpd.o(.text) refers to pbuf_1.o(.text) for pbuf_free
    httpd.o(.text) refers to strncmp.o(.text) for strncmp
    httpd.o(.text) refers to ustdlib.o(.text) for usnprintf
    httpd.o(.text) refers to ip4_addr.o(.constdata) for ip_addr_any
    httpd.o(.constdata) refers to httpd.o(.conststring) for .conststring
    httpd.o(.data) refers to httpd.o(.conststring) for .conststring
    lmi_fs.o(.text) refers to mem_1.o(.text) for mem_malloc
    lmi_fs.o(.text) refers to strncmp.o(.text) for strncmp
    lmi_fs.o(.text) refers to strlen.o(.text) for strlen
    lmi_fs.o(.text) refers to memmovea.o(.text) for __aeabi_memcpy
    lmi_fs.o(.text) refers to lmi_fs.o(.bss) for .bss
    lmi_fs.o(.text) refers to lmi_fs.o(.constdata) for .constdata
    lmi_fs.o(.text) refers to lmi_fs.o(.data) for .data
    lmi_fs.o(.constdata) refers to lmi_fs.o(.constdata) for data_success_htm
    lmi_fs.o(.constdata) refers to lmi_fs.o(.constdata) for file_success_htm
    lmi_fs.o(.constdata) refers to lmi_fs.o(.constdata) for data_index_shtml
    lmi_fs.o(.constdata) refers to lmi_fs.o(.constdata) for file_index_shtml
    lmi_fs.o(.constdata) refers to lmi_fs.o(.constdata) for data_format_error_htm
    lmi_fs.o(.constdata) refers to lmi_fs.o(.constdata) for file_format_error_htm
    lmi_fs.o(.constdata) refers to lmi_fs.o(.constdata) for data_404_htm
    mb_cvt.o(.text) refers to mallocr.o(i.realloc) for realloc
    mb_cvt.o(.text) refers to heap_2.o(.text) for vPortFree
    mb_cvt.o(.text) refers to mb_cvt.o(.constdata) for .constdata
    mb_cvt.o(.text) refers to uart.o(.text) for UARTIntStatus
    mb_cvt.o(.text) refers to fifo.o(.text) for FIFO_Push
    mb_cvt.o(.text) refers to user_epprom.o(.text) for get_user_data
    mb_cvt.o(.text) refers to uartstdio.o(.text) for UARTprintf
    mb_cvt.o(.text) refers to mb_cvt.o(.bss) for .bss
    mb_cvt.o(.text) refers to sysctl.o(.text) for SysCtlPeripheralEnable
    mb_cvt.o(.text) refers to gpio.o(.text) for GPIOPinTypeUART
    mb_cvt.o(.text) refers to interrupt.o(.text) for IntEnable
    mb_cvt.o(.text) refers to tasks.o(.text) for vTaskDelay
    mb_cvt.o(.text) refers to def_1.o(.text) for lwip_htons
    mb_cvt.o(.text) refers to sockets_1.o(.text) for lwip_socket
    mb_cvt.o(.text) refers to watchdog.o(.text) for WatchdogReloadGet
    mb_cvt.o(.text) refers to mb_cvt.o(.data) for .data
    mb_cvt.o(.text) refers to cmd.o(.text) for do_reboot
    mb_cvt.o(.text) refers to ip4_addr.o(.text) for ip4addr_ntoa
    mb_cvt.o(.text) refers to memseta.o(.text) for __aeabi_memclr
    mb_cvt.o(.data) refers to mb_cvt.o(.text) for modbusParseRequest01020304
    cmd.o(.text) refers to _scanf_int.o(.text) for _scanf_int
    cmd.o(.text) refers to ctype_o.o(.text) for __rt_ctype_table
    cmd.o(.text) refers to strtok.o(.text) for strtok
    cmd.o(.text) refers to atoi.o(.text) for atoi
    cmd.o(.text) refers to uart.o(.text) for UARTIntStatus
    cmd.o(.text) refers to fifo.o(.text) for FIFO_Push
    cmd.o(.text) refers to uartstdio.o(.text) for UARTprintf
    cmd.o(.text) refers to heap_2.o(.text) for xPortGetFreeHeapSize
[...]
    IntUnregister                            0x00004c85   Thumb Code    10  interrupt.o(.text)
    IntPriorityGroupingSet                   0x00004c8f   Thumb Code    18  interrupt.o(.text)
    IntPriorityGroupingGet                   0x00004ca1   Thumb Code    30  interrupt.o(.text)
    IntPrioritySet                           0x00004cbf   Thumb Code    32  interrupt.o(.text)
    IntPriorityGet                           0x00004cdf   Thumb Code    22  interrupt.o(.text)
    IntEnable                                0x00004cf5   Thumb Code    88  interrupt.o(.text)
    IntDisable                               0x00004d4d   Thumb Code    88  interrupt.o(.text)
    IntIsEnabled                             0x00004da5   Thumb Code    90  interrupt.o(.text)
    IntPendSet                               0x00004dff   Thumb Code    70  interrupt.o(.text)
    IntPendClear                             0x00004e45   Thumb Code    58  interrupt.o(.text)
    IntPriorityMaskSet                       0x00004e7f   Thumb Code     4  interrupt.o(.text)
    IntPriorityMaskGet                       0x00004e83   Thumb Code     4  interrupt.o(.text)
    SysCtlSRAMSizeGet                        0x00004e9d   Thumb Code    16  sysctl.o(.text)
    SysCtlFlashSizeGet                       0x00004ead   Thumb Code    14  sysctl.o(.text)
    SysCtlPinPresent                         0x00004ebb   Thumb Code    16  sysctl.o(.text)
    SysCtlPeripheralPresent                  0x00004ecb   Thumb Code    90  sysctl.o(.text)
    SysCtlPeripheralReady                    0x00004f25   Thumb Code    42  sysctl.o(.text)
    SysCtlPeripheralPowerOn                  0x00004f4f   Thumb Code    42  sysctl.o(.text)
    SysCtlPeripheralPowerOff                 0x00004f79   Thumb Code    42  sysctl.o(.text)
    SysCtlPeripheralReset                    0x00004fa3   Thumb Code   110  sysctl.o(.text)
    SysCtlPeripheralEnable                   0x00005011   Thumb Code    70  sysctl.o(.text)
    SysCtlPeripheralDisable                  0x00005057   Thumb Code    70  sysctl.o(.text)
    SysCtlPeripheralSleepEnable              0x0000509d   Thumb Code    70  sysctl.o(.text)
    SysCtlPeripheralSleepDisable             0x000050e3   Thumb Code    70  sysctl.o(.text)
    SysCtlPeripheralDeepSleepEnable          0x00005129   Thumb Code    70  sysctl.o(.text)
    SysCtlPeripheralDeepSleepDisable         0x0000516f   Thumb Code    70  sysctl.o(.text)
    SysCtlPeripheralClockGating              0x000051b5   Thumb Code    22  sysctl.o(.text)
    SysCtlIntRegister                        0x000051cb   Thumb Code    20  sysctl.o(.text)
    SysCtlIntUnregister                      0x000051df   Thumb Code    18  sysctl.o(.text)
    SysCtlIntEnable                          0x000051f1   Thumb Code    10  sysctl.o(.text)
    SysCtlIntDisable                         0x000051fb   Thumb Code    10  sysctl.o(.text)
    SysCtlIntClear                           0x00005205   Thumb Code     6  sysctl.o(.text)
    SysCtlIntStatus                          0x0000520b   Thumb Code    12  sysctl.o(.text)
    SysCtlLDOSet                             0x00005217   Thumb Code     6  sysctl.o(.text)
    SysCtlLDOGet                             0x0000521d   Thumb Code     6  sysctl.o(.text)
    SysCtlLDOConfigSet                       0x00005223   Thumb Code     8  sysctl.o(.text)
    SysCtlReset                              0x0000522b   Thumb Code     8  sysctl.o(.text)
    SysCtlSleep                              0x00005233   Thumb Code     4  sysctl.o(.text)
    SysCtlDeepSleep                          0x00005237   Thumb Code    28  sysctl.o(.text)
    SysCtlResetCauseGet                      0x00005253   Thumb Code     6  sysctl.o(.text)
    SysCtlResetCauseClear                    0x00005259   Thumb Code    10  sysctl.o(.text)
    SysCtlBrownOutConfigSet                  0x00005263   Thumb Code    10  sysctl.o(.text)
    SysCtlMOSCConfigSet                      0x0000526d   Thumb Code     6  sysctl.o(.text)
    SysCtlPIOSCCalibrate                     0x00005273   Thumb Code   124  sysctl.o(.text)
    SysCtlClockSet                           0x000052ef   Thumb Code   288  sysctl.o(.text)
    SysCtlClockGet                           0x0000540f   Thumb Code   412  sysctl.o(.text)
    SysCtlDeepSleepClockSet                  0x000055ab   Thumb Code     8  sysctl.o(.text)
    SysCtlPWMClockSet                        0x000055b3   Thumb Code    14  sysctl.o(.text)
    SysCtlPWMClockGet                        0x000055c1   Thumb Code    20  sysctl.o(.text)
    SysCtlADCSpeedSet                        0x000055d5   Thumb Code    32  sysctl.o(.text)
    SysCtlADCSpeedGet                        0x000055f5   Thumb Code    12  sysctl.o(.text)
    SysCtlIOSCVerificationSet                0x00005601   Thumb Code    22  sysctl.o(.text)
    SysCtlMOSCVerificationSet                0x00005617   Thumb Code    22  sysctl.o(.text)
    SysCtlPLLVerificationSet                 0x0000562d   Thumb Code    22  sysctl.o(.text)
    SysCtlClkVerificationClear               0x00005643   Thumb Code    16  sysctl.o(.text)
    SysCtlGPIOAHBEnable                      0x00005653   Thumb Code    12  sysctl.o(.text)
    SysCtlGPIOAHBDisable                     0x0000565f   Thumb Code    12  sysctl.o(.text)
    SysCtlUSBPLLEnable                       0x0000566b   Thumb Code    12  sysctl.o(.text)
    SysCtlUSBPLLDisable                      0x00005677   Thumb Code    12  sysctl.o(.text)
    SysCtlI2SMClkSet                         0x00005683   Thumb Code   246  sysctl.o(.text)
    UARTParityModeSet                        0x00005799   Thumb Code    12  uart.o(.text)
    UARTParityModeGet                        0x000057a5   Thumb Code     8  uart.o(.text)
    UARTFIFOLevelSet                         0x000057ad   Thumb Code     6  uart.o(.text)
    UARTFIFOLevelGet                         0x000057b3   Thumb Code    16  uart.o(.text)
    UARTEnable                               0x000057c3   Thumb Code    20  uart.o(.text)
    UARTDisable                              0x000057d7   Thumb Code    20  uart.o(.text)
    UARTConfigSetExpClk                      0x000057eb   Thumb Code    70  uart.o(.text)
    UARTConfigGetExpClk                      0x00005831   Thumb Code    38  uart.o(.text)
    UARTFIFOEnable                           0x00005857   Thumb Code    10  uart.o(.text)
    UARTFIFODisable                          0x00005861   Thumb Code    10  uart.o(.text)
    UARTEnableSIR                            0x0000586b   Thumb Code    20  uart.o(.text)
    UARTDisableSIR                           0x0000587f   Thumb Code    10  uart.o(.text)
    UARTSmartCardEnable                      0x00005889   Thumb Code    22  uart.o(.text)
    UARTSmartCardDisable                     0x0000589f   Thumb Code    10  uart.o(.text)
    UARTModemControlSet                      0x000058a9   Thumb Code    12  uart.o(.text)
    UARTModemControlClear                    0x000058b5   Thumb Code    12  uart.o(.text)
    UARTModemControlGet                      0x000058c1   Thumb Code     8  uart.o(.text)
    UARTModemStatusGet                       0x000058c9   Thumb Code    10  uart.o(.text)
    UARTFlowControlSet                       0x000058d3   Thumb Code    12  uart.o(.text)
    UARTFlowControlGet                       0x000058df   Thumb Code     8  uart.o(.text)
    UARTTxIntModeSet                         0x000058e7   Thumb Code    12  uart.o(.text)
    UARTTxIntModeGet                         0x000058f3   Thumb Code     8  uart.o(.text)
    UARTCharsAvail                           0x000058fb   Thumb Code    10  uart.o(.text)
    UARTSpaceAvail                           0x00005905   Thumb Code    10  uart.o(.text)
    UARTCharGetNonBlocking                   0x0000590f   Thumb Code    16  uart.o(.text)
    UARTCharGet                              0x0000591f   Thumb Code    10  uart.o(.text)
    UARTCharPutNonBlocking                   0x00005929   Thumb Code    16  uart.o(.text)
    UARTCharPut                              0x00005939   Thumb Code    10  uart.o(.text)
    UARTBreakCtl                             0x00005943   Thumb Code    20  uart.o(.text)
    UARTBusy                                 0x00005957   Thumb Code     8  uart.o(.text)
    UARTIntRegister                          0x0000595f   Thumb Code    26  uart.o(.text)
    UARTIntUnregister                        0x00005979   Thumb Code    22  uart.o(.text)
    UARTIntEnable                            0x0000598f   Thumb Code     8  uart.o(.text)
    UARTIntDisable                           0x00005997   Thumb Code     8  uart.o(.text)
    UARTIntStatus                            0x0000599f   Thumb Code    10  uart.o(.text)
    UARTIntClear                             0x000059a9   Thumb Code     4  uart.o(.text)
    UARTDMAEnable                            0x000059ad   Thumb Code     8  uart.o(.text)
    UARTDMADisable                           0x000059b5   Thumb Code     8  uart.o(.text)
    UARTRxErrorGet                           0x000059bd   Thumb Code     8  uart.o(.text)
    UARTRxErrorClear                         0x000059c5   Thumb Code     6  uart.o(.text)
    UARTClockSourceSet                       0x000059cb   Thumb Code     6  uart.o(.text)
    UARTClockSourceGet                       0x000059d1   Thumb Code     6  uart.o(.text)
    UART9BitEnable                           0x000059d7   Thumb Code    12  uart.o(.text)
    UART9BitDisable                          0x000059e3   Thumb Code    12  uart.o(.text)
    UART9BitAddrSet                          0x000059ef   Thumb Code     8  uart.o(.text)
    UART9BitAddrSend                         0x000059f7   Thumb Code    34  uart.o(.text)
    I2CMasterEnable                          0x00005a3d   Thumb Code    10  i2c.o(.text)
    I2CMasterInitExpClk                      0x00005a47   Thumb Code    70  i2c.o(.text)
    I2CSlaveEnable                           0x00005a8d   Thumb Code    22  i2c.o(.text)
    I2CSlaveInit                             0x00005aa3   Thumb Code    14  i2c.o(.text)
    I2CSlaveAddressSet                       0x00005ab1   Thumb Code    18  i2c.o(.text)
    I2CMasterDisable                         0x00005ac3   Thumb Code    10  i2c.o(.text)
    I2CSlaveDisable                          0x00005acd   Thumb Code    22  i2c.o(.text)
    I2CIntRegister                           0x00005ae3   Thumb Code    26  i2c.o(.text)
    I2CIntUnregister                         0x00005afd   Thumb Code    22  i2c.o(.text)
    I2CMasterIntEnable                       0x00005b13   Thumb Code     6  i2c.o(.text)
    I2CMasterIntEnableEx                     0x00005b19   Thumb Code     8  i2c.o(.text)
    I2CSlaveIntEnable                        0x00005b21   Thumb Code    10  i2c.o(.text)
    I2CSlaveIntEnableEx                      0x00005b2b   Thumb Code     8  i2c.o(.text)
    I2CMasterIntDisable                      0x00005b33   Thumb Code     6  i2c.o(.text)
    I2CMasterIntDisableEx                    0x00005b39   Thumb Code     8  i2c.o(.text)
    I2CSlaveIntDisable                       0x00005b41   Thumb Code    10  i2c.o(.text)
    I2CSlaveIntDisableEx                     0x00005b4b   Thumb Code     8  i2c.o(.text)
    I2CMasterIntStatus                       0x00005b53   Thumb Code    16  i2c.o(.text)
    I2CMasterIntStatusEx                     0x00005b63   Thumb Code    10  i2c.o(.text)
    I2CSlaveIntStatus                        0x00005b6d   Thumb Code    16  i2c.o(.text)
    I2CSlaveIntStatusEx                      0x00005b7d   Thumb Code    40  i2c.o(.text)
    I2CMasterIntClear                        0x00005ba5   Thumb Code     8  i2c.o(.text)
    I2CMasterIntClearEx                      0x00005bad   Thumb Code     4  i2c.o(.text)
    I2CSlaveIntClear                         0x00005bb1   Thumb Code     6  i2c.o(.text)
    I2CSlaveIntClearEx                       0x00005bb7   Thumb Code     4  i2c.o(.text)
    I2CMasterSlaveAddrSet                    0x00005bbb   Thumb Code     8  i2c.o(.text)
    I2CMasterLineStateGet                    0x00005bc3   Thumb Code     4  i2c.o(.text)
    I2CMasterBusy                            0x00005bc7   Thumb Code    10  i2c.o(.text)
    I2CMasterBusBusy                         0x00005bd1   Thumb Code    14  i2c.o(.text)
    I2CMasterControl                         0x00005bdf   Thumb Code     4  i2c.o(.text)
    I2CMasterErr                             0x00005be3   Thumb Code    22  i2c.o(.text)
    I2CMasterDataPut                         0x00005bf9   Thumb Code     4  i2c.o(.text)
    I2CMasterDataGet                         0x00005bfd   Thumb Code     4  i2c.o(.text)
    I2CMasterTimeoutSet                      0x00005c01   Thumb Code     4  i2c.o(.text)
    I2CSlaveACKOverride                      0x00005c05   Thumb Code    20  i2c.o(.text)
    I2CSlaveACKValueSet                      0x00005c19   Thumb Code    20  i2c.o(.text)
    I2CSlaveStatus                           0x00005c2d   Thumb Code     4  i2c.o(.text)
    I2CSlaveDataPut                          0x00005c31   Thumb Code     4  i2c.o(.text)
    I2CSlaveDataGet                          0x00005c35   Thumb Code     4  i2c.o(.text)
    WatchdogRunning                          0x00005c75   Thumb Code     8  watchdog.o(.text)
    WatchdogEnable                           0x00005c7d   Thumb Code    10  watchdog.o(.text)
    WatchdogResetEnable                      0x00005c87   Thumb Code    10  watchdog.o(.text)
    WatchdogResetDisable                     0x00005c91   Thumb Code    10  watchdog.o(.text)
    WatchdogLock                             0x00005c9b   Thumb Code     8  watchdog.o(.text)
    WatchdogUnlock                           0x00005ca3   Thumb Code     8  watchdog.o(.text)
    WatchdogLockState                        0x00005cab   Thumb Code    12  watchdog.o(.text)
    WatchdogReloadSet                        0x00005cb7   Thumb Code     4  watchdog.o(.text)
    WatchdogReloadGet                        0x00005cbb   Thumb Code     4  watchdog.o(.text)
    WatchdogValueGet                         0x00005cbf   Thumb Code     4  watchdog.o(.text)
    WatchdogIntRegister                      0x00005cc3   Thumb Code    18  watchdog.o(.text)
    WatchdogIntUnregister                    0x00005cd5   Thumb Code    18  watchdog.o(.text)
    WatchdogIntEnable                        0x00005ce7   Thumb Code    10  watchdog.o(.text)
    WatchdogIntStatus                        0x00005cf1   Thumb Code    10  watchdog.o(.text)
    WatchdogIntClear                         0x00005cfb   Thumb Code     6  watchdog.o(.text)
    WatchdogIntTypeSet                       0x00005d01   Thumb Code    12  watchdog.o(.text)
    WatchdogStallEnable                      0x00005d0d   Thumb Code    14  watchdog.o(.text)
    WatchdogStallDisable                     0x00005d1b   Thumb Code    14  watchdog.o(.text)
    lwIPInit                                 0x00005e1d   Thumb Code    54  lwiplib.o(.text)
    lwIPEthernetIntHandler                   0x00005e53   Thumb Code    60  lwiplib.o(.text)
    lwIPLocalIPAddrGet                       0x00005e8f   Thumb Code     6  lwiplib.o(.text)
    lwIPLocalNetMaskGet                      0x00005e95   Thumb Code     6  lwiplib.o(.text)
    lwIPLocalGWAddrGet                       0x00005e9b   Thumb Code     6  lwiplib.o(.text)
    lwIPLocalMACGet                          0x00005ea1   Thumb Code     8  lwiplib.o(.text)
    lwIPNetworkConfigChange                  0x00005edd   Thumb Code    22  lwiplib.o(.text)
    ustrncpy                                 0x00005f31   Thumb Code    36  ustdlib.o(.text)
    uvsnprintf                               0x00005f55   Thumb Code   576  ustdlib.o(.text)
    usprintf                                 0x00006195   Thumb Code    22  ustdlib.o(.text)
    usnprintf                                0x000061ab   Thumb Code    14  ustdlib.o(.text)
    ulocaltime                               0x000061b9   Thumb Code   162  ustdlib.o(.text)
    umktime                                  0x000062ad   Thumb Code    54  ustdlib.o(.text)
    ustrtoul                                 0x000062e3   Thumb Code   158  ustdlib.o(.text)
    ustrlen                                  0x00006381   Thumb Code    16  ustdlib.o(.text)
    ustrncmp                                 0x00006391   Thumb Code    46  ustdlib.o(.text)
    ustrstr                                  0x000063bf   Thumb Code    42  ustdlib.o(.text)
    ustrnicmp                                0x000063e9   Thumb Code    88  ustdlib.o(.text)
    ustrcasecmp                              0x00006441   Thumb Code     6  ustdlib.o(.text)
    ustrcmp                                  0x00006447   Thumb Code     6  ustdlib.o(.text)
    usrand                                   0x0000644d   Thumb Code     6  ustdlib.o(.text)
    urand                                    0x00006453   Thumb Code    16  ustdlib.o(.text)
    UARTStdioInitExpClk                      0x00006471   Thumb Code    72  uartstdio.o(.text)
    UARTStdioInit                            0x000064b9   Thumb Code     6  uartstdio.o(.text)
    UARTwrite                                0x000064bf   Thumb Code    46  uartstdio.o(.text)
    UARTgets                                 0x000064ed   Thumb Code   104  uartstdio.o(.text)
    UARTgetc                                 0x00006555   Thumb Code    14  uartstdio.o(.text)
    UARTprintf                               0x00006563   Thumb Code   434  uartstdio.o(.text)
    CmdLineProcess                           0x00006731   Thumb Code    90  cmdline.o(.text)
    Crc8CCITT                                0x00006795   Thumb Code   116  crc.o(.text)
    Crc16                                    0x00006809   Thumb Code   192  crc.o(.text)
    Crc16Array                               0x000068c9   Thumb Code     6  crc.o(.text)
    Crc16Array3                              0x000068cf   Thumb Code   152  crc.o(.text)
    stringtoip                               0x00006971   Thumb Code    50  network.o(.text)
    lwIP_init                                0x000069a3   Thumb Code    44  network.o(.text)
    NetServerInit                            0x00006a67   Thumb Code    68  network.o(.text)
    sys_mbox_new                             0x00006b29   Thumb Code    56  sys_arch.o(.text)
    sys_mbox_free                            0x00006b61   Thumb Code    42  sys_arch.o(.text)
    sys_mbox_post                            0x00006b8b   Thumb Code    26  sys_arch.o(.text)
    sys_mbox_trypost                         0x00006ba5   Thumb Code    64  sys_arch.o(.text)
    sys_mbox_trypost_fromisr                 0x00006be5   Thumb Code     2  sys_arch.o(.text)
    sys_arch_mbox_fetch                      0x00006be7   Thumb Code    92  sys_arch.o(.text)
    sys_arch_mbox_tryfetch                   0x00006c43   Thumb Code    48  sys_arch.o(.text)
    sys_sem_new                              0x00006c73   Thumb Code    96  sys_arch.o(.text)
    sys_arch_sem_wait                        0x00006cd3   Thumb Code    76  sys_arch.o(.text)
    sys_mutex_new                            0x00006d1f   Thumb Code    60  sys_arch.o(.text)
    sys_mutex_lock                           0x00006d5b   Thumb Code    26  sys_arch.o(.text)
    sys_mutex_unlock                         0x00006d75   Thumb Code    12  sys_arch.o(.text)
    sys_mutex_free                           0x00006d81   Thumb Code    16  sys_arch.o(.text)
    sys_sem_signal                           0x00006d91   Thumb Code    38  sys_arch.o(.text)
    sys_sem_free                             0x00006db7   Thumb Code    16  sys_arch.o(.text)
    sys_init                                 0x00006dc7   Thumb Code     2  sys_arch.o(.text)
    sys_now                                  0x00006dc9   Thumb Code     4  sys_arch.o(.text)
    sys_thread_new                           0x00006dcd   Thumb Code    50  sys_arch.o(.text)
    sys_arch_protect                         0x00006dff   Thumb Code    16  sys_arch.o(.text)
    sys_arch_unprotect                       0x00006e0f   Thumb Code    14  sys_arch.o(.text)
    sys_assert                               0x00006e1d   Thumb Code     2  sys_arch.o(.text)
    stellarisif_init                         0x00007009   Thumb Code   138  stellarisif.o(.text)
    stellarisif_interrupt                    0x00007093   Thumb Code   106  stellarisif.o(.text)
    etharp_tmr                               0x00007131   Thumb Code    50  etharp.o(.text)
    etharp_cleanup_netif                     0x0000724f   Thumb Code    58  etharp.o(.text)
    etharp_find_addr                         0x00007289   Thumb Code    52  etharp.o(.text)
    etharp_request                           0x000073b5   Thumb Code    32  etharp.o(.text)
    etharp_query                             0x000073d5   Thumb Code   316  etharp.o(.text)
    etharp_output                            0x00007511   Thumb Code   220  etharp.o(.text)
    ethernet_input                           0x000075ed   Thumb Code   108  etharp.o(.text)
    pvPortMalloc                             0x000077dd   Thumb Code   170  heap_2.o(.text)
    vPortFree                                0x00007887   Thumb Code    56  heap_2.o(.text)
    xPortGetFreeHeapSize                     0x000078bf   Thumb Code     6  heap_2.o(.text)
    vPortInitialiseBlocks                    0x000078c5   Thumb Code     2  heap_2.o(.text)
    vListInitialise                          0x000078d1   Thumb Code    22  list.o(.text)
    vListInitialiseItem                      0x000078e7   Thumb Code     6  list.o(.text)
    vListInsertEnd                           0x000078ed   Thumb Code    28  list.o(.text)
    vListInsert                              0x00007909   Thumb Code    48  list.o(.text)
    vListRemove                              0x00007939   Thumb Code    36  list.o(.text)
    pxPortInitialiseStack                    0x0000795d   Thumb Code    28  port.o(.text)
    xPortStartScheduler                      0x00007979   Thumb Code    48  port.o(.text)
    vPortEndScheduler                        0x000079a9   Thumb Code     2  port.o(.text)
    vPortYieldFromISR                        0x000079ab   Thumb Code    12  port.o(.text)
    vPortEnterCritical                       0x000079b7   Thumb Code    16  port.o(.text)
    vPortExitCritical                        0x000079c7   Thumb Code    16  port.o(.text)
    xPortSysTickHandler                      0x000079d7   Thumb Code    28  port.o(.text)
    xQueueGenericCreate                      0x000079fd   Thumb Code   100  queue.o(.text)
    xQueueGenericSend                        0x00007b1f   Thumb Code   214  queue.o(.text)
    xQueueCreateMutex                        0x00007bf5   Thumb Code    68  queue.o(.text)
    xQueueGenericSendFromISR                 0x00007c39   Thumb Code    82  queue.o(.text)
    xQueueGenericReceive                     0x00007cb3   Thumb Code   268  queue.o(.text)
    xQueueReceiveFromISR                     0x00007dbf   Thumb Code    78  queue.o(.text)
    uxQueueMessagesWaiting                   0x00007e0d   Thumb Code    18  queue.o(.text)
    uxQueueMessagesWaitingFromISR            0x00007e1f   Thumb Code     4  queue.o(.text)
    vQueueDelete                             0x00007e23   Thumb Code    50  queue.o(.text)
    xQueueIsQueueEmptyFromISR                0x00007e55   Thumb Code    12  queue.o(.text)
    xQueueIsQueueFullFromISR                 0x00007e61   Thumb Code    16  queue.o(.text)
    vQueueAddToRegistry                      0x00007e71   Thumb Code    32  queue.o(.text)
    xTaskGenericCreate                       0x00007e95   Thumb Code   354  tasks.o(.text)
    vTaskDelete                              0x00007ff7   Thumb Code    92  tasks.o(.text)
    vTaskIncrementTick                       0x00008053   Thumb Code   150  tasks.o(.text)
    xTaskResumeAll                           0x000080e9   Thumb Code   160  tasks.o(.text)
    vTaskSuspendAll                          0x000081b9   Thumb Code    10  tasks.o(.text)
    vTaskDelayUntil                          0x000081c3   Thumb Code    78  tasks.o(.text)
    vTaskDelay                               0x00008211   Thumb Code    48  tasks.o(.text)
    uxTaskPriorityGet                        0x00008241   Thumb Code    24  tasks.o(.text)
    vTaskPrioritySet                         0x00008259   Thumb Code   144  tasks.o(.text)
    vTaskSwitchContext                       0x000082e9   Thumb Code   134  tasks.o(.text)
    vTaskSuspend                             0x0000836f   Thumb Code    96  tasks.o(.text)
    xTaskIsTaskSuspended                     0x000083cf   Thumb Code    28  tasks.o(.text)
    vTaskResume                              0x000083eb   Thumb Code    84  tasks.o(.text)
    xTaskResumeFromISR                       0x0000843f   Thumb Code    92  tasks.o(.text)
    vTaskStartScheduler                      0x000084ad   Thumb Code    50  tasks.o(.text)
    vTaskEndScheduler                        0x000084df   Thumb Code    20  tasks.o(.text)
    xTaskGetTickCount                        0x000084f3   Thumb Code    18  tasks.o(.text)
    xTaskGetTickCountFromISR                 0x00008505   Thumb Code    18  tasks.o(.text)
    uxTaskGetNumberOfTasks                   0x00008517   Thumb Code     6  tasks.o(.text)
    vTaskPlaceOnEventList                    0x0000851d   Thumb Code    50  tasks.o(.text)
    xTaskRemoveFromEventList                 0x0000854f   Thumb Code    80  tasks.o(.text)
    vTaskSetTimeOutState                     0x0000859f   Thumb Code    12  tasks.o(.text)
    xTaskCheckForTimeOut                     0x000085ab   Thumb Code    72  tasks.o(.text)
    vTaskMissedYield                         0x000085f3   Thumb Code     8  tasks.o(.text)
    uxTaskGetStackHighWaterMark              0x000085fb   Thumb Code    28  tasks.o(.text)
    xTaskGetCurrentTaskHandle                0x00008617   Thumb Code     6  tasks.o(.text)
    vTaskPriorityInherit                     0x0000861d   Thumb Code    90  tasks.o(.text)
    vTaskPriorityDisinherit                  0x00008677   Thumb Code    64  tasks.o(.text)
    netconn_new_with_proto_and_callback      0x00008725   Thumb Code    66  api_lib_1.o(.text)
    netconn_prepare_delete                   0x00008767   Thumb Code    28  api_lib_1.o(.text)
    netconn_delete                           0x00008783   Thumb Code    30  api_lib_1.o(.text)
    netconn_getaddr                          0x000087a1   Thumb Code    42  api_lib_1.o(.text)
    netconn_bind                             0x000087cb   Thumb Code    36  api_lib_1.o(.text)
    netconn_bind_if                          0x000087ef   Thumb Code    28  api_lib_1.o(.text)
    netconn_connect                          0x0000880b   Thumb Code    36  api_lib_1.o(.text)
    netconn_disconnect                       0x0000882f   Thumb Code    24  api_lib_1.o(.text)
    netconn_listen_with_backlog              0x00008847   Thumb Code    24  api_lib_1.o(.text)
    netconn_err                              0x0000885f   Thumb Code    30  api_lib_1.o(.text)
    netconn_accept                           0x0000887d   Thumb Code   136  api_lib_1.o(.text)
    netconn_tcp_recvd                        0x000089af   Thumb Code    30  api_lib_1.o(.text)
    netconn_recv_tcp_pbuf                    0x00008a5f   Thumb Code    22  api_lib_1.o(.text)
    netconn_recv_tcp_pbuf_flags              0x00008a75   Thumb Code    26  api_lib_1.o(.text)
    netconn_recv_udp_raw_netbuf              0x00008a8f   Thumb Code    22  api_lib_1.o(.text)
    netconn_recv_udp_raw_netbuf_flags        0x00008aa5   Thumb Code    24  api_lib_1.o(.text)
    netconn_recv                             0x00008abd   Thumb Code    82  api_lib_1.o(.text)
    netconn_send                             0x00008b0f   Thumb Code    68  api_lib_1.o(.text)
    netconn_sendto                           0x00008b53   Thumb Code    18  api_lib_1.o(.text)
    netconn_write_vectors_partly             0x00008b65   Thumb Code   138  api_lib_1.o(.text)
    netconn_write_partly                     0x00008bef   Thumb Code    20  api_lib_1.o(.text)
    netconn_close                            0x00008c03   Thumb Code     6  api_lib_1.o(.text)
    netconn_shutdown                         0x00008c09   Thumb Code    14  api_lib_1.o(.text)
    lwip_netconn_is_err_msg                  0x00008c7d   Thumb Code    42  api_msg_1.o(.text)
    netconn_free                             0x00009187   Thumb Code    26  api_msg_1.o(.text)
    netconn_alloc                            0x000091a1   Thumb Code   102  api_msg_1.o(.text)
    lwip_netconn_do_newconn                  0x000092db   Thumb Code    64  api_msg_1.o(.text)
    lwip_netconn_do_delconn                  0x000093ad   Thumb Code   142  api_msg_1.o(.text)
    lwip_netconn_do_bind                     0x0000943b   Thumb Code    38  api_msg_1.o(.text)
    lwip_netconn_do_bind_if                  0x00009461   Thumb Code    50  api_msg_1.o(.text)
    lwip_netconn_do_connect                  0x000094f3   Thumb Code   174  api_msg_1.o(.text)
    lwip_netconn_do_disconnect               0x000095a1   Thumb Code     6  api_msg_1.o(.text)
    lwip_netconn_do_listen                   0x000095a7   Thumb Code   166  api_msg_1.o(.text)
    lwip_netconn_do_send                     0x0000964d   Thumb Code    20  api_msg_1.o(.text)
    lwip_netconn_do_recv                     0x00009661   Thumb Code    66  api_msg_1.o(.text)
    lwip_netconn_do_write                    0x000096a3   Thumb Code    88  api_msg_1.o(.text)
    lwip_netconn_do_getaddr                  0x000096fb   Thumb Code    72  api_msg_1.o(.text)
    lwip_netconn_do_close                    0x00009743   Thumb Code   112  api_msg_1.o(.text)
    err_to_errno                             0x000097e5   Thumb Code    24  err_1.o(.text)
    netbuf_new                               0x00009801   Thumb Code    24  netbuf_1.o(.text)
    netbuf_delete                            0x00009819   Thumb Code    34  netbuf_1.o(.text)
    netbuf_alloc                             0x0000983b   Thumb Code    44  netbuf_1.o(.text)
    netbuf_free                              0x00009867   Thumb Code    22  netbuf_1.o(.text)
    netbuf_ref                               0x0000987d   Thumb Code    64  netbuf_1.o(.text)
    netbuf_chain                             0x000098bd   Thumb Code    38  netbuf_1.o(.text)
    netbuf_data                              0x000098e3   Thumb Code    38  netbuf_1.o(.text)
    netbuf_next                              0x00009909   Thumb Code    30  netbuf_1.o(.text)
    netbuf_first                             0x00009927   Thumb Code    10  netbuf_1.o(.text)
    lwip_socket_thread_init                  0x00009931   Thumb Code     2  sockets_1.o(.text)
    lwip_socket_thread_cleanup               0x00009933   Thumb Code     2  sockets_1.o(.text)
    lwip_socket_dbg_get_socket               0x00009935   Thumb Code     4  sockets_1.o(.text)
    lwip_accept                              0x000099c3   Thumb Code   288  sockets_1.o(.text)
    lwip_bind                                0x00009ae3   Thumb Code    82  sockets_1.o(.text)
    lwip_close                               0x00009b35   Thumb Code    72  sockets_1.o(.text)
    lwip_connect                             0x00009b7d   Thumb Code   100  sockets_1.o(.text)
    lwip_listen                              0x00009be1   Thumb Code    82  sockets_1.o(.text)
    lwip_recvfrom                            0x00009e2b   Thumb Code   208  sockets_1.o(.text)
    lwip_read                                0x00009efb   Thumb Code    14  sockets_1.o(.text)
    lwip_recvmsg                             0x00009f09   Thumb Code   240  sockets_1.o(.text)
    lwip_readv                               0x00009ff9   Thumb Code    32  sockets_1.o(.text)
    lwip_recv                                0x0000a019   Thumb Code    14  sockets_1.o(.text)
    lwip_send                                0x0000a027   Thumb Code   112  sockets_1.o(.text)
    lwip_sendmsg                             0x0000a097   Thumb Code   156  sockets_1.o(.text)
    lwip_sendto                              0x0000a133   Thumb Code   202  sockets_1.o(.text)
    lwip_socket                              0x0000a385   Thumb Code   104  sockets_1.o(.text)
    lwip_write                               0x0000a3ed   Thumb Code     4  sockets_1.o(.text)
    lwip_writev                              0x0000a3f1   Thumb Code    30  sockets_1.o(.text)
    lwip_select                              0x0000a5c5   Thumb Code   674  sockets_1.o(.text)
    lwip_poll                                0x0000a959   Thumb Code   160  sockets_1.o(.text)
    lwip_shutdown                            0x0000a9f9   Thumb Code   112  sockets_1.o(.text)
    lwip_getpeername                         0x0000aadb   Thumb Code     4  sockets_1.o(.text)
    lwip_getsockname                         0x0000aadf   Thumb Code     4  sockets_1.o(.text)
    lwip_getsockopt                          0x0000ac77   Thumb Code    84  sockets_1.o(.text)
    lwip_setsockopt                          0x0000ae3b   Thumb Code    80  sockets_1.o(.text)
    lwip_ioctl                               0x0000ae8b   Thumb Code    68  sockets_1.o(.text)
    lwip_fcntl                               0x0000aecf   Thumb Code   146  sockets_1.o(.text)
    lwip_inet_ntop                           0x0000af61   Thumb Code    64  sockets_1.o(.text)
    lwip_inet_pton                           0x0000afa1   Thumb Code    36  sockets_1.o(.text)
    tcpip_inpkt                              0x0000b0bb   Thumb Code    64  tcpip_1.o(.text)
    tcpip_input                              0x0000b0fb   Thumb Code    18  tcpip_1.o(.text)
    tcpip_callback                           0x0000b10d   Thumb Code    42  tcpip_1.o(.text)
    tcpip_try_callback                       0x0000b137   Thumb Code    56  tcpip_1.o(.text)
    tcpip_send_msg_wait_sem                  0x0000b16f   Thumb Code    26  tcpip_1.o(.text)
    tcpip_api_call                           0x0000b189   Thumb Code    28  tcpip_1.o(.text)
    tcpip_callbackmsg_new                    0x0000b1a5   Thumb Code    26  tcpip_1.o(.text)
    tcpip_callbackmsg_delete                 0x0000b1bf   Thumb Code     8  tcpip_1.o(.text)
    tcpip_callbackmsg_trycallback            0x0000b1c7   Thumb Code    10  tcpip_1.o(.text)
    tcpip_callbackmsg_trycallback_fromisr    0x0000b1d1   Thumb Code    10  tcpip_1.o(.text)
    tcpip_init                               0x0000b1db   Thumb Code    52  tcpip_1.o(.text)
    pbuf_free_callback                       0x0000b213   Thumb Code     6  tcpip_1.o(.text)
    mem_free_callback                        0x0000b219   Thumb Code     6  tcpip_1.o(.text)
    lwip_htons                               0x0000b241   Thumb Code     4  def_1.o(.text)
    lwip_htonl                               0x0000b245   Thumb Code     4  def_1.o(.text)
    lwip_strnstr                             0x0000b249   Thumb Code    64  def_1.o(.text)
    lwip_stricmp                             0x0000b289   Thumb Code    46  def_1.o(.text)
    lwip_strnicmp                            0x0000b2b7   Thumb Code    50  def_1.o(.text)
    lwip_itoa                                0x0000b2e9   Thumb Code   100  def_1.o(.text)
    lwip_standard_chksum                     0x0000b34d   Thumb Code    86  inet_chksum_1.o(.text)
    inet_chksum_pseudo                       0x0000b3a3   Thumb Code    40  inet_chksum_1.o(.text)
    ip_chksum_pseudo                         0x0000b3cb   Thumb Code    12  inet_chksum_1.o(.text)
    inet_chksum_pseudo_partial               0x0000b3d7   Thumb Code    44  inet_chksum_1.o(.text)
    ip_chksum_pseudo_partial                 0x0000b403   Thumb Code    16  inet_chksum_1.o(.text)
    inet_chksum                              0x0000b413   Thumb Code    12  inet_chksum_1.o(.text)
    inet_chksum_pbuf                         0x0000b41f   Thumb Code    74  inet_chksum_1.o(.text)
    lwip_init                                0x0000b55f   Thumb Code    34  init_1.o(.text)
    mem_init                                 0x0000b581   Thumb Code    62  mem_1.o(.text)
    mem_free                                 0x0000b5bf   Thumb Code   196  mem_1.o(.text)
    mem_trim                                 0x0000b683   Thumb Code   258  mem_1.o(.text)
    mem_malloc                               0x0000b785   Thumb Code   280  mem_1.o(.text)
    mem_calloc                               0x0000b89d   Thumb Code    34  mem_1.o(.text)
    memp_init_pool                           0x0000b955   Thumb Code    46  memp_1.o(.text)
    memp_init                                0x0000b983   Thumb Code    40  memp_1.o(.text)
    memp_malloc_pool                         0x0000b9ef   Thumb Code     8  memp_1.o(.text)
    memp_malloc                              0x0000b9f7   Thumb Code    16  memp_1.o(.text)
    memp_free_pool                           0x0000ba07   Thumb Code    14  memp_1.o(.text)
    memp_free                                0x0000ba15   Thumb Code    20  memp_1.o(.text)
    netif_init                               0x0000ba59   Thumb Code     2  netif_1.o(.text)
    netif_input                              0x0000ba5b   Thumb Code    18  netif_1.o(.text)
    netif_set_addr                           0x0000bac7   Thumb Code    92  netif_1.o(.text)
    netif_add                                0x0000bb29   Thumb Code   148  netif_1.o(.text)
    netif_add_noaddr                         0x0000bbbd   Thumb Code    18  netif_1.o(.text)
    netif_set_ipaddr                         0x0000bbcf   Thumb Code    18  netif_1.o(.text)
    netif_set_netmask                        0x0000bbe1   Thumb Code    16  netif_1.o(.text)
    netif_set_gw                             0x0000bbf1   Thumb Code    16  netif_1.o(.text)
    netif_set_default                        0x0000bc01   Thumb Code     6  netif_1.o(.text)
    netif_set_down                           0x0000bc07   Thumb Code    30  netif_1.o(.text)
    netif_remove                             0x0000bc25   Thumb Code    76  netif_1.o(.text)
    netif_set_up                             0x0000bc71   Thumb Code    26  netif_1.o(.text)
    netif_set_link_up                        0x0000bc8b   Thumb Code    26  netif_1.o(.text)
    netif_set_link_down                      0x0000bca5   Thumb Code    22  netif_1.o(.text)
    netif_find                               0x0000bcbb   Thumb Code    60  netif_1.o(.text)
    netif_name_to_index                      0x0000bcf7   Thumb Code    20  netif_1.o(.text)
    netif_get_by_index                       0x0000bd0b   Thumb Code    32  netif_1.o(.text)
    netif_index_to_name                      0x0000bd2b   Thumb Code    38  netif_1.o(.text)
    pbuf_free                                0x0000bdb7   Thumb Code    86  pbuf_1.o(.text)
    pbuf_alloc_reference                     0x0000be0d   Thumb Code    46  pbuf_1.o(.text)
    pbuf_alloc                               0x0000be3b   Thumb Code   254  pbuf_1.o(.text)
    pbuf_realloc                             0x0000bf39   Thumb Code    82  pbuf_1.o(.text)
    pbuf_add_header                          0x0000bfd1   Thumb Code     4  pbuf_1.o(.text)
    pbuf_add_header_force                    0x0000bfd5   Thumb Code     4  pbuf_1.o(.text)
    pbuf_remove_header                       0x0000bfd9   Thumb Code    46  pbuf_1.o(.text)
    pbuf_header                              0x0000c007   Thumb Code     6  pbuf_1.o(.text)
    pbuf_header_force                        0x0000c00d   Thumb Code     6  pbuf_1.o(.text)
    pbuf_free_header                         0x0000c013   Thumb Code    50  pbuf_1.o(.text)
    pbuf_clen                                0x0000c045   Thumb Code    18  pbuf_1.o(.text)
    pbuf_ref                                 0x0000c057   Thumb Code    26  pbuf_1.o(.text)
    pbuf_cat                                 0x0000c071   Thumb Code    40  pbuf_1.o(.text)
    pbuf_chain                               0x0000c099   Thumb Code    16  pbuf_1.o(.text)
    pbuf_dechain                             0x0000c0a9   Thumb Code    38  pbuf_1.o(.text)
    pbuf_copy                                0x0000c0cf   Thumb Code   142  pbuf_1.o(.text)
    pbuf_copy_partial                        0x0000c15d   Thumb Code   114  pbuf_1.o(.text)
    pbuf_get_contiguous                      0x0000c1cf   Thumb Code    66  pbuf_1.o(.text)
    pbuf_skip                                0x0000c211   Thumb Code     4  pbuf_1.o(.text)
    pbuf_take                                0x0000c215   Thumb Code    78  pbuf_1.o(.text)
    pbuf_take_at                             0x0000c263   Thumb Code    84  pbuf_1.o(.text)
    pbuf_clone                               0x0000c2b7   Thumb Code    30  pbuf_1.o(.text)
    pbuf_coalesce                            0x0000c2d5   Thumb Code    40  pbuf_1.o(.text)
    pbuf_try_get_at                          0x0000c2fd   Thumb Code    32  pbuf_1.o(.text)
    pbuf_get_at                              0x0000c31d   Thumb Code    18  pbuf_1.o(.text)
    pbuf_put_at                              0x0000c32f   Thumb Code    30  pbuf_1.o(.text)
    pbuf_memcmp                              0x0000c34d   Thumb Code    90  pbuf_1.o(.text)
    pbuf_memfind                             0x0000c3a7   Thumb Code    58  pbuf_1.o(.text)
    pbuf_strstr                              0x0000c3e1   Thumb Code    50  pbuf_1.o(.text)
    stats_init                               0x0000c451   Thumb Code     2  stats_1.o(.text)
    tcp_init                                 0x0000c455   Thumb Code     2  tcp_1.o(.text)
    tcp_free                                 0x0000c457   Thumb Code     8  tcp_1.o(.text)
    tcp_seg_free                             0x0000c45f   Thumb Code    28  tcp_1.o(.text)
    tcp_segs_free                            0x0000c47b   Thumb Code    18  tcp_1.o(.text)
    tcp_free_ooseq                           0x0000c48d   Thumb Code    20  tcp_1.o(.text)
    tcp_pcb_purge                            0x0000c4a1   Thumb Code    70  tcp_1.o(.text)
    tcp_slowtmr                              0x0000c4e7   Thumb Code   702  tcp_1.o(.text)
    tcp_pcb_remove                           0x0000c7f5   Thumb Code    80  tcp_1.o(.text)
    tcp_close                                0x0000c951   Thumb Code    26  tcp_1.o(.text)
    tcp_update_rcv_ann_wnd                   0x0000c96b   Thumb Code    52  tcp_1.o(.text)
    tcp_recved                               0x0000c99f   Thumb Code    62  tcp_1.o(.text)
    tcp_recv_null                            0x0000c9dd   Thumb Code    42  tcp_1.o(.text)
    tcp_process_refused_data                 0x0000ca07   Thumb Code   116  tcp_1.o(.text)
    tcp_fasttmr                              0x0000ca7b   Thumb Code   104  tcp_1.o(.text)
    tcp_tmr                                  0x0000cae3   Thumb Code    28  tcp_1.o(.text)
    tcp_shutdown                             0x0000caff   Thumb Code    84  tcp_1.o(.text)
    tcp_abandon                              0x0000cb53   Thumb Code   208  tcp_1.o(.text)
    tcp_abort                                0x0000cc23   Thumb Code     4  tcp_1.o(.text)
    tcp_bind                                 0x0000cc7d   Thumb Code   166  tcp_1.o(.text)
    tcp_bind_netif                           0x0000cd23   Thumb Code    12  tcp_1.o(.text)
    tcp_listen_with_backlog_and_err          0x0000cd3d   Thumb Code   196  tcp_1.o(.text)
    tcp_listen_with_backlog                  0x0000ce01   Thumb Code     4  tcp_1.o(.text)
    tcp_eff_send_mss_netif                   0x0000ce05   Thumb Code    30  tcp_1.o(.text)
    tcp_next_iss                             0x0000ce23   Thumb Code    12  tcp_1.o(.text)
    tcp_connect                              0x0000ce2f   Thumb Code   328  tcp_1.o(.text)
    tcp_txnow                                0x0000cf77   Thumb Code    28  tcp_1.o(.text)
    tcp_setprio                              0x0000cf93   Thumb Code     8  tcp_1.o(.text)
    tcp_seg_copy                             0x0000cf9b   Thumb Code    36  tcp_1.o(.text)
    tcp_alloc                                0x0000cff5   Thumb Code   350  tcp_1.o(.text)
    tcp_new                                  0x0000d153   Thumb Code     4  tcp_1.o(.text)
    tcp_new_ip_type                          0x0000d157   Thumb Code     4  tcp_1.o(.text)
    tcp_arg                                  0x0000d15b   Thumb Code     8  tcp_1.o(.text)
    tcp_recv                                 0x0000d163   Thumb Code    10  tcp_1.o(.text)
    tcp_sent                                 0x0000d16d   Thumb Code    10  tcp_1.o(.text)
    tcp_err                                  0x0000d177   Thumb Code    10  tcp_1.o(.text)
    tcp_accept                               0x0000d181   Thumb Code    14  tcp_1.o(.text)
    tcp_poll                                 0x0000d18f   Thumb Code    12  tcp_1.o(.text)
    tcp_netif_ip_addr_changed                0x0000d19b   Thumb Code    70  tcp_1.o(.text)
    tcp_debug_state_str                      0x0000d1e1   Thumb Code     8  tcp_1.o(.text)
    tcp_tcp_get_tcp_addrinfo                 0x0000d1e9   Thumb Code    38  tcp_1.o(.text)
    tcp_input                                0x0000dea5   Thumb Code  1090  tcp_in_1.o(.text)
    tcp_trigger_input_pcb_close              0x0000e2e7   Thumb Code    12  tcp_in_1.o(.text)
    tcp_write                                0x0000e44f   Thumb Code   860  tcp_out_1.o(.text)
    tcp_split_unsent_seg                     0x0000e7ab   Thumb Code   298  tcp_out_1.o(.text)
    tcp_enqueue_flags                        0x0000e8d5   Thumb Code   150  tcp_out_1.o(.text)
    tcp_send_fin                             0x0000e96b   Thumb Code    68  tcp_out_1.o(.text)
    tcp_send_empty_ack                       0x0000eb71   Thumb Code    70  tcp_out_1.o(.text)
    tcp_output                               0x0000ebb7   Thumb Code   496  tcp_out_1.o(.text)
    tcp_rexmit_rto_prepare                   0x0000eda7   Thumb Code   102  tcp_out_1.o(.text)
    tcp_rexmit_rto_commit                    0x0000ee0d   Thumb Code    16  tcp_out_1.o(.text)
    tcp_rexmit_rto                           0x0000ee1d   Thumb Code    22  tcp_out_1.o(.text)
    tcp_rexmit                               0x0000ee33   Thumb Code   100  tcp_out_1.o(.text)
    tcp_rexmit_fast                          0x0000ee97   Thumb Code    92  tcp_out_1.o(.text)
    tcp_rst                                  0x0000eef3   Thumb Code    72  tcp_out_1.o(.text)
    tcp_keepalive                            0x0000ef3b   Thumb Code    48  tcp_out_1.o(.text)
    tcp_zero_window_probe                    0x0000ef6b   Thumb Code   170  tcp_out_1.o(.text)
    sys_timeout                              0x0000f07f   Thumb Code    24  timeouts.o(.text)
    tcp_timer_needed                         0x0000f0bd   Thumb Code    34  timeouts.o(.text)
    sys_timeouts_init                        0x0000f10f   Thumb Code    28  timeouts.o(.text)
    sys_untimeout                            0x0000f12b   Thumb Code    56  timeouts.o(.text)
    sys_check_timeouts                       0x0000f163   Thumb Code    60  timeouts.o(.text)
    sys_restart_timeouts                     0x0000f19f   Thumb Code    36  timeouts.o(.text)
    sys_timeouts_sleeptime                   0x0000f1c3   Thumb Code    34  timeouts.o(.text)
    icmp_input                               0x0000f1fd   Thumb Code   394  icmp_1.o(.text)
    icmp_dest_unreach                        0x0000f387   Thumb Code     8  icmp_1.o(.text)
    ip4_route                                0x0000f41d   Thumb Code    94  ip4.o(.text)
    ip4_input                                0x0000f4a3   Thumb Code   490  ip4.o(.text)
    ip4_output_if_src                        0x0000f68d   Thumb Code   218  ip4.o(.text)
    ip4_output_if                            0x0000f767   Thumb Code    30  ip4.o(.text)
    ip4_output                               0x0000f785   Thumb Code    60  ip4.o(.text)
    ip4_addr_isbroadcast_u32                 0x0000f7d9   Thumb Code    46  ip4_addr.o(.text)
    ip4_addr_netmask_valid                   0x0000f807   Thumb Code    38  ip4_addr.o(.text)
    ip4addr_aton                             0x0000f82d   Thumb Code   266  ip4_addr.o(.text)
    ipaddr_addr                              0x0000f937   Thumb Code    20  ip4_addr.o(.text)
    ip4addr_ntoa_r                           0x0000f94b   Thumb Code   118  ip4_addr.o(.text)
    ip4addr_ntoa                             0x0000f9c1   Thumb Code     6  ip4_addr.o(.text)
    __rt_ctype_table                         0x0000f9cd   Thumb Code     4  ctype_o.o(.text)
    isspace                                  0x0000f9d5   Thumb Code    18  isspace_o.o(.text)
    ___aeabi_memcpy4$move                    0x0000f9e7   Thumb Code     0  memmovea.o(.text)
    ___aeabi_memcpy8$move                    0x0000f9e7   Thumb Code     0  memmovea.o(.text)
    __aeabi_memcpy                           0x0000f9e7   Thumb Code    64  memmovea.o(.text)
    __aeabi_memmove                          0x0000f9e7   Thumb Code     0  memmovea.o(.text)
    __aeabi_memmove4                         0x0000f9e7   Thumb Code     0  memmovea.o(.text)
    __aeabi_memmove8                         0x0000f9e7   Thumb Code     0  memmovea.o(.text)
    __aeabi_memset                           0x0000fa27   Thumb Code    14  memseta.o(.text)
    __aeabi_memset4                          0x0000fa27   Thumb Code     0  memseta.o(.text)
    __aeabi_memset8                          0x0000fa27   Thumb Code     0  memseta.o(.text)
    __aeabi_memclr                           0x0000fa35   Thumb Code     4  memseta.o(.text)
    __aeabi_memclr4                          0x0000fa35   Thumb Code     0  memseta.o(.text)
    __aeabi_memclr8                          0x0000fa35   Thumb Code     0  memseta.o(.text)
    _memset$wrapper                          0x0000fa39   Thumb Code    18  memseta.o(.text)
    strstr                                   0x0000fa4b   Thumb Code    36  strstr.o(.text)
    strncpy                                  0x0000fa6f   Thumb Code    24  strncpy.o(.text)
    strchr                                   0x0000fa87   Thumb Code    20  strchr.o(.text)
    strlen                                   0x0000fa9b   Thumb Code    14  strlen.o(.text)
    strcmp                                   0x0000faa9   Thumb Code    28  strcmp.o(.text)
    memcmp                                   0x0000fac5   Thumb Code    26  memcmp.o(.text)
    strncmp                                  0x0000fadf   Thumb Code    30  strncmp.o(.text)
    strtok                                   0x0000fafd   Thumb Code    62  strtok.o(.text)
    __0sscanf                                0x0000fb41   Thumb Code    48  __0sscanf.o(.text)
    _scanf_int                               0x0000fb79   Thumb Code   332  _scanf_int.o(.text)
    strtoul                                  0x0000fcc5   Thumb Code   114  strtoul.o(.text)
    atoi                                     0x0000fd37   Thumb Code    26  atoi.o(.text)
    _chval                                   0x0000fd51   Thumb Code    28  _chval.o(.text)
    __vfscanf_char                           0x0000fd79   Thumb Code    20  scanf_char.o(.text)
    _sgetc                                   0x0000fd95   Thumb Code    30  _sgetc.o(.text)
    _sbackspace                              0x0000fdb3   Thumb Code    34  _sgetc.o(.text)
    _strtoul                                 0x0000fdd5   Thumb Code   158  _strtoul.o(.text)
    strtol                                   0x0000fe73   Thumb Code   112  strtol.o(.text)
    __scatterload                            0x0000fee5   Thumb Code    28  init.o(.text)
    __scatterload_rt2                        0x0000fee5   Thumb Code     0  init.o(.text)
    __vfscanf                                0x0000ff09   Thumb Code   810  _scanf.o(.text)
    __decompress                             0x00010239   Thumb Code     0  __dczerorl2.o(.text)
    __decompress1                            0x00010239   Thumb Code    86  __dczerorl2.o(.text)
    __0snprintf$2                            0x00010291   Thumb Code    48  printf2.o(i.__0snprintf$2)
    __1snprintf$2                            0x00010291   Thumb Code     0  printf2.o(i.__0snprintf$2)
    __2snprintf                              0x00010291   Thumb Code     0  printf2.o(i.__0snprintf$2)
    __aeabi_errno_addr                       0x000102c5   Thumb Code     4  errno.o(i.__aeabi_errno_addr)
    __rt_errno_addr                          0x000102c5   Thumb Code     0  errno.o(i.__aeabi_errno_addr)
    __free$realloc                           0x000102cd   Thumb Code    88  mallocr.o(i.__free$realloc)
    __malloc$realloc                         0x00010329   Thumb Code    64  mallocr.o(i.__malloc$realloc)
    __scatterload_copy                       0x00010379   Thumb Code    14  handlers.o(i.__scatterload_copy)
    __scatterload_null                       0x00010387   Thumb Code     2  handlers.o(i.__scatterload_null)
    __scatterload_zeroinit                   0x00010389   Thumb Code    14  handlers.o(i.__scatterload_zeroinit)
    realloc                                  0x000104d5   Thumb Code   102  mallocr.o(i.realloc)
    g_pcTagLeadIn                            0x00010540   Data           4  httpd.o(.constdata)
    g_pcTagLeadOut                           0x00010544   Data           4  httpd.o(.constdata)
    g_psDefaultFilenames                     0x00010548   Data          40  httpd.o(.constdata)
    file_success_htm                         0x000111f8   Data          16  lmi_fs.o(.constdata)
    file_index_shtml                         0x00011208   Data          16  lmi_fs.o(.constdata)
    file_format_error_htm                    0x00011218   Data          16  lmi_fs.o(.constdata)
    file_404_htm                             0x00011228   Data          16  lmi_fs.o(.constdata)
    ethbroadcast                             0x00011c1c   Data           6  etharp.o(.constdata)
    ethzero                                  0x00011c22   Data           6  etharp.o(.constdata)
    netconn_aborted                          0x00011c3c   Data           1  api_msg_1.o(.constdata)
    netconn_reset                            0x00011c3d   Data           1  api_msg_1.o(.constdata)
    netconn_closed                           0x00011c3e   Data           1  api_msg_1.o(.constdata)
    memp_TCP_PCB                             0x00011c84   Data          16  memp_1.o(.constdata)
    memp_TCP_PCB_LISTEN                      0x00011c94   Data          16  memp_1.o(.constdata)
    memp_TCP_SEG                             0x00011ca4   Data          16  memp_1.o(.constdata)
    memp_NETBUF                              0x00011cb4   Data          16  memp_1.o(.constdata)
    memp_NETCONN                             0x00011cc4   Data          16  memp_1.o(.constdata)
    memp_TCPIP_MSG_API                       0x00011cd4   Data          16  memp_1.o(.constdata)
    memp_TCPIP_MSG_INPKT                     0x00011ce4   Data          16  memp_1.o(.constdata)
    memp_ARP_QUEUE                           0x00011cf4   Data          16  memp_1.o(.constdata)
    memp_SYS_TIMEOUT                         0x00011d04   Data          16  memp_1.o(.constdata)
    memp_PBUF                                0x00011d14   Data          16  memp_1.o(.constdata)
    memp_PBUF_POOL                           0x00011d24   Data          16  memp_1.o(.constdata)
    memp_pools                               0x00011d34   Data          44  memp_1.o(.constdata)
    tcp_pcb_lists                            0x00011da4   Data          16  tcp_1.o(.constdata)
    lwip_cyclic_timers                       0x00011db4   Data          16  timeouts.o(.constdata)
    ip_addr_any                              0x00011dc4   Data           4  ip4_addr.o(.constdata)
    __ctype_table                            0x00011dc8   Data         129  ctype_o.o(.constdata)
    Region$$Table$$Base                      0x00012718   Number         0  anon$$obj.o(Region$$Table)
    Region$$Table$$Limit                     0x00012738   Number         0  anon$$obj.o(Region$$Table)
    g_pfnSSIHandler                          0x20000000   Data           4  httpd.o(.data)
    g_iNumTags                               0x20000004   Data           4  httpd.o(.data)
    g_ppcTags                                0x20000008   Data           4  httpd.o(.data)
    g_pCGIs                                  0x2000000c   Data           4  httpd.o(.data)
    g_iNumCGIs                               0x20000010   Data           4  httpd.o(.data)
    g_pcSSIExtensions                        0x20000014   Data          16  httpd.o(.data)
    g_psHTTPHeaderStrings                    0x20000024   Data          72  httpd.o(.data)
    g_psHTTPHeaders                          0x2000006c   Data         136  httpd.o(.data)
    modbusSlaveDefaultFunctions              0x200000fc   Data          80  mb_cvt.o(.data)
    modbusMasterDefaultFunctions             0x2000014c   Data          80  mb_cvt.o(.data)
    g_sCmdTable                              0x2000019c   Data          84  cmd.o(.data)
    ui32Index                                0x200001f0   Data           4  user_epprom.o(.data)
    timeout                                  0x200001f4   Data           4  webserver.o(.data)
    g_pInterrupt                             0x2000021c   Data           4  lwiplib.o(.data)
    g_bNetStatus                             0x20000238   Data           1  network.o(.data)
    xInsideISR                               0x2000023c   Data           4  sys_arch.o(.data)
    pxCurrentTCB                             0x20000260   Data           4  tasks.o(.data)
    lock_tcpip_core                          0x200002ac   Data           4  tcpip_1.o(.data)
    netif_list                               0x200002f0   Data           4  netif_1.o(.data)
    netif_default                            0x200002f4   Data           4  netif_1.o(.data)
    pbuf_free_ooseq_pending                  0x200002f8   Data           1  pbuf_1.o(.data)
    tcp_active_pcbs_changed                  0x200002fc   Data           1  tcp_1.o(.data)
    tcp_ticks                                0x20000308   Data           4  tcp_1.o(.data)
    tcp_bound_pcbs                           0x2000030c   Data           4  tcp_1.o(.data)
    tcp_listen_pcbs                          0x20000310   Data           4  tcp_1.o(.data)
    tcp_active_pcbs                          0x20000314   Data           4  tcp_1.o(.data)
    tcp_tw_pcbs                              0x20000318   Data           4  tcp_1.o(.data)
    tcp_input_pcb                            0x2000033c   Data           4  tcp_in_1.o(.data)
    __microlib_freelist                      0x20000358   Data           4  mvars.o(.data)
    __microlib_freelist_initialised          0x2000035c   Data           4  mvars.o(.data)
    xQueueRegistry                           0x20006d60   Data          80  queue.o(.bss)
    ip_data                                  0x20006f80   Data          24  ip_1.o(.bss)
    ram_heap                                 0x20006f98   Data        4115  mem_1.o(.bss)
    memp_memory_TCP_PCB_base                 0x20007fab   Data         783  memp_1.o(.bss)
    memp_memory_TCP_PCB_LISTEN_base          0x200082c4   Data         227  memp_1.o(.bss)
    memp_memory_TCP_SEG_base                 0x200083b2   Data         419  memp_1.o(.bss)
    memp_memory_NETBUF_base                  0x20008560   Data          35  memp_1.o(.bss)
    memp_memory_NETCONN_base                 0x2000858e   Data         179  memp_1.o(.bss)
    memp_memory_TCPIP_MSG_API_base           0x2000864c   Data          67  memp_1.o(.bss)
    memp_memory_TCPIP_MSG_INPKT_base         0x2000869a   Data          67  memp_1.o(.bss)
    memp_memory_ARP_QUEUE_base               0x200086e8   Data         243  memp_1.o(.bss)
    memp_memory_SYS_TIMEOUT_base             0x200087e6   Data         131  memp_1.o(.bss)
    memp_memory_PBUF_base                    0x20008874   Data         259  memp_1.o(.bss)
    memp_memory_PBUF_POOL_base               0x20008982   Data        8707  memp_1.o(.bss)
    lwip_stats                               0x2000ab90   Data         196  stats_1.o(.bss)
    __heap_base                              0x2000ac78   Data           0  startup.o(HEAP)
    __heap_limit                             0x2000ac78   Data           0  startup.o(HEAP)
    __initial_sp                             0x2000b078   Data           0  startup.o(STACK)



==============================================================================

Memory Map of the image

  Image Entry point : 0x00000279

  Load Region LR_IROM1 (Base: 0x00000000, Size: 0x00012da4, Max: 0x00040000, ABSOLUTE, COMPRESSED[0x00012888])

    Execution Region ER_IROM1 (Exec base: 0x00000000, Load base: 0x00000000, Size: 0x00012738, Max: 0x00040000, ABSOLUTE)

    Exec Addr    Load Addr    Size         Type   Attr      Idx    E Section Name        Object

    0x00000000   0x00000000   0x00000278   Code   RO          183    RESET               startup.o
    0x00000278   0x00000278   0x00000000   Code   RO         1901  * .ARM.Collect$$$$00000000  mc_w.l(entry.o)
    0x00000278   0x00000278   0x00000004   Code   RO         2261    .ARM.Collect$$$$00000001  mc_w.l(entry2.o)
    0x0000027c   0x0000027c   0x00000004   Code   RO         2264    .ARM.Collect$$$$00000004  mc_w.l(entry5.o)
    0x00000280   0x00000280   0x00000000   Code   RO         2266    .ARM.Collect$$$$00000008  mc_w.l(entry7b.o)
    0x00000280   0x00000280   0x00000000   Code   RO         2268    .ARM.Collect$$$$0000000A  mc_w.l(entry8b.o)
    0x00000280   0x00000280   0x00000008   Code   RO         2269    .ARM.Collect$$$$0000000B  mc_w.l(entry9a.o)
    0x00000288   0x00000288   0x00000004   Code   RO         2276    .ARM.Collect$$$$0000000E  mc_w.l(entry12b.o)
    0x0000028c   0x0000028c   0x00000000   Code   RO         2271    .ARM.Collect$$$$0000000F  mc_w.l(entry10a.o)
    0x0000028c   0x0000028c   0x00000000   Code   RO         2273    .ARM.Collect$$$$00000011  mc_w.l(entry11a.o)
    0x0000028c   0x0000028c   0x00000004   Code   RO         2262    .ARM.Collect$$$$00002712  mc_w.l(entry2.o)
    0x00000290   0x00000290   0x00000026   Code   RO          589    .emb_text           cpu.o
    0x000002b6   0x000002b6   0x00000002   PAD
    0x000002b8   0x000002b8   0x00000006   Code   RO          684    .emb_text           sysctl.o
    0x000002be   0x000002be   0x00000002   PAD
    0x000002c0   0x000002c0   0x0000008c   Code   RO         1109    .emb_text           port.o
    0x0000034c   0x0000034c   0x0000008c   Code   RO            1    .text               main.o
    0x000003d8   0x000003d8   0x000001b0   Code   RO          188    .text               fifo.o
    0x00000588   0x00000588   0x000001e4   Code   RO          204    .text               cgifuncs.o
    0x0000076c   0x0000076c   0x00000978   Code   RO          220    .text               httpd.o
    0x000010e4   0x000010e4   0x0000022c   Code   RO          323    .text               lmi_fs.o
    0x00001310   0x00001310   0x00001df0   Code   RO          423    .text               mb_cvt.o
    0x00003100   0x00003100   0x00000964   Code   RO          505    .text               cmd.o
    0x00003a64   0x00003a64   0x000003e4   Code   RO          540    .text               user_epprom.o
    0x00003e48   0x00003e48   0x00000494   Code   RO          559    .text               webserver.o
    0x000042dc   0x000042dc   0x00000090   Code   RO          577    .text               bsp.o
    0x0000436c   0x0000436c   0x000002e0   Code   RO          602    .text               ethernet.o
    0x0000464c   0x0000464c   0x000005fc   Code   RO          627    .text               gpio.o
    0x00004c48   0x00004c48   0x00000254   Code   RO          645    .text               interrupt.o
    0x00004e9c   0x00004e9c   0x000008fc   Code   RO          685    .text               sysctl.o
    0x00005798   0x00005798   0x000002a4   Code   RO          739    .text               uart.o
    0x00005a3c   0x00005a3c   0x00000238   Code   RO          757    .text               i2c.o
    0x00005c74   0x00005c74   0x000000b8   Code   RO          778    .text               watchdog.o
    0x00005d2c   0x00005d2c   0x00000204   Code   RO          796    .text               lwiplib.o
    0x00005f30   0x00005f30   0x00000540   Code   RO          833    .text               ustdlib.o
    0x00006470   0x00006470   0x000002c0   Code   RO          850    .text               uartstdio.o
    0x00006730   0x00006730   0x00000064   Code   RO          872    .text               cmdline.o
    0x00006794   0x00006794   0x000001dc   Code   RO          885    .text               crc.o
    0x00006970   0x00006970   0x000001b8   Code   RO          899    .text               network.o
    0x00006b28   0x00006b28   0x00000300   Code   RO          921    .text               sys_arch.o
    0x00006e28   0x00006e28   0x000002e8   Code   RO          974    .text               stellarisif.o
    0x00007110   0x00007110   0x000006cc   Code   RO         1013    .text               etharp.o
    0x000077dc   0x000077dc   0x000000f4   Code   RO         1076    .text               heap_2.o
    0x000078d0   0x000078d0   0x0000008c   Code   RO         1097    .text               list.o
    0x0000795c   0x0000795c   0x000000a0   Code   RO         1110    .text               port.o
    0x000079fc   0x000079fc   0x00000498   Code   RO         1127    .text               queue.o
    0x00007e94   0x00007e94   0x00000890   Code   RO         1145    .text               tasks.o
    0x00008724   0x00008724   0x00000558   Code   RO         1173    .text               api_lib_1.o
    0x00008c7c   0x00008c7c   0x00000b68   Code   RO         1211    .text               api_msg_1.o
    0x000097e4   0x000097e4   0x0000001c   Code   RO         1248    .text               err_1.o
    0x00009800   0x00009800   0x00000130   Code   RO         1266    .text               netbuf_1.o
    0x00009930   0x00009930   0x000016ec   Code   RO         1296    .text               sockets_1.o
    0x0000b01c   0x0000b01c   0x00000224   Code   RO         1323    .text               tcpip_1.o
    0x0000b240   0x0000b240   0x0000010c   Code   RO         1373    .text               def_1.o
    0x0000b34c   0x0000b34c   0x00000212   Code   RO         1391    .text               inet_chksum_1.o
    0x0000b55e   0x0000b55e   0x00000022   Code   RO         1406    .text               init_1.o
    0x0000b580   0x0000b580   0x000003d4   Code   RO         1463    .text               mem_1.o
    0x0000b954   0x0000b954   0x00000104   Code   RO         1479    .text               memp_1.o
    0x0000ba58   0x0000ba58   0x00000334   Code   RO         1578    .text               netif_1.o
    0x0000bd8c   0x0000bd8c   0x000006c4   Code   RO         1614    .text               pbuf_1.o
    0x0000c450   0x0000c450   0x00000002   Code   RO         1636    .text               stats_1.o
    0x0000c452   0x0000c452   0x00000002   PAD
    0x0000c454   0x0000c454   0x00000de8   Code   RO         1673    .text               tcp_1.o
    0x0000d23c   0x0000d23c   0x00001120   Code   RO         1698    .text               tcp_in_1.o
    0x0000e35c   0x0000e35c   0x00000cd8   Code   RO         1735    .text               tcp_out_1.o
    0x0000f034   0x0000f034   0x000001c8   Code   RO         1755    .text               timeouts.o
    0x0000f1fc   0x0000f1fc   0x00000220   Code   RO         1797    .text               icmp_1.o
    0x0000f41c   0x0000f41c   0x000003bc   Code   RO         1818    .text               ip4.o
    0x0000f7d8   0x0000f7d8   0x000001f4   Code   RO         1835    .text               ip4_addr.o
    0x0000f9cc   0x0000f9cc   0x00000008   Code   RO         1909    .text               mc_w.l(ctype_o.o)
    0x0000f9d4   0x0000f9d4   0x00000012   Code   RO         1931    .text               mc_w.l(isspace_o.o)
    0x0000f9e6   0x0000f9e6   0x00000040   Code   RO         1939    .text               mc_w.l(memmovea.o)
    0x0000fa26   0x0000fa26   0x00000024   Code   RO         1941    .text               mc_w.l(memseta.o)
    0x0000fa4a   0x0000fa4a   0x00000024   Code   RO         1943    .text               mc_w.l(strstr.o)
    0x0000fa6e   0x0000fa6e   0x00000018   Code   RO         1945    .text               mc_w.l(strncpy.o)
    0x0000fa86   0x0000fa86   0x00000014   Code   RO         1947    .text               mc_w.l(strchr.o)
    0x0000fa9a   0x0000fa9a   0x0000000e   Code   RO         1949    .text               mc_w.l(strlen.o)
    0x0000faa8   0x0000faa8   0x0000001c   Code   RO         1951    .text               mc_w.l(strcmp.o)
    0x0000fac4   0x0000fac4   0x0000001a   Code   RO         1953    .text               mc_w.l(memcmp.o)
    0x0000fade   0x0000fade   0x0000001e   Code   RO         1955    .text               mc_w.l(strncmp.o)
    0x0000fafc   0x0000fafc   0x00000044   Code   RO         1957    .text               mc_w.l(strtok.o)
    0x0000fb40   0x0000fb40   0x00000038   Code   RO         2253    .text               mc_w.l(__0sscanf.o)
    0x0000fb78   0x0000fb78   0x0000014c   Code   RO         2255    .text               mc_w.l(_scanf_int.o)
    0x0000fcc4   0x0000fcc4   0x00000072   Code   RO         2257    .text               mc_w.l(strtoul.o)
    0x0000fd36   0x0000fd36   0x0000001a   Code   RO         2259    .text               mc_w.l(atoi.o)
    0x0000fd50   0x0000fd50   0x0000001c   Code   RO         2284    .text               mc_w.l(_chval.o)
    0x0000fd6c   0x0000fd6c   0x00000028   Code   RO         2286    .text               mc_w.l(scanf_char.o)
    0x0000fd94   0x0000fd94   0x00000040   Code   RO         2288    .text               mc_w.l(_sgetc.o)
    0x0000fdd4   0x0000fdd4   0x0000009e   Code   RO         2290    .text               mc_w.l(_strtoul.o)
    0x0000fe72   0x0000fe72   0x00000070   Code   RO         2292    .text               mc_w.l(strtol.o)
    0x0000fee2   0x0000fee2   0x00000002   PAD
    0x0000fee4   0x0000fee4   0x00000024   Code   RO         2305    .text               mc_w.l(init.o)
    0x0000ff08   0x0000ff08   0x00000330   Code   RO         2315    .text               mc_w.l(_scanf.o)
    0x00010238   0x00010238   0x00000056   Code   RO         2330    .text               mc_w.l(__dczerorl2.o)
    0x0001028e   0x0001028e   0x00000002   PAD
    0x00010290   0x00010290   0x00000034   Code   RO         2035    i.__0snprintf$2     mc_w.l(printf2.o)
    0x000102c4   0x000102c4   0x00000008   Code   RO         2246    i.__aeabi_errno_addr  mc_w.l(errno.o)
    0x000102cc   0x000102cc   0x0000005c   Code   RO         2228    i.__free$realloc    mc_w.l(mallocr.o)
    0x00010328   0x00010328   0x00000050   Code   RO         2229    i.__malloc$realloc  mc_w.l(mallocr.o)
    0x00010378   0x00010378   0x0000000e   Code   RO         2324    i.__scatterload_copy  mc_w.l(handlers.o)
    0x00010386   0x00010386   0x00000002   Code   RO         2325    i.__scatterload_null  mc_w.l(handlers.o)
    0x00010388   0x00010388   0x0000000e   Code   RO         2326    i.__scatterload_zeroinit  mc_w.l(handlers.o)
    0x00010396   0x00010396   0x000000d6   Code   RO         2041    i._printf_core      mc_w.l(printf2.o)
    0x0001046c   0x0001046c   0x00000016   Code   RO         2042    i._snputc           mc_w.l(printf2.o)
    0x00010482   0x00010482   0x00000002   PAD
    0x00010484   0x00010484   0x00000050   Code   RO         2230    i.internal_alloc    mc_w.l(mallocr.o)
    0x000104d4   0x000104d4   0x0000006c   Code   RO         2231    i.realloc           mc_w.l(mallocr.o)
    0x00010540   0x00010540   0x00000030   Data   RO          221    .constdata          httpd.o
    0x00010570   0x00010570   0x000000d9   Data   RO          325    .constdata          lmi_fs.o
    0x00010649   0x00010649   0x000000dc   Data   RO          326    .constdata          lmi_fs.o
    0x00010725   0x00010725   0x000009de   Data   RO          327    .constdata          lmi_fs.o
    0x00011103   0x00011103   0x000000f5   Data   RO          328    .constdata          lmi_fs.o
    0x000111f8   0x000111f8   0x00000010   Data   RO          329    .constdata          lmi_fs.o
    0x00011208   0x00011208   0x00000010   Data   RO          330    .constdata          lmi_fs.o
    0x00011218   0x00011218   0x00000010   Data   RO          331    .constdata          lmi_fs.o
    0x00011228   0x00011228   0x00000010   Data   RO          332    .constdata          lmi_fs.o
    0x00011238   0x00011238   0x000002f4   Data   RO          432    .constdata          mb_cvt.o
    0x0001152c   0x0001152c   0x00000008   Data   RO          561    .constdata          webserver.o
    0x00011534   0x00011534   0x00000078   Data   RO          628    .constdata          gpio.o
    0x000115ac   0x000115ac   0x00000104   Data   RO          646    .constdata          interrupt.o
    0x000116b0   0x000116b0   0x000001c4   Data   RO          686    .constdata          sysctl.o
    0x00011874   0x00011874   0x00000040   Data   RO          740    .constdata          uart.o
    0x000118b4   0x000118b4   0x00000030   Data   RO          758    .constdata          i2c.o
    0x000118e4   0x000118e4   0x0000001c   Data   RO          834    .constdata          ustdlib.o
    0x00011900   0x00011900   0x0000001c   Data   RO          851    .constdata          uartstdio.o
    0x0001191c   0x0001191c   0x00000300   Data   RO          886    .constdata          crc.o
    0x00011c1c   0x00011c1c   0x0000000c   Data   RO         1015    .constdata          etharp.o
    0x00011c28   0x00011c28   0x00000014   Data   RO         1147    .constdata          tasks.o
    0x00011c3c   0x00011c3c   0x00000003   Data   RO         1212    .constdata          api_msg_1.o
    0x00011c3f   0x00011c3f   0x00000001   PAD
    0x00011c40   0x00011c40   0x00000044   Data   RO         1249    .constdata          err_1.o
    0x00011c84   0x00011c84   0x00000010   Data   RO         1502    .constdata          memp_1.o
    0x00011c94   0x00011c94   0x00000010   Data   RO         1503    .constdata          memp_1.o
    0x00011ca4   0x00011ca4   0x00000010   Data   RO         1504    .constdata          memp_1.o
    0x00011cb4   0x00011cb4   0x00000010   Data   RO         1505    .constdata          memp_1.o
    0x00011cc4   0x00011cc4   0x00000010   Data   RO         1506    .constdata          memp_1.o
    0x00011cd4   0x00011cd4   0x00000010   Data   RO         1507    .constdata          memp_1.o
    0x00011ce4   0x00011ce4   0x00000010   Data   RO         1508    .constdata          memp_1.o
    0x00011cf4   0x00011cf4   0x00000010   Data   RO         1509    .constdata          memp_1.o
    0x00011d04   0x00011d04   0x00000010   Data   RO         1510    .constdata          memp_1.o
    0x00011d14   0x00011d14   0x00000010   Data   RO         1511    .constdata          memp_1.o
    0x00011d24   0x00011d24   0x00000010   Data   RO         1512    .constdata          memp_1.o
    0x00011d34   0x00011d34   0x0000002c   Data   RO         1513    .constdata          memp_1.o
    0x00011d60   0x00011d60   0x00000054   Data   RO         1674    .constdata          tcp_1.o
    0x00011db4   0x00011db4   0x00000010   Data   RO         1756    .constdata          timeouts.o
    0x00011dc4   0x00011dc4   0x00000004   Data   RO         1837    .constdata          ip4_addr.o
    0x00011dc8   0x00011dc8   0x00000081   Data   RO         1910    .constdata          mc_w.l(ctype_o.o)
    0x00011e49   0x00011e49   0x00000003   PAD
    0x00011e4c   0x00011e4c   0x00000004   Data   RO         1911    .constdata          mc_w.l(ctype_o.o)
    0x00011e50   0x00011e50   0x00000047   Data   RO            2    .conststring        main.o
    0x00011e97   0x00011e97   0x00000001   PAD
    0x00011e98   0x00011e98   0x0000038c   Data   RO          222    .conststring        httpd.o
    0x00012224   0x00012224   0x00000095   Data   RO          507    .conststring        cmd.o
    0x000122b9   0x000122b9   0x00000003   PAD
    0x000122bc   0x000122bc   0x000003cf   Data   RO          562    .conststring        webserver.o
    0x0001268b   0x0001268b   0x00000001   PAD
    0x0001268c   0x0001268c   0x00000011   Data   RO          835    .conststring        ustdlib.o
    0x0001269d   0x0001269d   0x00000003   PAD
    0x000126a0   0x000126a0   0x00000075   Data   RO         1675    .conststring        tcp_1.o
    0x00012715   0x00012715   0x00000003   PAD
    0x00012718   0x00012718   0x00000020   Data   RO         2322    Region$$Table       anon$$obj.o


    Execution Region RW_IRAM1 (Exec base: 0x20000000, Load base: 0x00012738, Size: 0x0000b078, Max: 0x00010000, ABSOLUTE, COMPRESSED[0x00000150])

    Exec Addr    Load Addr    Size         Type   Attr      Idx    E Section Name        Object

    0x20000000   COMPRESSED   0x000000f4   Data   RW          223    .data               httpd.o
    0x200000f4   COMPRESSED   0x00000008   Data   RW          333    .data               lmi_fs.o
    0x200000fc   COMPRESSED   0x000000a0   Data   RW          433    .data               mb_cvt.o
    0x2000019c   COMPRESSED   0x00000054   Data   RW          508    .data               cmd.o
    0x200001f0   COMPRESSED   0x00000004   Data   RW          541    .data               user_epprom.o
    0x200001f4   COMPRESSED   0x00000020   Data   RW          563    .data               webserver.o
    0x20000214   COMPRESSED   0x00000018   Data   RW          798    .data               lwiplib.o
    0x2000022c   COMPRESSED   0x00000004   Data   RW          836    .data               ustdlib.o
    0x20000230   COMPRESSED   0x00000008   Data   RW          853    .data               uartstdio.o
    0x20000238   COMPRESSED   0x00000001   Data   RW          904    .data               network.o
    0x20000239   COMPRESSED   0x00000003   PAD
    0x2000023c   COMPRESSED   0x00000004   Data   RW          922    .data               sys_arch.o
    0x20000240   COMPRESSED   0x00000001   Data   RW         1016    .data               etharp.o
    0x20000241   COMPRESSED   0x00000003   PAD
    0x20000244   COMPRESSED   0x00000018   Data   RW         1078    .data               heap_2.o
    0x2000025c   COMPRESSED   0x00000004   Data   RW         1111    .data               port.o
    0x20000260   COMPRESSED   0x0000003c   Data   RW         1148    .data               tasks.o
    0x2000029c   COMPRESSED   0x00000004   Data   RW         1298    .data               sockets_1.o
    0x200002a0   COMPRESSED   0x00000010   Data   RW         1324    .data               tcpip_1.o
    0x200002b0   COMPRESSED   0x00000010   Data   RW         1465    .data               mem_1.o
    0x200002c0   COMPRESSED   0x00000004   Data   RW         1514    .data               memp_1.o
    0x200002c4   COMPRESSED   0x00000004   Data   RW         1515    .data               memp_1.o
    0x200002c8   COMPRESSED   0x00000004   Data   RW         1516    .data               memp_1.o
    0x200002cc   COMPRESSED   0x00000004   Data   RW         1517    .data               memp_1.o
    0x200002d0   COMPRESSED   0x00000004   Data   RW         1518    .data               memp_1.o
    0x200002d4   COMPRESSED   0x00000004   Data   RW         1519    .data               memp_1.o
    0x200002d8   COMPRESSED   0x00000004   Data   RW         1520    .data               memp_1.o
    0x200002dc   COMPRESSED   0x00000004   Data   RW         1521    .data               memp_1.o
    0x200002e0   COMPRESSED   0x00000004   Data   RW         1522    .data               memp_1.o
    0x200002e4   COMPRESSED   0x00000004   Data   RW         1523    .data               memp_1.o
    0x200002e8   COMPRESSED   0x00000004   Data   RW         1524    .data               memp_1.o
    0x200002ec   COMPRESSED   0x0000000c   Data   RW         1579    .data               netif_1.o
    0x200002f8   COMPRESSED   0x00000001   Data   RW         1615    .data               pbuf_1.o
    0x200002f9   COMPRESSED   0x00000003   PAD
    0x200002fc   COMPRESSED   0x00000020   Data   RW         1676    .data               tcp_1.o
    0x2000031c   COMPRESSED   0x00000024   Data   RW         1700    .data               tcp_in_1.o
    0x20000340   COMPRESSED   0x0000000c   Data   RW         1758    .data               timeouts.o
    0x2000034c   COMPRESSED   0x00000002   Data   RW         1819    .data               ip4.o
    0x2000034e   COMPRESSED   0x00000002   PAD
    0x20000350   COMPRESSED   0x00000004   Data   RW         1958    .data               mc_w.l(strtok.o)
    0x20000354   COMPRESSED   0x00000004   Data   RW         2249    .data               mc_w.l(errno.o)
    0x20000358   COMPRESSED   0x00000004   Data   RW         2282    .data               mc_w.l(mvars.o)
    0x2000035c   COMPRESSED   0x00000004   Data   RW         2283    .data               mc_w.l(mvars.o)
    0x20000360   COMPRESSED   0x000000a0   PAD
    0x20000400   COMPRESSED   0x0000026c   Data   RW          647    vtable              interrupt.o
    0x2000066c        -       0x00000030   Zero   RW          324    .bss                lmi_fs.o
    0x2000069c        -       0x00000310   Zero   RW          424    .bss                mb_cvt.o
    0x200009ac        -       0x00000210   Zero   RW          506    .bss                cmd.o
    0x20000bbc        -       0x00000030   Zero   RW          797    .bss                lwiplib.o
    0x20000bec        -       0x00000024   Zero   RW          873    .bss                cmdline.o
    0x20000c10        -       0x00000060   Zero   RW          975    .bss                stellarisif.o
    0x20000c70        -       0x000000f0   Zero   RW         1014    .bss                etharp.o
    0x20000d60        -       0x00006000   Zero   RW         1077    .bss                heap_2.o
    0x20006d60        -       0x00000050   Zero   RW         1128    .bss                queue.o
    0x20006db0        -       0x00000190   Zero   RW         1146    .bss                tasks.o
    0x20006f40        -       0x00000040   Zero   RW         1297    .bss                sockets_1.o
    0x20006f80        -       0x00000018   Zero   RW         1451    .bss                ip_1.o
    0x20006f98        -       0x00001013   Zero   RW         1464    .bss                mem_1.o
    0x20007fab        -       0x0000030f   Zero   RW         1480    .bss                memp_1.o
    0x200082ba        -       0x0000000a   Zero   RW         1481    .bss                memp_1.o
    0x200082c4        -       0x000000e3   Zero   RW         1482    .bss                memp_1.o
    0x200083a7   COMPRESSED   0x00000001   PAD
    0x200083a8        -       0x0000000a   Zero   RW         1483    .bss                memp_1.o
    0x200083b2        -       0x000001a3   Zero   RW         1484    .bss                memp_1.o
    0x20008555   COMPRESSED   0x00000001   PAD
    0x20008556        -       0x0000000a   Zero   RW         1485    .bss                memp_1.o
    0x20008560        -       0x00000023   Zero   RW         1486    .bss                memp_1.o
    0x20008583   COMPRESSED   0x00000001   PAD
    0x20008584        -       0x0000000a   Zero   RW         1487    .bss                memp_1.o
    0x2000858e        -       0x000000b3   Zero   RW         1488    .bss                memp_1.o
    0x20008641   COMPRESSED   0x00000001   PAD
    0x20008642        -       0x0000000a   Zero   RW         1489    .bss                memp_1.o
    0x2000864c        -       0x00000043   Zero   RW         1490    .bss                memp_1.o
    0x2000868f   COMPRESSED   0x00000001   PAD
    0x20008690        -       0x0000000a   Zero   RW         1491    .bss                memp_1.o
    0x2000869a        -       0x00000043   Zero   RW         1492    .bss                memp_1.o
    0x200086dd   COMPRESSED   0x00000001   PAD
    0x200086de        -       0x0000000a   Zero   RW         1493    .bss                memp_1.o
    0x200086e8        -       0x000000f3   Zero   RW         1494    .bss                memp_1.o
    0x200087db   COMPRESSED   0x00000001   PAD
    0x200087dc        -       0x0000000a   Zero   RW         1495    .bss                memp_1.o
    0x200087e6        -       0x00000083   Zero   RW         1496    .bss                memp_1.o
    0x20008869   COMPRESSED   0x00000001   PAD
    0x2000886a        -       0x0000000a   Zero   RW         1497    .bss                memp_1.o
    0x20008874        -       0x00000103   Zero   RW         1498    .bss                memp_1.o
    0x20008977   COMPRESSED   0x00000001   PAD
    0x20008978        -       0x0000000a   Zero   RW         1499    .bss                memp_1.o
    0x20008982        -       0x00002203   Zero   RW         1500    .bss                memp_1.o
    0x2000ab85   COMPRESSED   0x00000001   PAD
    0x2000ab86        -       0x0000000a   Zero   RW         1501    .bss                memp_1.o
    0x2000ab90        -       0x000000c4   Zero   RW         1637    .bss                stats_1.o
    0x2000ac54        -       0x00000010   Zero   RW         1699    .bss                tcp_in_1.o
    0x2000ac64        -       0x00000010   Zero   RW         1836    .bss                ip4_addr.o
    0x2000ac74   COMPRESSED   0x00000004   PAD
    0x2000ac78        -       0x00000000   Zero   RW          182    HEAP                startup.o
    0x2000ac78        -       0x00000400   Zero   RW          181    STACK               startup.o


==============================================================================

Image component sizes


      Code (inc. data)   RO Data    RW Data    ZI Data      Debug   Object Name

      1368         56          0          0          0      27996   api_lib_1.o
      2920         52          3          0          0      22515   api_msg_1.o
       144         40          0          0          0        551   bsp.o
       484          8          0          0          0       4386   cgifuncs.o
      2404       1020        149         84        528      15406   cmd.o
       100         10          0          0         36       1333   cmdline.o
        38          0          0          0          0        608   cpu.o
       476         10        768          0          0       2681   crc.o
       268          0          0          0          0       2718   def_1.o
        28          4         68          0          0       1351   err_1.o
      1740         32         12          1        240      19626   etharp.o
       736          4          0          0          0       7462   ethernet.o
       432          0          0          0          0       4548   fifo.o
      1532         46        120          0          0      12439   gpio.o
       244         10          0         24      24576       5076   heap_2.o
      2424        110        956        244          0      41668   httpd.o
       568         28         48          0          0       9130   i2c.o
       544         10          0          0          0       3415   icmp_1.o
       530          0          0          0          0       4676   inet_chksum_1.o
        34          0          0          0          0      10215   init_1.o
       596         22        260        620          0       4681   interrupt.o
       956         24          0          2          0       4789   ip4.o
       500         12          4          0         16      11222   ip4_addr.o
         0          0          0          0         24       3326   ip_1.o
       140          0          0          0          0       1953   list.o
       556        164       3272          8         48      11668   lmi_fs.o
       516         62          0         24         48       3291   lwiplib.o
       140         46         71          0          0      24945   main.o
      7664       1846        756        160        784      53164   mb_cvt.o
       980         14          0         16       4115       5810   mem_1.o
       260          8        220         44      11227       9614   memp_1.o
       304          0          0          0          0       4305   netbuf_1.o
       820         12          0         12          0      12035   netif_1.o
       440        126          0          1          0       2963   network.o
      1732         14          0          1          0      15300   pbuf_1.o
       300         22          0          4          0       3673   port.o
      1176          4          0          0         80       8835   queue.o
         0          0          0          0          0       3951   slipif.o
      5868         42          0          4         64      46464   sockets_1.o
       632        622          0          0       1024        336   startup.o
         2          0          0          0        196       5498   stats_1.o
       744         20          0          0         96       7033   stellarisif.o
       768         10          0          4          0       9047   sys_arch.o
      2306        128        452          0          0      12399   sysctl.o
      2192         42         20         60        400      14323   tasks.o
      3560         64        201         32          0      28354   tcp_1.o
      4384        114          0         36         16      19217   tcp_in_1.o
      3288         16          0          0          0      24310   tcp_out_1.o
       548         34          0         16          0       7808   tcpip_1.o
       456         24         16         12          0       5356   timeouts.o
       676          4         64          0          0      10474   uart.o
       704         28         28          8          0       3883   uartstdio.o
       996        182          0          4          0       3967   user_epprom.o
      1344         30         45          4          0       7331   ustdlib.o
       184          4          0          0          0       3496   watchdog.o
      1172        376        983         32          0       3744   webserver.o

    ----------------------------------------------------------------------
     63924       5556       8560       1468      43532     596365   Object Totals
         0          0         32          0          0          0   (incl. Generated)
         6          0         12         11         14          0   (incl. Padding)

    ----------------------------------------------------------------------

      Code (inc. data)   RO Data    RW Data    ZI Data      Debug   Library Member Name

        56          8          0          0          0         84   __0sscanf.o
        86          0          0          0          0          0   __dczerorl2.o
        28          0          0          0          0         68   _chval.o
       816          6          0          0          0        112   _scanf.o
       332          0          0          0          0         96   _scanf_int.o
        64          0          0          0          0         84   _sgetc.o
       158          0          0          0          0         92   _strtoul.o
        26          0          0          0          0         80   atoi.o
         8          4        133          0          0         68   ctype_o.o
         0          0          0          0          0          0   entry.o
         0          0          0          0          0          0   entry10a.o
         0          0          0          0          0          0   entry11a.o
         4          0          0          0          0          0   entry12b.o
         8          4          0          0          0          0   entry2.o
         4          0          0          0          0          0   entry5.o
         0          0          0          0          0          0   entry7b.o
         0          0          0          0          0          0   entry8b.o
         8          4          0          0          0          0   entry9a.o
         8          4          0          4          0         68   errno.o
        30          0          0          0          0          0   handlers.o
        36          8          0          0          0         68   init.o
        18          0          0          0          0         76   isspace_o.o
       360         30          0          0          0        356   mallocr.o
        26          0          0          0          0         80   memcmp.o
        64          0          0          0          0         76   memmovea.o
        36          0          0          0          0        108   memseta.o
         0          0          0          8          0          0   mvars.o
       288          4          0          0          0        248   printf2.o
        40          8          0          0          0         84   scanf_char.o
        20          0          0          0          0         68   strchr.o
        28          0          0          0          0         76   strcmp.o
        14          0          0          0          0         68   strlen.o
        30          0          0          0          0         80   strncmp.o
        24          0          0          0          0         76   strncpy.o
        36          0          0          0          0         80   strstr.o
        68          6          0          4          0         80   strtok.o
       112          0          0          0          0         88   strtol.o
       114          0          0          0          0         92   strtoul.o

    ----------------------------------------------------------------------
      2956         86        136        176          0       2556   Library Totals
         6          0          3        160          0          0   (incl. Padding)

    ----------------------------------------------------------------------

      Code (inc. data)   RO Data    RW Data    ZI Data      Debug   Library Name

      2950         86        133         16          0       2556   mc_w.l

    ----------------------------------------------------------------------
      2956         86        136        176          0       2556   Library Totals

    ----------------------------------------------------------------------

==============================================================================


      Code (inc. data)   RO Data    RW Data    ZI Data      Debug   

     66880       5642       8696       1644      43532     590885   Grand Totals
     66880       5642       8696        336      43532     590885   ELF Image Totals (compressed)
     66880       5642       8696        336          0          0   ROM Totals

==============================================================================

    Total RO  Size (Code + RO Data)                75576 (  73.80kB)
    Total RW  Size (RW Data + ZI Data)             45176 (  44.12kB)
    Total ROM Size (Code + RO Data + RW Data)      75912 (  74.13kB)

==============================================================================

