Component: ARM Compiler 5.06 update 7 (build 960) Tool: armlink [4d3601]

==============================================================================

Section Cross References

    main.o(.text) refers to network.o(.text) for NetServerInit
    main.o(.text) refers to cmd.o(.text) for cmd_init
    main.o(.text) refers to tasks.o(.text) for vTaskSuspend
    main.o(.text) refers to bsp.o(.text) for BSP_Init
    main.o(.text) refers to sysctl.o(.text) for SysCtlResetCauseGet
    main.o(.text) refers to uartstdio.o(.text) for UARTprintf
    main.o(.text) refers to main.o(.conststring) for .conststring
    startup.o(RESET) refers to startup.o(STACK) for StackMem
    startup.o(RESET) refers to main.o(.text) for deviceDebugHander
    startup.o(RESET) refers to port.o(.emb_text) for vPortSVCHandler
    startup.o(RESET) refers to port.o(.text) for xPortSysTickHandler
    startup.o(RESET) refers to cmd.o(.text) for UART0IntHandler
    startup.o(RESET) refers to mb_cvt.o(.text) for UARTIntHandler
    startup.o(RESET) refers to lwiplib.o(.text) for lwIPEthernetIntHandler
    startup.o(RESET) refers to entry.o(.ARM.Collect$$$$00000000) for __main
    cgifuncs.o(.text) refers to strcmp.o(.text) for strcmp
    cgifuncs.o(.text) refers to ustdlib.o(.text) for usnprintf
    httpd.o(.text) refers to lmi_fs.o(.text) for fs_close
    httpd.o(.text) refers to mem_1.o(.text) for mem_free
    httpd.o(.text) refers to tcp_1.o(.text) for tcp_arg
    httpd.o(.text) refers to strstr.o(.text) for strstr
    httpd.o(.text) refers to strchr.o(.text) for strchr
    httpd.o(.text) refers to strcmp.o(.text) for strcmp
    httpd.o(.text) refers to strlen.o(.text) for strlen
    httpd.o(.text) refers to tcp_out_1.o(.text) for tcp_write
    httpd.o(.text) refers to httpd.o(.data) for .data
    httpd.o(.text) refers to httpd.o(.constdata) for .constdata
    httpd.o(.text) refers to pbuf_1.o(.text) for pbuf_free
    httpd.o(.text) refers to strncmp.o(.text) for strncmp
    httpd.o(.text) refers to ustdlib.o(.text) for usnprintf
    httpd.o(.text) refers to ip4_addr.o(.constdata) for ip_addr_any
    httpd.o(.constdata) refers to httpd.o(.conststring) for .conststring
    httpd.o(.data) refers to httpd.o(.conststring) for .conststring
    lmi_fs.o(.text) refers to mem_1.o(.text) for mem_malloc
    lmi_fs.o(.text) refers to strncmp.o(.text) for strncmp
    lmi_fs.o(.text) refers to strlen.o(.text) for strlen
    lmi_fs.o(.text) refers to memmovea.o(.text) for __aeabi_memcpy
    lmi_fs.o(.text) refers to lmi_fs.o(.bss) for .bss
    lmi_fs.o(.text) refers to lmi_fs.o(.constdata) for .constdata
    lmi_fs.o(.text) refers to lmi_fs.o(.data) for .data
    lmi_fs.o(.constdata) refers to lmi_fs.o(.constdata) for data_success_htm
    lmi_fs.o(.constdata) refers to lmi_fs.o(.constdata) for file_success_htm
    lmi_fs.o(.constdata) refers to lmi_fs.o(.constdata) for data_index_shtml
    lmi_fs.o(.constdata) refers to lmi_fs.o(.constdata) for file_index_shtml
    lmi_fs.o(.constdata) refers to lmi_fs.o(.constdata) for data_format_error_htm
    lmi_fs.o(.constdata) refers to lmi_fs.o(.constdata) for file_format_error_htm
    lmi_fs.o(.constdata) refers to lmi_fs.o(.constdata) for data_404_htm
    mb_cvt.o(.text) refers to mallocr.o(i.realloc) for realloc
    mb_cvt.o(.text) refers to heap_2.o(.text) for vPortFree
    mb_cvt.o(.text) refers to mb_cvt.o(.constdata) for .constdata
    mb_cvt.o(.text) refers to uart.o(.text) for UARTIntStatus
    mb_cvt.o(.text) refers to fifo.o(.text) for FIFO_Push
    mb_cvt.o(.text) refers to user_epprom.o(.text) for get_user_data
    mb_cvt.o(.text) refers to uartstdio.o(.text) for UARTprintf
    mb_cvt.o(.text) refers to mb_cvt.o(.bss) for .bss
    mb_cvt.o(.text) refers to sysctl.o(.text) for SysCtlPeripheralEnable
    mb_cvt.o(.text) refers to gpio.o(.text) for GPIOPinTypeUART
    mb_cvt.o(.text) refers to interrupt.o(.text) for IntEnable
    mb_cvt.o(.text) refers to tasks.o(.text) for vTaskDelay
    mb_cvt.o(.text) refers to def_1.o(.text) for lwip_htons
    mb_cvt.o(.text) refers to sockets_1.o(.text) for lwip_socket
    mb_cvt.o(.text) refers to watchdog.o(.text) for WatchdogReloadGet
    mb_cvt.o(.text) refers to mb_cvt.o(.data) for .data
    mb_cvt.o(.text) refers to cmd.o(.text) for do_reboot
    mb_cvt.o(.text) refers to ip4_addr.o(.text) for ip4addr_ntoa
    mb_cvt.o(.text) refers to memseta.o(.text) for __aeabi_memclr
    mb_cvt.o(.data) refers to mb_cvt.o(.text) for modbusParseRequest01020304
    cmd.o(.text) refers to _scanf_int.o(.text) for _scanf_int
    cmd.o(.text) refers to ctype_o.o(.text) for __rt_ctype_table
    cmd.o(.text) refers to strtok.o(.text) for strtok
    cmd.o(.text) refers to atoi.o(.text) for atoi
    cmd.o(.text) refers to uart.o(.text) for UARTIntStatus
    cmd.o(.text) refers to fifo.o(.text) for FIFO_Push
    cmd.o(.text) refers to uartstdio.o(.text) for UARTprintf
    cmd.o(.text) refers to heap_2.o(.text) for xPortGetFreeHeapSize
[...]
    IntMasterEnable                          0x00004c4f   Thumb Code    10  interrupt.o(.text)
    IntMasterDisable                         0x00004c59   Thumb Code    10  interrupt.o(.text)
    IntRegister                              0x00004c63   Thumb Code    38  interrupt.o(.text)
    IntUnregister                            0x00004c89   Thumb Code    10  interrupt.o(.text)
    IntPriorityGroupingSet                   0x00004c93   Thumb Code    18  interrupt.o(.text)
    IntPriorityGroupingGet                   0x00004ca5   Thumb Code    30  interrupt.o(.text)
    IntPrioritySet                           0x00004cc3   Thumb Code    32  interrupt.o(.text)
    IntPriorityGet                           0x00004ce3   Thumb Code    22  interrupt.o(.text)
    IntEnable                                0x00004cf9   Thumb Code    88  interrupt.o(.text)
    IntDisable                               0x00004d51   Thumb Code    88  interrupt.o(.text)
    IntIsEnabled                             0x00004da9   Thumb Code    90  interrupt.o(.text)
    IntPendSet                               0x00004e03   Thumb Code    70  interrupt.o(.text)
    IntPendClear                             0x00004e49   Thumb Code    58  interrupt.o(.text)
    IntPriorityMaskSet                       0x00004e83   Thumb Code     4  interrupt.o(.text)
    IntPriorityMaskGet                       0x00004e87   Thumb Code     4  interrupt.o(.text)
    SysCtlSRAMSizeGet                        0x00004ea1   Thumb Code    16  sysctl.o(.text)
    SysCtlFlashSizeGet                       0x00004eb1   Thumb Code    14  sysctl.o(.text)
    SysCtlPinPresent                         0x00004ebf   Thumb Code    16  sysctl.o(.text)
    SysCtlPeripheralPresent                  0x00004ecf   Thumb Code    90  sysctl.o(.text)
    SysCtlPeripheralReady                    0x00004f29   Thumb Code    42  sysctl.o(.text)
    SysCtlPeripheralPowerOn                  0x00004f53   Thumb Code    42  sysctl.o(.text)
    SysCtlPeripheralPowerOff                 0x00004f7d   Thumb Code    42  sysctl.o(.text)
    SysCtlPeripheralReset                    0x00004fa7   Thumb Code   110  sysctl.o(.text)
    SysCtlPeripheralEnable                   0x00005015   Thumb Code    70  sysctl.o(.text)
    SysCtlPeripheralDisable                  0x0000505b   Thumb Code    70  sysctl.o(.text)
    SysCtlPeripheralSleepEnable              0x000050a1   Thumb Code    70  sysctl.o(.text)
    SysCtlPeripheralSleepDisable             0x000050e7   Thumb Code    70  sysctl.o(.text)
    SysCtlPeripheralDeepSleepEnable          0x0000512d   Thumb Code    70  sysctl.o(.text)
    SysCtlPeripheralDeepSleepDisable         0x00005173   Thumb Code    70  sysctl.o(.text)
    SysCtlPeripheralClockGating              0x000051b9   Thumb Code    22  sysctl.o(.text)
    SysCtlIntRegister                        0x000051cf   Thumb Code    20  sysctl.o(.text)
    SysCtlIntUnregister                      0x000051e3   Thumb Code    18  sysctl.o(.text)
    SysCtlIntEnable                          0x000051f5   Thumb Code    10  sysctl.o(.text)
    SysCtlIntDisable                         0x000051ff   Thumb Code    10  sysctl.o(.text)
    SysCtlIntClear                           0x00005209   Thumb Code     6  sysctl.o(.text)
    SysCtlIntStatus                          0x0000520f   Thumb Code    12  sysctl.o(.text)
    SysCtlLDOSet                             0x0000521b   Thumb Code     6  sysctl.o(.text)
    SysCtlLDOGet                             0x00005221   Thumb Code     6  sysctl.o(.text)
    SysCtlLDOConfigSet                       0x00005227   Thumb Code     8  sysctl.o(.text)
    SysCtlReset                              0x0000522f   Thumb Code     8  sysctl.o(.text)
    SysCtlSleep                              0x00005237   Thumb Code     4  sysctl.o(.text)
    SysCtlDeepSleep                          0x0000523b   Thumb Code    28  sysctl.o(.text)
    SysCtlResetCauseGet                      0x00005257   Thumb Code     6  sysctl.o(.text)
    SysCtlResetCauseClear                    0x0000525d   Thumb Code    10  sysctl.o(.text)
    SysCtlBrownOutConfigSet                  0x00005267   Thumb Code    10  sysctl.o(.text)
    SysCtlMOSCConfigSet                      0x00005271   Thumb Code     6  sysctl.o(.text)
    SysCtlPIOSCCalibrate                     0x00005277   Thumb Code   124  sysctl.o(.text)
    SysCtlClockSet                           0x000052f3   Thumb Code   288  sysctl.o(.text)
    SysCtlClockGet                           0x00005413   Thumb Code   412  sysctl.o(.text)
    SysCtlDeepSleepClockSet                  0x000055af   Thumb Code     8  sysctl.o(.text)
    SysCtlPWMClockSet                        0x000055b7   Thumb Code    14  sysctl.o(.text)
    SysCtlPWMClockGet                        0x000055c5   Thumb Code    20  sysctl.o(.text)
    SysCtlADCSpeedSet                        0x000055d9   Thumb Code    32  sysctl.o(.text)
    SysCtlADCSpeedGet                        0x000055f9   Thumb Code    12  sysctl.o(.text)
    SysCtlIOSCVerificationSet                0x00005605   Thumb Code    22  sysctl.o(.text)
    SysCtlMOSCVerificationSet                0x0000561b   Thumb Code    22  sysctl.o(.text)
    SysCtlPLLVerificationSet                 0x00005631   Thumb Code    22  sysctl.o(.text)
    SysCtlClkVerificationClear               0x00005647   Thumb Code    16  sysctl.o(.text)
    SysCtlGPIOAHBEnable                      0x00005657   Thumb Code    12  sysctl.o(.text)
    SysCtlGPIOAHBDisable                     0x00005663   Thumb Code    12  sysctl.o(.text)
    SysCtlUSBPLLEnable                       0x0000566f   Thumb Code    12  sysctl.o(.text)
    SysCtlUSBPLLDisable                      0x0000567b   Thumb Code    12  sysctl.o(.text)
    SysCtlI2SMClkSet                         0x00005687   Thumb Code   246  sysctl.o(.text)
    UARTParityModeSet                        0x0000579d   Thumb Code    12  uart.o(.text)
    UARTParityModeGet                        0x000057a9   Thumb Code     8  uart.o(.text)
    UARTFIFOLevelSet                         0x000057b1   Thumb Code     6  uart.o(.text)
    UARTFIFOLevelGet                         0x000057b7   Thumb Code    16  uart.o(.text)
    UARTEnable                               0x000057c7   Thumb Code    20  uart.o(.text)
    UARTDisable                              0x000057db   Thumb Code    20  uart.o(.text)
    UARTConfigSetExpClk                      0x000057ef   Thumb Code    70  uart.o(.text)
    UARTConfigGetExpClk                      0x00005835   Thumb Code    38  uart.o(.text)
    UARTFIFOEnable                           0x0000585b   Thumb Code    10  uart.o(.text)
    UARTFIFODisable                          0x00005865   Thumb Code    10  uart.o(.text)
    UARTEnableSIR                            0x0000586f   Thumb Code    20  uart.o(.text)
    UARTDisableSIR                           0x00005883   Thumb Code    10  uart.o(.text)
    UARTSmartCardEnable                      0x0000588d   Thumb Code    22  uart.o(.text)
    UARTSmartCardDisable                     0x000058a3   Thumb Code    10  uart.o(.text)
    UARTModemControlSet                      0x000058ad   Thumb Code    12  uart.o(.text)
    UARTModemControlClear                    0x000058b9   Thumb Code    12  uart.o(.text)
    UARTModemControlGet                      0x000058c5   Thumb Code     8  uart.o(.text)
    UARTModemStatusGet                       0x000058cd   Thumb Code    10  uart.o(.text)
    UARTFlowControlSet                       0x000058d7   Thumb Code    12  uart.o(.text)
    UARTFlowControlGet                       0x000058e3   Thumb Code     8  uart.o(.text)
    UARTTxIntModeSet                         0x000058eb   Thumb Code    12  uart.o(.text)
    UARTTxIntModeGet                         0x000058f7   Thumb Code     8  uart.o(.text)
    UARTCharsAvail                           0x000058ff   Thumb Code    10  uart.o(.text)
    UARTSpaceAvail                           0x00005909   Thumb Code    10  uart.o(.text)
    UARTCharGetNonBlocking                   0x00005913   Thumb Code    16  uart.o(.text)
    UARTCharGet                              0x00005923   Thumb Code    10  uart.o(.text)
    UARTCharPutNonBlocking                   0x0000592d   Thumb Code    16  uart.o(.text)
    UARTCharPut                              0x0000593d   Thumb Code    10  uart.o(.text)
    UARTBreakCtl                             0x00005947   Thumb Code    20  uart.o(.text)
    UARTBusy                                 0x0000595b   Thumb Code     8  uart.o(.text)
    UARTIntRegister                          0x00005963   Thumb Code    26  uart.o(.text)
    UARTIntUnregister                        0x0000597d   Thumb Code    22  uart.o(.text)
    UARTIntEnable                            0x00005993   Thumb Code     8  uart.o(.text)
    UARTIntDisable                           0x0000599b   Thumb Code     8  uart.o(.text)
    UARTIntStatus                            0x000059a3   Thumb Code    10  uart.o(.text)
    UARTIntClear                             0x000059ad   Thumb Code     4  uart.o(.text)
    UARTDMAEnable                            0x000059b1   Thumb Code     8  uart.o(.text)
    UARTDMADisable                           0x000059b9   Thumb Code     8  uart.o(.text)
    UARTRxErrorGet                           0x000059c1   Thumb Code     8  uart.o(.text)
    UARTRxErrorClear                         0x000059c9   Thumb Code     6  uart.o(.text)
    UARTClockSourceSet                       0x000059cf   Thumb Code     6  uart.o(.text)
    UARTClockSourceGet                       0x000059d5   Thumb Code     6  uart.o(.text)
    UART9BitEnable                           0x000059db   Thumb Code    12  uart.o(.text)
    UART9BitDisable                          0x000059e7   Thumb Code    12  uart.o(.text)
    UART9BitAddrSet                          0x000059f3   Thumb Code     8  uart.o(.text)
    UART9BitAddrSend                         0x000059fb   Thumb Code    34  uart.o(.text)
    I2CMasterEnable                          0x00005a41   Thumb Code    10  i2c.o(.text)
    I2CMasterInitExpClk                      0x00005a4b   Thumb Code    70  i2c.o(.text)
    I2CSlaveEnable                           0x00005a91   Thumb Code    22  i2c.o(.text)
    I2CSlaveInit                             0x00005aa7   Thumb Code    14  i2c.o(.text)
    I2CSlaveAddressSet                       0x00005ab5   Thumb Code    18  i2c.o(.text)
    I2CMasterDisable                         0x00005ac7   Thumb Code    10  i2c.o(.text)
    I2CSlaveDisable                          0x00005ad1   Thumb Code    22  i2c.o(.text)
    I2CIntRegister                           0x00005ae7   Thumb Code    26  i2c.o(.text)
    I2CIntUnregister                         0x00005b01   Thumb Code    22  i2c.o(.text)
    I2CMasterIntEnable                       0x00005b17   Thumb Code     6  i2c.o(.text)
    I2CMasterIntEnableEx                     0x00005b1d   Thumb Code     8  i2c.o(.text)
    I2CSlaveIntEnable                        0x00005b25   Thumb Code    10  i2c.o(.text)
    I2CSlaveIntEnableEx                      0x00005b2f   Thumb Code     8  i2c.o(.text)
    I2CMasterIntDisable                      0x00005b37   Thumb Code     6  i2c.o(.text)
    I2CMasterIntDisableEx                    0x00005b3d   Thumb Code     8  i2c.o(.text)
    I2CSlaveIntDisable                       0x00005b45   Thumb Code    10  i2c.o(.text)
    I2CSlaveIntDisableEx                     0x00005b4f   Thumb Code     8  i2c.o(.text)
    I2CMasterIntStatus                       0x00005b57   Thumb Code    16  i2c.o(.text)
    I2CMasterIntStatusEx                     0x00005b67   Thumb Code    10  i2c.o(.text)
    I2CSlaveIntStatus                        0x00005b71   Thumb Code    16  i2c.o(.text)
    I2CSlaveIntStatusEx                      0x00005b81   Thumb Code    40  i2c.o(.text)
    I2CMasterIntClear                        0x00005ba9   Thumb Code     8  i2c.o(.text)
    I2CMasterIntClearEx                      0x00005bb1   Thumb Code     4  i2c.o(.text)
    I2CSlaveIntClear                         0x00005bb5   Thumb Code     6  i2c.o(.text)
    I2CSlaveIntClearEx                       0x00005bbb   Thumb Code     4  i2c.o(.text)
    I2CMasterSlaveAddrSet                    0x00005bbf   Thumb Code     8  i2c.o(.text)
    I2CMasterLineStateGet                    0x00005bc7   Thumb Code     4  i2c.o(.text)
    I2CMasterBusy                            0x00005bcb   Thumb Code    10  i2c.o(.text)
    I2CMasterBusBusy                         0x00005bd5   Thumb Code    14  i2c.o(.text)
    I2CMasterControl                         0x00005be3   Thumb Code     4  i2c.o(.text)
    I2CMasterErr                             0x00005be7   Thumb Code    22  i2c.o(.text)
    I2CMasterDataPut                         0x00005bfd   Thumb Code     4  i2c.o(.text)
    I2CMasterDataGet                         0x00005c01   Thumb Code     4  i2c.o(.text)
    I2CMasterTimeoutSet                      0x00005c05   Thumb Code     4  i2c.o(.text)
    I2CSlaveACKOverride                      0x00005c09   Thumb Code    20  i2c.o(.text)
    I2CSlaveACKValueSet                      0x00005c1d   Thumb Code    20  i2c.o(.text)
    I2CSlaveStatus                           0x00005c31   Thumb Code     4  i2c.o(.text)
    I2CSlaveDataPut                          0x00005c35   Thumb Code     4  i2c.o(.text)
    I2CSlaveDataGet                          0x00005c39   Thumb Code     4  i2c.o(.text)
    WatchdogRunning                          0x00005c79   Thumb Code     8  watchdog.o(.text)
    WatchdogEnable                           0x00005c81   Thumb Code    10  watchdog.o(.text)
    WatchdogResetEnable                      0x00005c8b   Thumb Code    10  watchdog.o(.text)
    WatchdogResetDisable                     0x00005c95   Thumb Code    10  watchdog.o(.text)
    WatchdogLock                             0x00005c9f   Thumb Code     8  watchdog.o(.text)
    WatchdogUnlock                           0x00005ca7   Thumb Code     8  watchdog.o(.text)
    WatchdogLockState                        0x00005caf   Thumb Code    12  watchdog.o(.text)
    WatchdogReloadSet                        0x00005cbb   Thumb Code     4  watchdog.o(.text)
    WatchdogReloadGet                        0x00005cbf   Thumb Code     4  watchdog.o(.text)
    WatchdogValueGet                         0x00005cc3   Thumb Code     4  watchdog.o(.text)
    WatchdogIntRegister                      0x00005cc7   Thumb Code    18  watchdog.o(.text)
    WatchdogIntUnregister                    0x00005cd9   Thumb Code    18  watchdog.o(.text)
    WatchdogIntEnable                        0x00005ceb   Thumb Code    10  watchdog.o(.text)
    WatchdogIntStatus                        0x00005cf5   Thumb Code    10  watchdog.o(.text)
    WatchdogIntClear                         0x00005cff   Thumb Code     6  watchdog.o(.text)
    WatchdogIntTypeSet                       0x00005d05   Thumb Code    12  watchdog.o(.text)
    WatchdogStallEnable                      0x00005d11   Thumb Code    14  watchdog.o(.text)
    WatchdogStallDisable                     0x00005d1f   Thumb Code    14  watchdog.o(.text)
    lwIPInit                                 0x00005e21   Thumb Code    54  lwiplib.o(.text)
    lwIPEthernetIntHandler                   0x00005e57   Thumb Code    60  lwiplib.o(.text)
    lwIPLocalIPAddrGet                       0x00005e93   Thumb Code     6  lwiplib.o(.text)
    lwIPLocalNetMaskGet                      0x00005e99   Thumb Code     6  lwiplib.o(.text)
    lwIPLocalGWAddrGet                       0x00005e9f   Thumb Code     6  lwiplib.o(.text)
    lwIPLocalMACGet                          0x00005ea5   Thumb Code     8  lwiplib.o(.text)
    lwIPNetworkConfigChange                  0x00005ee1   Thumb Code    22  lwiplib.o(.text)
    ustrncpy                                 0x00005f35   Thumb Code    36  ustdlib.o(.text)
    uvsnprintf                               0x00005f59   Thumb Code   576  ustdlib.o(.text)
    usprintf                                 0x00006199   Thumb Code    22  ustdlib.o(.text)
    usnprintf                                0x000061af   Thumb Code    14  ustdlib.o(.text)
    ulocaltime                               0x000061bd   Thumb Code   162  ustdlib.o(.text)
    umktime                                  0x000062b1   Thumb Code    54  ustdlib.o(.text)
    ustrtoul                                 0x000062e7   Thumb Code   158  ustdlib.o(.text)
    ustrlen                                  0x00006385   Thumb Code    16  ustdlib.o(.text)
    ustrncmp                                 0x00006395   Thumb Code    46  ustdlib.o(.text)
    ustrstr                                  0x000063c3   Thumb Code    42  ustdlib.o(.text)
    ustrnicmp                                0x000063ed   Thumb Code    88  ustdlib.o(.text)
    ustrcasecmp                              0x00006445   Thumb Code     6  ustdlib.o(.text)
    ustrcmp                                  0x0000644b   Thumb Code     6  ustdlib.o(.text)
    usrand                                   0x00006451   Thumb Code     6  ustdlib.o(.text)
    urand                                    0x00006457   Thumb Code    16  ustdlib.o(.text)
    UARTStdioInitExpClk                      0x00006475   Thumb Code    72  uartstdio.o(.text)
    UARTStdioInit                            0x000064bd   Thumb Code     6  uartstdio.o(.text)
    UARTwrite                                0x000064c3   Thumb Code    46  uartstdio.o(.text)
    UARTgets                                 0x000064f1   Thumb Code   104  uartstdio.o(.text)
    UARTgetc                                 0x00006559   Thumb Code    14  uartstdio.o(.text)
    UARTprintf                               0x00006567   Thumb Code   434  uartstdio.o(.text)
    CmdLineProcess                           0x00006735   Thumb Code    90  cmdline.o(.text)
    Crc8CCITT                                0x00006799   Thumb Code   116  crc.o(.text)
    Crc16                                    0x0000680d   Thumb Code   192  crc.o(.text)
    Crc16Array                               0x000068cd   Thumb Code     6  crc.o(.text)
    Crc16Array3                              0x000068d3   Thumb Code   152  crc.o(.text)
    stringtoip                               0x00006975   Thumb Code    50  network.o(.text)
    lwIP_init                                0x000069a7   Thumb Code    42  network.o(.text)
    NetServerInit                            0x00006aad   Thumb Code    68  network.o(.text)
    sys_mbox_new                             0x00006b7d   Thumb Code    56  sys_arch.o(.text)
    sys_mbox_free                            0x00006bb5   Thumb Code    42  sys_arch.o(.text)
    sys_mbox_post                            0x00006bdf   Thumb Code    26  sys_arch.o(.text)
    sys_mbox_trypost                         0x00006bf9   Thumb Code    64  sys_arch.o(.text)
    sys_mbox_trypost_fromisr                 0x00006c39   Thumb Code     2  sys_arch.o(.text)
    sys_arch_mbox_fetch                      0x00006c3b   Thumb Code    92  sys_arch.o(.text)
    sys_arch_mbox_tryfetch                   0x00006c97   Thumb Code    48  sys_arch.o(.text)
    sys_sem_new                              0x00006cc7   Thumb Code    96  sys_arch.o(.text)
    sys_arch_sem_wait                        0x00006d27   Thumb Code    76  sys_arch.o(.text)
    sys_mutex_new                            0x00006d73   Thumb Code    60  sys_arch.o(.text)
    sys_mutex_lock                           0x00006daf   Thumb Code    26  sys_arch.o(.text)
    sys_mutex_unlock                         0x00006dc9   Thumb Code    12  sys_arch.o(.text)
    sys_mutex_free                           0x00006dd5   Thumb Code    16  sys_arch.o(.text)
    sys_sem_signal                           0x00006de5   Thumb Code    38  sys_arch.o(.text)
    sys_sem_free                             0x00006e0b   Thumb Code    16  sys_arch.o(.text)
    sys_init                                 0x00006e1b   Thumb Code     2  sys_arch.o(.text)
    sys_now                                  0x00006e1d   Thumb Code     4  sys_arch.o(.text)
    sys_thread_new                           0x00006e21   Thumb Code    50  sys_arch.o(.text)
    sys_arch_protect                         0x00006e53   Thumb Code    16  sys_arch.o(.text)
    sys_arch_unprotect                       0x00006e63   Thumb Code    14  sys_arch.o(.text)
    sys_assert                               0x00006e71   Thumb Code     2  sys_arch.o(.text)
    stellarisif_init                         0x0000705d   Thumb Code   138  stellarisif.o(.text)
    stellarisif_interrupt                    0x000070e7   Thumb Code   106  stellarisif.o(.text)
    etharp_tmr                               0x00007185   Thumb Code    50  etharp.o(.text)
    etharp_cleanup_netif                     0x000072a3   Thumb Code    58  etharp.o(.text)
    etharp_find_addr                         0x000072dd   Thumb Code    52  etharp.o(.text)
    etharp_request                           0x00007409   Thumb Code    32  etharp.o(.text)
    etharp_query                             0x00007429   Thumb Code   316  etharp.o(.text)
    etharp_output                            0x00007565   Thumb Code   220  etharp.o(.text)
    ethernet_input                           0x00007641   Thumb Code   108  etharp.o(.text)
    pvPortMalloc                             0x00007831   Thumb Code   170  heap_2.o(.text)
    vPortFree                                0x000078db   Thumb Code    56  heap_2.o(.text)
    xPortGetFreeHeapSize                     0x00007913   Thumb Code     6  heap_2.o(.text)
    vPortInitialiseBlocks                    0x00007919   Thumb Code     2  heap_2.o(.text)
    vListInitialise                          0x00007925   Thumb Code    22  list.o(.text)
    vListInitialiseItem                      0x0000793b   Thumb Code     6  list.o(.text)
    vListInsertEnd                           0x00007941   Thumb Code    28  list.o(.text)
    vListInsert                              0x0000795d   Thumb Code    48  list.o(.text)
    vListRemove                              0x0000798d   Thumb Code    36  list.o(.text)
    pxPortInitialiseStack                    0x000079b1   Thumb Code    28  port.o(.text)
    xPortStartScheduler                      0x000079cd   Thumb Code    48  port.o(.text)
    vPortEndScheduler                        0x000079fd   Thumb Code     2  port.o(.text)
    vPortYieldFromISR                        0x000079ff   Thumb Code    12  port.o(.text)
    vPortEnterCritical                       0x00007a0b   Thumb Code    16  port.o(.text)
    vPortExitCritical                        0x00007a1b   Thumb Code    16  port.o(.text)
    xPortSysTickHandler                      0x00007a2b   Thumb Code    28  port.o(.text)
    xQueueGenericCreate                      0x00007a51   Thumb Code   100  queue.o(.text)
    xQueueGenericSend                        0x00007b73   Thumb Code   214  queue.o(.text)
    xQueueCreateMutex                        0x00007c49   Thumb Code    68  queue.o(.text)
    xQueueGenericSendFromISR                 0x00007c8d   Thumb Code    82  queue.o(.text)
    xQueueGenericReceive                     0x00007d07   Thumb Code   268  queue.o(.text)
    xQueueReceiveFromISR                     0x00007e13   Thumb Code    78  queue.o(.text)
    uxQueueMessagesWaiting                   0x00007e61   Thumb Code    18  queue.o(.text)
    uxQueueMessagesWaitingFromISR            0x00007e73   Thumb Code     4  queue.o(.text)
    vQueueDelete                             0x00007e77   Thumb Code    50  queue.o(.text)
    xQueueIsQueueEmptyFromISR                0x00007ea9   Thumb Code    12  queue.o(.text)
    xQueueIsQueueFullFromISR                 0x00007eb5   Thumb Code    16  queue.o(.text)
    vQueueAddToRegistry                      0x00007ec5   Thumb Code    32  queue.o(.text)
    xTaskGenericCreate                       0x00007ee9   Thumb Code   354  tasks.o(.text)
    vTaskDelete                              0x0000804b   Thumb Code    92  tasks.o(.text)
    vTaskIncrementTick                       0x000080a7   Thumb Code   150  tasks.o(.text)
    xTaskResumeAll                           0x0000813d   Thumb Code   160  tasks.o(.text)
    vTaskSuspendAll                          0x0000820d   Thumb Code    10  tasks.o(.text)
    vTaskDelayUntil                          0x00008217   Thumb Code    78  tasks.o(.text)
    vTaskDelay                               0x00008265   Thumb Code    48  tasks.o(.text)
    uxTaskPriorityGet                        0x00008295   Thumb Code    24  tasks.o(.text)
    vTaskPrioritySet                         0x000082ad   Thumb Code   144  tasks.o(.text)
    vTaskSwitchContext                       0x0000833d   Thumb Code   134  tasks.o(.text)
    vTaskSuspend                             0x000083c3   Thumb Code    96  tasks.o(.text)
    xTaskIsTaskSuspended                     0x00008423   Thumb Code    28  tasks.o(.text)
    vTaskResume                              0x0000843f   Thumb Code    84  tasks.o(.text)
    xTaskResumeFromISR                       0x00008493   Thumb Code    92  tasks.o(.text)
    vTaskStartScheduler                      0x00008501   Thumb Code    50  tasks.o(.text)
    vTaskEndScheduler                        0x00008533   Thumb Code    20  tasks.o(.text)
    xTaskGetTickCount                        0x00008547   Thumb Code    18  tasks.o(.text)
    xTaskGetTickCountFromISR                 0x00008559   Thumb Code    18  tasks.o(.text)
    uxTaskGetNumberOfTasks                   0x0000856b   Thumb Code     6  tasks.o(.text)
    vTaskPlaceOnEventList                    0x00008571   Thumb Code    50  tasks.o(.text)
    xTaskRemoveFromEventList                 0x000085a3   Thumb Code    80  tasks.o(.text)
    vTaskSetTimeOutState                     0x000085f3   Thumb Code    12  tasks.o(.text)
    xTaskCheckForTimeOut                     0x000085ff   Thumb Code    72  tasks.o(.text)
    vTaskMissedYield                         0x00008647   Thumb Code     8  tasks.o(.text)
    uxTaskGetStackHighWaterMark              0x0000864f   Thumb Code    28  tasks.o(.text)
    xTaskGetCurrentTaskHandle                0x0000866b   Thumb Code     6  tasks.o(.text)
    vTaskPriorityInherit                     0x00008671   Thumb Code    90  tasks.o(.text)
    vTaskPriorityDisinherit                  0x000086cb   Thumb Code    64  tasks.o(.text)
    netconn_new_with_proto_and_callback      0x00008779   Thumb Code    66  api_lib_1.o(.text)
    netconn_prepare_delete                   0x000087bb   Thumb Code    28  api_lib_1.o(.text)
    netconn_delete                           0x000087d7   Thumb Code    30  api_lib_1.o(.text)
    netconn_getaddr                          0x000087f5   Thumb Code    42  api_lib_1.o(.text)
    netconn_bind                             0x0000881f   Thumb Code    36  api_lib_1.o(.text)
    netconn_bind_if                          0x00008843   Thumb Code    28  api_lib_1.o(.text)
    netconn_connect                          0x0000885f   Thumb Code    36  api_lib_1.o(.text)
    netconn_disconnect                       0x00008883   Thumb Code    24  api_lib_1.o(.text)
    netconn_listen_with_backlog              0x0000889b   Thumb Code    24  api_lib_1.o(.text)
    netconn_err                              0x000088b3   Thumb Code    30  api_lib_1.o(.text)
    netconn_accept                           0x000088d1   Thumb Code   136  api_lib_1.o(.text)
    netconn_tcp_recvd                        0x00008a03   Thumb Code    30  api_lib_1.o(.text)
    netconn_recv_tcp_pbuf                    0x00008ab3   Thumb Code    22  api_lib_1.o(.text)
    netconn_recv_tcp_pbuf_flags              0x00008ac9   Thumb Code    26  api_lib_1.o(.text)
    netconn_recv_udp_raw_netbuf              0x00008ae3   Thumb Code    22  api_lib_1.o(.text)
    netconn_recv_udp_raw_netbuf_flags        0x00008af9   Thumb Code    24  api_lib_1.o(.text)
    netconn_recv                             0x00008b11   Thumb Code    82  api_lib_1.o(.text)
    netconn_send                             0x00008b63   Thumb Code    68  api_lib_1.o(.text)
    netconn_sendto                           0x00008ba7   Thumb Code    18  api_lib_1.o(.text)
    netconn_write_vectors_partly             0x00008bb9   Thumb Code   138  api_lib_1.o(.text)
    netconn_write_partly                     0x00008c43   Thumb Code    20  api_lib_1.o(.text)
    netconn_close                            0x00008c57   Thumb Code     6  api_lib_1.o(.text)
    netconn_shutdown                         0x00008c5d   Thumb Code    14  api_lib_1.o(.text)
    lwip_netconn_is_err_msg                  0x00008cd1   Thumb Code    42  api_msg_1.o(.text)
    netconn_free                             0x000091db   Thumb Code    26  api_msg_1.o(.text)
    netconn_alloc                            0x000091f5   Thumb Code   102  api_msg_1.o(.text)
    lwip_netconn_do_newconn                  0x0000932f   Thumb Code    64  api_msg_1.o(.text)
    lwip_netconn_do_delconn                  0x00009401   Thumb Code   142  api_msg_1.o(.text)
    lwip_netconn_do_bind                     0x0000948f   Thumb Code    38  api_msg_1.o(.text)
    lwip_netconn_do_bind_if                  0x000094b5   Thumb Code    50  api_msg_1.o(.text)
    lwip_netconn_do_connect                  0x00009547   Thumb Code   174  api_msg_1.o(.text)
    lwip_netconn_do_disconnect               0x000095f5   Thumb Code     6  api_msg_1.o(.text)
    lwip_netconn_do_listen                   0x000095fb   Thumb Code   166  api_msg_1.o(.text)
    lwip_netconn_do_send                     0x000096a1   Thumb Code    20  api_msg_1.o(.text)
    lwip_netconn_do_recv                     0x000096b5   Thumb Code    66  api_msg_1.o(.text)
    lwip_netconn_do_write                    0x000096f7   Thumb Code    88  api_msg_1.o(.text)
    lwip_netconn_do_getaddr                  0x0000974f   Thumb Code    72  api_msg_1.o(.text)
    lwip_netconn_do_close                    0x00009797   Thumb Code   112  api_msg_1.o(.text)
    err_to_errno                             0x00009839   Thumb Code    24  err_1.o(.text)
    netbuf_new                               0x00009855   Thumb Code    24  netbuf_1.o(.text)
    netbuf_delete                            0x0000986d   Thumb Code    34  netbuf_1.o(.text)
    netbuf_alloc                             0x0000988f   Thumb Code    44  netbuf_1.o(.text)
    netbuf_free                              0x000098bb   Thumb Code    22  netbuf_1.o(.text)
    netbuf_ref                               0x000098d1   Thumb Code    64  netbuf_1.o(.text)
    netbuf_chain                             0x00009911   Thumb Code    38  netbuf_1.o(.text)
    netbuf_data                              0x00009937   Thumb Code    38  netbuf_1.o(.text)
    netbuf_next                              0x0000995d   Thumb Code    30  netbuf_1.o(.text)
    netbuf_first                             0x0000997b   Thumb Code    10  netbuf_1.o(.text)
    lwip_socket_thread_init                  0x00009985   Thumb Code     2  sockets_1.o(.text)
    lwip_socket_thread_cleanup               0x00009987   Thumb Code     2  sockets_1.o(.text)
    lwip_socket_dbg_get_socket               0x00009989   Thumb Code     4  sockets_1.o(.text)
    lwip_accept                              0x00009a17   Thumb Code   288  sockets_1.o(.text)
    lwip_bind                                0x00009b37   Thumb Code    82  sockets_1.o(.text)
    lwip_close                               0x00009b89   Thumb Code    72  sockets_1.o(.text)
    lwip_connect                             0x00009bd1   Thumb Code   100  sockets_1.o(.text)
    lwip_listen                              0x00009c35   Thumb Code    82  sockets_1.o(.text)
    lwip_recvfrom                            0x00009e7f   Thumb Code   208  sockets_1.o(.text)
    lwip_read                                0x00009f4f   Thumb Code    14  sockets_1.o(.text)
    lwip_recvmsg                             0x00009f5d   Thumb Code   240  sockets_1.o(.text)
    lwip_readv                               0x0000a04d   Thumb Code    32  sockets_1.o(.text)
    lwip_recv                                0x0000a06d   Thumb Code    14  sockets_1.o(.text)
    lwip_send                                0x0000a07b   Thumb Code   112  sockets_1.o(.text)
    lwip_sendmsg                             0x0000a0eb   Thumb Code   156  sockets_1.o(.text)
    lwip_sendto                              0x0000a187   Thumb Code   202  sockets_1.o(.text)
    lwip_socket                              0x0000a3d9   Thumb Code   104  sockets_1.o(.text)
    lwip_write                               0x0000a441   Thumb Code     4  sockets_1.o(.text)
    lwip_writev                              0x0000a445   Thumb Code    30  sockets_1.o(.text)
    lwip_select                              0x0000a619   Thumb Code   674  sockets_1.o(.text)
    lwip_poll                                0x0000a9ad   Thumb Code   160  sockets_1.o(.text)
    lwip_shutdown                            0x0000aa4d   Thumb Code   112  sockets_1.o(.text)
    lwip_getpeername                         0x0000ab2f   Thumb Code     4  sockets_1.o(.text)
    lwip_getsockname                         0x0000ab33   Thumb Code     4  sockets_1.o(.text)
    lwip_getsockopt                          0x0000accb   Thumb Code    84  sockets_1.o(.text)
    lwip_setsockopt                          0x0000ae8f   Thumb Code    80  sockets_1.o(.text)
    lwip_ioctl                               0x0000aedf   Thumb Code    68  sockets_1.o(.text)
    lwip_fcntl                               0x0000af23   Thumb Code   146  sockets_1.o(.text)
    lwip_inet_ntop                           0x0000afb5   Thumb Code    64  sockets_1.o(.text)
    lwip_inet_pton                           0x0000aff5   Thumb Code    36  sockets_1.o(.text)
    tcpip_inpkt                              0x0000b10f   Thumb Code    64  tcpip_1.o(.text)
    tcpip_input                              0x0000b14f   Thumb Code    18  tcpip_1.o(.text)
    tcpip_callback                           0x0000b161   Thumb Code    42  tcpip_1.o(.text)
    tcpip_try_callback                       0x0000b18b   Thumb Code    56  tcpip_1.o(.text)
    tcpip_send_msg_wait_sem                  0x0000b1c3   Thumb Code    26  tcpip_1.o(.text)
    tcpip_api_call                           0x0000b1dd   Thumb Code    28  tcpip_1.o(.text)
    tcpip_callbackmsg_new                    0x0000b1f9   Thumb Code    26  tcpip_1.o(.text)
    tcpip_callbackmsg_delete                 0x0000b213   Thumb Code     8  tcpip_1.o(.text)
    tcpip_callbackmsg_trycallback            0x0000b21b   Thumb Code    10  tcpip_1.o(.text)
    tcpip_callbackmsg_trycallback_fromisr    0x0000b225   Thumb Code    10  tcpip_1.o(.text)
    tcpip_init                               0x0000b22f   Thumb Code    52  tcpip_1.o(.text)
    pbuf_free_callback                       0x0000b267   Thumb Code     6  tcpip_1.o(.text)
    mem_free_callback                        0x0000b26d   Thumb Code     6  tcpip_1.o(.text)
    lwip_htons                               0x0000b295   Thumb Code     4  def_1.o(.text)
    lwip_htonl                               0x0000b299   Thumb Code     4  def_1.o(.text)
    lwip_strnstr                             0x0000b29d   Thumb Code    64  def_1.o(.text)
    lwip_stricmp                             0x0000b2dd   Thumb Code    46  def_1.o(.text)
    lwip_strnicmp                            0x0000b30b   Thumb Code    50  def_1.o(.text)
    lwip_itoa                                0x0000b33d   Thumb Code   100  def_1.o(.text)
    lwip_standard_chksum                     0x0000b3a1   Thumb Code    86  inet_chksum_1.o(.text)
    inet_chksum_pseudo                       0x0000b3f7   Thumb Code    40  inet_chksum_1.o(.text)
    ip_chksum_pseudo                         0x0000b41f   Thumb Code    12  inet_chksum_1.o(.text)
    inet_chksum_pseudo_partial               0x0000b42b   Thumb Code    44  inet_chksum_1.o(.text)
    ip_chksum_pseudo_partial                 0x0000b457   Thumb Code    16  inet_chksum_1.o(.text)
    inet_chksum                              0x0000b467   Thumb Code    12  inet_chksum_1.o(.text)
    inet_chksum_pbuf                         0x0000b473   Thumb Code    74  inet_chksum_1.o(.text)
    lwip_init                                0x0000b5b3   Thumb Code    34  init_1.o(.text)
    mem_init                                 0x0000b5d5   Thumb Code    62  mem_1.o(.text)
    mem_free                                 0x0000b613   Thumb Code   196  mem_1.o(.text)
    mem_trim                                 0x0000b6d7   Thumb Code   258  mem_1.o(.text)
    mem_malloc                               0x0000b7d9   Thumb Code   280  mem_1.o(.text)
    mem_calloc                               0x0000b8f1   Thumb Code    34  mem_1.o(.text)
    memp_init_pool                           0x0000b9a9   Thumb Code    46  memp_1.o(.text)
    memp_init                                0x0000b9d7   Thumb Code    40  memp_1.o(.text)
    memp_malloc_pool                         0x0000ba43   Thumb Code     8  memp_1.o(.text)
    memp_malloc                              0x0000ba4b   Thumb Code    16  memp_1.o(.text)
    memp_free_pool                           0x0000ba5b   Thumb Code    14  memp_1.o(.text)
    memp_free                                0x0000ba69   Thumb Code    20  memp_1.o(.text)
    netif_init                               0x0000baad   Thumb Code     2  netif_1.o(.text)
    netif_input                              0x0000baaf   Thumb Code    18  netif_1.o(.text)
    netif_set_addr                           0x0000bb1b   Thumb Code    92  netif_1.o(.text)
    netif_add                                0x0000bb7d   Thumb Code   148  netif_1.o(.text)
    netif_add_noaddr                         0x0000bc11   Thumb Code    18  netif_1.o(.text)
    netif_set_ipaddr                         0x0000bc23   Thumb Code    18  netif_1.o(.text)
    netif_set_netmask                        0x0000bc35   Thumb Code    16  netif_1.o(.text)
    netif_set_gw                             0x0000bc45   Thumb Code    16  netif_1.o(.text)
    netif_set_default                        0x0000bc55   Thumb Code     6  netif_1.o(.text)
    netif_set_down                           0x0000bc5b   Thumb Code    30  netif_1.o(.text)
    netif_remove                             0x0000bc79   Thumb Code    76  netif_1.o(.text)
    netif_set_up                             0x0000bcc5   Thumb Code    26  netif_1.o(.text)
    netif_set_link_up                        0x0000bcdf   Thumb Code    26  netif_1.o(.text)
    netif_set_link_down                      0x0000bcf9   Thumb Code    22  netif_1.o(.text)
    netif_find                               0x0000bd0f   Thumb Code    60  netif_1.o(.text)
    netif_name_to_index                      0x0000bd4b   Thumb Code    20  netif_1.o(.text)
    netif_get_by_index                       0x0000bd5f   Thumb Code    32  netif_1.o(.text)
    netif_index_to_name                      0x0000bd7f   Thumb Code    38  netif_1.o(.text)
    pbuf_free                                0x0000be0b   Thumb Code    86  pbuf_1.o(.text)
    pbuf_alloc_reference                     0x0000be61   Thumb Code    46  pbuf_1.o(.text)
    pbuf_alloc                               0x0000be8f   Thumb Code   254  pbuf_1.o(.text)
    pbuf_realloc                             0x0000bf8d   Thumb Code    82  pbuf_1.o(.text)
    pbuf_add_header                          0x0000c025   Thumb Code     4  pbuf_1.o(.text)
    pbuf_add_header_force                    0x0000c029   Thumb Code     4  pbuf_1.o(.text)
    pbuf_remove_header                       0x0000c02d   Thumb Code    46  pbuf_1.o(.text)
    pbuf_header                              0x0000c05b   Thumb Code     6  pbuf_1.o(.text)
    pbuf_header_force                        0x0000c061   Thumb Code     6  pbuf_1.o(.text)
    pbuf_free_header                         0x0000c067   Thumb Code    50  pbuf_1.o(.text)
    pbuf_clen                                0x0000c099   Thumb Code    18  pbuf_1.o(.text)
    pbuf_ref                                 0x0000c0ab   Thumb Code    26  pbuf_1.o(.text)
    pbuf_cat                                 0x0000c0c5   Thumb Code    40  pbuf_1.o(.text)
    pbuf_chain                               0x0000c0ed   Thumb Code    16  pbuf_1.o(.text)
    pbuf_dechain                             0x0000c0fd   Thumb Code    38  pbuf_1.o(.text)
    pbuf_copy                                0x0000c123   Thumb Code   142  pbuf_1.o(.text)
    pbuf_copy_partial                        0x0000c1b1   Thumb Code   114  pbuf_1.o(.text)
    pbuf_get_contiguous                      0x0000c223   Thumb Code    66  pbuf_1.o(.text)
    pbuf_skip                                0x0000c265   Thumb Code     4  pbuf_1.o(.text)
    pbuf_take                                0x0000c269   Thumb Code    78  pbuf_1.o(.text)
    pbuf_take_at                             0x0000c2b7   Thumb Code    84  pbuf_1.o(.text)
    pbuf_clone                               0x0000c30b   Thumb Code    30  pbuf_1.o(.text)
    pbuf_coalesce                            0x0000c329   Thumb Code    40  pbuf_1.o(.text)
    pbuf_try_get_at                          0x0000c351   Thumb Code    32  pbuf_1.o(.text)
    pbuf_get_at                              0x0000c371   Thumb Code    18  pbuf_1.o(.text)
    pbuf_put_at                              0x0000c383   Thumb Code    30  pbuf_1.o(.text)
    pbuf_memcmp                              0x0000c3a1   Thumb Code    90  pbuf_1.o(.text)
    pbuf_memfind                             0x0000c3fb   Thumb Code    58  pbuf_1.o(.text)
    pbuf_strstr                              0x0000c435   Thumb Code    50  pbuf_1.o(.text)
    stats_init                               0x0000c4a5   Thumb Code     2  stats_1.o(.text)
    tcp_init                                 0x0000c4a9   Thumb Code     2  tcp_1.o(.text)
    tcp_free                                 0x0000c4ab   Thumb Code     8  tcp_1.o(.text)
    tcp_seg_free                             0x0000c4b3   Thumb Code    28  tcp_1.o(.text)
    tcp_segs_free                            0x0000c4cf   Thumb Code    18  tcp_1.o(.text)
    tcp_free_ooseq                           0x0000c4e1   Thumb Code    20  tcp_1.o(.text)
    tcp_pcb_purge                            0x0000c4f5   Thumb Code    70  tcp_1.o(.text)
    tcp_slowtmr                              0x0000c53b   Thumb Code   702  tcp_1.o(.text)
    tcp_pcb_remove                           0x0000c849   Thumb Code    80  tcp_1.o(.text)
    tcp_close                                0x0000c9a5   Thumb Code    26  tcp_1.o(.text)
    tcp_update_rcv_ann_wnd                   0x0000c9bf   Thumb Code    52  tcp_1.o(.text)
    tcp_recved                               0x0000c9f3   Thumb Code    62  tcp_1.o(.text)
    tcp_recv_null                            0x0000ca31   Thumb Code    42  tcp_1.o(.text)
    tcp_process_refused_data                 0x0000ca5b   Thumb Code   116  tcp_1.o(.text)
    tcp_fasttmr                              0x0000cacf   Thumb Code   104  tcp_1.o(.text)
    tcp_tmr                                  0x0000cb37   Thumb Code    28  tcp_1.o(.text)
    tcp_shutdown                             0x0000cb53   Thumb Code    84  tcp_1.o(.text)
    tcp_abandon                              0x0000cba7   Thumb Code   208  tcp_1.o(.text)
    tcp_abort                                0x0000cc77   Thumb Code     4  tcp_1.o(.text)
    tcp_bind                                 0x0000ccd1   Thumb Code   166  tcp_1.o(.text)
    tcp_bind_netif                           0x0000cd77   Thumb Code    12  tcp_1.o(.text)
    tcp_listen_with_backlog_and_err          0x0000cd91   Thumb Code   196  tcp_1.o(.text)
    tcp_listen_with_backlog                  0x0000ce55   Thumb Code     4  tcp_1.o(.text)
    tcp_eff_send_mss_netif                   0x0000ce59   Thumb Code    30  tcp_1.o(.text)
    tcp_next_iss                             0x0000ce77   Thumb Code    12  tcp_1.o(.text)
    tcp_connect                              0x0000ce83   Thumb Code   328  tcp_1.o(.text)
    tcp_txnow                                0x0000cfcb   Thumb Code    28  tcp_1.o(.text)
    tcp_setprio                              0x0000cfe7   Thumb Code     8  tcp_1.o(.text)
    tcp_seg_copy                             0x0000cfef   Thumb Code    36  tcp_1.o(.text)
    tcp_alloc                                0x0000d049   Thumb Code   350  tcp_1.o(.text)
    tcp_new                                  0x0000d1a7   Thumb Code     4  tcp_1.o(.text)
    tcp_new_ip_type                          0x0000d1ab   Thumb Code     4  tcp_1.o(.text)
    tcp_arg                                  0x0000d1af   Thumb Code     8  tcp_1.o(.text)
    tcp_recv                                 0x0000d1b7   Thumb Code    10  tcp_1.o(.text)
    tcp_sent                                 0x0000d1c1   Thumb Code    10  tcp_1.o(.text)
    tcp_err                                  0x0000d1cb   Thumb Code    10  tcp_1.o(.text)
    tcp_accept                               0x0000d1d5   Thumb Code    14  tcp_1.o(.text)
    tcp_poll                                 0x0000d1e3   Thumb Code    12  tcp_1.o(.text)
    tcp_netif_ip_addr_changed                0x0000d1ef   Thumb Code    70  tcp_1.o(.text)
    tcp_debug_state_str                      0x0000d235   Thumb Code     8  tcp_1.o(.text)
    tcp_tcp_get_tcp_addrinfo                 0x0000d23d   Thumb Code    38  tcp_1.o(.text)
    tcp_input                                0x0000def9   Thumb Code  1090  tcp_in_1.o(.text)
    tcp_trigger_input_pcb_close              0x0000e33b   Thumb Code    12  tcp_in_1.o(.text)
    tcp_write                                0x0000e4a3   Thumb Code   860  tcp_out_1.o(.text)
    tcp_split_unsent_seg                     0x0000e7ff   Thumb Code   298  tcp_out_1.o(.text)
    tcp_enqueue_flags                        0x0000e929   Thumb Code   150  tcp_out_1.o(.text)
    tcp_send_fin                             0x0000e9bf   Thumb Code    68  tcp_out_1.o(.text)
    tcp_send_empty_ack                       0x0000ebc5   Thumb Code    70  tcp_out_1.o(.text)
    tcp_output                               0x0000ec0b   Thumb Code   496  tcp_out_1.o(.text)
    tcp_rexmit_rto_prepare                   0x0000edfb   Thumb Code   102  tcp_out_1.o(.text)
    tcp_rexmit_rto_commit                    0x0000ee61   Thumb Code    16  tcp_out_1.o(.text)
    tcp_rexmit_rto                           0x0000ee71   Thumb Code    22  tcp_out_1.o(.text)
    tcp_rexmit                               0x0000ee87   Thumb Code   100  tcp_out_1.o(.text)
    tcp_rexmit_fast                          0x0000eeeb   Thumb Code    92  tcp_out_1.o(.text)
    tcp_rst                                  0x0000ef47   Thumb Code    72  tcp_out_1.o(.text)
    tcp_keepalive                            0x0000ef8f   Thumb Code    48  tcp_out_1.o(.text)
    tcp_zero_window_probe                    0x0000efbf   Thumb Code   170  tcp_out_1.o(.text)
    sys_timeout                              0x0000f0d3   Thumb Code    24  timeouts.o(.text)
    tcp_timer_needed                         0x0000f111   Thumb Code    34  timeouts.o(.text)
    sys_timeouts_init                        0x0000f163   Thumb Code    28  timeouts.o(.text)
    sys_untimeout                            0x0000f17f   Thumb Code    56  timeouts.o(.text)
    sys_check_timeouts                       0x0000f1b7   Thumb Code    60  timeouts.o(.text)
    sys_restart_timeouts                     0x0000f1f3   Thumb Code    36  timeouts.o(.text)
    sys_timeouts_sleeptime                   0x0000f217   Thumb Code    34  timeouts.o(.text)
    icmp_input                               0x0000f251   Thumb Code   394  icmp_1.o(.text)
    icmp_dest_unreach                        0x0000f3db   Thumb Code     8  icmp_1.o(.text)
    ip4_route                                0x0000f471   Thumb Code    94  ip4.o(.text)
    ip4_input                                0x0000f4f7   Thumb Code   490  ip4.o(.text)
    ip4_output_if_src                        0x0000f6e1   Thumb Code   218  ip4.o(.text)
    ip4_output_if                            0x0000f7bb   Thumb Code    30  ip4.o(.text)
    ip4_output                               0x0000f7d9   Thumb Code    60  ip4.o(.text)
    ip4_addr_isbroadcast_u32                 0x0000f82d   Thumb Code    46  ip4_addr.o(.text)
    ip4_addr_netmask_valid                   0x0000f85b   Thumb Code    38  ip4_addr.o(.text)
    ip4addr_aton                             0x0000f881   Thumb Code   266  ip4_addr.o(.text)
    ipaddr_addr                              0x0000f98b   Thumb Code    20  ip4_addr.o(.text)
    ip4addr_ntoa_r                           0x0000f99f   Thumb Code   118  ip4_addr.o(.text)
    ip4addr_ntoa                             0x0000fa15   Thumb Code     6  ip4_addr.o(.text)
    __rt_ctype_table                         0x0000fa21   Thumb Code     4  ctype_o.o(.text)
    isspace                                  0x0000fa29   Thumb Code    18  isspace_o.o(.text)
    ___aeabi_memcpy4$move                    0x0000fa3b   Thumb Code     0  memmovea.o(.text)
    ___aeabi_memcpy8$move                    0x0000fa3b   Thumb Code     0  memmovea.o(.text)
    __aeabi_memcpy                           0x0000fa3b   Thumb Code    64  memmovea.o(.text)
    __aeabi_memmove                          0x0000fa3b   Thumb Code     0  memmovea.o(.text)
    __aeabi_memmove4                         0x0000fa3b   Thumb Code     0  memmovea.o(.text)
    __aeabi_memmove8                         0x0000fa3b   Thumb Code     0  memmovea.o(.text)
    __aeabi_memset                           0x0000fa7b   Thumb Code    14  memseta.o(.text)
    __aeabi_memset4                          0x0000fa7b   Thumb Code     0  memseta.o(.text)
    __aeabi_memset8                          0x0000fa7b   Thumb Code     0  memseta.o(.text)
    __aeabi_memclr                           0x0000fa89   Thumb Code     4  memseta.o(.text)
    __aeabi_memclr4                          0x0000fa89   Thumb Code     0  memseta.o(.text)
    __aeabi_memclr8                          0x0000fa89   Thumb Code     0  memseta.o(.text)
    _memset$wrapper                          0x0000fa8d   Thumb Code    18  memseta.o(.text)
    strstr                                   0x0000fa9f   Thumb Code    36  strstr.o(.text)
    strncpy                                  0x0000fac3   Thumb Code    24  strncpy.o(.text)
    strchr                                   0x0000fadb   Thumb Code    20  strchr.o(.text)
    strlen                                   0x0000faef   Thumb Code    14  strlen.o(.text)
    strcmp                                   0x0000fafd   Thumb Code    28  strcmp.o(.text)
    memcmp                                   0x0000fb19   Thumb Code    26  memcmp.o(.text)
    strncmp                                  0x0000fb33   Thumb Code    30  strncmp.o(.text)
    strtok                                   0x0000fb51   Thumb Code    62  strtok.o(.text)
    __0sscanf                                0x0000fb95   Thumb Code    48  __0sscanf.o(.text)
    _scanf_int                               0x0000fbcd   Thumb Code   332  _scanf_int.o(.text)
    atoi                                     0x0000fd19   Thumb Code    26  atoi.o(.text)
    _chval                                   0x0000fd33   Thumb Code    28  _chval.o(.text)
    __vfscanf_char                           0x0000fd5d   Thumb Code    20  scanf_char.o(.text)
    _sgetc                                   0x0000fd79   Thumb Code    30  _sgetc.o(.text)
    _sbackspace                              0x0000fd97   Thumb Code    34  _sgetc.o(.text)
    strtol                                   0x0000fdb9   Thumb Code   112  strtol.o(.text)
    __scatterload                            0x0000fe29   Thumb Code    28  init.o(.text)
    __scatterload_rt2                        0x0000fe29   Thumb Code     0  init.o(.text)
    __vfscanf                                0x0000fe4d   Thumb Code   810  _scanf.o(.text)
    _strtoul                                 0x0001017d   Thumb Code   158  _strtoul.o(.text)
    __decompress                             0x0001021b   Thumb Code     0  __dczerorl2.o(.text)
    __decompress1                            0x0001021b   Thumb Code    86  __dczerorl2.o(.text)
    __0snprintf$2                            0x00010271   Thumb Code    48  printf2.o(i.__0snprintf$2)
    __1snprintf$2                            0x00010271   Thumb Code     0  printf2.o(i.__0snprintf$2)
    __2snprintf                              0x00010271   Thumb Code     0  printf2.o(i.__0snprintf$2)
    __aeabi_errno_addr                       0x000102a5   Thumb Code     4  errno.o(i.__aeabi_errno_addr)
    __rt_errno_addr                          0x000102a5   Thumb Code     0  errno.o(i.__aeabi_errno_addr)
    __free$realloc                           0x000102ad   Thumb Code    88  mallocr.o(i.__free$realloc)
    __malloc$realloc                         0x00010309   Thumb Code    64  mallocr.o(i.__malloc$realloc)
    __scatterload_copy                       0x00010359   Thumb Code    14  handlers.o(i.__scatterload_copy)
    __scatterload_null                       0x00010367   Thumb Code     2  handlers.o(i.__scatterload_null)
    __scatterload_zeroinit                   0x00010369   Thumb Code    14  handlers.o(i.__scatterload_zeroinit)
    realloc                                  0x000104b5   Thumb Code   102  mallocr.o(i.realloc)
    g_pcTagLeadIn                            0x00010520   Data           4  httpd.o(.constdata)
    g_pcTagLeadOut                           0x00010524   Data           4  httpd.o(.constdata)
    g_psDefaultFilenames                     0x00010528   Data          40  httpd.o(.constdata)
    file_success_htm                         0x000111d8   Data          16  lmi_fs.o(.constdata)
    file_index_shtml                         0x000111e8   Data          16  lmi_fs.o(.constdata)
    file_format_error_htm                    0x000111f8   Data          16  lmi_fs.o(.constdata)
    file_404_htm                             0x00011208   Data          16  lmi_fs.o(.constdata)
    ethbroadcast                             0x00011bfc   Data           6  etharp.o(.constdata)
    ethzero                                  0x00011c02   Data           6  etharp.o(.constdata)
    netconn_aborted                          0x00011c1c   Data           1  api_msg_1.o(.constdata)
    netconn_reset                            0x00011c1d   Data           1  api_msg_1.o(.constdata)
    netconn_closed                           0x00011c1e   Data           1  api_msg_1.o(.constdata)
    memp_TCP_PCB                             0x00011c64   Data          16  memp_1.o(.constdata)
    memp_TCP_PCB_LISTEN                      0x00011c74   Data          16  memp_1.o(.constdata)
    memp_TCP_SEG                             0x00011c84   Data          16  memp_1.o(.constdata)
    memp_NETBUF                              0x00011c94   Data          16  memp_1.o(.constdata)
    memp_NETCONN                             0x00011ca4   Data          16  memp_1.o(.constdata)
    memp_TCPIP_MSG_API                       0x00011cb4   Data          16  memp_1.o(.constdata)
    memp_TCPIP_MSG_INPKT                     0x00011cc4   Data          16  memp_1.o(.constdata)
    memp_ARP_QUEUE                           0x00011cd4   Data          16  memp_1.o(.constdata)
    memp_SYS_TIMEOUT                         0x00011ce4   Data          16  memp_1.o(.constdata)
    memp_PBUF                                0x00011cf4   Data          16  memp_1.o(.constdata)
    memp_PBUF_POOL                           0x00011d04   Data          16  memp_1.o(.constdata)
    memp_pools                               0x00011d14   Data          44  memp_1.o(.constdata)
    tcp_pcb_lists                            0x00011d84   Data          16  tcp_1.o(.constdata)
    lwip_cyclic_timers                       0x00011d94   Data          16  timeouts.o(.constdata)
    ip_addr_any                              0x00011da4   Data           4  ip4_addr.o(.constdata)
    __ctype_table                            0x00011da8   Data         129  ctype_o.o(.constdata)
    Region$$Table$$Base                      0x000126f8   Number         0  anon$$obj.o(Region$$Table)
    Region$$Table$$Limit                     0x00012718   Number         0  anon$$obj.o(Region$$Table)
    g_pfnSSIHandler                          0x20000000   Data           4  httpd.o(.data)
    g_iNumTags                               0x20000004   Data           4  httpd.o(.data)
    g_ppcTags                                0x20000008   Data           4  httpd.o(.data)
    g_pCGIs                                  0x2000000c   Data           4  httpd.o(.data)
    g_iNumCGIs                               0x20000010   Data           4  httpd.o(.data)
    g_pcSSIExtensions                        0x20000014   Data          16  httpd.o(.data)
    g_psHTTPHeaderStrings                    0x20000024   Data          72  httpd.o(.data)
    g_psHTTPHeaders                          0x2000006c   Data         136  httpd.o(.data)
    modbusSlaveDefaultFunctions              0x200000fc   Data          80  mb_cvt.o(.data)
    modbusMasterDefaultFunctions             0x2000014c   Data          80  mb_cvt.o(.data)
    g_sCmdTable                              0x2000019c   Data          84  cmd.o(.data)
    ui32Index                                0x200001f0   Data           4  user_epprom.o(.data)
    timeout                                  0x200001f4   Data           4  webserver.o(.data)
    g_pInterrupt                             0x2000021c   Data           4  lwiplib.o(.data)
    g_bNetStatus                             0x20000238   Data           1  network.o(.data)
    timer_count                              0x2000023c   Data           4  network.o(.data)
    xInsideISR                               0x20000240   Data           4  sys_arch.o(.data)
    pxCurrentTCB                             0x20000264   Data           4  tasks.o(.data)
    lock_tcpip_core                          0x200002b0   Data           4  tcpip_1.o(.data)
    netif_list                               0x200002f4   Data           4  netif_1.o(.data)
    netif_default                            0x200002f8   Data           4  netif_1.o(.data)
    pbuf_free_ooseq_pending                  0x200002fc   Data           1  pbuf_1.o(.data)
    tcp_active_pcbs_changed                  0x20000300   Data           1  tcp_1.o(.data)
    tcp_ticks                                0x2000030c   Data           4  tcp_1.o(.data)
    tcp_bound_pcbs                           0x20000310   Data           4  tcp_1.o(.data)
    tcp_listen_pcbs                          0x20000314   Data           4  tcp_1.o(.data)
    tcp_active_pcbs                          0x20000318   Data           4  tcp_1.o(.data)
    tcp_tw_pcbs                              0x2000031c   Data           4  tcp_1.o(.data)
    tcp_input_pcb                            0x20000340   Data           4  tcp_in_1.o(.data)
    __microlib_freelist                      0x2000035c   Data           4  mvars.o(.data)
    __microlib_freelist_initialised          0x20000360   Data           4  mvars.o(.data)
    xQueueRegistry                           0x20006d60   Data          80  queue.o(.bss)
    ip_data                                  0x20006f80   Data          24  ip_1.o(.bss)
    ram_heap                                 0x20006f98   Data        4115  mem_1.o(.bss)
    memp_memory_TCP_PCB_base                 0x20007fab   Data         783  memp_1.o(.bss)
    memp_memory_TCP_PCB_LISTEN_base          0x200082c4   Data         227  memp_1.o(.bss)
    memp_memory_TCP_SEG_base                 0x200083b2   Data         419  memp_1.o(.bss)
    memp_memory_NETBUF_base                  0x20008560   Data          35  memp_1.o(.bss)
    memp_memory_NETCONN_base                 0x2000858e   Data         179  memp_1.o(.bss)
    memp_memory_TCPIP_MSG_API_base           0x2000864c   Data          67  memp_1.o(.bss)
    memp_memory_TCPIP_MSG_INPKT_base         0x2000869a   Data          67  memp_1.o(.bss)
    memp_memory_ARP_QUEUE_base               0x200086e8   Data         243  memp_1.o(.bss)
    memp_memory_SYS_TIMEOUT_base             0x200087e6   Data         131  memp_1.o(.bss)
    memp_memory_PBUF_base                    0x20008874   Data         259  memp_1.o(.bss)
    memp_memory_PBUF_POOL_base               0x20008982   Data        8707  memp_1.o(.bss)
    lwip_stats                               0x2000ab90   Data         196  stats_1.o(.bss)
    __heap_base                              0x2000ac78   Data           0  startup.o(HEAP)
    __heap_limit                             0x2000ac78   Data           0  startup.o(HEAP)
    __initial_sp                             0x2000b078   Data           0  startup.o(STACK)



==============================================================================

Memory Map of the image

  Image Entry point : 0x00000279

  Load Region LR_IROM1 (Base: 0x00000000, Size: 0x00012d84, Max: 0x00040000, ABSOLUTE, COMPRESSED[0x00012868])

    Execution Region ER_IROM1 (Exec base: 0x00000000, Load base: 0x00000000, Size: 0x00012718, Max: 0x00040000, ABSOLUTE)

    Exec Addr    Load Addr    Size         Type   Attr      Idx    E Section Name        Object

    0x00000000   0x00000000   0x00000278   Code   RO          183    RESET               startup.o
    0x00000278   0x00000278   0x00000000   Code   RO         1901  * .ARM.Collect$$$$00000000  mc_w.l(entry.o)
    0x00000278   0x00000278   0x00000004   Code   RO         2259    .ARM.Collect$$$$00000001  mc_w.l(entry2.o)
    0x0000027c   0x0000027c   0x00000004   Code   RO         2262    .ARM.Collect$$$$00000004  mc_w.l(entry5.o)
    0x00000280   0x00000280   0x00000000   Code   RO         2264    .ARM.Collect$$$$00000008  mc_w.l(entry7b.o)
    0x00000280   0x00000280   0x00000000   Code   RO         2266    .ARM.Collect$$$$0000000A  mc_w.l(entry8b.o)
    0x00000280   0x00000280   0x00000008   Code   RO         2267    .ARM.Collect$$$$0000000B  mc_w.l(entry9a.o)
    0x00000288   0x00000288   0x00000004   Code   RO         2274    .ARM.Collect$$$$0000000E  mc_w.l(entry12b.o)
    0x0000028c   0x0000028c   0x00000000   Code   RO         2269    .ARM.Collect$$$$0000000F  mc_w.l(entry10a.o)
    0x0000028c   0x0000028c   0x00000000   Code   RO         2271    .ARM.Collect$$$$00000011  mc_w.l(entry11a.o)
    0x0000028c   0x0000028c   0x00000004   Code   RO         2260    .ARM.Collect$$$$00002712  mc_w.l(entry2.o)
    0x00000290   0x00000290   0x00000026   Code   RO          589    .emb_text           cpu.o
    0x000002b6   0x000002b6   0x00000002   PAD
    0x000002b8   0x000002b8   0x00000006   Code   RO          684    .emb_text           sysctl.o
    0x000002be   0x000002be   0x00000002   PAD
    0x000002c0   0x000002c0   0x0000008c   Code   RO         1109    .emb_text           port.o
    0x0000034c   0x0000034c   0x0000008c   Code   RO            1    .text               main.o
    0x000003d8   0x000003d8   0x000001b0   Code   RO          188    .text               fifo.o
    0x00000588   0x00000588   0x000001e4   Code   RO          204    .text               cgifuncs.o
    0x0000076c   0x0000076c   0x00000978   Code   RO          220    .text               httpd.o
    0x000010e4   0x000010e4   0x0000022c   Code   RO          323    .text               lmi_fs.o
    0x00001310   0x00001310   0x00001df0   Code   RO          423    .text               mb_cvt.o
    0x00003100   0x00003100   0x00000968   Code   RO          505    .text               cmd.o
    0x00003a68   0x00003a68   0x000003e4   Code   RO          540    .text               user_epprom.o
    0x00003e4c   0x00003e4c   0x00000494   Code   RO          559    .text               webserver.o
    0x000042e0   0x000042e0   0x00000090   Code   RO          577    .text               bsp.o
    0x00004370   0x00004370   0x000002e0   Code   RO          602    .text               ethernet.o
    0x00004650   0x00004650   0x000005fc   Code   RO          627    .text               gpio.o
    0x00004c4c   0x00004c4c   0x00000254   Code   RO          645    .text               interrupt.o
    0x00004ea0   0x00004ea0   0x000008fc   Code   RO          685    .text               sysctl.o
    0x0000579c   0x0000579c   0x000002a4   Code   RO          739    .text               uart.o
    0x00005a40   0x00005a40   0x00000238   Code   RO          757    .text               i2c.o
    0x00005c78   0x00005c78   0x000000b8   Code   RO          778    .text               watchdog.o
    0x00005d30   0x00005d30   0x00000204   Code   RO          796    .text               lwiplib.o
    0x00005f34   0x00005f34   0x00000540   Code   RO          833    .text               ustdlib.o
    0x00006474   0x00006474   0x000002c0   Code   RO          850    .text               uartstdio.o
    0x00006734   0x00006734   0x00000064   Code   RO          872    .text               cmdline.o
    0x00006798   0x00006798   0x000001dc   Code   RO          885    .text               crc.o
    0x00006974   0x00006974   0x00000208   Code   RO          899    .text               network.o
    0x00006b7c   0x00006b7c   0x00000300   Code   RO          921    .text               sys_arch.o
    0x00006e7c   0x00006e7c   0x000002e8   Code   RO          974    .text               stellarisif.o
    0x00007164   0x00007164   0x000006cc   Code   RO         1013    .text               etharp.o
    0x00007830   0x00007830   0x000000f4   Code   RO         1076    .text               heap_2.o
    0x00007924   0x00007924   0x0000008c   Code   RO         1097    .text               list.o
    0x000079b0   0x000079b0   0x000000a0   Code   RO         1110    .text               port.o
    0x00007a50   0x00007a50   0x00000498   Code   RO         1127    .text               queue.o
    0x00007ee8   0x00007ee8   0x00000890   Code   RO         1145    .text               tasks.o
    0x00008778   0x00008778   0x00000558   Code   RO         1173    .text               api_lib_1.o
    0x00008cd0   0x00008cd0   0x00000b68   Code   RO         1211    .text               api_msg_1.o
    0x00009838   0x00009838   0x0000001c   Code   RO         1248    .text               err_1.o
    0x00009854   0x00009854   0x00000130   Code   RO         1266    .text               netbuf_1.o
    0x00009984   0x00009984   0x000016ec   Code   RO         1296    .text               sockets_1.o
    0x0000b070   0x0000b070   0x00000224   Code   RO         1323    .text               tcpip_1.o
    0x0000b294   0x0000b294   0x0000010c   Code   RO         1373    .text               def_1.o
    0x0000b3a0   0x0000b3a0   0x00000212   Code   RO         1391    .text               inet_chksum_1.o
    0x0000b5b2   0x0000b5b2   0x00000022   Code   RO         1406    .text               init_1.o
    0x0000b5d4   0x0000b5d4   0x000003d4   Code   RO         1463    .text               mem_1.o
    0x0000b9a8   0x0000b9a8   0x00000104   Code   RO         1479    .text               memp_1.o
    0x0000baac   0x0000baac   0x00000334   Code   RO         1578    .text               netif_1.o
    0x0000bde0   0x0000bde0   0x000006c4   Code   RO         1614    .text               pbuf_1.o
    0x0000c4a4   0x0000c4a4   0x00000002   Code   RO         1636    .text               stats_1.o
    0x0000c4a6   0x0000c4a6   0x00000002   PAD
    0x0000c4a8   0x0000c4a8   0x00000de8   Code   RO         1673    .text               tcp_1.o
    0x0000d290   0x0000d290   0x00001120   Code   RO         1698    .text               tcp_in_1.o
    0x0000e3b0   0x0000e3b0   0x00000cd8   Code   RO         1735    .text               tcp_out_1.o
    0x0000f088   0x0000f088   0x000001c8   Code   RO         1755    .text               timeouts.o
    0x0000f250   0x0000f250   0x00000220   Code   RO         1797    .text               icmp_1.o
    0x0000f470   0x0000f470   0x000003bc   Code   RO         1818    .text               ip4.o
    0x0000f82c   0x0000f82c   0x000001f4   Code   RO         1835    .text               ip4_addr.o
    0x0000fa20   0x0000fa20   0x00000008   Code   RO         1909    .text               mc_w.l(ctype_o.o)
    0x0000fa28   0x0000fa28   0x00000012   Code   RO         1931    .text               mc_w.l(isspace_o.o)
    0x0000fa3a   0x0000fa3a   0x00000040   Code   RO         1939    .text               mc_w.l(memmovea.o)
    0x0000fa7a   0x0000fa7a   0x00000024   Code   RO         1941    .text               mc_w.l(memseta.o)
    0x0000fa9e   0x0000fa9e   0x00000024   Code   RO         1943    .text               mc_w.l(strstr.o)
    0x0000fac2   0x0000fac2   0x00000018   Code   RO         1945    .text               mc_w.l(strncpy.o)
    0x0000fada   0x0000fada   0x00000014   Code   RO         1947    .text               mc_w.l(strchr.o)
    0x0000faee   0x0000faee   0x0000000e   Code   RO         1949    .text               mc_w.l(strlen.o)
    0x0000fafc   0x0000fafc   0x0000001c   Code   RO         1951    .text               mc_w.l(strcmp.o)
    0x0000fb18   0x0000fb18   0x0000001a   Code   RO         1953    .text               mc_w.l(memcmp.o)
    0x0000fb32   0x0000fb32   0x0000001e   Code   RO         1955    .text               mc_w.l(strncmp.o)
    0x0000fb50   0x0000fb50   0x00000044   Code   RO         1957    .text               mc_w.l(strtok.o)
    0x0000fb94   0x0000fb94   0x00000038   Code   RO         2253    .text               mc_w.l(__0sscanf.o)
    0x0000fbcc   0x0000fbcc   0x0000014c   Code   RO         2255    .text               mc_w.l(_scanf_int.o)
    0x0000fd18   0x0000fd18   0x0000001a   Code   RO         2257    .text               mc_w.l(atoi.o)
    0x0000fd32   0x0000fd32   0x0000001c   Code   RO         2282    .text               mc_w.l(_chval.o)
    0x0000fd4e   0x0000fd4e   0x00000002   PAD
    0x0000fd50   0x0000fd50   0x00000028   Code   RO         2284    .text               mc_w.l(scanf_char.o)
    0x0000fd78   0x0000fd78   0x00000040   Code   RO         2286    .text               mc_w.l(_sgetc.o)
    0x0000fdb8   0x0000fdb8   0x00000070   Code   RO         2288    .text               mc_w.l(strtol.o)
    0x0000fe28   0x0000fe28   0x00000024   Code   RO         2301    .text               mc_w.l(init.o)
    0x0000fe4c   0x0000fe4c   0x00000330   Code   RO         2311    .text               mc_w.l(_scanf.o)
    0x0001017c   0x0001017c   0x0000009e   Code   RO         2313    .text               mc_w.l(_strtoul.o)
    0x0001021a   0x0001021a   0x00000056   Code   RO         2328    .text               mc_w.l(__dczerorl2.o)
    0x00010270   0x00010270   0x00000034   Code   RO         2035    i.__0snprintf$2     mc_w.l(printf2.o)
    0x000102a4   0x000102a4   0x00000008   Code   RO         2246    i.__aeabi_errno_addr  mc_w.l(errno.o)
    0x000102ac   0x000102ac   0x0000005c   Code   RO         2228    i.__free$realloc    mc_w.l(mallocr.o)
    0x00010308   0x00010308   0x00000050   Code   RO         2229    i.__malloc$realloc  mc_w.l(mallocr.o)
    0x00010358   0x00010358   0x0000000e   Code   RO         2322    i.__scatterload_copy  mc_w.l(handlers.o)
    0x00010366   0x00010366   0x00000002   Code   RO         2323    i.__scatterload_null  mc_w.l(handlers.o)
    0x00010368   0x00010368   0x0000000e   Code   RO         2324    i.__scatterload_zeroinit  mc_w.l(handlers.o)
    0x00010376   0x00010376   0x000000d6   Code   RO         2041    i._printf_core      mc_w.l(printf2.o)
    0x0001044c   0x0001044c   0x00000016   Code   RO         2042    i._snputc           mc_w.l(printf2.o)
    0x00010462   0x00010462   0x00000002   PAD
    0x00010464   0x00010464   0x00000050   Code   RO         2230    i.internal_alloc    mc_w.l(mallocr.o)
    0x000104b4   0x000104b4   0x0000006c   Code   RO         2231    i.realloc           mc_w.l(mallocr.o)
    0x00010520   0x00010520   0x00000030   Data   RO          221    .constdata          httpd.o
    0x00010550   0x00010550   0x000000d9   Data   RO          325    .constdata          lmi_fs.o
    0x00010629   0x00010629   0x000000dc   Data   RO          326    .constdata          lmi_fs.o
    0x00010705   0x00010705   0x000009de   Data   RO          327    .constdata          lmi_fs.o
    0x000110e3   0x000110e3   0x000000f5   Data   RO          328    .constdata          lmi_fs.o
    0x000111d8   0x000111d8   0x00000010   Data   RO          329    .constdata          lmi_fs.o
    0x000111e8   0x000111e8   0x00000010   Data   RO          330    .constdata          lmi_fs.o
    0x000111f8   0x000111f8   0x00000010   Data   RO          331    .constdata          lmi_fs.o
    0x00011208   0x00011208   0x00000010   Data   RO          332    .constdata          lmi_fs.o
    0x00011218   0x00011218   0x000002f4   Data   RO          432    .constdata          mb_cvt.o
    0x0001150c   0x0001150c   0x00000008   Data   RO          561    .constdata          webserver.o
    0x00011514   0x00011514   0x00000078   Data   RO          628    .constdata          gpio.o
    0x0001158c   0x0001158c   0x00000104   Data   RO          646    .constdata          interrupt.o
    0x00011690   0x00011690   0x000001c4   Data   RO          686    .constdata          sysctl.o
    0x00011854   0x00011854   0x00000040   Data   RO          740    .constdata          uart.o
    0x00011894   0x00011894   0x00000030   Data   RO          758    .constdata          i2c.o
    0x000118c4   0x000118c4   0x0000001c   Data   RO          834    .constdata          ustdlib.o
    0x000118e0   0x000118e0   0x0000001c   Data   RO          851    .constdata          uartstdio.o
    0x000118fc   0x000118fc   0x00000300   Data   RO          886    .constdata          crc.o
    0x00011bfc   0x00011bfc   0x0000000c   Data   RO         1015    .constdata          etharp.o
    0x00011c08   0x00011c08   0x00000014   Data   RO         1147    .constdata          tasks.o
    0x00011c1c   0x00011c1c   0x00000003   Data   RO         1212    .constdata          api_msg_1.o
    0x00011c1f   0x00011c1f   0x00000001   PAD
    0x00011c20   0x00011c20   0x00000044   Data   RO         1249    .constdata          err_1.o
    0x00011c64   0x00011c64   0x00000010   Data   RO         1502    .constdata          memp_1.o
    0x00011c74   0x00011c74   0x00000010   Data   RO         1503    .constdata          memp_1.o
    0x00011c84   0x00011c84   0x00000010   Data   RO         1504    .constdata          memp_1.o
    0x00011c94   0x00011c94   0x00000010   Data   RO         1505    .constdata          memp_1.o
    0x00011ca4   0x00011ca4   0x00000010   Data   RO         1506    .constdata          memp_1.o
    0x00011cb4   0x00011cb4   0x00000010   Data   RO         1507    .constdata          memp_1.o
    0x00011cc4   0x00011cc4   0x00000010   Data   RO         1508    .constdata          memp_1.o
    0x00011cd4   0x00011cd4   0x00000010   Data   RO         1509    .constdata          memp_1.o
    0x00011ce4   0x00011ce4   0x00000010   Data   RO         1510    .constdata          memp_1.o
    0x00011cf4   0x00011cf4   0x00000010   Data   RO         1511    .constdata          memp_1.o
    0x00011d04   0x00011d04   0x00000010   Data   RO         1512    .constdata          memp_1.o
    0x00011d14   0x00011d14   0x0000002c   Data   RO         1513    .constdata          memp_1.o
    0x00011d40   0x00011d40   0x00000054   Data   RO         1674    .constdata          tcp_1.o
    0x00011d94   0x00011d94   0x00000010   Data   RO         1756    .constdata          timeouts.o
    0x00011da4   0x00011da4   0x00000004   Data   RO         1837    .constdata          ip4_addr.o
    0x00011da8   0x00011da8   0x00000081   Data   RO         1910    .constdata          mc_w.l(ctype_o.o)
    0x00011e29   0x00011e29   0x00000003   PAD
    0x00011e2c   0x00011e2c   0x00000004   Data   RO         1911    .constdata          mc_w.l(ctype_o.o)
    0x00011e30   0x00011e30   0x00000047   Data   RO            2    .conststring        main.o
    0x00011e77   0x00011e77   0x00000001   PAD
    0x00011e78   0x00011e78   0x0000038c   Data   RO          222    .conststring        httpd.o
    0x00012204   0x00012204   0x00000095   Data   RO          507    .conststring        cmd.o
    0x00012299   0x00012299   0x00000003   PAD
    0x0001229c   0x0001229c   0x000003cf   Data   RO          562    .conststring        webserver.o
    0x0001266b   0x0001266b   0x00000001   PAD
    0x0001266c   0x0001266c   0x00000011   Data   RO          835    .conststring        ustdlib.o
    0x0001267d   0x0001267d   0x00000003   PAD
    0x00012680   0x00012680   0x00000075   Data   RO         1675    .conststring        tcp_1.o
    0x000126f5   0x000126f5   0x00000003   PAD
    0x000126f8   0x000126f8   0x00000020   Data   RO         2320    Region$$Table       anon$$obj.o


    Execution Region RW_IRAM1 (Exec base: 0x20000000, Load base: 0x00012718, Size: 0x0000b078, Max: 0x00010000, ABSOLUTE, COMPRESSED[0x00000150])

    Exec Addr    Load Addr    Size         Type   Attr      Idx    E Section Name        Object

    0x20000000   COMPRESSED   0x000000f4   Data   RW          223    .data               httpd.o
    0x200000f4   COMPRESSED   0x00000008   Data   RW          333    .data               lmi_fs.o
    0x200000fc   COMPRESSED   0x000000a0   Data   RW          433    .data               mb_cvt.o
    0x2000019c   COMPRESSED   0x00000054   Data   RW          508    .data               cmd.o
    0x200001f0   COMPRESSED   0x00000004   Data   RW          541    .data               user_epprom.o
    0x200001f4   COMPRESSED   0x00000020   Data   RW          563    .data               webserver.o
    0x20000214   COMPRESSED   0x00000018   Data   RW          798    .data               lwiplib.o
    0x2000022c   COMPRESSED   0x00000004   Data   RW          836    .data               ustdlib.o
    0x20000230   COMPRESSED   0x00000008   Data   RW          853    .data               uartstdio.o
    0x20000238   COMPRESSED   0x00000008   Data   RW          904    .data               network.o
    0x20000240   COMPRESSED   0x00000004   Data   RW          922    .data               sys_arch.o
    0x20000244   COMPRESSED   0x00000001   Data   RW         1016    .data               etharp.o
    0x20000245   COMPRESSED   0x00000003   PAD
    0x20000248   COMPRESSED   0x00000018   Data   RW         1078    .data               heap_2.o
    0x20000260   COMPRESSED   0x00000004   Data   RW         1111    .data               port.o
    0x20000264   COMPRESSED   0x0000003c   Data   RW         1148    .data               tasks.o
    0x200002a0   COMPRESSED   0x00000004   Data   RW         1298    .data               sockets_1.o
    0x200002a4   COMPRESSED   0x00000010   Data   RW         1324    .data               tcpip_1.o
    0x200002b4   COMPRESSED   0x00000010   Data   RW         1465    .data               mem_1.o
    0x200002c4   COMPRESSED   0x00000004   Data   RW         1514    .data               memp_1.o
    0x200002c8   COMPRESSED   0x00000004   Data   RW         1515    .data               memp_1.o
    0x200002cc   COMPRESSED   0x00000004   Data   RW         1516    .data               memp_1.o
    0x200002d0   COMPRESSED   0x00000004   Data   RW         1517    .data               memp_1.o
    0x200002d4   COMPRESSED   0x00000004   Data   RW         1518    .data               memp_1.o
    0x200002d8   COMPRESSED   0x00000004   Data   RW         1519    .data               memp_1.o
    0x200002dc   COMPRESSED   0x00000004   Data   RW         1520    .data               memp_1.o
    0x200002e0   COMPRESSED   0x00000004   Data   RW         1521    .data               memp_1.o
    0x200002e4   COMPRESSED   0x00000004   Data   RW         1522    .data               memp_1.o
    0x200002e8   COMPRESSED   0x00000004   Data   RW         1523    .data               memp_1.o
    0x200002ec   COMPRESSED   0x00000004   Data   RW         1524    .data               memp_1.o
    0x200002f0   COMPRESSED   0x0000000c   Data   RW         1579    .data               netif_1.o
    0x200002fc   COMPRESSED   0x00000001   Data   RW         1615    .data               pbuf_1.o
    0x200002fd   COMPRESSED   0x00000003   PAD
    0x20000300   COMPRESSED   0x00000020   Data   RW         1676    .data               tcp_1.o
    0x20000320   COMPRESSED   0x00000024   Data   RW         1700    .data               tcp_in_1.o
    0x20000344   COMPRESSED   0x0000000c   Data   RW         1758    .data               timeouts.o
    0x20000350   COMPRESSED   0x00000002   Data   RW         1819    .data               ip4.o
    0x20000352   COMPRESSED   0x00000002   PAD
    0x20000354   COMPRESSED   0x00000004   Data   RW         1958    .data               mc_w.l(strtok.o)
    0x20000358   COMPRESSED   0x00000004   Data   RW         2249    .data               mc_w.l(errno.o)
    0x2000035c   COMPRESSED   0x00000004   Data   RW         2280    .data               mc_w.l(mvars.o)
    0x20000360   COMPRESSED   0x00000004   Data   RW         2281    .data               mc_w.l(mvars.o)
    0x20000364   COMPRESSED   0x0000009c   PAD
    0x20000400   COMPRESSED   0x0000026c   Data   RW          647    vtable              interrupt.o
    0x2000066c        -       0x00000030   Zero   RW          324    .bss                lmi_fs.o
    0x2000069c        -       0x00000310   Zero   RW          424    .bss                mb_cvt.o
    0x200009ac        -       0x00000210   Zero   RW          506    .bss                cmd.o
    0x20000bbc        -       0x00000030   Zero   RW          797    .bss                lwiplib.o
    0x20000bec        -       0x00000024   Zero   RW          873    .bss                cmdline.o
    0x20000c10        -       0x00000060   Zero   RW          975    .bss                stellarisif.o
    0x20000c70        -       0x000000f0   Zero   RW         1014    .bss                etharp.o
    0x20000d60        -       0x00006000   Zero   RW         1077    .bss                heap_2.o
    0x20006d60        -       0x00000050   Zero   RW         1128    .bss                queue.o
    0x20006db0        -       0x00000190   Zero   RW         1146    .bss                tasks.o
    0x20006f40        -       0x00000040   Zero   RW         1297    .bss                sockets_1.o
    0x20006f80        -       0x00000018   Zero   RW         1451    .bss                ip_1.o
    0x20006f98        -       0x00001013   Zero   RW         1464    .bss                mem_1.o
    0x20007fab        -       0x0000030f   Zero   RW         1480    .bss                memp_1.o
    0x200082ba        -       0x0000000a   Zero   RW         1481    .bss                memp_1.o
    0x200082c4        -       0x000000e3   Zero   RW         1482    .bss                memp_1.o
    0x200083a7   COMPRESSED   0x00000001   PAD
    0x200083a8        -       0x0000000a   Zero   RW         1483    .bss                memp_1.o
    0x200083b2        -       0x000001a3   Zero   RW         1484    .bss                memp_1.o
    0x20008555   COMPRESSED   0x00000001   PAD
    0x20008556        -       0x0000000a   Zero   RW         1485    .bss                memp_1.o
    0x20008560        -       0x00000023   Zero   RW         1486    .bss                memp_1.o
    0x20008583   COMPRESSED   0x00000001   PAD
    0x20008584        -       0x0000000a   Zero   RW         1487    .bss                memp_1.o
    0x2000858e        -       0x000000b3   Zero   RW         1488    .bss                memp_1.o
    0x20008641   COMPRESSED   0x00000001   PAD
    0x20008642        -       0x0000000a   Zero   RW         1489    .bss                memp_1.o
    0x2000864c        -       0x00000043   Zero   RW         1490    .bss                memp_1.o
    0x2000868f   COMPRESSED   0x00000001   PAD
    0x20008690        -       0x0000000a   Zero   RW         1491    .bss                memp_1.o
    0x2000869a        -       0x00000043   Zero   RW         1492    .bss                memp_1.o
    0x200086dd   COMPRESSED   0x00000001   PAD
    0x200086de        -       0x0000000a   Zero   RW         1493    .bss                memp_1.o
    0x200086e8        -       0x000000f3   Zero   RW         1494    .bss                memp_1.o
    0x200087db   COMPRESSED   0x00000001   PAD
    0x200087dc        -       0x0000000a   Zero   RW         1495    .bss                memp_1.o
    0x200087e6        -       0x00000083   Zero   RW         1496    .bss                memp_1.o
    0x20008869   COMPRESSED   0x00000001   PAD
    0x2000886a        -       0x0000000a   Zero   RW         1497    .bss                memp_1.o
    0x20008874        -       0x00000103   Zero   RW         1498    .bss                memp_1.o
    0x20008977   COMPRESSED   0x00000001   PAD
    0x20008978        -       0x0000000a   Zero   RW         1499    .bss                memp_1.o
    0x20008982        -       0x00002203   Zero   RW         1500    .bss                memp_1.o
    0x2000ab85   COMPRESSED   0x00000001   PAD
    0x2000ab86        -       0x0000000a   Zero   RW         1501    .bss                memp_1.o
    0x2000ab90        -       0x000000c4   Zero   RW         1637    .bss                stats_1.o
    0x2000ac54        -       0x00000010   Zero   RW         1699    .bss                tcp_in_1.o
    0x2000ac64        -       0x00000010   Zero   RW         1836    .bss                ip4_addr.o
    0x2000ac74   COMPRESSED   0x00000004   PAD
    0x2000ac78        -       0x00000000   Zero   RW          182    HEAP                startup.o
    0x2000ac78        -       0x00000400   Zero   RW          181    STACK               startup.o


==============================================================================

Image component sizes


      Code (inc. data)   RO Data    RW Data    ZI Data      Debug   Object Name

      1368         56          0          0          0      27996   api_lib_1.o
      2920         52          3          0          0      22515   api_msg_1.o
       144         40          0          0          0        551   bsp.o
       484          8          0          0          0       4386   cgifuncs.o
      2408       1018        149         84        528      15414   cmd.o
       100         10          0          0         36       1333   cmdline.o
        38          0          0          0          0        608   cpu.o
       476         10        768          0          0       2681   crc.o
       268          0          0          0          0       2718   def_1.o
        28          4         68          0          0       1351   err_1.o
      1740         32         12          1        240      19626   etharp.o
       736          4          0          0          0       7462   ethernet.o
       432          0          0          0          0       4548   fifo.o
      1532         46        120          0          0      12439   gpio.o
       244         10          0         24      24576       5076   heap_2.o
      2424        110        956        244          0      41668   httpd.o
       568         28         48          0          0       9130   i2c.o
       544         10          0          0          0       3415   icmp_1.o
       530          0          0          0          0       4676   inet_chksum_1.o
        34          0          0          0          0      10215   init_1.o
       596         22        260        620          0       4681   interrupt.o
       956         24          0          2          0       4789   ip4.o
       500         12          4          0         16      11222   ip4_addr.o
         0          0          0          0         24       3326   ip_1.o
       140          0          0          0          0       1953   list.o
       556        164       3272          8         48      11668   lmi_fs.o
       516         62          0         24         48       3291   lwiplib.o
       140         46         71          0          0      24945   main.o
      7664       1846        756        160        784      53164   mb_cvt.o
       980         14          0         16       4115       5810   mem_1.o
       260          8        220         44      11227       9614   memp_1.o
       304          0          0          0          0       4305   netbuf_1.o
       820         12          0         12          0      12035   netif_1.o
       520        142          0          8          0       3167   network.o
      1732         14          0          1          0      15300   pbuf_1.o
       300         22          0          4          0       3673   port.o
      1176          4          0          0         80       8835   queue.o
         0          0          0          0          0       3951   slipif.o
      5868         42          0          4         64      46464   sockets_1.o
       632        622          0          0       1024        336   startup.o
         2          0          0          0        196       5498   stats_1.o
       744         20          0          0         96       7033   stellarisif.o
       768         10          0          4          0       9047   sys_arch.o
      2306        128        452          0          0      12399   sysctl.o
      2192         42         20         60        400      14323   tasks.o
      3560         64        201         32          0      28354   tcp_1.o
      4384        114          0         36         16      19217   tcp_in_1.o
      3288         16          0          0          0      24310   tcp_out_1.o
       548         34          0         16          0       7808   tcpip_1.o
       456         24         16         12          0       5356   timeouts.o
       676          4         64          0          0      10474   uart.o
       704         28         28          8          0       3883   uartstdio.o
       996        180          0          4          0       3963   user_epprom.o
      1344         30         45          4          0       7331   ustdlib.o
       184          4          0          0          0       3496   watchdog.o
      1172        376        983         32          0       3744   webserver.o

    ----------------------------------------------------------------------
     64008       5568       8560       1472      43532     596573   Object Totals
         0          0         32          0          0          0   (incl. Generated)
         6          0         12          8         14          0   (incl. Padding)

    ----------------------------------------------------------------------

      Code (inc. data)   RO Data    RW Data    ZI Data      Debug   Library Member Name

        56          8          0          0          0         84   __0sscanf.o
        86          0          0          0          0          0   __dczerorl2.o
        28          0          0          0          0         68   _chval.o
       816          6          0          0          0        112   _scanf.o
       332          0          0          0          0         96   _scanf_int.o
        64          0          0          0          0         84   _sgetc.o
       158          0          0          0          0         92   _strtoul.o
        26          0          0          0          0         80   atoi.o
         8          4        133          0          0         68   ctype_o.o
         0          0          0          0          0          0   entry.o
         0          0          0          0          0          0   entry10a.o
         0          0          0          0          0          0   entry11a.o
         4          0          0          0          0          0   entry12b.o
         8          4          0          0          0          0   entry2.o
         4          0          0          0          0          0   entry5.o
         0          0          0          0          0          0   entry7b.o
         0          0          0          0          0          0   entry8b.o
         8          4          0          0          0          0   entry9a.o
         8          4          0          4          0         68   errno.o
        30          0          0          0          0          0   handlers.o
        36          8          0          0          0         68   init.o
        18          0          0          0          0         76   isspace_o.o
       360         30          0          0          0        356   mallocr.o
        26          0          0          0          0         80   memcmp.o
        64          0          0          0          0         76   memmovea.o
        36          0          0          0          0        108   memseta.o
         0          0          0          8          0          0   mvars.o
       288          4          0          0          0        248   printf2.o
        40          8          0          0          0         84   scanf_char.o
        20          0          0          0          0         68   strchr.o
        28          0          0          0          0         76   strcmp.o
        14          0          0          0          0         68   strlen.o
        30          0          0          0          0         80   strncmp.o
        24          0          0          0          0         76   strncpy.o
        36          0          0          0          0         80   strstr.o
        68          6          0          4          0         80   strtok.o
       112          0          0          0          0         88   strtol.o

    ----------------------------------------------------------------------
      2840         86        136        172          0       2464   Library Totals
         4          0          3        156          0          0   (incl. Padding)

    ----------------------------------------------------------------------

      Code (inc. data)   RO Data    RW Data    ZI Data      Debug   Library Name

      2836         86        133         16          0       2464   mc_w.l

    ----------------------------------------------------------------------
      2840         86        136        172          0       2464   Library Totals

    ----------------------------------------------------------------------

==============================================================================


      Code (inc. data)   RO Data    RW Data    ZI Data      Debug   

     66848       5654       8696       1644      43532     591053   Grand Totals
     66848       5654       8696        336      43532     591053   ELF Image Totals (compressed)
     66848       5654       8696        336          0          0   ROM Totals

==============================================================================

    Total RO  Size (Code + RO Data)                75544 (  73.77kB)
    Total RW  Size (RW Data + ZI Data)             45176 (  44.12kB)
    Total ROM Size (Code + RO Data + RW Data)      75880 (  74.10kB)

==============================================================================

