Component: ARM Compiler 5.06 update 4 (build 422) Tool: armlink [4d35d2]

==============================================================================

Section Cross References

    main.o(.text) refers to network.o(.text) for NetServerInit
    main.o(.text) refers to comm.o(.text) for comm_init
    main.o(.text) refers to tasks.o(.text) for vTaskSuspend
    main.o(.text) refers to bsp.o(.text) for BSP_Init
    main.o(.text) refers to sysctl.o(.text) for SysCtlResetCauseGet
    main.o(.text) refers to uartstdio.o(.text) for UARTprintf
    main.o(.text) refers to main.o(.conststring) for .conststring
    startup.o(RESET) refers to startup.o(STACK) for StackMem
    startup.o(RESET) refers to main.o(.text) for deviceDebugHander
    startup.o(RESET) refers to port.o(.emb_text) for vPortSVCHandler
    startup.o(RESET) refers to port.o(.text) for xPortSysTickHandler
    startup.o(RESET) refers to comm.o(.text) for UART0IntHandler
    startup.o(RESET) refers to mb_cvt.o(.text) for UARTIntHandler
    startup.o(RESET) refers to lwiplib.o(.text) for lwIPEthernetIntHandler
    startup.o(RESET) refers to entry.o(.ARM.Collect$$$$00000000) for __main
    cgifuncs.o(.text) refers to strcmp.o(.text) for strcmp
    cgifuncs.o(.text) refers to ustdlib.o(.text) for usnprintf
    httpd.o(.text) refers to lmi_fs.o(.text) for fs_close
    httpd.o(.text) refers to mem.o(.text) for mem_free
    httpd.o(.text) refers to tcp.o(.text) for tcp_arg
    httpd.o(.text) refers to strstr.o(.text) for strstr
    httpd.o(.text) refers to strchr.o(.text) for strchr
    httpd.o(.text) refers to strcmp.o(.text) for strcmp
    httpd.o(.text) refers to strlen.o(.text) for strlen
    httpd.o(.text) refers to tcp_out.o(.text) for tcp_write
    httpd.o(.text) refers to httpd.o(.data) for .data
    httpd.o(.text) refers to httpd.o(.constdata) for .constdata
    httpd.o(.text) refers to pbuf.o(.text) for pbuf_free
    httpd.o(.text) refers to strncmp.o(.text) for strncmp
    httpd.o(.text) refers to ustdlib.o(.text) for usnprintf
    httpd.o(.text) refers to ip4_addr.o(.constdata) for ip_addr_any
    httpd.o(.constdata) refers to httpd.o(.conststring) for .conststring
    httpd.o(.data) refers to httpd.o(.conststring) for .conststring
    lmi_fs.o(.text) refers to mem.o(.text) for mem_malloc
    lmi_fs.o(.text) refers to strncmp.o(.text) for strncmp
    lmi_fs.o(.text) refers to strlen.o(.text) for strlen
    lmi_fs.o(.text) refers to memmovea.o(.text) for __aeabi_memcpy
    lmi_fs.o(.text) refers to lmi_fs.o(.bss) for .bss
    lmi_fs.o(.text) refers to lmi_fs.o(.constdata) for .constdata
    lmi_fs.o(.text) refers to lmi_fs.o(.data) for .data
    lmi_fs.o(.constdata) refers to lmi_fs.o(.constdata) for data_success_htm
    lmi_fs.o(.constdata) refers to lmi_fs.o(.constdata) for file_success_htm
    lmi_fs.o(.constdata) refers to lmi_fs.o(.constdata) for data_index_shtml
    lmi_fs.o(.constdata) refers to lmi_fs.o(.constdata) for file_index_shtml
    lmi_fs.o(.constdata) refers to lmi_fs.o(.constdata) for data_format_error_htm
    lmi_fs.o(.constdata) refers to lmi_fs.o(.constdata) for file_format_error_htm
    lmi_fs.o(.constdata) refers to lmi_fs.o(.constdata) for data_404_htm
    mb_cvt.o(.text) refers to mallocr.o(i.realloc) for realloc
    mb_cvt.o(.text) refers to heap_2.o(.text) for vPortFree
    mb_cvt.o(.text) refers to mb_cvt.o(.constdata) for .constdata
    mb_cvt.o(.text) refers to uart.o(.text) for UARTIntStatus
    mb_cvt.o(.text) refers to fifo.o(.text) for FIFO_Push
    mb_cvt.o(.text) refers to tasks.o(.text) for vTaskDelay
    mb_cvt.o(.text) refers to mb_cvt.o(.data) for .data
    mb_cvt.o(.text) refers to mb_cvt.o(.bss) for .bss
    mb_cvt.o(.text) refers to gpio.o(.text) for GPIOPinWrite
    mb_cvt.o(.text) refers to uartstdio.o(.text) for UARTprintf
    mb_cvt.o(.text) refers to def.o(.text) for lwip_htons
    mb_cvt.o(.text) refers to sockets.o(.text) for lwip_socket
    mb_cvt.o(.text) refers to watchdog.o(.text) for WatchdogReloadGet
    mb_cvt.o(.text) refers to cmd.o(.text) for do_reboot
    mb_cvt.o(.text) refers to ip4_addr.o(.text) for ip4addr_ntoa
    mb_cvt.o(.text) refers to memseta.o(.text) for __aeabi_memclr
    mb_cvt.o(.text) refers to comm.o(.text) for getClientState
    mb_cvt.o(.text) refers to user_epprom.o(.text) for get_user_data
    mb_cvt.o(.text) refers to sysctl.o(.text) for SysCtlPeripheralEnable
    mb_cvt.o(.text) refers to interrupt.o(.text) for IntEnable
    mb_cvt.o(.data) refers to mb_cvt.o(.text) for modbusParseRequest01020304
    cmd.o(.text) refers to _scanf_int.o(.text) for _scanf_int
    cmd.o(.text) refers to ctype_o.o(.text) for __rt_ctype_table
    cmd.o(.text) refers to strtok.o(.text) for strtok
    cmd.o(.text) refers to atoi.o(.text) for atoi
    cmd.o(.text) refers to uartstdio.o(.text) for UARTprintf
    cmd.o(.text) refers to heap_2.o(.text) for xPortGetFreeHeapSize
    cmd.o(.text) refers to tasks.o(.text) for xTaskGetTickCount
[...]
    GPIOPortIntUnregister                    0x0000481b   Thumb Code    22  gpio.o(.text)
    GPIOPinRead                              0x00004831   Thumb Code     6  gpio.o(.text)
    GPIOPinWrite                             0x00004837   Thumb Code     6  gpio.o(.text)
    GPIOPinTypeADC                           0x0000483d   Thumb Code    26  gpio.o(.text)
    GPIOPinTypeCAN                           0x00004857   Thumb Code    26  gpio.o(.text)
    GPIOPinTypeComparator                    0x00004871   Thumb Code    26  gpio.o(.text)
    GPIOPinTypeEPI                           0x0000488b   Thumb Code    26  gpio.o(.text)
    GPIOPinTypeEthernetLED                   0x000048a5   Thumb Code    26  gpio.o(.text)
    GPIOPinTypeEthernetMII                   0x000048bf   Thumb Code    26  gpio.o(.text)
    GPIOPinTypeFan                           0x000048d9   Thumb Code    26  gpio.o(.text)
    GPIOPinTypeGPIOInput                     0x000048f3   Thumb Code    26  gpio.o(.text)
    GPIOPinTypeGPIOOutput                    0x0000490d   Thumb Code    44  gpio.o(.text)
    GPIOPinTypeGPIOOutputOD                  0x00004939   Thumb Code    26  gpio.o(.text)
    GPIOPinTypeI2C                           0x00004953   Thumb Code    26  gpio.o(.text)
    GPIOPinTypeI2CSCL                        0x0000496d   Thumb Code    44  gpio.o(.text)
    GPIOPinTypeI2S                           0x00004999   Thumb Code    26  gpio.o(.text)
    GPIOPinTypeLPC                           0x000049b3   Thumb Code    26  gpio.o(.text)
    GPIOPinTypePECIRx                        0x000049cd   Thumb Code    26  gpio.o(.text)
    GPIOPinTypePECITx                        0x000049e7   Thumb Code    26  gpio.o(.text)
    GPIOPinTypePWM                           0x00004a01   Thumb Code    26  gpio.o(.text)
    GPIOPinTypeQEI                           0x00004a1b   Thumb Code    26  gpio.o(.text)
    GPIOPinTypeSSI                           0x00004a35   Thumb Code    26  gpio.o(.text)
    GPIOPinTypeTimer                         0x00004a4f   Thumb Code    26  gpio.o(.text)
    GPIOPinTypeUART                          0x00004a69   Thumb Code    26  gpio.o(.text)
    GPIOPinTypeUSBAnalog                     0x00004a83   Thumb Code    26  gpio.o(.text)
    GPIOPinTypeUSBDigital                    0x00004a9d   Thumb Code    26  gpio.o(.text)
    GPIOPinConfigure                         0x00004ab7   Thumb Code    58  gpio.o(.text)
    GPIODMATriggerEnable                     0x00004af1   Thumb Code    12  gpio.o(.text)
    GPIODMATriggerDisable                    0x00004afd   Thumb Code    12  gpio.o(.text)
    GPIOADCTriggerEnable                     0x00004b09   Thumb Code    12  gpio.o(.text)
    GPIOADCTriggerDisable                    0x00004b15   Thumb Code    12  gpio.o(.text)
    IntMasterEnable                          0x00004b33   Thumb Code    10  interrupt.o(.text)
    IntMasterDisable                         0x00004b3d   Thumb Code    10  interrupt.o(.text)
    IntRegister                              0x00004b47   Thumb Code    38  interrupt.o(.text)
    IntUnregister                            0x00004b6d   Thumb Code    10  interrupt.o(.text)
    IntPriorityGroupingSet                   0x00004b77   Thumb Code    18  interrupt.o(.text)
    IntPriorityGroupingGet                   0x00004b89   Thumb Code    30  interrupt.o(.text)
    IntPrioritySet                           0x00004ba7   Thumb Code    32  interrupt.o(.text)
    IntPriorityGet                           0x00004bc7   Thumb Code    22  interrupt.o(.text)
    IntEnable                                0x00004bdd   Thumb Code    88  interrupt.o(.text)
    IntDisable                               0x00004c35   Thumb Code    88  interrupt.o(.text)
    IntIsEnabled                             0x00004c8d   Thumb Code    90  interrupt.o(.text)
    IntPendSet                               0x00004ce7   Thumb Code    70  interrupt.o(.text)
    IntPendClear                             0x00004d2d   Thumb Code    58  interrupt.o(.text)
    IntPriorityMaskSet                       0x00004d67   Thumb Code     4  interrupt.o(.text)
    IntPriorityMaskGet                       0x00004d6b   Thumb Code     4  interrupt.o(.text)
    SysCtlSRAMSizeGet                        0x00004d85   Thumb Code    16  sysctl.o(.text)
    SysCtlFlashSizeGet                       0x00004d95   Thumb Code    14  sysctl.o(.text)
    SysCtlPinPresent                         0x00004da3   Thumb Code    16  sysctl.o(.text)
    SysCtlPeripheralPresent                  0x00004db3   Thumb Code    90  sysctl.o(.text)
    SysCtlPeripheralReady                    0x00004e0d   Thumb Code    42  sysctl.o(.text)
    SysCtlPeripheralPowerOn                  0x00004e37   Thumb Code    42  sysctl.o(.text)
    SysCtlPeripheralPowerOff                 0x00004e61   Thumb Code    42  sysctl.o(.text)
    SysCtlPeripheralReset                    0x00004e8b   Thumb Code   110  sysctl.o(.text)
    SysCtlPeripheralEnable                   0x00004ef9   Thumb Code    70  sysctl.o(.text)
    SysCtlPeripheralDisable                  0x00004f3f   Thumb Code    70  sysctl.o(.text)
    SysCtlPeripheralSleepEnable              0x00004f85   Thumb Code    70  sysctl.o(.text)
    SysCtlPeripheralSleepDisable             0x00004fcb   Thumb Code    70  sysctl.o(.text)
    SysCtlPeripheralDeepSleepEnable          0x00005011   Thumb Code    70  sysctl.o(.text)
    SysCtlPeripheralDeepSleepDisable         0x00005057   Thumb Code    70  sysctl.o(.text)
    SysCtlPeripheralClockGating              0x0000509d   Thumb Code    22  sysctl.o(.text)
    SysCtlIntRegister                        0x000050b3   Thumb Code    20  sysctl.o(.text)
    SysCtlIntUnregister                      0x000050c7   Thumb Code    18  sysctl.o(.text)
    SysCtlIntEnable                          0x000050d9   Thumb Code    10  sysctl.o(.text)
    SysCtlIntDisable                         0x000050e3   Thumb Code    10  sysctl.o(.text)
    SysCtlIntClear                           0x000050ed   Thumb Code     6  sysctl.o(.text)
    SysCtlIntStatus                          0x000050f3   Thumb Code    12  sysctl.o(.text)
    SysCtlLDOSet                             0x000050ff   Thumb Code     6  sysctl.o(.text)
    SysCtlLDOGet                             0x00005105   Thumb Code     6  sysctl.o(.text)
    SysCtlLDOConfigSet                       0x0000510b   Thumb Code     8  sysctl.o(.text)
    SysCtlReset                              0x00005113   Thumb Code     8  sysctl.o(.text)
    SysCtlSleep                              0x0000511b   Thumb Code     4  sysctl.o(.text)
    SysCtlDeepSleep                          0x0000511f   Thumb Code    28  sysctl.o(.text)
    SysCtlResetCauseGet                      0x0000513b   Thumb Code     6  sysctl.o(.text)
    SysCtlResetCauseClear                    0x00005141   Thumb Code    10  sysctl.o(.text)
    SysCtlBrownOutConfigSet                  0x0000514b   Thumb Code    10  sysctl.o(.text)
    SysCtlMOSCConfigSet                      0x00005155   Thumb Code     6  sysctl.o(.text)
    SysCtlPIOSCCalibrate                     0x0000515b   Thumb Code   124  sysctl.o(.text)
    SysCtlClockSet                           0x000051d7   Thumb Code   288  sysctl.o(.text)
    SysCtlClockGet                           0x000052f7   Thumb Code   412  sysctl.o(.text)
    SysCtlDeepSleepClockSet                  0x00005493   Thumb Code     8  sysctl.o(.text)
    SysCtlPWMClockSet                        0x0000549b   Thumb Code    14  sysctl.o(.text)
    SysCtlPWMClockGet                        0x000054a9   Thumb Code    20  sysctl.o(.text)
    SysCtlADCSpeedSet                        0x000054bd   Thumb Code    32  sysctl.o(.text)
    SysCtlADCSpeedGet                        0x000054dd   Thumb Code    12  sysctl.o(.text)
    SysCtlIOSCVerificationSet                0x000054e9   Thumb Code    22  sysctl.o(.text)
    SysCtlMOSCVerificationSet                0x000054ff   Thumb Code    22  sysctl.o(.text)
    SysCtlPLLVerificationSet                 0x00005515   Thumb Code    22  sysctl.o(.text)
    SysCtlClkVerificationClear               0x0000552b   Thumb Code    16  sysctl.o(.text)
    SysCtlGPIOAHBEnable                      0x0000553b   Thumb Code    12  sysctl.o(.text)
    SysCtlGPIOAHBDisable                     0x00005547   Thumb Code    12  sysctl.o(.text)
    SysCtlUSBPLLEnable                       0x00005553   Thumb Code    12  sysctl.o(.text)
    SysCtlUSBPLLDisable                      0x0000555f   Thumb Code    12  sysctl.o(.text)
    SysCtlI2SMClkSet                         0x0000556b   Thumb Code   246  sysctl.o(.text)
    UARTParityModeSet                        0x00005681   Thumb Code    12  uart.o(.text)
    UARTParityModeGet                        0x0000568d   Thumb Code     8  uart.o(.text)
    UARTFIFOLevelSet                         0x00005695   Thumb Code     6  uart.o(.text)
    UARTFIFOLevelGet                         0x0000569b   Thumb Code    16  uart.o(.text)
    UARTEnable                               0x000056ab   Thumb Code    20  uart.o(.text)
    UARTDisable                              0x000056bf   Thumb Code    20  uart.o(.text)
    UARTConfigSetExpClk                      0x000056d3   Thumb Code    70  uart.o(.text)
    UARTConfigGetExpClk                      0x00005719   Thumb Code    38  uart.o(.text)
    UARTFIFOEnable                           0x0000573f   Thumb Code    10  uart.o(.text)
    UARTFIFODisable                          0x00005749   Thumb Code    10  uart.o(.text)
    UARTEnableSIR                            0x00005753   Thumb Code    20  uart.o(.text)
    UARTDisableSIR                           0x00005767   Thumb Code    10  uart.o(.text)
    UARTSmartCardEnable                      0x00005771   Thumb Code    22  uart.o(.text)
    UARTSmartCardDisable                     0x00005787   Thumb Code    10  uart.o(.text)
    UARTModemControlSet                      0x00005791   Thumb Code    12  uart.o(.text)
    UARTModemControlClear                    0x0000579d   Thumb Code    12  uart.o(.text)
    UARTModemControlGet                      0x000057a9   Thumb Code     8  uart.o(.text)
    UARTModemStatusGet                       0x000057b1   Thumb Code    10  uart.o(.text)
    UARTFlowControlSet                       0x000057bb   Thumb Code    12  uart.o(.text)
    UARTFlowControlGet                       0x000057c7   Thumb Code     8  uart.o(.text)
    UARTTxIntModeSet                         0x000057cf   Thumb Code    12  uart.o(.text)
    UARTTxIntModeGet                         0x000057db   Thumb Code     8  uart.o(.text)
    UARTCharsAvail                           0x000057e3   Thumb Code    10  uart.o(.text)
    UARTSpaceAvail                           0x000057ed   Thumb Code    10  uart.o(.text)
    UARTCharGetNonBlocking                   0x000057f7   Thumb Code    16  uart.o(.text)
    UARTCharGet                              0x00005807   Thumb Code    10  uart.o(.text)
    UARTCharPutNonBlocking                   0x00005811   Thumb Code    16  uart.o(.text)
    UARTCharPut                              0x00005821   Thumb Code    10  uart.o(.text)
    UARTBreakCtl                             0x0000582b   Thumb Code    20  uart.o(.text)
    UARTBusy                                 0x0000583f   Thumb Code     8  uart.o(.text)
    UARTIntRegister                          0x00005847   Thumb Code    26  uart.o(.text)
    UARTIntUnregister                        0x00005861   Thumb Code    22  uart.o(.text)
    UARTIntEnable                            0x00005877   Thumb Code     8  uart.o(.text)
    UARTIntDisable                           0x0000587f   Thumb Code     8  uart.o(.text)
    UARTIntStatus                            0x00005887   Thumb Code    10  uart.o(.text)
    UARTIntClear                             0x00005891   Thumb Code     4  uart.o(.text)
    UARTDMAEnable                            0x00005895   Thumb Code     8  uart.o(.text)
    UARTDMADisable                           0x0000589d   Thumb Code     8  uart.o(.text)
    UARTRxErrorGet                           0x000058a5   Thumb Code     8  uart.o(.text)
    UARTRxErrorClear                         0x000058ad   Thumb Code     6  uart.o(.text)
    UARTClockSourceSet                       0x000058b3   Thumb Code     6  uart.o(.text)
    UARTClockSourceGet                       0x000058b9   Thumb Code     6  uart.o(.text)
    UART9BitEnable                           0x000058bf   Thumb Code    12  uart.o(.text)
    UART9BitDisable                          0x000058cb   Thumb Code    12  uart.o(.text)
    UART9BitAddrSet                          0x000058d7   Thumb Code     8  uart.o(.text)
    UART9BitAddrSend                         0x000058df   Thumb Code    34  uart.o(.text)
    WatchdogRunning                          0x00005925   Thumb Code     8  watchdog.o(.text)
    WatchdogEnable                           0x0000592d   Thumb Code    10  watchdog.o(.text)
    WatchdogResetEnable                      0x00005937   Thumb Code    10  watchdog.o(.text)
    WatchdogResetDisable                     0x00005941   Thumb Code    10  watchdog.o(.text)
    WatchdogLock                             0x0000594b   Thumb Code     8  watchdog.o(.text)
    WatchdogUnlock                           0x00005953   Thumb Code     8  watchdog.o(.text)
    WatchdogLockState                        0x0000595b   Thumb Code    12  watchdog.o(.text)
    WatchdogReloadSet                        0x00005967   Thumb Code     4  watchdog.o(.text)
    WatchdogReloadGet                        0x0000596b   Thumb Code     4  watchdog.o(.text)
    WatchdogValueGet                         0x0000596f   Thumb Code     4  watchdog.o(.text)
    WatchdogIntRegister                      0x00005973   Thumb Code    18  watchdog.o(.text)
    WatchdogIntUnregister                    0x00005985   Thumb Code    18  watchdog.o(.text)
    WatchdogIntEnable                        0x00005997   Thumb Code    10  watchdog.o(.text)
    WatchdogIntStatus                        0x000059a1   Thumb Code    10  watchdog.o(.text)
    WatchdogIntClear                         0x000059ab   Thumb Code     6  watchdog.o(.text)
    WatchdogIntTypeSet                       0x000059b1   Thumb Code    12  watchdog.o(.text)
    WatchdogStallEnable                      0x000059bd   Thumb Code    14  watchdog.o(.text)
    WatchdogStallDisable                     0x000059cb   Thumb Code    14  watchdog.o(.text)
    FlashUsecGet                             0x000059dd   Thumb Code    10  flash.o(.text)
    FlashUsecSet                             0x000059e7   Thumb Code    10  flash.o(.text)
    FlashErase                               0x000059f1   Thumb Code    32  flash.o(.text)
    FlashProgram                             0x00005a11   Thumb Code   112  flash.o(.text)
    FlashProtectGet                          0x00005a81   Thumb Code   112  flash.o(.text)
    FlashProtectSet                          0x00005af1   Thumb Code   220  flash.o(.text)
    FlashProtectSave                         0x00005bcd   Thumb Code    60  flash.o(.text)
    FlashUserGet                             0x00005c09   Thumb Code    46  flash.o(.text)
    FlashUserSet                             0x00005c37   Thumb Code    42  flash.o(.text)
    FlashUserSave                            0x00005c61   Thumb Code    62  flash.o(.text)
    FlashIntRegister                         0x00005c9f   Thumb Code    20  flash.o(.text)
    FlashIntUnregister                       0x00005cb3   Thumb Code    18  flash.o(.text)
    FlashIntEnable                           0x00005cc5   Thumb Code    10  flash.o(.text)
    FlashIntDisable                          0x00005ccf   Thumb Code    10  flash.o(.text)
    FlashIntStatus                           0x00005cd9   Thumb Code    12  flash.o(.text)
    FlashIntClear                            0x00005ce5   Thumb Code     6  flash.o(.text)
    lwIPInit                                 0x00005df9   Thumb Code    54  lwiplib.o(.text)
    lwIPEthernetIntHandler                   0x00005e2f   Thumb Code    60  lwiplib.o(.text)
    lwIPLocalIPAddrGet                       0x00005e6b   Thumb Code     6  lwiplib.o(.text)
    lwIPLocalNetMaskGet                      0x00005e71   Thumb Code     6  lwiplib.o(.text)
    lwIPLocalGWAddrGet                       0x00005e77   Thumb Code     6  lwiplib.o(.text)
    lwIPLocalMACGet                          0x00005e7d   Thumb Code     8  lwiplib.o(.text)
    lwIPNetworkConfigChange                  0x00005eb9   Thumb Code    22  lwiplib.o(.text)
    ustrncpy                                 0x00005f0d   Thumb Code    36  ustdlib.o(.text)
    uvsnprintf                               0x00005f31   Thumb Code   576  ustdlib.o(.text)
    usprintf                                 0x00006171   Thumb Code    22  ustdlib.o(.text)
    usnprintf                                0x00006187   Thumb Code    14  ustdlib.o(.text)
    ulocaltime                               0x00006195   Thumb Code   162  ustdlib.o(.text)
    umktime                                  0x00006289   Thumb Code    54  ustdlib.o(.text)
    ustrtoul                                 0x000062bf   Thumb Code   158  ustdlib.o(.text)
    ustrlen                                  0x0000635d   Thumb Code    16  ustdlib.o(.text)
    ustrncmp                                 0x0000636d   Thumb Code    46  ustdlib.o(.text)
    ustrstr                                  0x0000639b   Thumb Code    42  ustdlib.o(.text)
    ustrnicmp                                0x000063c5   Thumb Code    88  ustdlib.o(.text)
    ustrcasecmp                              0x0000641d   Thumb Code     6  ustdlib.o(.text)
    ustrcmp                                  0x00006423   Thumb Code     6  ustdlib.o(.text)
    usrand                                   0x00006429   Thumb Code     6  ustdlib.o(.text)
    urand                                    0x0000642f   Thumb Code    16  ustdlib.o(.text)
    UARTStdioInitExpClk                      0x0000644d   Thumb Code    72  uartstdio.o(.text)
    UARTStdioInit                            0x00006495   Thumb Code     6  uartstdio.o(.text)
    UARTwrite                                0x0000649b   Thumb Code    46  uartstdio.o(.text)
    UARTgets                                 0x000064c9   Thumb Code   104  uartstdio.o(.text)
    UARTgetc                                 0x00006531   Thumb Code    14  uartstdio.o(.text)
    UARTprintf                               0x0000653f   Thumb Code   434  uartstdio.o(.text)
    CmdLineProcess                           0x0000670d   Thumb Code    90  cmdline.o(.text)
    Crc8CCITT                                0x00006771   Thumb Code   116  crc.o(.text)
    Crc16                                    0x000067e5   Thumb Code   192  crc.o(.text)
    Crc16Array                               0x000068a5   Thumb Code     6  crc.o(.text)
    Crc16Array3                              0x000068ab   Thumb Code   152  crc.o(.text)
    FlashPBGet                               0x0000694d   Thumb Code     6  flash_pb.o(.text)
    FlashPBSave                              0x00006953   Thumb Code   150  flash_pb.o(.text)
    FlashPBInit                              0x000069e9   Thumb Code   110  flash_pb.o(.text)
    stringtoip                               0x00006a61   Thumb Code    50  network.o(.text)
    lwIP_init                                0x00006a93   Thumb Code    42  network.o(.text)
    NetServerInit                            0x00006b99   Thumb Code    68  network.o(.text)
    sys_mbox_new                             0x00006c11   Thumb Code    56  sys_arch.o(.text)
    sys_mbox_free                            0x00006c49   Thumb Code    42  sys_arch.o(.text)
    sys_mbox_post                            0x00006c73   Thumb Code    26  sys_arch.o(.text)
    sys_mbox_trypost                         0x00006c8d   Thumb Code    64  sys_arch.o(.text)
    sys_mbox_trypost_fromisr                 0x00006ccd   Thumb Code     2  sys_arch.o(.text)
    sys_arch_mbox_fetch                      0x00006ccf   Thumb Code    92  sys_arch.o(.text)
    sys_arch_mbox_tryfetch                   0x00006d2b   Thumb Code    48  sys_arch.o(.text)
    sys_sem_new                              0x00006d5b   Thumb Code    96  sys_arch.o(.text)
    sys_arch_sem_wait                        0x00006dbb   Thumb Code    76  sys_arch.o(.text)
    sys_mutex_new                            0x00006e07   Thumb Code    60  sys_arch.o(.text)
    sys_mutex_lock                           0x00006e43   Thumb Code    26  sys_arch.o(.text)
    sys_mutex_unlock                         0x00006e5d   Thumb Code    12  sys_arch.o(.text)
    sys_mutex_free                           0x00006e69   Thumb Code    16  sys_arch.o(.text)
    sys_sem_signal                           0x00006e79   Thumb Code    38  sys_arch.o(.text)
    sys_sem_free                             0x00006e9f   Thumb Code    16  sys_arch.o(.text)
    sys_init                                 0x00006eaf   Thumb Code     2  sys_arch.o(.text)
    sys_now                                  0x00006eb1   Thumb Code     4  sys_arch.o(.text)
    sys_thread_new                           0x00006eb5   Thumb Code    50  sys_arch.o(.text)
    sys_arch_protect                         0x00006ee7   Thumb Code    16  sys_arch.o(.text)
    sys_arch_unprotect                       0x00006ef7   Thumb Code    14  sys_arch.o(.text)
    sys_assert                               0x00006f05   Thumb Code     2  sys_arch.o(.text)
    stellarisif_init                         0x000070f1   Thumb Code   138  stellarisif.o(.text)
    stellarisif_interrupt                    0x0000717b   Thumb Code   106  stellarisif.o(.text)
    etharp_tmr                               0x00007219   Thumb Code    50  etharp.o(.text)
    etharp_cleanup_netif                     0x00007337   Thumb Code    58  etharp.o(.text)
    etharp_find_addr                         0x00007371   Thumb Code    52  etharp.o(.text)
    etharp_request                           0x0000749d   Thumb Code    32  etharp.o(.text)
    etharp_query                             0x000074bd   Thumb Code   316  etharp.o(.text)
    etharp_output                            0x000075f9   Thumb Code   220  etharp.o(.text)
    ethernet_input                           0x000076d5   Thumb Code   108  etharp.o(.text)
    pvPortMalloc                             0x000078c5   Thumb Code   170  heap_2.o(.text)
    vPortFree                                0x0000796f   Thumb Code    56  heap_2.o(.text)
    xPortGetFreeHeapSize                     0x000079a7   Thumb Code     6  heap_2.o(.text)
    vPortInitialiseBlocks                    0x000079ad   Thumb Code     2  heap_2.o(.text)
    vListInitialise                          0x000079b9   Thumb Code    22  list.o(.text)
    vListInitialiseItem                      0x000079cf   Thumb Code     6  list.o(.text)
    vListInsertEnd                           0x000079d5   Thumb Code    28  list.o(.text)
    vListInsert                              0x000079f1   Thumb Code    48  list.o(.text)
    vListRemove                              0x00007a21   Thumb Code    36  list.o(.text)
    pxPortInitialiseStack                    0x00007a45   Thumb Code    28  port.o(.text)
    xPortStartScheduler                      0x00007a61   Thumb Code    48  port.o(.text)
    vPortEndScheduler                        0x00007a91   Thumb Code     2  port.o(.text)
    vPortYieldFromISR                        0x00007a93   Thumb Code    12  port.o(.text)
    vPortEnterCritical                       0x00007a9f   Thumb Code    16  port.o(.text)
    vPortExitCritical                        0x00007aaf   Thumb Code    16  port.o(.text)
    xPortSysTickHandler                      0x00007abf   Thumb Code    28  port.o(.text)
    xQueueGenericCreate                      0x00007ae5   Thumb Code   100  queue.o(.text)
    xQueueGenericSend                        0x00007c07   Thumb Code   214  queue.o(.text)
    xQueueCreateMutex                        0x00007cdd   Thumb Code    68  queue.o(.text)
    xQueueGenericSendFromISR                 0x00007d21   Thumb Code    82  queue.o(.text)
    xQueueGenericReceive                     0x00007d9b   Thumb Code   268  queue.o(.text)
    xQueueReceiveFromISR                     0x00007ea7   Thumb Code    78  queue.o(.text)
    uxQueueMessagesWaiting                   0x00007ef5   Thumb Code    18  queue.o(.text)
    uxQueueMessagesWaitingFromISR            0x00007f07   Thumb Code     4  queue.o(.text)
    vQueueDelete                             0x00007f0b   Thumb Code    50  queue.o(.text)
    xQueueIsQueueEmptyFromISR                0x00007f3d   Thumb Code    12  queue.o(.text)
    xQueueIsQueueFullFromISR                 0x00007f49   Thumb Code    16  queue.o(.text)
    vQueueAddToRegistry                      0x00007f59   Thumb Code    32  queue.o(.text)
    xTaskGenericCreate                       0x00007f7d   Thumb Code   354  tasks.o(.text)
    vTaskDelete                              0x000080df   Thumb Code    92  tasks.o(.text)
    vTaskIncrementTick                       0x0000813b   Thumb Code   150  tasks.o(.text)
    xTaskResumeAll                           0x000081d1   Thumb Code   160  tasks.o(.text)
    vTaskSuspendAll                          0x000082a1   Thumb Code    10  tasks.o(.text)
    vTaskDelayUntil                          0x000082ab   Thumb Code    78  tasks.o(.text)
    vTaskDelay                               0x000082f9   Thumb Code    48  tasks.o(.text)
    uxTaskPriorityGet                        0x00008329   Thumb Code    24  tasks.o(.text)
    vTaskPrioritySet                         0x00008341   Thumb Code   144  tasks.o(.text)
    vTaskSwitchContext                       0x000083d1   Thumb Code   134  tasks.o(.text)
    vTaskSuspend                             0x00008457   Thumb Code    96  tasks.o(.text)
    xTaskIsTaskSuspended                     0x000084b7   Thumb Code    28  tasks.o(.text)
    vTaskResume                              0x000084d3   Thumb Code    84  tasks.o(.text)
    xTaskResumeFromISR                       0x00008527   Thumb Code    92  tasks.o(.text)
    vTaskStartScheduler                      0x00008595   Thumb Code    50  tasks.o(.text)
    vTaskEndScheduler                        0x000085c7   Thumb Code    20  tasks.o(.text)
    xTaskGetTickCount                        0x000085db   Thumb Code    18  tasks.o(.text)
    xTaskGetTickCountFromISR                 0x000085ed   Thumb Code    18  tasks.o(.text)
    uxTaskGetNumberOfTasks                   0x000085ff   Thumb Code     6  tasks.o(.text)
    vTaskPlaceOnEventList                    0x00008605   Thumb Code    50  tasks.o(.text)
    xTaskRemoveFromEventList                 0x00008637   Thumb Code    80  tasks.o(.text)
    vTaskSetTimeOutState                     0x00008687   Thumb Code    12  tasks.o(.text)
    xTaskCheckForTimeOut                     0x00008693   Thumb Code    72  tasks.o(.text)
    vTaskMissedYield                         0x000086db   Thumb Code     8  tasks.o(.text)
    uxTaskGetStackHighWaterMark              0x000086e3   Thumb Code    28  tasks.o(.text)
    xTaskGetCurrentTaskHandle                0x000086ff   Thumb Code     6  tasks.o(.text)
    vTaskPriorityInherit                     0x00008705   Thumb Code    90  tasks.o(.text)
    vTaskPriorityDisinherit                  0x0000875f   Thumb Code    64  tasks.o(.text)
    netconn_new_with_proto_and_callback      0x0000880d   Thumb Code    66  api_lib.o(.text)
    netconn_prepare_delete                   0x0000884f   Thumb Code    28  api_lib.o(.text)
    netconn_delete                           0x0000886b   Thumb Code    30  api_lib.o(.text)
    netconn_getaddr                          0x00008889   Thumb Code    42  api_lib.o(.text)
    netconn_bind                             0x000088b3   Thumb Code    36  api_lib.o(.text)
    netconn_bind_if                          0x000088d7   Thumb Code    28  api_lib.o(.text)
    netconn_connect                          0x000088f3   Thumb Code    36  api_lib.o(.text)
    netconn_disconnect                       0x00008917   Thumb Code    24  api_lib.o(.text)
    netconn_listen_with_backlog              0x0000892f   Thumb Code    24  api_lib.o(.text)
    netconn_err                              0x00008947   Thumb Code    30  api_lib.o(.text)
    netconn_accept                           0x00008965   Thumb Code   136  api_lib.o(.text)
    netconn_tcp_recvd                        0x00008a97   Thumb Code    30  api_lib.o(.text)
    netconn_recv_tcp_pbuf                    0x00008b47   Thumb Code    22  api_lib.o(.text)
    netconn_recv_tcp_pbuf_flags              0x00008b5d   Thumb Code    26  api_lib.o(.text)
    netconn_recv_udp_raw_netbuf              0x00008b77   Thumb Code    22  api_lib.o(.text)
    netconn_recv_udp_raw_netbuf_flags        0x00008b8d   Thumb Code    24  api_lib.o(.text)
    netconn_recv                             0x00008ba5   Thumb Code    82  api_lib.o(.text)
    netconn_send                             0x00008bf7   Thumb Code    68  api_lib.o(.text)
    netconn_sendto                           0x00008c3b   Thumb Code    18  api_lib.o(.text)
    netconn_write_vectors_partly             0x00008c4d   Thumb Code   138  api_lib.o(.text)
    netconn_write_partly                     0x00008cd7   Thumb Code    20  api_lib.o(.text)
    netconn_close                            0x00008ceb   Thumb Code     6  api_lib.o(.text)
    netconn_shutdown                         0x00008cf1   Thumb Code    14  api_lib.o(.text)
    lwip_netconn_is_err_msg                  0x00008d65   Thumb Code    42  api_msg.o(.text)
    netconn_free                             0x0000926f   Thumb Code    26  api_msg.o(.text)
    netconn_alloc                            0x00009289   Thumb Code   102  api_msg.o(.text)
    lwip_netconn_do_newconn                  0x000093c3   Thumb Code    64  api_msg.o(.text)
    lwip_netconn_do_delconn                  0x00009495   Thumb Code   142  api_msg.o(.text)
    lwip_netconn_do_bind                     0x00009523   Thumb Code    38  api_msg.o(.text)
    lwip_netconn_do_bind_if                  0x00009549   Thumb Code    50  api_msg.o(.text)
    lwip_netconn_do_connect                  0x000095db   Thumb Code   174  api_msg.o(.text)
    lwip_netconn_do_disconnect               0x00009689   Thumb Code     6  api_msg.o(.text)
    lwip_netconn_do_listen                   0x0000968f   Thumb Code   166  api_msg.o(.text)
    lwip_netconn_do_send                     0x00009735   Thumb Code    20  api_msg.o(.text)
    lwip_netconn_do_recv                     0x00009749   Thumb Code    66  api_msg.o(.text)
    lwip_netconn_do_write                    0x0000978b   Thumb Code    88  api_msg.o(.text)
    lwip_netconn_do_getaddr                  0x000097e3   Thumb Code    72  api_msg.o(.text)
    lwip_netconn_do_close                    0x0000982b   Thumb Code   112  api_msg.o(.text)
    err_to_errno                             0x000098cd   Thumb Code    24  err.o(.text)
    netbuf_new                               0x000098e9   Thumb Code    24  netbuf.o(.text)
    netbuf_delete                            0x00009901   Thumb Code    34  netbuf.o(.text)
    netbuf_alloc                             0x00009923   Thumb Code    44  netbuf.o(.text)
    netbuf_free                              0x0000994f   Thumb Code    22  netbuf.o(.text)
    netbuf_ref                               0x00009965   Thumb Code    64  netbuf.o(.text)
    netbuf_chain                             0x000099a5   Thumb Code    38  netbuf.o(.text)
    netbuf_data                              0x000099cb   Thumb Code    38  netbuf.o(.text)
    netbuf_next                              0x000099f1   Thumb Code    30  netbuf.o(.text)
    netbuf_first                             0x00009a0f   Thumb Code    10  netbuf.o(.text)
    lwip_socket_thread_init                  0x00009a19   Thumb Code     2  sockets.o(.text)
    lwip_socket_thread_cleanup               0x00009a1b   Thumb Code     2  sockets.o(.text)
    lwip_socket_dbg_get_socket               0x00009a1d   Thumb Code     4  sockets.o(.text)
    lwip_accept                              0x00009aab   Thumb Code   288  sockets.o(.text)
    lwip_bind                                0x00009bcb   Thumb Code    82  sockets.o(.text)
    lwip_close                               0x00009c1d   Thumb Code    72  sockets.o(.text)
    lwip_connect                             0x00009c65   Thumb Code    96  sockets.o(.text)
    lwip_listen                              0x00009cc5   Thumb Code    82  sockets.o(.text)
    lwip_recvfrom                            0x00009f0d   Thumb Code   208  sockets.o(.text)
    lwip_read                                0x00009fdd   Thumb Code    14  sockets.o(.text)
    lwip_recvmsg                             0x00009feb   Thumb Code   240  sockets.o(.text)
    lwip_readv                               0x0000a0db   Thumb Code    32  sockets.o(.text)
    lwip_recv                                0x0000a0fb   Thumb Code    14  sockets.o(.text)
    lwip_send                                0x0000a109   Thumb Code   112  sockets.o(.text)
    lwip_sendmsg                             0x0000a179   Thumb Code   156  sockets.o(.text)
    lwip_sendto                              0x0000a215   Thumb Code   202  sockets.o(.text)
    lwip_socket                              0x0000a467   Thumb Code   104  sockets.o(.text)
    lwip_write                               0x0000a4cf   Thumb Code     4  sockets.o(.text)
    lwip_writev                              0x0000a4d3   Thumb Code    30  sockets.o(.text)
    lwip_select                              0x0000a6a7   Thumb Code   672  sockets.o(.text)
    lwip_poll                                0x0000aa39   Thumb Code   160  sockets.o(.text)
    lwip_shutdown                            0x0000aad9   Thumb Code   112  sockets.o(.text)
    lwip_getpeername                         0x0000abbb   Thumb Code     4  sockets.o(.text)
    lwip_getsockname                         0x0000abbf   Thumb Code     4  sockets.o(.text)
    lwip_getsockopt                          0x0000ad57   Thumb Code    84  sockets.o(.text)
    lwip_setsockopt                          0x0000af1b   Thumb Code    80  sockets.o(.text)
    lwip_ioctl                               0x0000af6b   Thumb Code    68  sockets.o(.text)
    lwip_fcntl                               0x0000afaf   Thumb Code   146  sockets.o(.text)
    lwip_inet_ntop                           0x0000b041   Thumb Code    64  sockets.o(.text)
    lwip_inet_pton                           0x0000b081   Thumb Code    36  sockets.o(.text)
    tcpip_inpkt                              0x0000b19b   Thumb Code    64  tcpip.o(.text)
    tcpip_input                              0x0000b1db   Thumb Code    18  tcpip.o(.text)
    tcpip_callback                           0x0000b1ed   Thumb Code    42  tcpip.o(.text)
    tcpip_try_callback                       0x0000b217   Thumb Code    56  tcpip.o(.text)
    tcpip_send_msg_wait_sem                  0x0000b24f   Thumb Code    26  tcpip.o(.text)
    tcpip_api_call                           0x0000b269   Thumb Code    28  tcpip.o(.text)
    tcpip_callbackmsg_new                    0x0000b285   Thumb Code    26  tcpip.o(.text)
    tcpip_callbackmsg_delete                 0x0000b29f   Thumb Code     8  tcpip.o(.text)
    tcpip_callbackmsg_trycallback            0x0000b2a7   Thumb Code    10  tcpip.o(.text)
    tcpip_callbackmsg_trycallback_fromisr    0x0000b2b1   Thumb Code    10  tcpip.o(.text)
    tcpip_init                               0x0000b2bb   Thumb Code    52  tcpip.o(.text)
    pbuf_free_callback                       0x0000b2f3   Thumb Code     6  tcpip.o(.text)
    mem_free_callback                        0x0000b2f9   Thumb Code     6  tcpip.o(.text)
    lwip_htons                               0x0000b321   Thumb Code     4  def.o(.text)
    lwip_htonl                               0x0000b325   Thumb Code     4  def.o(.text)
    lwip_strnstr                             0x0000b329   Thumb Code    64  def.o(.text)
    lwip_stricmp                             0x0000b369   Thumb Code    46  def.o(.text)
    lwip_strnicmp                            0x0000b397   Thumb Code    50  def.o(.text)
    lwip_itoa                                0x0000b3c9   Thumb Code   100  def.o(.text)
    lwip_standard_chksum                     0x0000b42d   Thumb Code    86  inet_chksum.o(.text)
    inet_chksum_pseudo                       0x0000b483   Thumb Code    40  inet_chksum.o(.text)
    ip_chksum_pseudo                         0x0000b4ab   Thumb Code    12  inet_chksum.o(.text)
    inet_chksum_pseudo_partial               0x0000b4b7   Thumb Code    44  inet_chksum.o(.text)
    ip_chksum_pseudo_partial                 0x0000b4e3   Thumb Code    16  inet_chksum.o(.text)
    inet_chksum                              0x0000b4f3   Thumb Code    12  inet_chksum.o(.text)
    inet_chksum_pbuf                         0x0000b4ff   Thumb Code    74  inet_chksum.o(.text)
    lwip_init                                0x0000b63f   Thumb Code    34  init.o(.text)
    mem_init                                 0x0000b661   Thumb Code    62  mem.o(.text)
    mem_free                                 0x0000b69f   Thumb Code   196  mem.o(.text)
    mem_trim                                 0x0000b763   Thumb Code   258  mem.o(.text)
    mem_malloc                               0x0000b865   Thumb Code   280  mem.o(.text)
    mem_calloc                               0x0000b97d   Thumb Code    34  mem.o(.text)
    memp_init_pool                           0x0000ba35   Thumb Code    46  memp.o(.text)
    memp_init                                0x0000ba63   Thumb Code    40  memp.o(.text)
    memp_malloc_pool                         0x0000bacf   Thumb Code     8  memp.o(.text)
    memp_malloc                              0x0000bad7   Thumb Code    16  memp.o(.text)
    memp_free_pool                           0x0000bae7   Thumb Code    14  memp.o(.text)
    memp_free                                0x0000baf5   Thumb Code    20  memp.o(.text)
    netif_init                               0x0000bb39   Thumb Code     2  netif.o(.text)
    netif_input                              0x0000bb3b   Thumb Code    18  netif.o(.text)
    netif_set_addr                           0x0000bba3   Thumb Code    92  netif.o(.text)
    netif_add                                0x0000bc05   Thumb Code   148  netif.o(.text)
    netif_add_noaddr                         0x0000bc99   Thumb Code    18  netif.o(.text)
    netif_set_ipaddr                         0x0000bcab   Thumb Code    18  netif.o(.text)
    netif_set_netmask                        0x0000bcbd   Thumb Code    16  netif.o(.text)
    netif_set_gw                             0x0000bccd   Thumb Code    16  netif.o(.text)
    netif_set_default                        0x0000bcdd   Thumb Code     6  netif.o(.text)
    netif_set_down                           0x0000bce3   Thumb Code    30  netif.o(.text)
    netif_remove                             0x0000bd01   Thumb Code    76  netif.o(.text)
    netif_set_up                             0x0000bd4d   Thumb Code    26  netif.o(.text)
    netif_set_link_up                        0x0000bd67   Thumb Code    26  netif.o(.text)
    netif_set_link_down                      0x0000bd81   Thumb Code    22  netif.o(.text)
    netif_find                               0x0000bd97   Thumb Code    60  netif.o(.text)
    netif_name_to_index                      0x0000bdd3   Thumb Code    20  netif.o(.text)
    netif_get_by_index                       0x0000bde7   Thumb Code    32  netif.o(.text)
    netif_index_to_name                      0x0000be07   Thumb Code    38  netif.o(.text)
    pbuf_free                                0x0000be93   Thumb Code    86  pbuf.o(.text)
    pbuf_alloc_reference                     0x0000bee9   Thumb Code    46  pbuf.o(.text)
    pbuf_alloc                               0x0000bf17   Thumb Code   254  pbuf.o(.text)
    pbuf_realloc                             0x0000c015   Thumb Code    82  pbuf.o(.text)
    pbuf_add_header                          0x0000c0ad   Thumb Code     4  pbuf.o(.text)
    pbuf_add_header_force                    0x0000c0b1   Thumb Code     4  pbuf.o(.text)
    pbuf_remove_header                       0x0000c0b5   Thumb Code    46  pbuf.o(.text)
    pbuf_header                              0x0000c0e3   Thumb Code     6  pbuf.o(.text)
    pbuf_header_force                        0x0000c0e9   Thumb Code     6  pbuf.o(.text)
    pbuf_free_header                         0x0000c0ef   Thumb Code    50  pbuf.o(.text)
    pbuf_clen                                0x0000c121   Thumb Code    18  pbuf.o(.text)
    pbuf_ref                                 0x0000c133   Thumb Code    26  pbuf.o(.text)
    pbuf_cat                                 0x0000c14d   Thumb Code    40  pbuf.o(.text)
    pbuf_chain                               0x0000c175   Thumb Code    16  pbuf.o(.text)
    pbuf_dechain                             0x0000c185   Thumb Code    38  pbuf.o(.text)
    pbuf_copy                                0x0000c1ab   Thumb Code   142  pbuf.o(.text)
    pbuf_copy_partial                        0x0000c239   Thumb Code   114  pbuf.o(.text)
    pbuf_get_contiguous                      0x0000c2ab   Thumb Code    66  pbuf.o(.text)
    pbuf_skip                                0x0000c2ed   Thumb Code     4  pbuf.o(.text)
    pbuf_take                                0x0000c2f1   Thumb Code    78  pbuf.o(.text)
    pbuf_take_at                             0x0000c33f   Thumb Code    84  pbuf.o(.text)
    pbuf_clone                               0x0000c393   Thumb Code    30  pbuf.o(.text)
    pbuf_coalesce                            0x0000c3b1   Thumb Code    40  pbuf.o(.text)
    pbuf_try_get_at                          0x0000c3d9   Thumb Code    32  pbuf.o(.text)
    pbuf_get_at                              0x0000c3f9   Thumb Code    18  pbuf.o(.text)
    pbuf_put_at                              0x0000c40b   Thumb Code    30  pbuf.o(.text)
    pbuf_memcmp                              0x0000c429   Thumb Code    90  pbuf.o(.text)
    pbuf_memfind                             0x0000c483   Thumb Code    58  pbuf.o(.text)
    pbuf_strstr                              0x0000c4bd   Thumb Code    50  pbuf.o(.text)
    stats_init                               0x0000c52d   Thumb Code     2  stats.o(.text)
    tcp_init                                 0x0000c531   Thumb Code     2  tcp.o(.text)
    tcp_free                                 0x0000c533   Thumb Code     8  tcp.o(.text)
    tcp_seg_free                             0x0000c53b   Thumb Code    28  tcp.o(.text)
    tcp_segs_free                            0x0000c557   Thumb Code    18  tcp.o(.text)
    tcp_free_ooseq                           0x0000c569   Thumb Code    20  tcp.o(.text)
    tcp_pcb_purge                            0x0000c57d   Thumb Code    70  tcp.o(.text)
    tcp_slowtmr                              0x0000c5c3   Thumb Code   702  tcp.o(.text)
    tcp_pcb_remove                           0x0000c8d1   Thumb Code    80  tcp.o(.text)
    tcp_close                                0x0000ca2d   Thumb Code    26  tcp.o(.text)
    tcp_update_rcv_ann_wnd                   0x0000ca47   Thumb Code    52  tcp.o(.text)
    tcp_recved                               0x0000ca7b   Thumb Code    62  tcp.o(.text)
    tcp_recv_null                            0x0000cab9   Thumb Code    42  tcp.o(.text)
    tcp_process_refused_data                 0x0000cae3   Thumb Code   116  tcp.o(.text)
    tcp_fasttmr                              0x0000cb57   Thumb Code   104  tcp.o(.text)
    tcp_tmr                                  0x0000cbbf   Thumb Code    28  tcp.o(.text)
    tcp_shutdown                             0x0000cbdb   Thumb Code    84  tcp.o(.text)
    tcp_abandon                              0x0000cc2f   Thumb Code   208  tcp.o(.text)
    tcp_abort                                0x0000ccff   Thumb Code     4  tcp.o(.text)
    tcp_bind                                 0x0000cd59   Thumb Code   166  tcp.o(.text)
    tcp_bind_netif                           0x0000cdff   Thumb Code    12  tcp.o(.text)
    tcp_listen_with_backlog_and_err          0x0000ce19   Thumb Code   196  tcp.o(.text)
    tcp_listen_with_backlog                  0x0000cedd   Thumb Code     4  tcp.o(.text)
    tcp_eff_send_mss_netif                   0x0000cee1   Thumb Code    30  tcp.o(.text)
    tcp_next_iss                             0x0000ceff   Thumb Code    12  tcp.o(.text)
    tcp_connect                              0x0000cf0b   Thumb Code   328  tcp.o(.text)
    tcp_txnow                                0x0000d053   Thumb Code    28  tcp.o(.text)
    tcp_setprio                              0x0000d06f   Thumb Code     8  tcp.o(.text)
    tcp_seg_copy                             0x0000d077   Thumb Code    36  tcp.o(.text)
    tcp_alloc                                0x0000d0d1   Thumb Code   350  tcp.o(.text)
    tcp_new                                  0x0000d22f   Thumb Code     4  tcp.o(.text)
    tcp_new_ip_type                          0x0000d233   Thumb Code     4  tcp.o(.text)
    tcp_arg                                  0x0000d237   Thumb Code     8  tcp.o(.text)
    tcp_recv                                 0x0000d23f   Thumb Code    10  tcp.o(.text)
    tcp_sent                                 0x0000d249   Thumb Code    10  tcp.o(.text)
    tcp_err                                  0x0000d253   Thumb Code    10  tcp.o(.text)
    tcp_accept                               0x0000d25d   Thumb Code    14  tcp.o(.text)
    tcp_poll                                 0x0000d26b   Thumb Code    12  tcp.o(.text)
    tcp_netif_ip_addr_changed                0x0000d277   Thumb Code    70  tcp.o(.text)
    tcp_debug_state_str                      0x0000d2bd   Thumb Code     8  tcp.o(.text)
    tcp_tcp_get_tcp_addrinfo                 0x0000d2c5   Thumb Code    38  tcp.o(.text)
    tcp_input                                0x0000df81   Thumb Code  1090  tcp_in.o(.text)
    tcp_trigger_input_pcb_close              0x0000e3c3   Thumb Code    12  tcp_in.o(.text)
    tcp_write                                0x0000e52b   Thumb Code   860  tcp_out.o(.text)
    tcp_split_unsent_seg                     0x0000e887   Thumb Code   298  tcp_out.o(.text)
    tcp_enqueue_flags                        0x0000e9b1   Thumb Code   150  tcp_out.o(.text)
    tcp_send_fin                             0x0000ea47   Thumb Code    68  tcp_out.o(.text)
    tcp_send_empty_ack                       0x0000ec4d   Thumb Code    70  tcp_out.o(.text)
    tcp_output                               0x0000ec93   Thumb Code   496  tcp_out.o(.text)
    tcp_rexmit_rto_prepare                   0x0000ee83   Thumb Code   102  tcp_out.o(.text)
    tcp_rexmit_rto_commit                    0x0000eee9   Thumb Code    16  tcp_out.o(.text)
    tcp_rexmit_rto                           0x0000eef9   Thumb Code    22  tcp_out.o(.text)
    tcp_rexmit                               0x0000ef0f   Thumb Code   100  tcp_out.o(.text)
    tcp_rexmit_fast                          0x0000ef73   Thumb Code    92  tcp_out.o(.text)
    tcp_rst                                  0x0000efcf   Thumb Code    72  tcp_out.o(.text)
    tcp_keepalive                            0x0000f017   Thumb Code    48  tcp_out.o(.text)
    tcp_zero_window_probe                    0x0000f047   Thumb Code   170  tcp_out.o(.text)
    sys_timeout                              0x0000f15b   Thumb Code    24  timeouts.o(.text)
    tcp_timer_needed                         0x0000f199   Thumb Code    34  timeouts.o(.text)
    sys_timeouts_init                        0x0000f1eb   Thumb Code    28  timeouts.o(.text)
    sys_untimeout                            0x0000f207   Thumb Code    56  timeouts.o(.text)
    sys_check_timeouts                       0x0000f23f   Thumb Code    60  timeouts.o(.text)
    sys_restart_timeouts                     0x0000f27b   Thumb Code    36  timeouts.o(.text)
    sys_timeouts_sleeptime                   0x0000f29f   Thumb Code    34  timeouts.o(.text)
    icmp_input                               0x0000f2d9   Thumb Code   394  icmp.o(.text)
    icmp_dest_unreach                        0x0000f463   Thumb Code     8  icmp.o(.text)
    ip4_route                                0x0000f4f9   Thumb Code    94  ip4.o(.text)
    ip4_input                                0x0000f57f   Thumb Code   490  ip4.o(.text)
    ip4_output_if_src                        0x0000f769   Thumb Code   218  ip4.o(.text)
    ip4_output_if                            0x0000f843   Thumb Code    30  ip4.o(.text)
    ip4_output                               0x0000f861   Thumb Code    60  ip4.o(.text)
    ip4_addr_isbroadcast_u32                 0x0000f8b5   Thumb Code    46  ip4_addr.o(.text)
    ip4_addr_netmask_valid                   0x0000f8e3   Thumb Code    38  ip4_addr.o(.text)
    ip4addr_aton                             0x0000f909   Thumb Code   272  ip4_addr.o(.text)
    ipaddr_addr                              0x0000fa19   Thumb Code    20  ip4_addr.o(.text)
    ip4addr_ntoa_r                           0x0000fa2d   Thumb Code   118  ip4_addr.o(.text)
    ip4addr_ntoa                             0x0000faa3   Thumb Code     6  ip4_addr.o(.text)
    lwpkt_init                               0x0000faef   Thumb Code    38  lwpkt.o(.text)
    lwpkt_read                               0x0000fb15   Thumb Code   316  lwpkt.o(.text)
    lwpkt_reset                              0x0000fc51   Thumb Code    22  lwpkt.o(.text)
    lwpkt_process                            0x0000fc67   Thumb Code    76  lwpkt.o(.text)
    lwpkt_write                              0x0000fcb3   Thumb Code   200  lwpkt.o(.text)
    lwpkt_set_evt_fn                         0x0000fd7b   Thumb Code     6  lwpkt.o(.text)
    lwrb_init                                0x0000fd81   Thumb Code    40  lwrb.o(.text)
    lwrb_is_ready                            0x0000fda9   Thumb Code    34  lwrb.o(.text)
    lwrb_free                                0x0000fdcb   Thumb Code    38  lwrb.o(.text)
    lwrb_set_evt_fn                          0x0000fdf1   Thumb Code    36  lwrb.o(.text)
    lwrb_get_free                            0x0000fe15   Thumb Code    54  lwrb.o(.text)
    lwrb_write                               0x0000fe4b   Thumb Code   136  lwrb.o(.text)
    lwrb_get_full                            0x0000fed3   Thumb Code    58  lwrb.o(.text)
    lwrb_read                                0x0000ff0d   Thumb Code   134  lwrb.o(.text)
    lwrb_peek                                0x0000ff93   Thumb Code   116  lwrb.o(.text)
    lwrb_reset                               0x00010007   Thumb Code    52  lwrb.o(.text)
    lwrb_get_linear_block_read_address       0x0001003b   Thumb Code    36  lwrb.o(.text)
    lwrb_get_linear_block_read_length        0x0001005f   Thumb Code    50  lwrb.o(.text)
    lwrb_skip                                0x00010091   Thumb Code    82  lwrb.o(.text)
    lwrb_get_linear_block_write_address      0x000100e3   Thumb Code    36  lwrb.o(.text)
    lwrb_get_linear_block_write_length       0x00010107   Thumb Code    52  lwrb.o(.text)
    lwrb_advance                             0x0001013b   Thumb Code    86  lwrb.o(.text)
    __rt_ctype_table                         0x00010191   Thumb Code     4  ctype_o.o(.text)
    isspace                                  0x00010199   Thumb Code    18  isspace_o.o(.text)
    ___aeabi_memcpy4$move                    0x000101ab   Thumb Code     0  memmovea.o(.text)
    ___aeabi_memcpy8$move                    0x000101ab   Thumb Code     0  memmovea.o(.text)
    __aeabi_memcpy                           0x000101ab   Thumb Code    64  memmovea.o(.text)
    __aeabi_memmove                          0x000101ab   Thumb Code     0  memmovea.o(.text)
    __aeabi_memmove4                         0x000101ab   Thumb Code     0  memmovea.o(.text)
    __aeabi_memmove8                         0x000101ab   Thumb Code     0  memmovea.o(.text)
    __aeabi_memset                           0x000101eb   Thumb Code    14  memseta.o(.text)
    __aeabi_memset4                          0x000101eb   Thumb Code     0  memseta.o(.text)
    __aeabi_memset8                          0x000101eb   Thumb Code     0  memseta.o(.text)
    __aeabi_memclr                           0x000101f9   Thumb Code     4  memseta.o(.text)
    __aeabi_memclr4                          0x000101f9   Thumb Code     0  memseta.o(.text)
    __aeabi_memclr8                          0x000101f9   Thumb Code     0  memseta.o(.text)
    _memset$wrapper                          0x000101fd   Thumb Code    18  memseta.o(.text)
    strstr                                   0x0001020f   Thumb Code    36  strstr.o(.text)
    strncpy                                  0x00010233   Thumb Code    24  strncpy.o(.text)
    strchr                                   0x0001024b   Thumb Code    20  strchr.o(.text)
    strlen                                   0x0001025f   Thumb Code    14  strlen.o(.text)
    strcmp                                   0x0001026d   Thumb Code    28  strcmp.o(.text)
    memcmp                                   0x00010289   Thumb Code    26  memcmp.o(.text)
    strncmp                                  0x000102a3   Thumb Code    30  strncmp.o(.text)
    strtok                                   0x000102c1   Thumb Code    62  strtok.o(.text)
    __0sscanf                                0x00010305   Thumb Code    48  __0sscanf.o(.text)
    _scanf_int                               0x0001033d   Thumb Code   332  _scanf_int.o(.text)
    atoi                                     0x00010489   Thumb Code    26  atoi.o(.text)
    _chval                                   0x000104a3   Thumb Code    28  _chval.o(.text)
    __vfscanf_char                           0x000104cd   Thumb Code    20  scanf_char.o(.text)
    _sgetc                                   0x000104e9   Thumb Code    30  _sgetc.o(.text)
    _sbackspace                              0x00010507   Thumb Code    34  _sgetc.o(.text)
    strtol                                   0x00010529   Thumb Code   112  strtol.o(.text)
    __scatterload                            0x00010599   Thumb Code    28  init.o(.text)
    __scatterload_rt2                        0x00010599   Thumb Code     0  init.o(.text)
    __vfscanf                                0x000105bd   Thumb Code   808  _scanf.o(.text)
    _strtoul                                 0x000108e9   Thumb Code   158  _strtoul.o(.text)
    __decompress                             0x00010987   Thumb Code     0  __dczerorl2.o(.text)
    __decompress1                            0x00010987   Thumb Code    86  __dczerorl2.o(.text)
    __0snprintf$2                            0x000109dd   Thumb Code    44  printf2.o(i.__0snprintf$2)
    __1snprintf$2                            0x000109dd   Thumb Code     0  printf2.o(i.__0snprintf$2)
    __2snprintf                              0x000109dd   Thumb Code     0  printf2.o(i.__0snprintf$2)
    __aeabi_errno_addr                       0x00010a0d   Thumb Code     4  errno.o(i.__aeabi_errno_addr)
    __rt_errno_addr                          0x00010a0d   Thumb Code     0  errno.o(i.__aeabi_errno_addr)
    __free$realloc                           0x00010a15   Thumb Code    88  mallocr.o(i.__free$realloc)
    __malloc$realloc                         0x00010a71   Thumb Code    64  mallocr.o(i.__malloc$realloc)
    __scatterload_copy                       0x00010ac1   Thumb Code    14  handlers.o(i.__scatterload_copy)
    __scatterload_null                       0x00010acf   Thumb Code     2  handlers.o(i.__scatterload_null)
    __scatterload_zeroinit                   0x00010ad1   Thumb Code    14  handlers.o(i.__scatterload_zeroinit)
    realloc                                  0x00010c1d   Thumb Code   102  mallocr.o(i.realloc)
    g_pcTagLeadIn                            0x00010c88   Data           4  httpd.o(.constdata)
    g_pcTagLeadOut                           0x00010c8c   Data           4  httpd.o(.constdata)
    g_psDefaultFilenames                     0x00010c90   Data          40  httpd.o(.constdata)
    file_success_htm                         0x00011940   Data          16  lmi_fs.o(.constdata)
    file_index_shtml                         0x00011950   Data          16  lmi_fs.o(.constdata)
    file_format_error_htm                    0x00011960   Data          16  lmi_fs.o(.constdata)
    file_404_htm                             0x00011970   Data          16  lmi_fs.o(.constdata)
    ethbroadcast                             0x00012354   Data           6  etharp.o(.constdata)
    ethzero                                  0x0001235a   Data           6  etharp.o(.constdata)
    netconn_aborted                          0x00012374   Data           1  api_msg.o(.constdata)
    netconn_reset                            0x00012375   Data           1  api_msg.o(.constdata)
    netconn_closed                           0x00012376   Data           1  api_msg.o(.constdata)
    memp_TCP_PCB                             0x000123bc   Data          16  memp.o(.constdata)
    memp_TCP_PCB_LISTEN                      0x000123cc   Data          16  memp.o(.constdata)
    memp_TCP_SEG                             0x000123dc   Data          16  memp.o(.constdata)
    memp_NETBUF                              0x000123ec   Data          16  memp.o(.constdata)
    memp_NETCONN                             0x000123fc   Data          16  memp.o(.constdata)
    memp_TCPIP_MSG_API                       0x0001240c   Data          16  memp.o(.constdata)
    memp_TCPIP_MSG_INPKT                     0x0001241c   Data          16  memp.o(.constdata)
    memp_ARP_QUEUE                           0x0001242c   Data          16  memp.o(.constdata)
    memp_SYS_TIMEOUT                         0x0001243c   Data          16  memp.o(.constdata)
    memp_PBUF                                0x0001244c   Data          16  memp.o(.constdata)
    memp_PBUF_POOL                           0x0001245c   Data          16  memp.o(.constdata)
    memp_pools                               0x0001246c   Data          44  memp.o(.constdata)
    tcp_pcb_lists                            0x000124dc   Data          16  tcp.o(.constdata)
    lwip_cyclic_timers                       0x000124ec   Data          16  timeouts.o(.constdata)
    ip_addr_any                              0x000124fc   Data           4  ip4_addr.o(.constdata)
    __ctype_table                            0x00012500   Data         129  ctype_o.o(.constdata)
    Region$$Table$$Base                      0x00012e50   Number         0  anon$$obj.o(Region$$Table)
    Region$$Table$$Limit                     0x00012e70   Number         0  anon$$obj.o(Region$$Table)
    g_pfnSSIHandler                          0x20000000   Data           4  httpd.o(.data)
    g_iNumTags                               0x20000004   Data           4  httpd.o(.data)
    g_ppcTags                                0x20000008   Data           4  httpd.o(.data)
    g_pCGIs                                  0x2000000c   Data           4  httpd.o(.data)
    g_iNumCGIs                               0x20000010   Data           4  httpd.o(.data)
    g_pcSSIExtensions                        0x20000014   Data          16  httpd.o(.data)
    g_psHTTPHeaderStrings                    0x20000024   Data          72  httpd.o(.data)
    g_psHTTPHeaders                          0x2000006c   Data         136  httpd.o(.data)
    MasterHold                               0x200000fc   Data           1  mb_cvt.o(.data)
    modbusSlaveDefaultFunctions              0x20000100   Data          80  mb_cvt.o(.data)
    modbusMasterDefaultFunctions             0x20000150   Data          80  mb_cvt.o(.data)
    g_sCmdTable                              0x200001a0   Data          84  cmd.o(.data)
    timeout                                  0x200001f4   Data           4  webserver.o(.data)
    ClientHold                               0x20000214   Data           1  comm.o(.data)
    clk                                      0x20000218   Data           4  bsp.o(.data)
    g_pInterrupt                             0x20000224   Data           4  lwiplib.o(.data)
    g_bNetStatus                             0x20000250   Data           1  network.o(.data)
    btn_cnt                                  0x20000254   Data           4  network.o(.data)
    led_cnt                                  0x20000258   Data           4  network.o(.data)
    xInsideISR                               0x2000025c   Data           4  sys_arch.o(.data)
    pxCurrentTCB                             0x20000280   Data           4  tasks.o(.data)
    lock_tcpip_core                          0x200002cc   Data           4  tcpip.o(.data)
    netif_list                               0x20000310   Data           4  netif.o(.data)
    netif_default                            0x20000314   Data           4  netif.o(.data)
    pbuf_free_ooseq_pending                  0x20000318   Data           1  pbuf.o(.data)
    tcp_active_pcbs_changed                  0x2000031c   Data           1  tcp.o(.data)
    tcp_ticks                                0x20000328   Data           4  tcp.o(.data)
    tcp_bound_pcbs                           0x2000032c   Data           4  tcp.o(.data)
    tcp_listen_pcbs                          0x20000330   Data           4  tcp.o(.data)
    tcp_active_pcbs                          0x20000334   Data           4  tcp.o(.data)
    tcp_tw_pcbs                              0x20000338   Data           4  tcp.o(.data)
    tcp_input_pcb                            0x2000035c   Data           4  tcp_in.o(.data)
    __microlib_freelist                      0x20000378   Data           4  mvars.o(.data)
    __microlib_freelist_initialised          0x2000037c   Data           4  mvars.o(.data)
    xQueueRegistry                           0x20006e48   Data          80  queue.o(.bss)
    ip_data                                  0x20007068   Data          24  ip.o(.bss)
    ram_heap                                 0x20007080   Data        4115  mem.o(.bss)
    memp_memory_TCP_PCB_base                 0x20008093   Data         783  memp.o(.bss)
    memp_memory_TCP_PCB_LISTEN_base          0x200083ac   Data         227  memp.o(.bss)
    memp_memory_TCP_SEG_base                 0x2000849a   Data         419  memp.o(.bss)
    memp_memory_NETBUF_base                  0x20008648   Data          35  memp.o(.bss)
    memp_memory_NETCONN_base                 0x20008676   Data         179  memp.o(.bss)
    memp_memory_TCPIP_MSG_API_base           0x20008734   Data          67  memp.o(.bss)
    memp_memory_TCPIP_MSG_INPKT_base         0x20008782   Data          67  memp.o(.bss)
    memp_memory_ARP_QUEUE_base               0x200087d0   Data         243  memp.o(.bss)
    memp_memory_SYS_TIMEOUT_base             0x200088ce   Data         131  memp.o(.bss)
    memp_memory_PBUF_base                    0x2000895c   Data         259  memp.o(.bss)
    memp_memory_PBUF_POOL_base               0x20008a6a   Data        8707  memp.o(.bss)
    lwip_stats                               0x2000ac78   Data         196  stats.o(.bss)
    __heap_base                              0x2000ad60   Data           0  startup.o(HEAP)
    __heap_limit                             0x2000ad60   Data           0  startup.o(HEAP)
    __initial_sp                             0x2000b160   Data           0  startup.o(STACK)



==============================================================================

Memory Map of the image

  Image Entry point : 0x00000279

  Load Region LR_IROM1 (Base: 0x00000000, Size: 0x000134dc, Max: 0x00040000, ABSOLUTE, COMPRESSED[0x00012fc4])

    Execution Region ER_IROM1 (Base: 0x00000000, Size: 0x00012e70, Max: 0x00040000, ABSOLUTE)

    Base Addr    Size         Type   Attr      Idx    E Section Name        Object

    0x00000000   0x00000278   Code   RO          192    RESET               startup.o
    0x00000278   0x00000000   Code   RO         2012  * .ARM.Collect$$$$00000000  mc_w.l(entry.o)
    0x00000278   0x00000004   Code   RO         2370    .ARM.Collect$$$$00000001  mc_w.l(entry2.o)
    0x0000027c   0x00000004   Code   RO         2373    .ARM.Collect$$$$00000004  mc_w.l(entry5.o)
    0x00000280   0x00000000   Code   RO         2375    .ARM.Collect$$$$00000008  mc_w.l(entry7b.o)
    0x00000280   0x00000000   Code   RO         2377    .ARM.Collect$$$$0000000A  mc_w.l(entry8b.o)
    0x00000280   0x00000008   Code   RO         2378    .ARM.Collect$$$$0000000B  mc_w.l(entry9a.o)
    0x00000288   0x00000000   Code   RO         2380    .ARM.Collect$$$$0000000D  mc_w.l(entry10a.o)
    0x00000288   0x00000000   Code   RO         2382    .ARM.Collect$$$$0000000F  mc_w.l(entry11a.o)
    0x00000288   0x00000004   Code   RO         2371    .ARM.Collect$$$$00002712  mc_w.l(entry2.o)
    0x0000028c   0x00000026   Code   RO          628    .emb_text           cpu.o
    0x000002b2   0x00000002   PAD
    0x000002b4   0x00000006   Code   RO          723    .emb_text           sysctl.o
    0x000002ba   0x00000002   PAD
    0x000002bc   0x0000008c   Code   RO         1189    .emb_text           port.o
    0x00000348   0x0000008c   Code   RO            1    .text               main.o
    0x000003d4   0x000001b0   Code   RO          197    .text               fifo.o
    0x00000584   0x000001e4   Code   RO          213    .text               cgifuncs.o
    0x00000768   0x00000978   Code   RO          229    .text               httpd.o
    0x000010e0   0x0000022c   Code   RO          332    .text               lmi_fs.o
    0x0000130c   0x00001ba0   Code   RO          432    .text               mb_cvt.o
    0x00002eac   0x00000898   Code   RO          513    .text               cmd.o
    0x00003744   0x000001f8   Code   RO          548    .text               user_epprom.o
    0x0000393c   0x0000049c   Code   RO          567    .text               webserver.o
    0x00003dd8   0x00000384   Code   RO          585    .text               comm.o
    0x0000415c   0x000000f8   Code   RO          613    .text               bsp.o
    0x00004254   0x000002e0   Code   RO          641    .text               ethernet.o
    0x00004534   0x000005fc   Code   RO          666    .text               gpio.o
    0x00004b30   0x00000254   Code   RO          684    .text               interrupt.o
    0x00004d84   0x000008fc   Code   RO          724    .text               sysctl.o
    0x00005680   0x000002a4   Code   RO          778    .text               uart.o
    0x00005924   0x000000b8   Code   RO          817    .text               watchdog.o
    0x000059dc   0x0000032c   Code   RO          835    .text               flash.o
    0x00005d08   0x00000204   Code   RO          855    .text               lwiplib.o
    0x00005f0c   0x00000540   Code   RO          892    .text               ustdlib.o
    0x0000644c   0x000002c0   Code   RO          909    .text               uartstdio.o
    0x0000670c   0x00000064   Code   RO          931    .text               cmdline.o
    0x00006770   0x000001dc   Code   RO          944    .text               crc.o
    0x0000694c   0x00000114   Code   RO          958    .text               flash_pb.o
    0x00006a60   0x000001b0   Code   RO          972    .text               network.o
    0x00006c10   0x00000300   Code   RO         1001    .text               sys_arch.o
    0x00006f10   0x000002e8   Code   RO         1054    .text               stellarisif.o
    0x000071f8   0x000006cc   Code   RO         1093    .text               etharp.o
    0x000078c4   0x000000f4   Code   RO         1156    .text               heap_2.o
    0x000079b8   0x0000008c   Code   RO         1177    .text               list.o
    0x00007a44   0x000000a0   Code   RO         1190    .text               port.o
    0x00007ae4   0x00000498   Code   RO         1207    .text               queue.o
    0x00007f7c   0x00000890   Code   RO         1225    .text               tasks.o
    0x0000880c   0x00000558   Code   RO         1253    .text               api_lib.o
    0x00008d64   0x00000b68   Code   RO         1291    .text               api_msg.o
    0x000098cc   0x0000001c   Code   RO         1328    .text               err.o
    0x000098e8   0x00000130   Code   RO         1346    .text               netbuf.o
    0x00009a18   0x000016e4   Code   RO         1376    .text               sockets.o
    0x0000b0fc   0x00000224   Code   RO         1403    .text               tcpip.o
    0x0000b320   0x0000010c   Code   RO         1453    .text               def.o
    0x0000b42c   0x00000212   Code   RO         1471    .text               inet_chksum.o
    0x0000b63e   0x00000022   Code   RO         1486    .text               init.o
    0x0000b660   0x000003d4   Code   RO         1543    .text               mem.o
    0x0000ba34   0x00000104   Code   RO         1559    .text               memp.o
    0x0000bb38   0x00000330   Code   RO         1658    .text               netif.o
    0x0000be68   0x000006c4   Code   RO         1694    .text               pbuf.o
    0x0000c52c   0x00000002   Code   RO         1716    .text               stats.o
    0x0000c52e   0x00000002   PAD
    0x0000c530   0x00000de8   Code   RO         1753    .text               tcp.o
    0x0000d318   0x00001120   Code   RO         1778    .text               tcp_in.o
    0x0000e438   0x00000cd8   Code   RO         1815    .text               tcp_out.o
    0x0000f110   0x000001c8   Code   RO         1835    .text               timeouts.o
    0x0000f2d8   0x00000220   Code   RO         1877    .text               icmp.o
    0x0000f4f8   0x000003bc   Code   RO         1898    .text               ip4.o
    0x0000f8b4   0x000001f8   Code   RO         1915    .text               ip4_addr.o
    0x0000faac   0x000002d4   Code   RO         1948    .text               lwpkt.o
    0x0000fd80   0x00000410   Code   RO         1967    .text               lwrb.o
    0x00010190   0x00000008   Code   RO         2020    .text               mc_w.l(ctype_o.o)
    0x00010198   0x00000012   Code   RO         2042    .text               mc_w.l(isspace_o.o)
    0x000101aa   0x00000040   Code   RO         2050    .text               mc_w.l(memmovea.o)
    0x000101ea   0x00000024   Code   RO         2052    .text               mc_w.l(memseta.o)
    0x0001020e   0x00000024   Code   RO         2054    .text               mc_w.l(strstr.o)
    0x00010232   0x00000018   Code   RO         2056    .text               mc_w.l(strncpy.o)
    0x0001024a   0x00000014   Code   RO         2058    .text               mc_w.l(strchr.o)
    0x0001025e   0x0000000e   Code   RO         2060    .text               mc_w.l(strlen.o)
    0x0001026c   0x0000001c   Code   RO         2062    .text               mc_w.l(strcmp.o)
    0x00010288   0x0000001a   Code   RO         2064    .text               mc_w.l(memcmp.o)
    0x000102a2   0x0000001e   Code   RO         2066    .text               mc_w.l(strncmp.o)
    0x000102c0   0x00000044   Code   RO         2068    .text               mc_w.l(strtok.o)
    0x00010304   0x00000038   Code   RO         2364    .text               mc_w.l(__0sscanf.o)
    0x0001033c   0x0000014c   Code   RO         2366    .text               mc_w.l(_scanf_int.o)
    0x00010488   0x0000001a   Code   RO         2368    .text               mc_w.l(atoi.o)
    0x000104a2   0x0000001c   Code   RO         2391    .text               mc_w.l(_chval.o)
    0x000104be   0x00000002   PAD
    0x000104c0   0x00000028   Code   RO         2393    .text               mc_w.l(scanf_char.o)
    0x000104e8   0x00000040   Code   RO         2395    .text               mc_w.l(_sgetc.o)
    0x00010528   0x00000070   Code   RO         2397    .text               mc_w.l(strtol.o)
    0x00010598   0x00000024   Code   RO         2410    .text               mc_w.l(init.o)
    0x000105bc   0x0000032c   Code   RO         2420    .text               mc_w.l(_scanf.o)
    0x000108e8   0x0000009e   Code   RO         2422    .text               mc_w.l(_strtoul.o)
    0x00010986   0x00000056   Code   RO         2437    .text               mc_w.l(__dczerorl2.o)
    0x000109dc   0x00000030   Code   RO         2146    i.__0snprintf$2     mc_w.l(printf2.o)
    0x00010a0c   0x00000008   Code   RO         2357    i.__aeabi_errno_addr  mc_w.l(errno.o)
    0x00010a14   0x0000005c   Code   RO         2339    i.__free$realloc    mc_w.l(mallocr.o)
    0x00010a70   0x00000050   Code   RO         2340    i.__malloc$realloc  mc_w.l(mallocr.o)
    0x00010ac0   0x0000000e   Code   RO         2431    i.__scatterload_copy  mc_w.l(handlers.o)
    0x00010ace   0x00000002   Code   RO         2432    i.__scatterload_null  mc_w.l(handlers.o)
    0x00010ad0   0x0000000e   Code   RO         2433    i.__scatterload_zeroinit  mc_w.l(handlers.o)
    0x00010ade   0x000000d6   Code   RO         2152    i._printf_core      mc_w.l(printf2.o)
    0x00010bb4   0x00000016   Code   RO         2153    i._snputc           mc_w.l(printf2.o)
    0x00010bca   0x00000002   PAD
    0x00010bcc   0x00000050   Code   RO         2341    i.internal_alloc    mc_w.l(mallocr.o)
    0x00010c1c   0x0000006c   Code   RO         2342    i.realloc           mc_w.l(mallocr.o)
    0x00010c88   0x00000030   Data   RO          230    .constdata          httpd.o
    0x00010cb8   0x000000d9   Data   RO          334    .constdata          lmi_fs.o
    0x00010d91   0x000000dc   Data   RO          335    .constdata          lmi_fs.o
    0x00010e6d   0x000009de   Data   RO          336    .constdata          lmi_fs.o
    0x0001184b   0x000000f5   Data   RO          337    .constdata          lmi_fs.o
    0x00011940   0x00000010   Data   RO          338    .constdata          lmi_fs.o
    0x00011950   0x00000010   Data   RO          339    .constdata          lmi_fs.o
    0x00011960   0x00000010   Data   RO          340    .constdata          lmi_fs.o
    0x00011970   0x00000010   Data   RO          341    .constdata          lmi_fs.o
    0x00011980   0x000002f4   Data   RO          441    .constdata          mb_cvt.o
    0x00011c74   0x00000008   Data   RO          569    .constdata          webserver.o
    0x00011c7c   0x00000078   Data   RO          667    .constdata          gpio.o
    0x00011cf4   0x00000104   Data   RO          685    .constdata          interrupt.o
    0x00011df8   0x000001c4   Data   RO          725    .constdata          sysctl.o
    0x00011fbc   0x00000040   Data   RO          779    .constdata          uart.o
    0x00011ffc   0x00000020   Data   RO          836    .constdata          flash.o
    0x0001201c   0x0000001c   Data   RO          893    .constdata          ustdlib.o
    0x00012038   0x0000001c   Data   RO          910    .constdata          uartstdio.o
    0x00012054   0x00000300   Data   RO          945    .constdata          crc.o
    0x00012354   0x0000000c   Data   RO         1095    .constdata          etharp.o
    0x00012360   0x00000014   Data   RO         1227    .constdata          tasks.o
    0x00012374   0x00000003   Data   RO         1292    .constdata          api_msg.o
    0x00012377   0x00000001   PAD
    0x00012378   0x00000044   Data   RO         1329    .constdata          err.o
    0x000123bc   0x00000010   Data   RO         1582    .constdata          memp.o
    0x000123cc   0x00000010   Data   RO         1583    .constdata          memp.o
    0x000123dc   0x00000010   Data   RO         1584    .constdata          memp.o
    0x000123ec   0x00000010   Data   RO         1585    .constdata          memp.o
    0x000123fc   0x00000010   Data   RO         1586    .constdata          memp.o
    0x0001240c   0x00000010   Data   RO         1587    .constdata          memp.o
    0x0001241c   0x00000010   Data   RO         1588    .constdata          memp.o
    0x0001242c   0x00000010   Data   RO         1589    .constdata          memp.o
    0x0001243c   0x00000010   Data   RO         1590    .constdata          memp.o
    0x0001244c   0x00000010   Data   RO         1591    .constdata          memp.o
    0x0001245c   0x00000010   Data   RO         1592    .constdata          memp.o
    0x0001246c   0x0000002c   Data   RO         1593    .constdata          memp.o
    0x00012498   0x00000054   Data   RO         1754    .constdata          tcp.o
    0x000124ec   0x00000010   Data   RO         1836    .constdata          timeouts.o
    0x000124fc   0x00000004   Data   RO         1917    .constdata          ip4_addr.o
    0x00012500   0x00000081   Data   RO         2021    .constdata          mc_w.l(ctype_o.o)
    0x00012581   0x00000003   PAD
    0x00012584   0x00000004   Data   RO         2022    .constdata          mc_w.l(ctype_o.o)
    0x00012588   0x00000047   Data   RO            2    .conststring        main.o
    0x000125cf   0x00000001   PAD
    0x000125d0   0x0000038c   Data   RO          231    .conststring        httpd.o
    0x0001295c   0x00000095   Data   RO          515    .conststring        cmd.o
    0x000129f1   0x00000003   PAD
    0x000129f4   0x000003cf   Data   RO          570    .conststring        webserver.o
    0x00012dc3   0x00000001   PAD
    0x00012dc4   0x00000011   Data   RO          894    .conststring        ustdlib.o
    0x00012dd5   0x00000003   PAD
    0x00012dd8   0x00000075   Data   RO         1755    .conststring        tcp.o
    0x00012e4d   0x00000003   PAD
    0x00012e50   0x00000020   Data   RO         2429    Region$$Table       anon$$obj.o


    Execution Region RW_IRAM1 (Base: 0x20000000, Size: 0x0000b160, Max: 0x00010000, ABSOLUTE, COMPRESSED[0x00000154])

    Base Addr    Size         Type   Attr      Idx    E Section Name        Object

    0x20000000   0x000000f4   Data   RW          232    .data               httpd.o
    0x200000f4   0x00000008   Data   RW          342    .data               lmi_fs.o
    0x200000fc   0x000000a4   Data   RW          442    .data               mb_cvt.o
    0x200001a0   0x00000054   Data   RW          516    .data               cmd.o
    0x200001f4   0x00000020   Data   RW          571    .data               webserver.o
    0x20000214   0x00000001   Data   RW          587    .data               comm.o
    0x20000215   0x00000003   PAD
    0x20000218   0x00000004   Data   RW          614    .data               bsp.o
    0x2000021c   0x00000018   Data   RW          857    .data               lwiplib.o
    0x20000234   0x00000004   Data   RW          895    .data               ustdlib.o
    0x20000238   0x00000008   Data   RW          912    .data               uartstdio.o
    0x20000240   0x00000010   Data   RW          959    .data               flash_pb.o
    0x20000250   0x0000000c   Data   RW          977    .data               network.o
    0x2000025c   0x00000004   Data   RW         1002    .data               sys_arch.o
    0x20000260   0x00000001   Data   RW         1096    .data               etharp.o
    0x20000261   0x00000003   PAD
    0x20000264   0x00000018   Data   RW         1158    .data               heap_2.o
    0x2000027c   0x00000004   Data   RW         1191    .data               port.o
    0x20000280   0x0000003c   Data   RW         1228    .data               tasks.o
    0x200002bc   0x00000004   Data   RW         1378    .data               sockets.o
    0x200002c0   0x00000010   Data   RW         1404    .data               tcpip.o
    0x200002d0   0x00000010   Data   RW         1545    .data               mem.o
    0x200002e0   0x00000004   Data   RW         1594    .data               memp.o
    0x200002e4   0x00000004   Data   RW         1595    .data               memp.o
    0x200002e8   0x00000004   Data   RW         1596    .data               memp.o
    0x200002ec   0x00000004   Data   RW         1597    .data               memp.o
    0x200002f0   0x00000004   Data   RW         1598    .data               memp.o
    0x200002f4   0x00000004   Data   RW         1599    .data               memp.o
    0x200002f8   0x00000004   Data   RW         1600    .data               memp.o
    0x200002fc   0x00000004   Data   RW         1601    .data               memp.o
    0x20000300   0x00000004   Data   RW         1602    .data               memp.o
    0x20000304   0x00000004   Data   RW         1603    .data               memp.o
    0x20000308   0x00000004   Data   RW         1604    .data               memp.o
    0x2000030c   0x0000000c   Data   RW         1659    .data               netif.o
    0x20000318   0x00000001   Data   RW         1695    .data               pbuf.o
    0x20000319   0x00000003   PAD
    0x2000031c   0x00000020   Data   RW         1756    .data               tcp.o
    0x2000033c   0x00000024   Data   RW         1780    .data               tcp_in.o
    0x20000360   0x0000000c   Data   RW         1838    .data               timeouts.o
    0x2000036c   0x00000002   Data   RW         1899    .data               ip4.o
    0x2000036e   0x00000002   PAD
    0x20000370   0x00000004   Data   RW         2069    .data               mc_w.l(strtok.o)
    0x20000374   0x00000004   Data   RW         2360    .data               mc_w.l(errno.o)
    0x20000378   0x00000004   Data   RW         2389    .data               mc_w.l(mvars.o)
    0x2000037c   0x00000004   Data   RW         2390    .data               mc_w.l(mvars.o)
    0x20000380   0x00000080   PAD
    0x20000400   0x0000026c   Data   RW          686    vtable              interrupt.o
    0x2000066c   0x00000030   Zero   RW          333    .bss                lmi_fs.o
    0x2000069c   0x00000310   Zero   RW          433    .bss                mb_cvt.o
    0x200009ac   0x00000210   Zero   RW          514    .bss                cmd.o
    0x20000bbc   0x000000e8   Zero   RW          586    .bss                comm.o
    0x20000ca4   0x00000030   Zero   RW          856    .bss                lwiplib.o
    0x20000cd4   0x00000024   Zero   RW          932    .bss                cmdline.o
    0x20000cf8   0x00000060   Zero   RW         1055    .bss                stellarisif.o
    0x20000d58   0x000000f0   Zero   RW         1094    .bss                etharp.o
    0x20000e48   0x00006000   Zero   RW         1157    .bss                heap_2.o
    0x20006e48   0x00000050   Zero   RW         1208    .bss                queue.o
    0x20006e98   0x00000190   Zero   RW         1226    .bss                tasks.o
    0x20007028   0x00000040   Zero   RW         1377    .bss                sockets.o
    0x20007068   0x00000018   Zero   RW         1531    .bss                ip.o
    0x20007080   0x00001013   Zero   RW         1544    .bss                mem.o
    0x20008093   0x0000030f   Zero   RW         1560    .bss                memp.o
    0x200083a2   0x0000000a   Zero   RW         1561    .bss                memp.o
    0x200083ac   0x000000e3   Zero   RW         1562    .bss                memp.o
    0x2000848f   0x00000001   PAD
    0x20008490   0x0000000a   Zero   RW         1563    .bss                memp.o
    0x2000849a   0x000001a3   Zero   RW         1564    .bss                memp.o
    0x2000863d   0x00000001   PAD
    0x2000863e   0x0000000a   Zero   RW         1565    .bss                memp.o
    0x20008648   0x00000023   Zero   RW         1566    .bss                memp.o
    0x2000866b   0x00000001   PAD
    0x2000866c   0x0000000a   Zero   RW         1567    .bss                memp.o
    0x20008676   0x000000b3   Zero   RW         1568    .bss                memp.o
    0x20008729   0x00000001   PAD
    0x2000872a   0x0000000a   Zero   RW         1569    .bss                memp.o
    0x20008734   0x00000043   Zero   RW         1570    .bss                memp.o
    0x20008777   0x00000001   PAD
    0x20008778   0x0000000a   Zero   RW         1571    .bss                memp.o
    0x20008782   0x00000043   Zero   RW         1572    .bss                memp.o
    0x200087c5   0x00000001   PAD
    0x200087c6   0x0000000a   Zero   RW         1573    .bss                memp.o
    0x200087d0   0x000000f3   Zero   RW         1574    .bss                memp.o
    0x200088c3   0x00000001   PAD
    0x200088c4   0x0000000a   Zero   RW         1575    .bss                memp.o
    0x200088ce   0x00000083   Zero   RW         1576    .bss                memp.o
    0x20008951   0x00000001   PAD
    0x20008952   0x0000000a   Zero   RW         1577    .bss                memp.o
    0x2000895c   0x00000103   Zero   RW         1578    .bss                memp.o
    0x20008a5f   0x00000001   PAD
    0x20008a60   0x0000000a   Zero   RW         1579    .bss                memp.o
    0x20008a6a   0x00002203   Zero   RW         1580    .bss                memp.o
    0x2000ac6d   0x00000001   PAD
    0x2000ac6e   0x0000000a   Zero   RW         1581    .bss                memp.o
    0x2000ac78   0x000000c4   Zero   RW         1717    .bss                stats.o
    0x2000ad3c   0x00000010   Zero   RW         1779    .bss                tcp_in.o
    0x2000ad4c   0x00000010   Zero   RW         1916    .bss                ip4_addr.o
    0x2000ad5c   0x00000004   PAD
    0x2000ad60   0x00000000   Zero   RW          191    HEAP                startup.o
    0x2000ad60   0x00000400   Zero   RW          190    STACK               startup.o


==============================================================================

Image component sizes


      Code (inc. data)   RO Data    RW Data    ZI Data      Debug   Object Name

      1368         56          0          0          0      27996   api_lib.o
      2920         52          3          0          0      22515   api_msg.o
       248         28          0          4          0        877   bsp.o
       484          8          0          0          0       4778   cgifuncs.o
      2200        830        149         84        528      15250   cmd.o
       100         10          0          0         36       1333   cmdline.o
       900         38          0          1        232       5670   comm.o
        38          0          0          0          0        608   cpu.o
       476         10        768          0          0       2681   crc.o
       268          0          0          0          0       2718   def.o
        28          4         68          0          0       1351   err.o
      1740         32         12          1        240      19626   etharp.o
       736          4          0          0          0       7462   ethernet.o
       432          0          0          0          0       4548   fifo.o
       812         30         32          0          0       5997   flash.o
       276         10          0         16          0       2661   flash_pb.o
      1532         46        120          0          0      12439   gpio.o
       244         10          0         24      24576       5076   heap_2.o
      2424        110        956        244          0      41668   httpd.o
       544         10          0          0          0       3415   icmp.o
       530          0          0          0          0       4676   inet_chksum.o
        34          0          0          0          0      10215   init.o
       596         22        260        620          0       4681   interrupt.o
         0          0          0          0         24       3326   ip.o
       956         24          0          2          0       4789   ip4.o
       504         10          4          0         16      11218   ip4_addr.o
       140          0          0          0          0       1953   list.o
       556        164       3272          8         48      11668   lmi_fs.o
       516         62          0         24         48       3291   lwiplib.o
       724          8          0          0          0       6993   lwpkt.o
      1040          4          0          0          0       6325   lwrb.o
       140         46         71          0          0      25057   main.o
      7072       1378        756        164        784      53156   mb_cvt.o
       980         14          0         16       4115       5810   mem.o
       260          8        220         44      11227       9614   memp.o
       304          0          0          0          0       4305   netbuf.o
       816         12          0         12          0      12031   netif.o
       432         54          0         12          0       3203   network.o
      1732         14          0          1          0      15300   pbuf.o
       300         22          0          4          0       3673   port.o
      1176          4          0          0         80       8835   queue.o
         0          0          0          0          0       3951   slipif.o
      5860         40          0          4         64      46452   sockets.o
       632        622          0          0       1024        336   startup.o
         2          0          0          0        196       5498   stats.o
       744         20          0          0         96       7033   stellarisif.o
       768         10          0          4          0       9047   sys_arch.o
      2306        128        452          0          0      12399   sysctl.o
      2192         42         20         60        400      14323   tasks.o
      3560         64        201         32          0      28354   tcp.o
      4384        114          0         36         16      19217   tcp_in.o
      3288         16          0          0          0      24310   tcp_out.o
       548         34          0         16          0       7808   tcpip.o
       456         24         16         12          0       5356   timeouts.o
       676          4         64          0          0      10474   uart.o
       704         28         28          8          0       3883   uartstdio.o
       504        114          0          0          0       2064   user_epprom.o
      1344         30         45          4          0       7331   ustdlib.o
       184          4          0          0          0       3496   watchdog.o
      1180        378        983         32          0       3756   webserver.o

    ----------------------------------------------------------------------
     65916       4806       8544       1500      43764     613876   Object Totals
         0          0         32          0          0          0   (incl. Generated)
         6          0         12         11         14          0   (incl. Padding)

    ----------------------------------------------------------------------

      Code (inc. data)   RO Data    RW Data    ZI Data      Debug   Library Member Name

        56          8          0          0          0         84   __0sscanf.o
        86          0          0          0          0          0   __dczerorl2.o
        28          0          0          0          0         68   _chval.o
       812          4          0          0          0        112   _scanf.o
       332          0          0          0          0         96   _scanf_int.o
        64          0          0          0          0         84   _sgetc.o
       158          0          0          0          0         92   _strtoul.o
        26          0          0          0          0         80   atoi.o
         8          4        133          0          0         68   ctype_o.o
         0          0          0          0          0          0   entry.o
         0          0          0          0          0          0   entry10a.o
         0          0          0          0          0          0   entry11a.o
         8          4          0          0          0          0   entry2.o
         4          0          0          0          0          0   entry5.o
         0          0          0          0          0          0   entry7b.o
         0          0          0          0          0          0   entry8b.o
         8          4          0          0          0          0   entry9a.o
         8          4          0          4          0         68   errno.o
        30          0          0          0          0          0   handlers.o
        36          8          0          0          0         68   init.o
        18          0          0          0          0         76   isspace_o.o
       360         30          0          0          0        356   mallocr.o
        26          0          0          0          0         80   memcmp.o
        64          0          0          0          0         76   memmovea.o
        36          0          0          0          0        108   memseta.o
         0          0          0          8          0          0   mvars.o
       284          4          0          0          0        244   printf2.o
        40          8          0          0          0         84   scanf_char.o
        20          0          0          0          0         68   strchr.o
        28          0          0          0          0         76   strcmp.o
        14          0          0          0          0         68   strlen.o
        30          0          0          0          0         80   strncmp.o
        24          0          0          0          0         76   strncpy.o
        36          0          0          0          0         80   strstr.o
        68          6          0          4          0         80   strtok.o
       112          0          0          0          0         88   strtol.o

    ----------------------------------------------------------------------
      2828         84        136        144          0       2460   Library Totals
         4          0          3        128          0          0   (incl. Padding)

    ----------------------------------------------------------------------

      Code (inc. data)   RO Data    RW Data    ZI Data      Debug   Library Name

      2824         84        133         16          0       2460   mc_w.l

    ----------------------------------------------------------------------
      2828         84        136        144          0       2460   Library Totals

    ----------------------------------------------------------------------

==============================================================================


      Code (inc. data)   RO Data    RW Data    ZI Data      Debug   

     68744       4890       8680       1644      43764     607884   Grand Totals
     68744       4890       8680        340      43764     607884   ELF Image Totals (compressed)
     68744       4890       8680        340          0          0   ROM Totals

==============================================================================

    Total RO  Size (Code + RO Data)                77424 (  75.61kB)
    Total RW  Size (RW Data + ZI Data)             45408 (  44.34kB)
    Total ROM Size (Code + RO Data + RW Data)      77764 (  75.94kB)

==============================================================================

