Component: ARM Compiler 5.06 update 7 (build 960) Tool: armlink [4d3601]

==============================================================================

Section Cross References

    main.o(.text) refers to network.o(.text) for NetServerInit
    main.o(.text) refers to cmd.o(.text) for cmd_init
    main.o(.text) refers to tasks.o(.text) for vTaskSuspend
    main.o(.text) refers to bsp.o(.text) for BSP_Init
    main.o(.text) refers to sysctl.o(.text) for SysCtlResetCauseGet
    main.o(.text) refers to uartstdio.o(.text) for UARTprintf
    main.o(.text) refers to main.o(.conststring) for .conststring
    startup.o(RESET) refers to startup.o(STACK) for StackMem
    startup.o(RESET) refers to main.o(.text) for deviceDebugHander
    startup.o(RESET) refers to port.o(.emb_text) for vPortSVCHandler
    startup.o(RESET) refers to port.o(.text) for xPortSysTickHandler
    startup.o(RESET) refers to cmd.o(.text) for UART0IntHandler
    startup.o(RESET) refers to mb_cvt.o(.text) for UARTIntHandler
    startup.o(RESET) refers to lwiplib.o(.text) for lwIPEthernetIntHandler
    startup.o(RESET) refers to entry.o(.ARM.Collect$$$$00000000) for __main
    mb_cvt.o(.text) refers to mallocr.o(i.realloc) for realloc
    mb_cvt.o(.text) refers to heap_2.o(.text) for vPortFree
    mb_cvt.o(.text) refers to mb_cvt.o(.constdata) for .constdata
    mb_cvt.o(.text) refers to uart.o(.text) for UARTIntStatus
    mb_cvt.o(.text) refers to fifo.o(.text) for FIFO_Push
    mb_cvt.o(.text) refers to tasks.o(.text) for vTaskDelay
    mb_cvt.o(.text) refers to mb_cvt.o(.bss) for .bss
    mb_cvt.o(.text) refers to uartstdio.o(.text) for UARTprintf
    mb_cvt.o(.text) refers to def_1.o(.text) for lwip_htons
    mb_cvt.o(.text) refers to sockets_1.o(.text) for lwip_socket
    mb_cvt.o(.text) refers to sysctl.o(.text) for SysCtlPeripheralEnable
    mb_cvt.o(.text) refers to gpio.o(.text) for GPIOPinTypeUART
    mb_cvt.o(.text) refers to interrupt.o(.text) for IntEnable
    mb_cvt.o(.text) refers to watchdog.o(.text) for WatchdogReloadGet
    mb_cvt.o(.text) refers to ip4_addr.o(.text) for ip4addr_ntoa
    mb_cvt.o(.text) refers to mb_cvt.o(.data) for .data
    mb_cvt.o(.text) refers to memseta.o(.text) for __aeabi_memclr
    mb_cvt.o(.data) refers to mb_cvt.o(.text) for modbusParseRequest01020304
    cmd.o(.text) refers to _scanf_int.o(.text) for _scanf_int
    cmd.o(.text) refers to uart.o(.text) for UARTIntStatus
    cmd.o(.text) refers to fifo.o(.text) for FIFO_Push
    cmd.o(.text) refers to heap_2.o(.text) for xPortGetFreeHeapSize
    cmd.o(.text) refers to tasks.o(.text) for xTaskGetTickCount
    cmd.o(.text) refers to uartstdio.o(.text) for UARTprintf
    cmd.o(.text) refers to ctype_o.o(.text) for __rt_ctype_table
    cmd.o(.text) refers to user_epprom.o(.text) for get_user_data
    cmd.o(.text) refers to __0sscanf.o(.text) for __0sscanf
    cmd.o(.text) refers to interrupt.o(.text) for IntMasterDisable
    cmd.o(.text) refers to sysctl.o(.text) for SysCtlReset
    cmd.o(.text) refers to ip4_addr.o(.text) for ip4addr_ntoa
    cmd.o(.text) refers to cmdline.o(.text) for CmdLineProcess
    cmd.o(.text) refers to cmd.o(.bss) for .bss
    cmd.o(.data) refers to cmd.o(.conststring) for .conststring
    cmd.o(.data) refers to cmd.o(.text) for network_config
    user_epprom.o(.text) refers to sysctl.o(.text) for SysCtlPeripheralEnable
    user_epprom.o(.text) refers to gpio.o(.text) for GPIOPinTypeI2C
    user_epprom.o(.text) refers to i2c.o(.text) for I2CMasterInitExpClk
    user_epprom.o(.text) refers to tasks.o(.text) for vTaskDelay
    user_epprom.o(.text) refers to crc.o(.text) for Crc16
    user_epprom.o(.text) refers to memseta.o(.text) for __aeabi_memset
    user_epprom.o(.text) refers to uartstdio.o(.text) for UARTprintf
    user_epprom.o(.text) refers to ip4_addr.o(.text) for ip4addr_aton
    user_epprom.o(.text) refers to user_epprom.o(.data) for .data
    bsp.o(.text) refers to sysctl.o(.text) for SysCtlLDOSet
    bsp.o(.text) refers to gpio.o(.text) for GPIOPinTypeUART
    bsp.o(.text) refers to uartstdio.o(.text) for UARTStdioInit
    bsp.o(.text) refers to user_epprom.o(.text) for user_epprom_init
    bsp.o(.text) refers to watchdog.o(.text) for WatchdogReloadSet
    ethernet.o(.text) refers to interrupt.o(.text) for IntRegister
    gpio.o(.text) refers to interrupt.o(.text) for IntRegister
    gpio.o(.text) refers to gpio.o(.constdata) for .constdata
    interrupt.o(.text) refers to cpu.o(.emb_text) for CPUcpsie
    interrupt.o(.text) refers to interrupt.o(vtable) for vtable
    interrupt.o(.text) refers to interrupt.o(.constdata) for .constdata
    hibernate.o(.text) refers to sysctl.o(.emb_text) for SysCtlDelay
    hibernate.o(.text) refers to interrupt.o(.text) for IntRegister
    hibernate.o(.text) refers to hibernate.o(.data) for .data
    sysctl.o(.text) refers to interrupt.o(.text) for IntRegister
    sysctl.o(.text) refers to cpu.o(.emb_text) for CPUwfi
    sysctl.o(.text) refers to sysctl.o(.constdata) for .constdata
[...]
    EthernetDisable                          0x00002b51   Thumb Code    34  ethernet.o(.text)
    EthernetPacketAvail                      0x00002b73   Thumb Code    10  ethernet.o(.text)
    EthernetSpaceAvail                       0x00002b7d   Thumb Code    10  ethernet.o(.text)
    EthernetPacketGetNonBlocking             0x00002c03   Thumb Code    12  ethernet.o(.text)
    EthernetPacketGet                        0x00002c0f   Thumb Code     8  ethernet.o(.text)
    EthernetPacketPutNonBlocking             0x00002c89   Thumb Code    12  ethernet.o(.text)
    EthernetPacketPut                        0x00002c95   Thumb Code     8  ethernet.o(.text)
    EthernetIntRegister                      0x00002c9d   Thumb Code    18  ethernet.o(.text)
    EthernetIntUnregister                    0x00002caf   Thumb Code    18  ethernet.o(.text)
    EthernetIntEnable                        0x00002cc1   Thumb Code     8  ethernet.o(.text)
    EthernetIntDisable                       0x00002cc9   Thumb Code     8  ethernet.o(.text)
    EthernetIntStatus                        0x00002cd1   Thumb Code    14  ethernet.o(.text)
    EthernetIntClear                         0x00002cdf   Thumb Code     4  ethernet.o(.text)
    EthernetPHYAddrSet                       0x00002ce3   Thumb Code    10  ethernet.o(.text)
    EthernetPHYWrite                         0x00002ced   Thumb Code    26  ethernet.o(.text)
    EthernetPHYRead                          0x00002d07   Thumb Code    26  ethernet.o(.text)
    EthernetPHYPowerOff                      0x00002d21   Thumb Code    28  ethernet.o(.text)
    EthernetPHYPowerOn                       0x00002d3d   Thumb Code    28  ethernet.o(.text)
    GPIODirModeSet                           0x00002e23   Thumb Code    38  gpio.o(.text)
    GPIODirModeGet                           0x00002e49   Thumb Code    38  gpio.o(.text)
    GPIOIntTypeSet                           0x00002e6f   Thumb Code    56  gpio.o(.text)
    GPIOIntTypeGet                           0x00002ea7   Thumb Code    52  gpio.o(.text)
    GPIOPadConfigSet                         0x00002edb   Thumb Code   164  gpio.o(.text)
    GPIOPadConfigGet                         0x00002f7f   Thumb Code   126  gpio.o(.text)
    GPIOPinIntEnable                         0x00002ffd   Thumb Code    12  gpio.o(.text)
    GPIOPinIntDisable                        0x00003009   Thumb Code    12  gpio.o(.text)
    GPIOPinIntStatus                         0x00003015   Thumb Code    14  gpio.o(.text)
    GPIOPinIntClear                          0x00003023   Thumb Code     6  gpio.o(.text)
    GPIOPortIntRegister                      0x00003029   Thumb Code    26  gpio.o(.text)
    GPIOPortIntUnregister                    0x00003043   Thumb Code    22  gpio.o(.text)
    GPIOPinRead                              0x00003059   Thumb Code     6  gpio.o(.text)
    GPIOPinWrite                             0x0000305f   Thumb Code     6  gpio.o(.text)
    GPIOPinTypeADC                           0x00003065   Thumb Code    26  gpio.o(.text)
    GPIOPinTypeCAN                           0x0000307f   Thumb Code    26  gpio.o(.text)
    GPIOPinTypeComparator                    0x00003099   Thumb Code    26  gpio.o(.text)
    GPIOPinTypeEPI                           0x000030b3   Thumb Code    26  gpio.o(.text)
    GPIOPinTypeEthernetLED                   0x000030cd   Thumb Code    26  gpio.o(.text)
    GPIOPinTypeEthernetMII                   0x000030e7   Thumb Code    26  gpio.o(.text)
    GPIOPinTypeFan                           0x00003101   Thumb Code    26  gpio.o(.text)
    GPIOPinTypeGPIOInput                     0x0000311b   Thumb Code    26  gpio.o(.text)
    GPIOPinTypeGPIOOutput                    0x00003135   Thumb Code    44  gpio.o(.text)
    GPIOPinTypeGPIOOutputOD                  0x00003161   Thumb Code    26  gpio.o(.text)
    GPIOPinTypeI2C                           0x0000317b   Thumb Code    26  gpio.o(.text)
    GPIOPinTypeI2CSCL                        0x00003195   Thumb Code    44  gpio.o(.text)
    GPIOPinTypeI2S                           0x000031c1   Thumb Code    26  gpio.o(.text)
    GPIOPinTypeLPC                           0x000031db   Thumb Code    26  gpio.o(.text)
    GPIOPinTypePECIRx                        0x000031f5   Thumb Code    26  gpio.o(.text)
    GPIOPinTypePECITx                        0x0000320f   Thumb Code    26  gpio.o(.text)
    GPIOPinTypePWM                           0x00003229   Thumb Code    26  gpio.o(.text)
    GPIOPinTypeQEI                           0x00003243   Thumb Code    26  gpio.o(.text)
    GPIOPinTypeSSI                           0x0000325d   Thumb Code    26  gpio.o(.text)
    GPIOPinTypeTimer                         0x00003277   Thumb Code    26  gpio.o(.text)
    GPIOPinTypeUART                          0x00003291   Thumb Code    26  gpio.o(.text)
    GPIOPinTypeUSBAnalog                     0x000032ab   Thumb Code    26  gpio.o(.text)
    GPIOPinTypeUSBDigital                    0x000032c5   Thumb Code    26  gpio.o(.text)
    GPIOPinConfigure                         0x000032df   Thumb Code    58  gpio.o(.text)
    GPIODMATriggerEnable                     0x00003319   Thumb Code    12  gpio.o(.text)
    GPIODMATriggerDisable                    0x00003325   Thumb Code    12  gpio.o(.text)
    GPIOADCTriggerEnable                     0x00003331   Thumb Code    12  gpio.o(.text)
    GPIOADCTriggerDisable                    0x0000333d   Thumb Code    12  gpio.o(.text)
    IntMasterEnable                          0x0000335b   Thumb Code    10  interrupt.o(.text)
    IntMasterDisable                         0x00003365   Thumb Code    10  interrupt.o(.text)
    IntRegister                              0x0000336f   Thumb Code    38  interrupt.o(.text)
    IntUnregister                            0x00003395   Thumb Code    10  interrupt.o(.text)
    IntPriorityGroupingSet                   0x0000339f   Thumb Code    18  interrupt.o(.text)
    IntPriorityGroupingGet                   0x000033b1   Thumb Code    30  interrupt.o(.text)
    IntPrioritySet                           0x000033cf   Thumb Code    32  interrupt.o(.text)
    IntPriorityGet                           0x000033ef   Thumb Code    22  interrupt.o(.text)
    IntEnable                                0x00003405   Thumb Code    88  interrupt.o(.text)
    IntDisable                               0x0000345d   Thumb Code    88  interrupt.o(.text)
    IntIsEnabled                             0x000034b5   Thumb Code    90  interrupt.o(.text)
    IntPendSet                               0x0000350f   Thumb Code    70  interrupt.o(.text)
    IntPendClear                             0x00003555   Thumb Code    58  interrupt.o(.text)
    IntPriorityMaskSet                       0x0000358f   Thumb Code     4  interrupt.o(.text)
    IntPriorityMaskGet                       0x00003593   Thumb Code     4  interrupt.o(.text)
    SysCtlSRAMSizeGet                        0x000035ad   Thumb Code    16  sysctl.o(.text)
    SysCtlFlashSizeGet                       0x000035bd   Thumb Code    14  sysctl.o(.text)
    SysCtlPinPresent                         0x000035cb   Thumb Code    16  sysctl.o(.text)
    SysCtlPeripheralPresent                  0x000035db   Thumb Code    90  sysctl.o(.text)
    SysCtlPeripheralReady                    0x00003635   Thumb Code    42  sysctl.o(.text)
    SysCtlPeripheralPowerOn                  0x0000365f   Thumb Code    42  sysctl.o(.text)
    SysCtlPeripheralPowerOff                 0x00003689   Thumb Code    42  sysctl.o(.text)
    SysCtlPeripheralReset                    0x000036b3   Thumb Code   110  sysctl.o(.text)
    SysCtlPeripheralEnable                   0x00003721   Thumb Code    70  sysctl.o(.text)
    SysCtlPeripheralDisable                  0x00003767   Thumb Code    70  sysctl.o(.text)
    SysCtlPeripheralSleepEnable              0x000037ad   Thumb Code    70  sysctl.o(.text)
    SysCtlPeripheralSleepDisable             0x000037f3   Thumb Code    70  sysctl.o(.text)
    SysCtlPeripheralDeepSleepEnable          0x00003839   Thumb Code    70  sysctl.o(.text)
    SysCtlPeripheralDeepSleepDisable         0x0000387f   Thumb Code    70  sysctl.o(.text)
    SysCtlPeripheralClockGating              0x000038c5   Thumb Code    22  sysctl.o(.text)
    SysCtlIntRegister                        0x000038db   Thumb Code    20  sysctl.o(.text)
    SysCtlIntUnregister                      0x000038ef   Thumb Code    18  sysctl.o(.text)
    SysCtlIntEnable                          0x00003901   Thumb Code    10  sysctl.o(.text)
    SysCtlIntDisable                         0x0000390b   Thumb Code    10  sysctl.o(.text)
    SysCtlIntClear                           0x00003915   Thumb Code     6  sysctl.o(.text)
    SysCtlIntStatus                          0x0000391b   Thumb Code    12  sysctl.o(.text)
    SysCtlLDOSet                             0x00003927   Thumb Code     6  sysctl.o(.text)
    SysCtlLDOGet                             0x0000392d   Thumb Code     6  sysctl.o(.text)
    SysCtlLDOConfigSet                       0x00003933   Thumb Code     8  sysctl.o(.text)
    SysCtlReset                              0x0000393b   Thumb Code     8  sysctl.o(.text)
    SysCtlSleep                              0x00003943   Thumb Code     4  sysctl.o(.text)
    SysCtlDeepSleep                          0x00003947   Thumb Code    28  sysctl.o(.text)
    SysCtlResetCauseGet                      0x00003963   Thumb Code     6  sysctl.o(.text)
    SysCtlResetCauseClear                    0x00003969   Thumb Code    10  sysctl.o(.text)
    SysCtlBrownOutConfigSet                  0x00003973   Thumb Code    10  sysctl.o(.text)
    SysCtlMOSCConfigSet                      0x0000397d   Thumb Code     6  sysctl.o(.text)
    SysCtlPIOSCCalibrate                     0x00003983   Thumb Code   124  sysctl.o(.text)
    SysCtlClockSet                           0x000039ff   Thumb Code   288  sysctl.o(.text)
    SysCtlClockGet                           0x00003b1f   Thumb Code   412  sysctl.o(.text)
    SysCtlDeepSleepClockSet                  0x00003cbb   Thumb Code     8  sysctl.o(.text)
    SysCtlPWMClockSet                        0x00003cc3   Thumb Code    14  sysctl.o(.text)
    SysCtlPWMClockGet                        0x00003cd1   Thumb Code    20  sysctl.o(.text)
    SysCtlADCSpeedSet                        0x00003ce5   Thumb Code    32  sysctl.o(.text)
    SysCtlADCSpeedGet                        0x00003d05   Thumb Code    12  sysctl.o(.text)
    SysCtlIOSCVerificationSet                0x00003d11   Thumb Code    22  sysctl.o(.text)
    SysCtlMOSCVerificationSet                0x00003d27   Thumb Code    22  sysctl.o(.text)
    SysCtlPLLVerificationSet                 0x00003d3d   Thumb Code    22  sysctl.o(.text)
    SysCtlClkVerificationClear               0x00003d53   Thumb Code    16  sysctl.o(.text)
    SysCtlGPIOAHBEnable                      0x00003d63   Thumb Code    12  sysctl.o(.text)
    SysCtlGPIOAHBDisable                     0x00003d6f   Thumb Code    12  sysctl.o(.text)
    SysCtlUSBPLLEnable                       0x00003d7b   Thumb Code    12  sysctl.o(.text)
    SysCtlUSBPLLDisable                      0x00003d87   Thumb Code    12  sysctl.o(.text)
    SysCtlI2SMClkSet                         0x00003d93   Thumb Code   246  sysctl.o(.text)
    UARTParityModeSet                        0x00003ea9   Thumb Code    12  uart.o(.text)
    UARTParityModeGet                        0x00003eb5   Thumb Code     8  uart.o(.text)
    UARTFIFOLevelSet                         0x00003ebd   Thumb Code     6  uart.o(.text)
    UARTFIFOLevelGet                         0x00003ec3   Thumb Code    16  uart.o(.text)
    UARTEnable                               0x00003ed3   Thumb Code    20  uart.o(.text)
    UARTDisable                              0x00003ee7   Thumb Code    26  uart.o(.text)
    UARTConfigSetExpClk                      0x00003f01   Thumb Code    70  uart.o(.text)
    UARTConfigGetExpClk                      0x00003f47   Thumb Code    38  uart.o(.text)
    UARTFIFOEnable                           0x00003f6d   Thumb Code    10  uart.o(.text)
    UARTFIFODisable                          0x00003f77   Thumb Code    10  uart.o(.text)
    UARTEnableSIR                            0x00003f81   Thumb Code    20  uart.o(.text)
    UARTDisableSIR                           0x00003f95   Thumb Code    10  uart.o(.text)
    UARTSmartCardEnable                      0x00003f9f   Thumb Code    22  uart.o(.text)
    UARTSmartCardDisable                     0x00003fb5   Thumb Code    10  uart.o(.text)
    UARTModemControlSet                      0x00003fbf   Thumb Code    12  uart.o(.text)
    UARTModemControlClear                    0x00003fcb   Thumb Code    12  uart.o(.text)
    UARTModemControlGet                      0x00003fd7   Thumb Code     8  uart.o(.text)
    UARTModemStatusGet                       0x00003fdf   Thumb Code    10  uart.o(.text)
    UARTFlowControlSet                       0x00003fe9   Thumb Code    12  uart.o(.text)
    UARTFlowControlGet                       0x00003ff5   Thumb Code     8  uart.o(.text)
    UARTTxIntModeSet                         0x00003ffd   Thumb Code    12  uart.o(.text)
    UARTTxIntModeGet                         0x00004009   Thumb Code     8  uart.o(.text)
    UARTCharsAvail                           0x00004011   Thumb Code    10  uart.o(.text)
    UARTSpaceAvail                           0x0000401b   Thumb Code    10  uart.o(.text)
    UARTCharGetNonBlocking                   0x00004025   Thumb Code    16  uart.o(.text)
    UARTCharGet                              0x00004035   Thumb Code    10  uart.o(.text)
    UARTCharPutNonBlocking                   0x0000403f   Thumb Code    16  uart.o(.text)
    UARTCharPut                              0x0000404f   Thumb Code    10  uart.o(.text)
    UARTBreakCtl                             0x00004059   Thumb Code    20  uart.o(.text)
    UARTBusy                                 0x0000406d   Thumb Code     8  uart.o(.text)
    UARTIntRegister                          0x00004075   Thumb Code    26  uart.o(.text)
    UARTIntUnregister                        0x0000408f   Thumb Code    22  uart.o(.text)
    UARTIntEnable                            0x000040a5   Thumb Code     8  uart.o(.text)
    UARTIntDisable                           0x000040ad   Thumb Code     8  uart.o(.text)
    UARTIntStatus                            0x000040b5   Thumb Code    10  uart.o(.text)
    UARTIntClear                             0x000040bf   Thumb Code     4  uart.o(.text)
    UARTDMAEnable                            0x000040c3   Thumb Code     8  uart.o(.text)
    UARTDMADisable                           0x000040cb   Thumb Code     8  uart.o(.text)
    UARTRxErrorGet                           0x000040d3   Thumb Code     8  uart.o(.text)
    UARTRxErrorClear                         0x000040db   Thumb Code     6  uart.o(.text)
    UARTClockSourceSet                       0x000040e1   Thumb Code     6  uart.o(.text)
    UARTClockSourceGet                       0x000040e7   Thumb Code     6  uart.o(.text)
    UART9BitEnable                           0x000040ed   Thumb Code    12  uart.o(.text)
    UART9BitDisable                          0x000040f9   Thumb Code    12  uart.o(.text)
    UART9BitAddrSet                          0x00004105   Thumb Code     8  uart.o(.text)
    UART9BitAddrSend                         0x0000410d   Thumb Code    34  uart.o(.text)
    I2CMasterEnable                          0x00004155   Thumb Code    10  i2c.o(.text)
    I2CMasterInitExpClk                      0x0000415f   Thumb Code    70  i2c.o(.text)
    I2CSlaveEnable                           0x000041a5   Thumb Code    22  i2c.o(.text)
    I2CSlaveInit                             0x000041bb   Thumb Code    14  i2c.o(.text)
    I2CSlaveAddressSet                       0x000041c9   Thumb Code    18  i2c.o(.text)
    I2CMasterDisable                         0x000041db   Thumb Code    10  i2c.o(.text)
    I2CSlaveDisable                          0x000041e5   Thumb Code    22  i2c.o(.text)
    I2CIntRegister                           0x000041fb   Thumb Code    26  i2c.o(.text)
    I2CIntUnregister                         0x00004215   Thumb Code    22  i2c.o(.text)
    I2CMasterIntEnable                       0x0000422b   Thumb Code     6  i2c.o(.text)
    I2CMasterIntEnableEx                     0x00004231   Thumb Code     8  i2c.o(.text)
    I2CSlaveIntEnable                        0x00004239   Thumb Code    10  i2c.o(.text)
    I2CSlaveIntEnableEx                      0x00004243   Thumb Code     8  i2c.o(.text)
    I2CMasterIntDisable                      0x0000424b   Thumb Code     6  i2c.o(.text)
    I2CMasterIntDisableEx                    0x00004251   Thumb Code     8  i2c.o(.text)
    I2CSlaveIntDisable                       0x00004259   Thumb Code    10  i2c.o(.text)
    I2CSlaveIntDisableEx                     0x00004263   Thumb Code     8  i2c.o(.text)
    I2CMasterIntStatus                       0x0000426b   Thumb Code    16  i2c.o(.text)
    I2CMasterIntStatusEx                     0x0000427b   Thumb Code    10  i2c.o(.text)
    I2CSlaveIntStatus                        0x00004285   Thumb Code    16  i2c.o(.text)
    I2CSlaveIntStatusEx                      0x00004295   Thumb Code    40  i2c.o(.text)
    I2CMasterIntClear                        0x000042bd   Thumb Code     8  i2c.o(.text)
    I2CMasterIntClearEx                      0x000042c5   Thumb Code     4  i2c.o(.text)
    I2CSlaveIntClear                         0x000042c9   Thumb Code     6  i2c.o(.text)
    I2CSlaveIntClearEx                       0x000042cf   Thumb Code     4  i2c.o(.text)
    I2CMasterSlaveAddrSet                    0x000042d3   Thumb Code     8  i2c.o(.text)
    I2CMasterLineStateGet                    0x000042db   Thumb Code     4  i2c.o(.text)
    I2CMasterBusy                            0x000042df   Thumb Code    10  i2c.o(.text)
    I2CMasterBusBusy                         0x000042e9   Thumb Code    14  i2c.o(.text)
    I2CMasterControl                         0x000042f7   Thumb Code     4  i2c.o(.text)
    I2CMasterErr                             0x000042fb   Thumb Code    22  i2c.o(.text)
    I2CMasterDataPut                         0x00004311   Thumb Code     4  i2c.o(.text)
    I2CMasterDataGet                         0x00004315   Thumb Code     4  i2c.o(.text)
    I2CMasterTimeoutSet                      0x00004319   Thumb Code     4  i2c.o(.text)
    I2CSlaveACKOverride                      0x0000431d   Thumb Code    20  i2c.o(.text)
    I2CSlaveACKValueSet                      0x00004331   Thumb Code    20  i2c.o(.text)
    I2CSlaveStatus                           0x00004345   Thumb Code     4  i2c.o(.text)
    I2CSlaveDataPut                          0x00004349   Thumb Code     4  i2c.o(.text)
    I2CSlaveDataGet                          0x0000434d   Thumb Code     4  i2c.o(.text)
    WatchdogRunning                          0x0000438d   Thumb Code     8  watchdog.o(.text)
    WatchdogEnable                           0x00004395   Thumb Code    10  watchdog.o(.text)
    WatchdogResetEnable                      0x0000439f   Thumb Code    10  watchdog.o(.text)
    WatchdogResetDisable                     0x000043a9   Thumb Code    10  watchdog.o(.text)
    WatchdogLock                             0x000043b3   Thumb Code     8  watchdog.o(.text)
    WatchdogUnlock                           0x000043bb   Thumb Code     8  watchdog.o(.text)
    WatchdogLockState                        0x000043c3   Thumb Code    12  watchdog.o(.text)
    WatchdogReloadSet                        0x000043cf   Thumb Code     4  watchdog.o(.text)
    WatchdogReloadGet                        0x000043d3   Thumb Code     4  watchdog.o(.text)
    WatchdogValueGet                         0x000043d7   Thumb Code     4  watchdog.o(.text)
    WatchdogIntRegister                      0x000043db   Thumb Code    18  watchdog.o(.text)
    WatchdogIntUnregister                    0x000043ed   Thumb Code    18  watchdog.o(.text)
    WatchdogIntEnable                        0x000043ff   Thumb Code    10  watchdog.o(.text)
    WatchdogIntStatus                        0x00004409   Thumb Code    10  watchdog.o(.text)
    WatchdogIntClear                         0x00004413   Thumb Code     6  watchdog.o(.text)
    WatchdogIntTypeSet                       0x00004419   Thumb Code    12  watchdog.o(.text)
    WatchdogStallEnable                      0x00004425   Thumb Code    14  watchdog.o(.text)
    WatchdogStallDisable                     0x00004433   Thumb Code    14  watchdog.o(.text)
    lwIPInit                                 0x00004535   Thumb Code    54  lwiplib.o(.text)
    lwIPEthernetIntHandler                   0x0000456b   Thumb Code    60  lwiplib.o(.text)
    lwIPLocalIPAddrGet                       0x000045a7   Thumb Code     6  lwiplib.o(.text)
    lwIPLocalNetMaskGet                      0x000045ad   Thumb Code     6  lwiplib.o(.text)
    lwIPLocalGWAddrGet                       0x000045b3   Thumb Code     6  lwiplib.o(.text)
    lwIPLocalMACGet                          0x000045b9   Thumb Code     8  lwiplib.o(.text)
    lwIPNetworkConfigChange                  0x000045f5   Thumb Code    22  lwiplib.o(.text)
    ustrncpy                                 0x00004649   Thumb Code    36  ustdlib.o(.text)
    uvsnprintf                               0x0000466d   Thumb Code   576  ustdlib.o(.text)
    usprintf                                 0x000048ad   Thumb Code    22  ustdlib.o(.text)
    usnprintf                                0x000048c3   Thumb Code    14  ustdlib.o(.text)
    ulocaltime                               0x000048d1   Thumb Code   162  ustdlib.o(.text)
    umktime                                  0x000049c5   Thumb Code    54  ustdlib.o(.text)
    ustrtoul                                 0x000049fb   Thumb Code   158  ustdlib.o(.text)
    ustrlen                                  0x00004a99   Thumb Code    16  ustdlib.o(.text)
    ustrncmp                                 0x00004aa9   Thumb Code    46  ustdlib.o(.text)
    ustrstr                                  0x00004ad7   Thumb Code    42  ustdlib.o(.text)
    ustrnicmp                                0x00004b01   Thumb Code    88  ustdlib.o(.text)
    ustrcasecmp                              0x00004b59   Thumb Code     6  ustdlib.o(.text)
    ustrcmp                                  0x00004b5f   Thumb Code     6  ustdlib.o(.text)
    usrand                                   0x00004b65   Thumb Code     6  ustdlib.o(.text)
    urand                                    0x00004b6b   Thumb Code    16  ustdlib.o(.text)
    UARTStdioInitExpClk                      0x00004b89   Thumb Code    72  uartstdio.o(.text)
    UARTStdioInit                            0x00004bd1   Thumb Code     6  uartstdio.o(.text)
    UARTwrite                                0x00004bd7   Thumb Code    46  uartstdio.o(.text)
    UARTgets                                 0x00004c05   Thumb Code   104  uartstdio.o(.text)
    UARTgetc                                 0x00004c6d   Thumb Code    14  uartstdio.o(.text)
    UARTprintf                               0x00004c7b   Thumb Code   434  uartstdio.o(.text)
    CmdLineProcess                           0x00004e49   Thumb Code    90  cmdline.o(.text)
    Crc8CCITT                                0x00004ead   Thumb Code   116  crc.o(.text)
    Crc16                                    0x00004f21   Thumb Code   192  crc.o(.text)
    Crc16Array                               0x00004fe1   Thumb Code     6  crc.o(.text)
    Crc16Array3                              0x00004fe7   Thumb Code   152  crc.o(.text)
    stringtoip                               0x00005089   Thumb Code    50  network.o(.text)
    lwIP_init                                0x000050bb   Thumb Code    42  network.o(.text)
    NetServerInit                            0x000050f1   Thumb Code    68  network.o(.text)
    sys_mbox_new                             0x00005239   Thumb Code    56  sys_arch.o(.text)
    sys_mbox_free                            0x00005271   Thumb Code    42  sys_arch.o(.text)
    sys_mbox_post                            0x0000529b   Thumb Code    26  sys_arch.o(.text)
    sys_mbox_trypost                         0x000052b5   Thumb Code    64  sys_arch.o(.text)
    sys_mbox_trypost_fromisr                 0x000052f5   Thumb Code     2  sys_arch.o(.text)
    sys_arch_mbox_fetch                      0x000052f7   Thumb Code    92  sys_arch.o(.text)
    sys_arch_mbox_tryfetch                   0x00005353   Thumb Code    48  sys_arch.o(.text)
    sys_sem_new                              0x00005383   Thumb Code    96  sys_arch.o(.text)
    sys_arch_sem_wait                        0x000053e3   Thumb Code    76  sys_arch.o(.text)
    sys_mutex_new                            0x0000542f   Thumb Code    60  sys_arch.o(.text)
    sys_mutex_lock                           0x0000546b   Thumb Code    26  sys_arch.o(.text)
    sys_mutex_unlock                         0x00005485   Thumb Code    12  sys_arch.o(.text)
    sys_mutex_free                           0x00005491   Thumb Code    16  sys_arch.o(.text)
    sys_sem_signal                           0x000054a1   Thumb Code    38  sys_arch.o(.text)
    sys_sem_free                             0x000054c7   Thumb Code    16  sys_arch.o(.text)
    sys_init                                 0x000054d7   Thumb Code     2  sys_arch.o(.text)
    sys_now                                  0x000054d9   Thumb Code     4  sys_arch.o(.text)
    sys_thread_new                           0x000054dd   Thumb Code    50  sys_arch.o(.text)
    sys_arch_protect                         0x0000550f   Thumb Code    16  sys_arch.o(.text)
    sys_arch_unprotect                       0x0000551f   Thumb Code    14  sys_arch.o(.text)
    sys_assert                               0x0000552d   Thumb Code     2  sys_arch.o(.text)
    stellarisif_init                         0x00005719   Thumb Code   138  stellarisif.o(.text)
    stellarisif_interrupt                    0x000057a3   Thumb Code   106  stellarisif.o(.text)
    etharp_tmr                               0x00005841   Thumb Code    50  etharp.o(.text)
    etharp_cleanup_netif                     0x0000595f   Thumb Code    58  etharp.o(.text)
    etharp_find_addr                         0x00005999   Thumb Code    52  etharp.o(.text)
    etharp_request                           0x00005ac5   Thumb Code    32  etharp.o(.text)
    etharp_query                             0x00005ae5   Thumb Code   316  etharp.o(.text)
    etharp_output                            0x00005c21   Thumb Code   220  etharp.o(.text)
    ethernet_input                           0x00005cfd   Thumb Code   108  etharp.o(.text)
    pvPortMalloc                             0x00005eed   Thumb Code   170  heap_2.o(.text)
    vPortFree                                0x00005f97   Thumb Code    56  heap_2.o(.text)
    xPortGetFreeHeapSize                     0x00005fcf   Thumb Code     6  heap_2.o(.text)
    vPortInitialiseBlocks                    0x00005fd5   Thumb Code     2  heap_2.o(.text)
    vListInitialise                          0x00005fe1   Thumb Code    22  list.o(.text)
    vListInitialiseItem                      0x00005ff7   Thumb Code     6  list.o(.text)
    vListInsertEnd                           0x00005ffd   Thumb Code    28  list.o(.text)
    vListInsert                              0x00006019   Thumb Code    48  list.o(.text)
    vListRemove                              0x00006049   Thumb Code    36  list.o(.text)
    pxPortInitialiseStack                    0x0000606d   Thumb Code    28  port.o(.text)
    xPortStartScheduler                      0x00006089   Thumb Code    48  port.o(.text)
    vPortEndScheduler                        0x000060b9   Thumb Code     2  port.o(.text)
    vPortYieldFromISR                        0x000060bb   Thumb Code    12  port.o(.text)
    vPortEnterCritical                       0x000060c7   Thumb Code    16  port.o(.text)
    vPortExitCritical                        0x000060d7   Thumb Code    16  port.o(.text)
    xPortSysTickHandler                      0x000060e7   Thumb Code    28  port.o(.text)
    xQueueGenericCreate                      0x0000610d   Thumb Code   100  queue.o(.text)
    xQueueGenericSend                        0x0000622f   Thumb Code   214  queue.o(.text)
    xQueueCreateMutex                        0x00006305   Thumb Code    68  queue.o(.text)
    xQueueGenericSendFromISR                 0x00006349   Thumb Code    82  queue.o(.text)
    xQueueGenericReceive                     0x000063c3   Thumb Code   268  queue.o(.text)
    xQueueReceiveFromISR                     0x000064cf   Thumb Code    78  queue.o(.text)
    uxQueueMessagesWaiting                   0x0000651d   Thumb Code    18  queue.o(.text)
    uxQueueMessagesWaitingFromISR            0x0000652f   Thumb Code     4  queue.o(.text)
    vQueueDelete                             0x00006533   Thumb Code    50  queue.o(.text)
    xQueueIsQueueEmptyFromISR                0x00006565   Thumb Code    12  queue.o(.text)
    xQueueIsQueueFullFromISR                 0x00006571   Thumb Code    16  queue.o(.text)
    vQueueAddToRegistry                      0x00006581   Thumb Code    32  queue.o(.text)
    xTaskGenericCreate                       0x000065a5   Thumb Code   354  tasks.o(.text)
    vTaskDelete                              0x00006707   Thumb Code    92  tasks.o(.text)
    vTaskIncrementTick                       0x00006763   Thumb Code   150  tasks.o(.text)
    xTaskResumeAll                           0x000067f9   Thumb Code   160  tasks.o(.text)
    vTaskSuspendAll                          0x000068c9   Thumb Code    10  tasks.o(.text)
    vTaskDelayUntil                          0x000068d3   Thumb Code    78  tasks.o(.text)
    vTaskDelay                               0x00006921   Thumb Code    48  tasks.o(.text)
    uxTaskPriorityGet                        0x00006951   Thumb Code    24  tasks.o(.text)
    vTaskPrioritySet                         0x00006969   Thumb Code   144  tasks.o(.text)
    vTaskSwitchContext                       0x000069f9   Thumb Code   134  tasks.o(.text)
    vTaskSuspend                             0x00006a7f   Thumb Code    96  tasks.o(.text)
    xTaskIsTaskSuspended                     0x00006adf   Thumb Code    28  tasks.o(.text)
    vTaskResume                              0x00006afb   Thumb Code    84  tasks.o(.text)
    xTaskResumeFromISR                       0x00006b4f   Thumb Code    92  tasks.o(.text)
    vTaskStartScheduler                      0x00006bbd   Thumb Code    50  tasks.o(.text)
    vTaskEndScheduler                        0x00006bef   Thumb Code    20  tasks.o(.text)
    xTaskGetTickCount                        0x00006c03   Thumb Code    18  tasks.o(.text)
    xTaskGetTickCountFromISR                 0x00006c15   Thumb Code    18  tasks.o(.text)
    uxTaskGetNumberOfTasks                   0x00006c27   Thumb Code     6  tasks.o(.text)
    vTaskPlaceOnEventList                    0x00006c2d   Thumb Code    50  tasks.o(.text)
    xTaskRemoveFromEventList                 0x00006c5f   Thumb Code    80  tasks.o(.text)
    vTaskSetTimeOutState                     0x00006caf   Thumb Code    12  tasks.o(.text)
    xTaskCheckForTimeOut                     0x00006cbb   Thumb Code    72  tasks.o(.text)
    vTaskMissedYield                         0x00006d03   Thumb Code     8  tasks.o(.text)
    uxTaskGetStackHighWaterMark              0x00006d0b   Thumb Code    28  tasks.o(.text)
    xTaskGetCurrentTaskHandle                0x00006d27   Thumb Code     6  tasks.o(.text)
    vTaskPriorityInherit                     0x00006d2d   Thumb Code    90  tasks.o(.text)
    vTaskPriorityDisinherit                  0x00006d87   Thumb Code    64  tasks.o(.text)
    netconn_new_with_proto_and_callback      0x00006e35   Thumb Code    66  api_lib_1.o(.text)
    netconn_prepare_delete                   0x00006e77   Thumb Code    28  api_lib_1.o(.text)
    netconn_delete                           0x00006e93   Thumb Code    30  api_lib_1.o(.text)
    netconn_getaddr                          0x00006eb1   Thumb Code    42  api_lib_1.o(.text)
    netconn_bind                             0x00006edb   Thumb Code    36  api_lib_1.o(.text)
    netconn_bind_if                          0x00006eff   Thumb Code    28  api_lib_1.o(.text)
    netconn_connect                          0x00006f1b   Thumb Code    36  api_lib_1.o(.text)
    netconn_disconnect                       0x00006f3f   Thumb Code    24  api_lib_1.o(.text)
    netconn_listen_with_backlog              0x00006f57   Thumb Code    24  api_lib_1.o(.text)
    netconn_err                              0x00006f6f   Thumb Code    30  api_lib_1.o(.text)
    netconn_accept                           0x00006f8d   Thumb Code   136  api_lib_1.o(.text)
    netconn_tcp_recvd                        0x000070bf   Thumb Code    30  api_lib_1.o(.text)
    netconn_recv_tcp_pbuf                    0x0000716f   Thumb Code    22  api_lib_1.o(.text)
    netconn_recv_tcp_pbuf_flags              0x00007185   Thumb Code    26  api_lib_1.o(.text)
    netconn_recv_udp_raw_netbuf              0x0000719f   Thumb Code    22  api_lib_1.o(.text)
    netconn_recv_udp_raw_netbuf_flags        0x000071b5   Thumb Code    24  api_lib_1.o(.text)
    netconn_recv                             0x000071cd   Thumb Code    82  api_lib_1.o(.text)
    netconn_send                             0x0000721f   Thumb Code    68  api_lib_1.o(.text)
    netconn_sendto                           0x00007263   Thumb Code    18  api_lib_1.o(.text)
    netconn_write_vectors_partly             0x00007275   Thumb Code   138  api_lib_1.o(.text)
    netconn_write_partly                     0x000072ff   Thumb Code    20  api_lib_1.o(.text)
    netconn_close                            0x00007313   Thumb Code     6  api_lib_1.o(.text)
    netconn_shutdown                         0x00007319   Thumb Code    14  api_lib_1.o(.text)
    lwip_netconn_is_err_msg                  0x0000738d   Thumb Code    42  api_msg_1.o(.text)
    netconn_free                             0x00007897   Thumb Code    26  api_msg_1.o(.text)
    netconn_alloc                            0x000078b1   Thumb Code   102  api_msg_1.o(.text)
    lwip_netconn_do_newconn                  0x000079eb   Thumb Code    64  api_msg_1.o(.text)
    lwip_netconn_do_delconn                  0x00007abd   Thumb Code   142  api_msg_1.o(.text)
    lwip_netconn_do_bind                     0x00007b4b   Thumb Code    38  api_msg_1.o(.text)
    lwip_netconn_do_bind_if                  0x00007b71   Thumb Code    50  api_msg_1.o(.text)
    lwip_netconn_do_connect                  0x00007c03   Thumb Code   174  api_msg_1.o(.text)
    lwip_netconn_do_disconnect               0x00007cb1   Thumb Code     6  api_msg_1.o(.text)
    lwip_netconn_do_listen                   0x00007cb7   Thumb Code   166  api_msg_1.o(.text)
    lwip_netconn_do_send                     0x00007d5d   Thumb Code    20  api_msg_1.o(.text)
    lwip_netconn_do_recv                     0x00007d71   Thumb Code    66  api_msg_1.o(.text)
    lwip_netconn_do_write                    0x00007db3   Thumb Code    88  api_msg_1.o(.text)
    lwip_netconn_do_getaddr                  0x00007e0b   Thumb Code    72  api_msg_1.o(.text)
    lwip_netconn_do_close                    0x00007e53   Thumb Code   112  api_msg_1.o(.text)
    err_to_errno                             0x00007ef5   Thumb Code    24  err_1.o(.text)
    netbuf_new                               0x00007f11   Thumb Code    24  netbuf_1.o(.text)
    netbuf_delete                            0x00007f29   Thumb Code    34  netbuf_1.o(.text)
    netbuf_alloc                             0x00007f4b   Thumb Code    44  netbuf_1.o(.text)
    netbuf_free                              0x00007f77   Thumb Code    22  netbuf_1.o(.text)
    netbuf_ref                               0x00007f8d   Thumb Code    64  netbuf_1.o(.text)
    netbuf_chain                             0x00007fcd   Thumb Code    38  netbuf_1.o(.text)
    netbuf_data                              0x00007ff3   Thumb Code    38  netbuf_1.o(.text)
    netbuf_next                              0x00008019   Thumb Code    30  netbuf_1.o(.text)
    netbuf_first                             0x00008037   Thumb Code    10  netbuf_1.o(.text)
    lwip_socket_thread_init                  0x00008041   Thumb Code     2  sockets_1.o(.text)
    lwip_socket_thread_cleanup               0x00008043   Thumb Code     2  sockets_1.o(.text)
    lwip_socket_dbg_get_socket               0x00008045   Thumb Code     4  sockets_1.o(.text)
    lwip_accept                              0x000080d3   Thumb Code   288  sockets_1.o(.text)
    lwip_bind                                0x000081f3   Thumb Code    82  sockets_1.o(.text)
    lwip_close                               0x00008245   Thumb Code    72  sockets_1.o(.text)
    lwip_connect                             0x0000828d   Thumb Code   100  sockets_1.o(.text)
    lwip_listen                              0x000082f1   Thumb Code    82  sockets_1.o(.text)
    lwip_recvfrom                            0x0000853b   Thumb Code   208  sockets_1.o(.text)
    lwip_read                                0x0000860b   Thumb Code    14  sockets_1.o(.text)
    lwip_recvmsg                             0x00008619   Thumb Code   240  sockets_1.o(.text)
    lwip_readv                               0x00008709   Thumb Code    32  sockets_1.o(.text)
    lwip_recv                                0x00008729   Thumb Code    14  sockets_1.o(.text)
    lwip_send                                0x00008737   Thumb Code   112  sockets_1.o(.text)
    lwip_sendmsg                             0x000087a7   Thumb Code   156  sockets_1.o(.text)
    lwip_sendto                              0x00008843   Thumb Code   202  sockets_1.o(.text)
    lwip_socket                              0x00008a95   Thumb Code   104  sockets_1.o(.text)
    lwip_write                               0x00008afd   Thumb Code     4  sockets_1.o(.text)
    lwip_writev                              0x00008b01   Thumb Code    30  sockets_1.o(.text)
    lwip_select                              0x00008cd5   Thumb Code   674  sockets_1.o(.text)
    lwip_poll                                0x00009069   Thumb Code   160  sockets_1.o(.text)
    lwip_shutdown                            0x00009109   Thumb Code   112  sockets_1.o(.text)
    lwip_getpeername                         0x000091eb   Thumb Code     4  sockets_1.o(.text)
    lwip_getsockname                         0x000091ef   Thumb Code     4  sockets_1.o(.text)
    lwip_getsockopt                          0x00009387   Thumb Code    84  sockets_1.o(.text)
    lwip_setsockopt                          0x0000954b   Thumb Code    80  sockets_1.o(.text)
    lwip_ioctl                               0x0000959b   Thumb Code    68  sockets_1.o(.text)
    lwip_fcntl                               0x000095df   Thumb Code   146  sockets_1.o(.text)
    lwip_inet_ntop                           0x00009671   Thumb Code    64  sockets_1.o(.text)
    lwip_inet_pton                           0x000096b1   Thumb Code    36  sockets_1.o(.text)
    tcpip_inpkt                              0x000097cb   Thumb Code    64  tcpip_1.o(.text)
    tcpip_input                              0x0000980b   Thumb Code    18  tcpip_1.o(.text)
    tcpip_callback                           0x0000981d   Thumb Code    42  tcpip_1.o(.text)
    tcpip_try_callback                       0x00009847   Thumb Code    56  tcpip_1.o(.text)
    tcpip_send_msg_wait_sem                  0x0000987f   Thumb Code    26  tcpip_1.o(.text)
    tcpip_api_call                           0x00009899   Thumb Code    28  tcpip_1.o(.text)
    tcpip_callbackmsg_new                    0x000098b5   Thumb Code    26  tcpip_1.o(.text)
    tcpip_callbackmsg_delete                 0x000098cf   Thumb Code     8  tcpip_1.o(.text)
    tcpip_callbackmsg_trycallback            0x000098d7   Thumb Code    10  tcpip_1.o(.text)
    tcpip_callbackmsg_trycallback_fromisr    0x000098e1   Thumb Code    10  tcpip_1.o(.text)
    tcpip_init                               0x000098eb   Thumb Code    50  tcpip_1.o(.text)
    pbuf_free_callback                       0x00009921   Thumb Code     6  tcpip_1.o(.text)
    mem_free_callback                        0x00009927   Thumb Code     6  tcpip_1.o(.text)
    lwip_htons                               0x0000994d   Thumb Code     4  def_1.o(.text)
    lwip_htonl                               0x00009951   Thumb Code     4  def_1.o(.text)
    lwip_strnstr                             0x00009955   Thumb Code    64  def_1.o(.text)
    lwip_stricmp                             0x00009995   Thumb Code    46  def_1.o(.text)
    lwip_strnicmp                            0x000099c3   Thumb Code    50  def_1.o(.text)
    lwip_itoa                                0x000099f5   Thumb Code   100  def_1.o(.text)
    lwip_standard_chksum                     0x00009a59   Thumb Code    86  inet_chksum_1.o(.text)
    inet_chksum_pseudo                       0x00009aaf   Thumb Code    40  inet_chksum_1.o(.text)
    ip_chksum_pseudo                         0x00009ad7   Thumb Code    12  inet_chksum_1.o(.text)
    inet_chksum_pseudo_partial               0x00009ae3   Thumb Code    44  inet_chksum_1.o(.text)
    ip_chksum_pseudo_partial                 0x00009b0f   Thumb Code    16  inet_chksum_1.o(.text)
    inet_chksum                              0x00009b1f   Thumb Code    12  inet_chksum_1.o(.text)
    inet_chksum_pbuf                         0x00009b2b   Thumb Code    74  inet_chksum_1.o(.text)
    lwip_init                                0x00009c6b   Thumb Code    34  init_1.o(.text)
    mem_init                                 0x00009c8d   Thumb Code    62  mem_1.o(.text)
    mem_free                                 0x00009ccb   Thumb Code   196  mem_1.o(.text)
    mem_trim                                 0x00009d8f   Thumb Code   258  mem_1.o(.text)
    mem_malloc                               0x00009e91   Thumb Code   280  mem_1.o(.text)
    mem_calloc                               0x00009fa9   Thumb Code    34  mem_1.o(.text)
    memp_init_pool                           0x0000a061   Thumb Code    46  memp_1.o(.text)
    memp_init                                0x0000a08f   Thumb Code    40  memp_1.o(.text)
    memp_malloc_pool                         0x0000a0fb   Thumb Code     8  memp_1.o(.text)
    memp_malloc                              0x0000a103   Thumb Code    16  memp_1.o(.text)
    memp_free_pool                           0x0000a113   Thumb Code    14  memp_1.o(.text)
    memp_free                                0x0000a121   Thumb Code    20  memp_1.o(.text)
    netif_init                               0x0000a165   Thumb Code     2  netif_1.o(.text)
    netif_input                              0x0000a167   Thumb Code    18  netif_1.o(.text)
    netif_set_addr                           0x0000a1d3   Thumb Code    92  netif_1.o(.text)
    netif_add                                0x0000a235   Thumb Code   148  netif_1.o(.text)
    netif_add_noaddr                         0x0000a2c9   Thumb Code    18  netif_1.o(.text)
    netif_set_ipaddr                         0x0000a2db   Thumb Code    18  netif_1.o(.text)
    netif_set_netmask                        0x0000a2ed   Thumb Code    16  netif_1.o(.text)
    netif_set_gw                             0x0000a2fd   Thumb Code    16  netif_1.o(.text)
    netif_set_default                        0x0000a30d   Thumb Code     6  netif_1.o(.text)
    netif_set_down                           0x0000a313   Thumb Code    30  netif_1.o(.text)
    netif_remove                             0x0000a331   Thumb Code    76  netif_1.o(.text)
    netif_set_up                             0x0000a37d   Thumb Code    26  netif_1.o(.text)
    netif_set_link_up                        0x0000a397   Thumb Code    26  netif_1.o(.text)
    netif_set_link_down                      0x0000a3b1   Thumb Code    22  netif_1.o(.text)
    netif_find                               0x0000a3c7   Thumb Code    60  netif_1.o(.text)
    netif_name_to_index                      0x0000a403   Thumb Code    20  netif_1.o(.text)
    netif_get_by_index                       0x0000a417   Thumb Code    32  netif_1.o(.text)
    netif_index_to_name                      0x0000a437   Thumb Code    38  netif_1.o(.text)
    pbuf_free                                0x0000a4c3   Thumb Code    86  pbuf_1.o(.text)
    pbuf_alloc_reference                     0x0000a519   Thumb Code    46  pbuf_1.o(.text)
    pbuf_alloc                               0x0000a547   Thumb Code   254  pbuf_1.o(.text)
    pbuf_realloc                             0x0000a645   Thumb Code    82  pbuf_1.o(.text)
    pbuf_add_header                          0x0000a6dd   Thumb Code     4  pbuf_1.o(.text)
    pbuf_add_header_force                    0x0000a6e1   Thumb Code     4  pbuf_1.o(.text)
    pbuf_remove_header                       0x0000a6e5   Thumb Code    46  pbuf_1.o(.text)
    pbuf_header                              0x0000a713   Thumb Code     6  pbuf_1.o(.text)
    pbuf_header_force                        0x0000a719   Thumb Code     6  pbuf_1.o(.text)
    pbuf_free_header                         0x0000a71f   Thumb Code    50  pbuf_1.o(.text)
    pbuf_clen                                0x0000a751   Thumb Code    18  pbuf_1.o(.text)
    pbuf_ref                                 0x0000a763   Thumb Code    26  pbuf_1.o(.text)
    pbuf_cat                                 0x0000a77d   Thumb Code    40  pbuf_1.o(.text)
    pbuf_chain                               0x0000a7a5   Thumb Code    16  pbuf_1.o(.text)
    pbuf_dechain                             0x0000a7b5   Thumb Code    38  pbuf_1.o(.text)
    pbuf_copy                                0x0000a7db   Thumb Code   142  pbuf_1.o(.text)
    pbuf_copy_partial                        0x0000a869   Thumb Code   114  pbuf_1.o(.text)
    pbuf_get_contiguous                      0x0000a8db   Thumb Code    66  pbuf_1.o(.text)
    pbuf_skip                                0x0000a91d   Thumb Code     4  pbuf_1.o(.text)
    pbuf_take                                0x0000a921   Thumb Code    78  pbuf_1.o(.text)
    pbuf_take_at                             0x0000a96f   Thumb Code    84  pbuf_1.o(.text)
    pbuf_clone                               0x0000a9c3   Thumb Code    30  pbuf_1.o(.text)
    pbuf_coalesce                            0x0000a9e1   Thumb Code    40  pbuf_1.o(.text)
    pbuf_try_get_at                          0x0000aa09   Thumb Code    32  pbuf_1.o(.text)
    pbuf_get_at                              0x0000aa29   Thumb Code    18  pbuf_1.o(.text)
    pbuf_put_at                              0x0000aa3b   Thumb Code    30  pbuf_1.o(.text)
    pbuf_memcmp                              0x0000aa59   Thumb Code    90  pbuf_1.o(.text)
    pbuf_memfind                             0x0000aab3   Thumb Code    58  pbuf_1.o(.text)
    pbuf_strstr                              0x0000aaed   Thumb Code    50  pbuf_1.o(.text)
    stats_init                               0x0000ab5d   Thumb Code     2  stats_1.o(.text)
    tcp_init                                 0x0000ab61   Thumb Code     2  tcp_1.o(.text)
    tcp_free                                 0x0000ab63   Thumb Code     8  tcp_1.o(.text)
    tcp_seg_free                             0x0000ab6b   Thumb Code    28  tcp_1.o(.text)
    tcp_segs_free                            0x0000ab87   Thumb Code    18  tcp_1.o(.text)
    tcp_free_ooseq                           0x0000ab99   Thumb Code    20  tcp_1.o(.text)
    tcp_pcb_purge                            0x0000abad   Thumb Code    70  tcp_1.o(.text)
    tcp_slowtmr                              0x0000abf3   Thumb Code   702  tcp_1.o(.text)
    tcp_pcb_remove                           0x0000af01   Thumb Code    80  tcp_1.o(.text)
    tcp_close                                0x0000b05d   Thumb Code    26  tcp_1.o(.text)
    tcp_update_rcv_ann_wnd                   0x0000b077   Thumb Code    52  tcp_1.o(.text)
    tcp_recved                               0x0000b0ab   Thumb Code    62  tcp_1.o(.text)
    tcp_recv_null                            0x0000b0e9   Thumb Code    42  tcp_1.o(.text)
    tcp_process_refused_data                 0x0000b113   Thumb Code   116  tcp_1.o(.text)
    tcp_fasttmr                              0x0000b187   Thumb Code   104  tcp_1.o(.text)
    tcp_tmr                                  0x0000b1ef   Thumb Code    28  tcp_1.o(.text)
    tcp_shutdown                             0x0000b20b   Thumb Code    84  tcp_1.o(.text)
    tcp_abandon                              0x0000b25f   Thumb Code   208  tcp_1.o(.text)
    tcp_abort                                0x0000b32f   Thumb Code     4  tcp_1.o(.text)
    tcp_bind                                 0x0000b389   Thumb Code   166  tcp_1.o(.text)
    tcp_bind_netif                           0x0000b42f   Thumb Code    12  tcp_1.o(.text)
    tcp_listen_with_backlog_and_err          0x0000b449   Thumb Code   196  tcp_1.o(.text)
    tcp_listen_with_backlog                  0x0000b50d   Thumb Code     4  tcp_1.o(.text)
    tcp_eff_send_mss_netif                   0x0000b511   Thumb Code    30  tcp_1.o(.text)
    tcp_next_iss                             0x0000b52f   Thumb Code    12  tcp_1.o(.text)
    tcp_connect                              0x0000b53b   Thumb Code   328  tcp_1.o(.text)
    tcp_txnow                                0x0000b683   Thumb Code    28  tcp_1.o(.text)
    tcp_setprio                              0x0000b69f   Thumb Code     8  tcp_1.o(.text)
    tcp_seg_copy                             0x0000b6a7   Thumb Code    36  tcp_1.o(.text)
    tcp_alloc                                0x0000b701   Thumb Code   350  tcp_1.o(.text)
    tcp_new                                  0x0000b85f   Thumb Code     4  tcp_1.o(.text)
    tcp_new_ip_type                          0x0000b863   Thumb Code     4  tcp_1.o(.text)
    tcp_arg                                  0x0000b867   Thumb Code     8  tcp_1.o(.text)
    tcp_recv                                 0x0000b86f   Thumb Code    10  tcp_1.o(.text)
    tcp_sent                                 0x0000b879   Thumb Code    10  tcp_1.o(.text)
    tcp_err                                  0x0000b883   Thumb Code    10  tcp_1.o(.text)
    tcp_accept                               0x0000b88d   Thumb Code    14  tcp_1.o(.text)
    tcp_poll                                 0x0000b89b   Thumb Code    12  tcp_1.o(.text)
    tcp_netif_ip_addr_changed                0x0000b8a7   Thumb Code    70  tcp_1.o(.text)
    tcp_debug_state_str                      0x0000b8ed   Thumb Code     8  tcp_1.o(.text)
    tcp_tcp_get_tcp_addrinfo                 0x0000b8f5   Thumb Code    38  tcp_1.o(.text)
    tcp_input                                0x0000c5b1   Thumb Code  1090  tcp_in_1.o(.text)
    tcp_trigger_input_pcb_close              0x0000c9f3   Thumb Code    12  tcp_in_1.o(.text)
    tcp_write                                0x0000cb5b   Thumb Code   860  tcp_out_1.o(.text)
    tcp_split_unsent_seg                     0x0000ceb7   Thumb Code   298  tcp_out_1.o(.text)
    tcp_enqueue_flags                        0x0000cfe1   Thumb Code   150  tcp_out_1.o(.text)
    tcp_send_fin                             0x0000d077   Thumb Code    68  tcp_out_1.o(.text)
    tcp_send_empty_ack                       0x0000d27d   Thumb Code    70  tcp_out_1.o(.text)
    tcp_output                               0x0000d2c3   Thumb Code   496  tcp_out_1.o(.text)
    tcp_rexmit_rto_prepare                   0x0000d4b3   Thumb Code   102  tcp_out_1.o(.text)
    tcp_rexmit_rto_commit                    0x0000d519   Thumb Code    16  tcp_out_1.o(.text)
    tcp_rexmit_rto                           0x0000d529   Thumb Code    22  tcp_out_1.o(.text)
    tcp_rexmit                               0x0000d53f   Thumb Code   100  tcp_out_1.o(.text)
    tcp_rexmit_fast                          0x0000d5a3   Thumb Code    92  tcp_out_1.o(.text)
    tcp_rst                                  0x0000d5ff   Thumb Code    72  tcp_out_1.o(.text)
    tcp_keepalive                            0x0000d647   Thumb Code    48  tcp_out_1.o(.text)
    tcp_zero_window_probe                    0x0000d677   Thumb Code   170  tcp_out_1.o(.text)
    sys_timeout                              0x0000d78b   Thumb Code    24  timeouts.o(.text)
    tcp_timer_needed                         0x0000d7c9   Thumb Code    34  timeouts.o(.text)
    sys_timeouts_init                        0x0000d81b   Thumb Code    28  timeouts.o(.text)
    sys_untimeout                            0x0000d837   Thumb Code    56  timeouts.o(.text)
    sys_check_timeouts                       0x0000d86f   Thumb Code    60  timeouts.o(.text)
    sys_restart_timeouts                     0x0000d8ab   Thumb Code    36  timeouts.o(.text)
    sys_timeouts_sleeptime                   0x0000d8cf   Thumb Code    34  timeouts.o(.text)
    icmp_input                               0x0000d909   Thumb Code   394  icmp_1.o(.text)
    icmp_dest_unreach                        0x0000da93   Thumb Code     8  icmp_1.o(.text)
    ip4_route                                0x0000db29   Thumb Code    94  ip4.o(.text)
    ip4_input                                0x0000dbaf   Thumb Code   490  ip4.o(.text)
    ip4_output_if_src                        0x0000dd99   Thumb Code   218  ip4.o(.text)
    ip4_output_if                            0x0000de73   Thumb Code    30  ip4.o(.text)
    ip4_output                               0x0000de91   Thumb Code    60  ip4.o(.text)
    ip4_addr_isbroadcast_u32                 0x0000dee5   Thumb Code    46  ip4_addr.o(.text)
    ip4_addr_netmask_valid                   0x0000df13   Thumb Code    38  ip4_addr.o(.text)
    ip4addr_aton                             0x0000df39   Thumb Code   266  ip4_addr.o(.text)
    ipaddr_addr                              0x0000e043   Thumb Code    20  ip4_addr.o(.text)
    ip4addr_ntoa_r                           0x0000e057   Thumb Code   118  ip4_addr.o(.text)
    ip4addr_ntoa                             0x0000e0cd   Thumb Code     6  ip4_addr.o(.text)
    __rt_ctype_table                         0x0000e0d9   Thumb Code     4  ctype_o.o(.text)
    isspace                                  0x0000e0e1   Thumb Code    18  isspace_o.o(.text)
    ___aeabi_memcpy4$move                    0x0000e0f3   Thumb Code     0  memmovea.o(.text)
    ___aeabi_memcpy8$move                    0x0000e0f3   Thumb Code     0  memmovea.o(.text)
    __aeabi_memcpy                           0x0000e0f3   Thumb Code    64  memmovea.o(.text)
    __aeabi_memmove                          0x0000e0f3   Thumb Code     0  memmovea.o(.text)
    __aeabi_memmove4                         0x0000e0f3   Thumb Code     0  memmovea.o(.text)
    __aeabi_memmove8                         0x0000e0f3   Thumb Code     0  memmovea.o(.text)
    __aeabi_memset                           0x0000e133   Thumb Code    14  memseta.o(.text)
    __aeabi_memset4                          0x0000e133   Thumb Code     0  memseta.o(.text)
    __aeabi_memset8                          0x0000e133   Thumb Code     0  memseta.o(.text)
    __aeabi_memclr                           0x0000e141   Thumb Code     4  memseta.o(.text)
    __aeabi_memclr4                          0x0000e141   Thumb Code     0  memseta.o(.text)
    __aeabi_memclr8                          0x0000e141   Thumb Code     0  memseta.o(.text)
    _memset$wrapper                          0x0000e145   Thumb Code    18  memseta.o(.text)
    strncpy                                  0x0000e157   Thumb Code    24  strncpy.o(.text)
    strlen                                   0x0000e16f   Thumb Code    14  strlen.o(.text)
    strcmp                                   0x0000e17d   Thumb Code    28  strcmp.o(.text)
    memcmp                                   0x0000e199   Thumb Code    26  memcmp.o(.text)
    strncmp                                  0x0000e1b3   Thumb Code    30  strncmp.o(.text)
    __0sscanf                                0x0000e1d1   Thumb Code    48  __0sscanf.o(.text)
    _scanf_int                               0x0000e209   Thumb Code   332  _scanf_int.o(.text)
    atoi                                     0x0000e355   Thumb Code    26  atoi.o(.text)
    _chval                                   0x0000e36f   Thumb Code    28  _chval.o(.text)
    __vfscanf_char                           0x0000e399   Thumb Code    20  scanf_char.o(.text)
    _sgetc                                   0x0000e3b5   Thumb Code    30  _sgetc.o(.text)
    _sbackspace                              0x0000e3d3   Thumb Code    34  _sgetc.o(.text)
    strtol                                   0x0000e3f5   Thumb Code   112  strtol.o(.text)
    __scatterload                            0x0000e465   Thumb Code    28  init.o(.text)
    __scatterload_rt2                        0x0000e465   Thumb Code     0  init.o(.text)
    __vfscanf                                0x0000e489   Thumb Code   810  _scanf.o(.text)
    _strtoul                                 0x0000e7b9   Thumb Code   158  _strtoul.o(.text)
    __decompress                             0x0000e857   Thumb Code     0  __dczerorl2.o(.text)
    __decompress1                            0x0000e857   Thumb Code    86  __dczerorl2.o(.text)
    __aeabi_errno_addr                       0x0000e8ad   Thumb Code     4  errno.o(i.__aeabi_errno_addr)
    __rt_errno_addr                          0x0000e8ad   Thumb Code     0  errno.o(i.__aeabi_errno_addr)
    __free$realloc                           0x0000e8b5   Thumb Code    88  mallocr.o(i.__free$realloc)
    __malloc$realloc                         0x0000e911   Thumb Code    64  mallocr.o(i.__malloc$realloc)
    __scatterload_copy                       0x0000e961   Thumb Code    14  handlers.o(i.__scatterload_copy)
    __scatterload_null                       0x0000e96f   Thumb Code     2  handlers.o(i.__scatterload_null)
    __scatterload_zeroinit                   0x0000e971   Thumb Code    14  handlers.o(i.__scatterload_zeroinit)
    realloc                                  0x0000e9d1   Thumb Code   102  mallocr.o(i.realloc)
    ethbroadcast                             0x0000f418   Data           6  etharp.o(.constdata)
    ethzero                                  0x0000f41e   Data           6  etharp.o(.constdata)
    netconn_aborted                          0x0000f438   Data           1  api_msg_1.o(.constdata)
    netconn_reset                            0x0000f439   Data           1  api_msg_1.o(.constdata)
    netconn_closed                           0x0000f43a   Data           1  api_msg_1.o(.constdata)
    memp_TCP_PCB                             0x0000f480   Data          16  memp_1.o(.constdata)
    memp_TCP_PCB_LISTEN                      0x0000f490   Data          16  memp_1.o(.constdata)
    memp_TCP_SEG                             0x0000f4a0   Data          16  memp_1.o(.constdata)
    memp_NETBUF                              0x0000f4b0   Data          16  memp_1.o(.constdata)
    memp_NETCONN                             0x0000f4c0   Data          16  memp_1.o(.constdata)
    memp_TCPIP_MSG_API                       0x0000f4d0   Data          16  memp_1.o(.constdata)
    memp_TCPIP_MSG_INPKT                     0x0000f4e0   Data          16  memp_1.o(.constdata)
    memp_ARP_QUEUE                           0x0000f4f0   Data          16  memp_1.o(.constdata)
    memp_SYS_TIMEOUT                         0x0000f500   Data          16  memp_1.o(.constdata)
    memp_PBUF                                0x0000f510   Data          16  memp_1.o(.constdata)
    memp_PBUF_POOL                           0x0000f520   Data          16  memp_1.o(.constdata)
    memp_pools                               0x0000f530   Data          44  memp_1.o(.constdata)
    tcp_pcb_lists                            0x0000f5a0   Data          16  tcp_1.o(.constdata)
    lwip_cyclic_timers                       0x0000f5b0   Data          16  timeouts.o(.constdata)
    ip_addr_any                              0x0000f5c0   Data           4  ip4_addr.o(.constdata)
    __ctype_table                            0x0000f5c4   Data         129  ctype_o.o(.constdata)
    Region$$Table$$Base                      0x0000f7a4   Number         0  anon$$obj.o(Region$$Table)
    Region$$Table$$Limit                     0x0000f7c4   Number         0  anon$$obj.o(Region$$Table)
    modbusSlaveDefaultFunctions              0x20000000   Data          80  mb_cvt.o(.data)
    modbusMasterDefaultFunctions             0x20000050   Data          80  mb_cvt.o(.data)
    g_sCmdTable                              0x200000a0   Data          72  cmd.o(.data)
    ui32Index                                0x200000e8   Data           4  user_epprom.o(.data)
    g_pInterrupt                             0x200000f4   Data           4  lwiplib.o(.data)
    g_bNetStatus                             0x20000110   Data           1  network.o(.data)
    xInsideISR                               0x20000114   Data           4  sys_arch.o(.data)
    pxCurrentTCB                             0x20000138   Data           4  tasks.o(.data)
    lock_tcpip_core                          0x20000184   Data           4  tcpip_1.o(.data)
    netif_list                               0x200001c8   Data           4  netif_1.o(.data)
    netif_default                            0x200001cc   Data           4  netif_1.o(.data)
    pbuf_free_ooseq_pending                  0x200001d0   Data           1  pbuf_1.o(.data)
    tcp_active_pcbs_changed                  0x200001d4   Data           1  tcp_1.o(.data)
    tcp_ticks                                0x200001e0   Data           4  tcp_1.o(.data)
    tcp_bound_pcbs                           0x200001e4   Data           4  tcp_1.o(.data)
    tcp_listen_pcbs                          0x200001e8   Data           4  tcp_1.o(.data)
    tcp_active_pcbs                          0x200001ec   Data           4  tcp_1.o(.data)
    tcp_tw_pcbs                              0x200001f0   Data           4  tcp_1.o(.data)
    tcp_input_pcb                            0x20000214   Data           4  tcp_in_1.o(.data)
    __microlib_freelist                      0x2000022c   Data           4  mvars.o(.data)
    __microlib_freelist_initialised          0x20000230   Data           4  mvars.o(.data)
    xQueueRegistry                           0x20006d30   Data          80  queue.o(.bss)
    ip_data                                  0x20006f50   Data          24  ip_1.o(.bss)
    ram_heap                                 0x20006f68   Data        4115  mem_1.o(.bss)
    memp_memory_TCP_PCB_base                 0x20007f7b   Data         783  memp_1.o(.bss)
    memp_memory_TCP_PCB_LISTEN_base          0x20008294   Data         227  memp_1.o(.bss)
    memp_memory_TCP_SEG_base                 0x20008382   Data         419  memp_1.o(.bss)
    memp_memory_NETBUF_base                  0x20008530   Data          35  memp_1.o(.bss)
    memp_memory_NETCONN_base                 0x2000855e   Data         179  memp_1.o(.bss)
    memp_memory_TCPIP_MSG_API_base           0x2000861c   Data          67  memp_1.o(.bss)
    memp_memory_TCPIP_MSG_INPKT_base         0x2000866a   Data          67  memp_1.o(.bss)
    memp_memory_ARP_QUEUE_base               0x200086b8   Data         243  memp_1.o(.bss)
    memp_memory_SYS_TIMEOUT_base             0x200087b6   Data         131  memp_1.o(.bss)
    memp_memory_PBUF_base                    0x20008844   Data         259  memp_1.o(.bss)
    memp_memory_PBUF_POOL_base               0x20008952   Data        8707  memp_1.o(.bss)
    lwip_stats                               0x2000ab60   Data         196  stats_1.o(.bss)
    __heap_base                              0x2000ac48   Data           0  startup.o(HEAP)
    __heap_limit                             0x2000ac48   Data           0  startup.o(HEAP)
    __initial_sp                             0x2000b048   Data           0  startup.o(STACK)



==============================================================================

Memory Map of the image

  Image Entry point : 0x00000279

  Load Region LR_IROM1 (Base: 0x00000000, Size: 0x0000fe30, Max: 0x00040000, ABSOLUTE, COMPRESSED[0x0000f85c])

    Execution Region ER_IROM1 (Exec base: 0x00000000, Load base: 0x00000000, Size: 0x0000f7c4, Max: 0x00040000, ABSOLUTE)

    Exec Addr    Load Addr    Size         Type   Attr      Idx    E Section Name        Object

    0x00000000   0x00000000   0x00000278   Code   RO          147    RESET               startup.o
    0x00000278   0x00000278   0x00000000   Code   RO         1807  * .ARM.Collect$$$$00000000  mc_w.l(entry.o)
    0x00000278   0x00000278   0x00000004   Code   RO         1894    .ARM.Collect$$$$00000001  mc_w.l(entry2.o)
    0x0000027c   0x0000027c   0x00000004   Code   RO         1897    .ARM.Collect$$$$00000004  mc_w.l(entry5.o)
    0x00000280   0x00000280   0x00000000   Code   RO         1899    .ARM.Collect$$$$00000008  mc_w.l(entry7b.o)
    0x00000280   0x00000280   0x00000000   Code   RO         1901    .ARM.Collect$$$$0000000A  mc_w.l(entry8b.o)
    0x00000280   0x00000280   0x00000008   Code   RO         1902    .ARM.Collect$$$$0000000B  mc_w.l(entry9a.o)
    0x00000288   0x00000288   0x00000004   Code   RO         1909    .ARM.Collect$$$$0000000E  mc_w.l(entry12b.o)
    0x0000028c   0x0000028c   0x00000000   Code   RO         1904    .ARM.Collect$$$$0000000F  mc_w.l(entry10a.o)
    0x0000028c   0x0000028c   0x00000000   Code   RO         1906    .ARM.Collect$$$$00000011  mc_w.l(entry11a.o)
    0x0000028c   0x0000028c   0x00000004   Code   RO         1895    .ARM.Collect$$$$00002712  mc_w.l(entry2.o)
    0x00000290   0x00000290   0x00000026   Code   RO          418    .emb_text           cpu.o
    0x000002b6   0x000002b6   0x00000002   PAD
    0x000002b8   0x000002b8   0x00000006   Code   RO          513    .emb_text           sysctl.o
    0x000002be   0x000002be   0x00000002   PAD
    0x000002c0   0x000002c0   0x0000008c   Code   RO         1012    .emb_text           port.o
    0x0000034c   0x0000034c   0x0000008c   Code   RO            1    .text               main.o
    0x000003d8   0x000003d8   0x000001b0   Code   RO          152    .text               fifo.o
    0x00000588   0x00000588   0x00001bd4   Code   RO          168    .text               mb_cvt.o
    0x0000215c   0x0000215c   0x00000558   Code   RO          353    .text               cmd.o
    0x000026b4   0x000026b4   0x00000340   Code   RO          387    .text               user_epprom.o
    0x000029f4   0x000029f4   0x00000088   Code   RO          406    .text               bsp.o
    0x00002a7c   0x00002a7c   0x000002e0   Code   RO          431    .text               ethernet.o
    0x00002d5c   0x00002d5c   0x000005fc   Code   RO          456    .text               gpio.o
    0x00003358   0x00003358   0x00000254   Code   RO          474    .text               interrupt.o
    0x000035ac   0x000035ac   0x000008fc   Code   RO          514    .text               sysctl.o
    0x00003ea8   0x00003ea8   0x000002ac   Code   RO          568    .text               uart.o
    0x00004154   0x00004154   0x00000238   Code   RO          586    .text               i2c.o
    0x0000438c   0x0000438c   0x000000b8   Code   RO          607    .text               watchdog.o
    0x00004444   0x00004444   0x00000204   Code   RO          625    .text               lwiplib.o
    0x00004648   0x00004648   0x00000540   Code   RO          698    .text               ustdlib.o
    0x00004b88   0x00004b88   0x000002c0   Code   RO          718    .text               uartstdio.o
    0x00004e48   0x00004e48   0x00000064   Code   RO          740    .text               cmdline.o
    0x00004eac   0x00004eac   0x000001dc   Code   RO          753    .text               crc.o
    0x00005088   0x00005088   0x000001b0   Code   RO          767    .text               network.o
    0x00005238   0x00005238   0x00000300   Code   RO          801    .text               sys_arch.o
    0x00005538   0x00005538   0x000002e8   Code   RO          863    .text               stellarisif.o
    0x00005820   0x00005820   0x000006cc   Code   RO          916    .text               etharp.o
    0x00005eec   0x00005eec   0x000000f4   Code   RO          979    .text               heap_2.o
    0x00005fe0   0x00005fe0   0x0000008c   Code   RO         1000    .text               list.o
    0x0000606c   0x0000606c   0x000000a0   Code   RO         1013    .text               port.o
    0x0000610c   0x0000610c   0x00000498   Code   RO         1030    .text               queue.o
    0x000065a4   0x000065a4   0x00000890   Code   RO         1048    .text               tasks.o
    0x00006e34   0x00006e34   0x00000558   Code   RO         1076    .text               api_lib_1.o
    0x0000738c   0x0000738c   0x00000b68   Code   RO         1114    .text               api_msg_1.o
    0x00007ef4   0x00007ef4   0x0000001c   Code   RO         1151    .text               err_1.o
    0x00007f10   0x00007f10   0x00000130   Code   RO         1169    .text               netbuf_1.o
    0x00008040   0x00008040   0x000016ec   Code   RO         1199    .text               sockets_1.o
    0x0000972c   0x0000972c   0x00000220   Code   RO         1226    .text               tcpip_1.o
    0x0000994c   0x0000994c   0x0000010c   Code   RO         1276    .text               def_1.o
    0x00009a58   0x00009a58   0x00000212   Code   RO         1294    .text               inet_chksum_1.o
    0x00009c6a   0x00009c6a   0x00000022   Code   RO         1309    .text               init_1.o
    0x00009c8c   0x00009c8c   0x000003d4   Code   RO         1366    .text               mem_1.o
    0x0000a060   0x0000a060   0x00000104   Code   RO         1382    .text               memp_1.o
    0x0000a164   0x0000a164   0x00000334   Code   RO         1484    .text               netif_1.o
    0x0000a498   0x0000a498   0x000006c4   Code   RO         1520    .text               pbuf_1.o
    0x0000ab5c   0x0000ab5c   0x00000002   Code   RO         1542    .text               stats_1.o
    0x0000ab5e   0x0000ab5e   0x00000002   PAD
    0x0000ab60   0x0000ab60   0x00000de8   Code   RO         1579    .text               tcp_1.o
    0x0000b948   0x0000b948   0x00001120   Code   RO         1604    .text               tcp_in_1.o
    0x0000ca68   0x0000ca68   0x00000cd8   Code   RO         1641    .text               tcp_out_1.o
    0x0000d740   0x0000d740   0x000001c8   Code   RO         1661    .text               timeouts.o
    0x0000d908   0x0000d908   0x00000220   Code   RO         1703    .text               icmp_1.o
    0x0000db28   0x0000db28   0x000003bc   Code   RO         1724    .text               ip4.o
    0x0000dee4   0x0000dee4   0x000001f4   Code   RO         1741    .text               ip4_addr.o
    0x0000e0d8   0x0000e0d8   0x00000008   Code   RO         1815    .text               mc_w.l(ctype_o.o)
    0x0000e0e0   0x0000e0e0   0x00000012   Code   RO         1837    .text               mc_w.l(isspace_o.o)
    0x0000e0f2   0x0000e0f2   0x00000040   Code   RO         1845    .text               mc_w.l(memmovea.o)
    0x0000e132   0x0000e132   0x00000024   Code   RO         1847    .text               mc_w.l(memseta.o)
    0x0000e156   0x0000e156   0x00000018   Code   RO         1849    .text               mc_w.l(strncpy.o)
    0x0000e16e   0x0000e16e   0x0000000e   Code   RO         1851    .text               mc_w.l(strlen.o)
    0x0000e17c   0x0000e17c   0x0000001c   Code   RO         1853    .text               mc_w.l(strcmp.o)
    0x0000e198   0x0000e198   0x0000001a   Code   RO         1855    .text               mc_w.l(memcmp.o)
    0x0000e1b2   0x0000e1b2   0x0000001e   Code   RO         1857    .text               mc_w.l(strncmp.o)
    0x0000e1d0   0x0000e1d0   0x00000038   Code   RO         1888    .text               mc_w.l(__0sscanf.o)
    0x0000e208   0x0000e208   0x0000014c   Code   RO         1890    .text               mc_w.l(_scanf_int.o)
    0x0000e354   0x0000e354   0x0000001a   Code   RO         1892    .text               mc_w.l(atoi.o)
    0x0000e36e   0x0000e36e   0x0000001c   Code   RO         1912    .text               mc_w.l(_chval.o)
    0x0000e38a   0x0000e38a   0x00000002   PAD
    0x0000e38c   0x0000e38c   0x00000028   Code   RO         1914    .text               mc_w.l(scanf_char.o)
    0x0000e3b4   0x0000e3b4   0x00000040   Code   RO         1916    .text               mc_w.l(_sgetc.o)
    0x0000e3f4   0x0000e3f4   0x00000070   Code   RO         1918    .text               mc_w.l(strtol.o)
    0x0000e464   0x0000e464   0x00000024   Code   RO         1920    .text               mc_w.l(init.o)
    0x0000e488   0x0000e488   0x00000330   Code   RO         1924    .text               mc_w.l(_scanf.o)
    0x0000e7b8   0x0000e7b8   0x0000009e   Code   RO         1926    .text               mc_w.l(_strtoul.o)
    0x0000e856   0x0000e856   0x00000056   Code   RO         1939    .text               mc_w.l(__dczerorl2.o)
    0x0000e8ac   0x0000e8ac   0x00000008   Code   RO         1881    i.__aeabi_errno_addr  mc_w.l(errno.o)
    0x0000e8b4   0x0000e8b4   0x0000005c   Code   RO         1863    i.__free$realloc    mc_w.l(mallocr.o)
    0x0000e910   0x0000e910   0x00000050   Code   RO         1864    i.__malloc$realloc  mc_w.l(mallocr.o)
    0x0000e960   0x0000e960   0x0000000e   Code   RO         1933    i.__scatterload_copy  mc_w.l(handlers.o)
    0x0000e96e   0x0000e96e   0x00000002   Code   RO         1934    i.__scatterload_null  mc_w.l(handlers.o)
    0x0000e970   0x0000e970   0x0000000e   Code   RO         1935    i.__scatterload_zeroinit  mc_w.l(handlers.o)
    0x0000e97e   0x0000e97e   0x00000002   PAD
    0x0000e980   0x0000e980   0x00000050   Code   RO         1865    i.internal_alloc    mc_w.l(mallocr.o)
    0x0000e9d0   0x0000e9d0   0x0000006c   Code   RO         1866    i.realloc           mc_w.l(mallocr.o)
    0x0000ea3c   0x0000ea3c   0x000002f4   Data   RO          177    .constdata          mb_cvt.o
    0x0000ed30   0x0000ed30   0x00000078   Data   RO          457    .constdata          gpio.o
    0x0000eda8   0x0000eda8   0x00000104   Data   RO          475    .constdata          interrupt.o
    0x0000eeac   0x0000eeac   0x000001c4   Data   RO          515    .constdata          sysctl.o
    0x0000f070   0x0000f070   0x00000040   Data   RO          569    .constdata          uart.o
    0x0000f0b0   0x0000f0b0   0x00000030   Data   RO          587    .constdata          i2c.o
    0x0000f0e0   0x0000f0e0   0x0000001c   Data   RO          699    .constdata          ustdlib.o
    0x0000f0fc   0x0000f0fc   0x0000001c   Data   RO          719    .constdata          uartstdio.o
    0x0000f118   0x0000f118   0x00000300   Data   RO          754    .constdata          crc.o
    0x0000f418   0x0000f418   0x0000000c   Data   RO          918    .constdata          etharp.o
    0x0000f424   0x0000f424   0x00000014   Data   RO         1050    .constdata          tasks.o
    0x0000f438   0x0000f438   0x00000003   Data   RO         1115    .constdata          api_msg_1.o
    0x0000f43b   0x0000f43b   0x00000001   PAD
    0x0000f43c   0x0000f43c   0x00000044   Data   RO         1152    .constdata          err_1.o
    0x0000f480   0x0000f480   0x00000010   Data   RO         1405    .constdata          memp_1.o
    0x0000f490   0x0000f490   0x00000010   Data   RO         1406    .constdata          memp_1.o
    0x0000f4a0   0x0000f4a0   0x00000010   Data   RO         1407    .constdata          memp_1.o
    0x0000f4b0   0x0000f4b0   0x00000010   Data   RO         1408    .constdata          memp_1.o
    0x0000f4c0   0x0000f4c0   0x00000010   Data   RO         1409    .constdata          memp_1.o
    0x0000f4d0   0x0000f4d0   0x00000010   Data   RO         1410    .constdata          memp_1.o
    0x0000f4e0   0x0000f4e0   0x00000010   Data   RO         1411    .constdata          memp_1.o
    0x0000f4f0   0x0000f4f0   0x00000010   Data   RO         1412    .constdata          memp_1.o
    0x0000f500   0x0000f500   0x00000010   Data   RO         1413    .constdata          memp_1.o
    0x0000f510   0x0000f510   0x00000010   Data   RO         1414    .constdata          memp_1.o
    0x0000f520   0x0000f520   0x00000010   Data   RO         1415    .constdata          memp_1.o
    0x0000f530   0x0000f530   0x0000002c   Data   RO         1416    .constdata          memp_1.o
    0x0000f55c   0x0000f55c   0x00000054   Data   RO         1580    .constdata          tcp_1.o
    0x0000f5b0   0x0000f5b0   0x00000010   Data   RO         1662    .constdata          timeouts.o
    0x0000f5c0   0x0000f5c0   0x00000004   Data   RO         1743    .constdata          ip4_addr.o
    0x0000f5c4   0x0000f5c4   0x00000081   Data   RO         1816    .constdata          mc_w.l(ctype_o.o)
    0x0000f645   0x0000f645   0x00000003   PAD
    0x0000f648   0x0000f648   0x00000004   Data   RO         1817    .constdata          mc_w.l(ctype_o.o)
    0x0000f64c   0x0000f64c   0x00000047   Data   RO            2    .conststring        main.o
    0x0000f693   0x0000f693   0x00000001   PAD
    0x0000f694   0x0000f694   0x00000081   Data   RO          355    .conststring        cmd.o
    0x0000f715   0x0000f715   0x00000003   PAD
    0x0000f718   0x0000f718   0x00000011   Data   RO          700    .conststring        ustdlib.o
    0x0000f729   0x0000f729   0x00000003   PAD
    0x0000f72c   0x0000f72c   0x00000075   Data   RO         1581    .conststring        tcp_1.o
    0x0000f7a1   0x0000f7a1   0x00000003   PAD
    0x0000f7a4   0x0000f7a4   0x00000020   Data   RO         1931    Region$$Table       anon$$obj.o


    Execution Region RW_IRAM1 (Exec base: 0x20000000, Load base: 0x0000f7c4, Size: 0x0000b048, Max: 0x00010000, ABSOLUTE, COMPRESSED[0x00000098])

    Exec Addr    Load Addr    Size         Type   Attr      Idx    E Section Name        Object

    0x20000000   COMPRESSED   0x000000a0   Data   RW          178    .data               mb_cvt.o
    0x200000a0   COMPRESSED   0x00000048   Data   RW          356    .data               cmd.o
    0x200000e8   COMPRESSED   0x00000004   Data   RW          388    .data               user_epprom.o
    0x200000ec   COMPRESSED   0x00000018   Data   RW          627    .data               lwiplib.o
    0x20000104   COMPRESSED   0x00000004   Data   RW          701    .data               ustdlib.o
    0x20000108   COMPRESSED   0x00000008   Data   RW          721    .data               uartstdio.o
    0x20000110   COMPRESSED   0x00000001   Data   RW          772    .data               network.o
    0x20000111   COMPRESSED   0x00000003   PAD
    0x20000114   COMPRESSED   0x00000004   Data   RW          802    .data               sys_arch.o
    0x20000118   COMPRESSED   0x00000001   Data   RW          919    .data               etharp.o
    0x20000119   COMPRESSED   0x00000003   PAD
    0x2000011c   COMPRESSED   0x00000018   Data   RW          981    .data               heap_2.o
    0x20000134   COMPRESSED   0x00000004   Data   RW         1014    .data               port.o
    0x20000138   COMPRESSED   0x0000003c   Data   RW         1051    .data               tasks.o
    0x20000174   COMPRESSED   0x00000004   Data   RW         1201    .data               sockets_1.o
    0x20000178   COMPRESSED   0x00000010   Data   RW         1227    .data               tcpip_1.o
    0x20000188   COMPRESSED   0x00000010   Data   RW         1368    .data               mem_1.o
    0x20000198   COMPRESSED   0x00000004   Data   RW         1417    .data               memp_1.o
    0x2000019c   COMPRESSED   0x00000004   Data   RW         1418    .data               memp_1.o
    0x200001a0   COMPRESSED   0x00000004   Data   RW         1419    .data               memp_1.o
    0x200001a4   COMPRESSED   0x00000004   Data   RW         1420    .data               memp_1.o
    0x200001a8   COMPRESSED   0x00000004   Data   RW         1421    .data               memp_1.o
    0x200001ac   COMPRESSED   0x00000004   Data   RW         1422    .data               memp_1.o
    0x200001b0   COMPRESSED   0x00000004   Data   RW         1423    .data               memp_1.o
    0x200001b4   COMPRESSED   0x00000004   Data   RW         1424    .data               memp_1.o
    0x200001b8   COMPRESSED   0x00000004   Data   RW         1425    .data               memp_1.o
    0x200001bc   COMPRESSED   0x00000004   Data   RW         1426    .data               memp_1.o
    0x200001c0   COMPRESSED   0x00000004   Data   RW         1427    .data               memp_1.o
    0x200001c4   COMPRESSED   0x0000000c   Data   RW         1485    .data               netif_1.o
    0x200001d0   COMPRESSED   0x00000001   Data   RW         1521    .data               pbuf_1.o
    0x200001d1   COMPRESSED   0x00000003   PAD
    0x200001d4   COMPRESSED   0x00000020   Data   RW         1582    .data               tcp_1.o
    0x200001f4   COMPRESSED   0x00000024   Data   RW         1606    .data               tcp_in_1.o
    0x20000218   COMPRESSED   0x0000000c   Data   RW         1664    .data               timeouts.o
    0x20000224   COMPRESSED   0x00000002   Data   RW         1725    .data               ip4.o
    0x20000226   COMPRESSED   0x00000002   PAD
    0x20000228   COMPRESSED   0x00000004   Data   RW         1884    .data               mc_w.l(errno.o)
    0x2000022c   COMPRESSED   0x00000004   Data   RW         1910    .data               mc_w.l(mvars.o)
    0x20000230   COMPRESSED   0x00000004   Data   RW         1911    .data               mc_w.l(mvars.o)
    0x20000234   COMPRESSED   0x000001cc   PAD
    0x20000400   COMPRESSED   0x0000026c   Data   RW          476    vtable              interrupt.o
    0x2000066c        -       0x00000310   Zero   RW          169    .bss                mb_cvt.o
    0x2000097c        -       0x00000210   Zero   RW          354    .bss                cmd.o
    0x20000b8c        -       0x00000030   Zero   RW          626    .bss                lwiplib.o
    0x20000bbc        -       0x00000024   Zero   RW          741    .bss                cmdline.o
    0x20000be0        -       0x00000060   Zero   RW          864    .bss                stellarisif.o
    0x20000c40        -       0x000000f0   Zero   RW          917    .bss                etharp.o
    0x20000d30        -       0x00006000   Zero   RW          980    .bss                heap_2.o
    0x20006d30        -       0x00000050   Zero   RW         1031    .bss                queue.o
    0x20006d80        -       0x00000190   Zero   RW         1049    .bss                tasks.o
    0x20006f10        -       0x00000040   Zero   RW         1200    .bss                sockets_1.o
    0x20006f50        -       0x00000018   Zero   RW         1354    .bss                ip_1.o
    0x20006f68        -       0x00001013   Zero   RW         1367    .bss                mem_1.o
    0x20007f7b        -       0x0000030f   Zero   RW         1383    .bss                memp_1.o
    0x2000828a        -       0x0000000a   Zero   RW         1384    .bss                memp_1.o
    0x20008294        -       0x000000e3   Zero   RW         1385    .bss                memp_1.o
    0x20008377   COMPRESSED   0x00000001   PAD
    0x20008378        -       0x0000000a   Zero   RW         1386    .bss                memp_1.o
    0x20008382        -       0x000001a3   Zero   RW         1387    .bss                memp_1.o
    0x20008525   COMPRESSED   0x00000001   PAD
    0x20008526        -       0x0000000a   Zero   RW         1388    .bss                memp_1.o
    0x20008530        -       0x00000023   Zero   RW         1389    .bss                memp_1.o
    0x20008553   COMPRESSED   0x00000001   PAD
    0x20008554        -       0x0000000a   Zero   RW         1390    .bss                memp_1.o
    0x2000855e        -       0x000000b3   Zero   RW         1391    .bss                memp_1.o
    0x20008611   COMPRESSED   0x00000001   PAD
    0x20008612        -       0x0000000a   Zero   RW         1392    .bss                memp_1.o
    0x2000861c        -       0x00000043   Zero   RW         1393    .bss                memp_1.o
    0x2000865f   COMPRESSED   0x00000001   PAD
    0x20008660        -       0x0000000a   Zero   RW         1394    .bss                memp_1.o
    0x2000866a        -       0x00000043   Zero   RW         1395    .bss                memp_1.o
    0x200086ad   COMPRESSED   0x00000001   PAD
    0x200086ae        -       0x0000000a   Zero   RW         1396    .bss                memp_1.o
    0x200086b8        -       0x000000f3   Zero   RW         1397    .bss                memp_1.o
    0x200087ab   COMPRESSED   0x00000001   PAD
    0x200087ac        -       0x0000000a   Zero   RW         1398    .bss                memp_1.o
    0x200087b6        -       0x00000083   Zero   RW         1399    .bss                memp_1.o
    0x20008839   COMPRESSED   0x00000001   PAD
    0x2000883a        -       0x0000000a   Zero   RW         1400    .bss                memp_1.o
    0x20008844        -       0x00000103   Zero   RW         1401    .bss                memp_1.o
    0x20008947   COMPRESSED   0x00000001   PAD
    0x20008948        -       0x0000000a   Zero   RW         1402    .bss                memp_1.o
    0x20008952        -       0x00002203   Zero   RW         1403    .bss                memp_1.o
    0x2000ab55   COMPRESSED   0x00000001   PAD
    0x2000ab56        -       0x0000000a   Zero   RW         1404    .bss                memp_1.o
    0x2000ab60        -       0x000000c4   Zero   RW         1543    .bss                stats_1.o
    0x2000ac24        -       0x00000010   Zero   RW         1605    .bss                tcp_in_1.o
    0x2000ac34        -       0x00000010   Zero   RW         1742    .bss                ip4_addr.o
    0x2000ac44   COMPRESSED   0x00000004   PAD
    0x2000ac48        -       0x00000000   Zero   RW          146    HEAP                startup.o
    0x2000ac48        -       0x00000400   Zero   RW          145    STACK               startup.o


==============================================================================

Image component sizes


      Code (inc. data)   RO Data    RW Data    ZI Data      Debug   Object Name

      1368         56          0          0          0      27996   api_lib_1.o
      2920         52          3          0          0      22515   api_msg_1.o
       136         32          0          0          0        551   bsp.o
      1368        566        129         72        528      13893   cmd.o
       100         10          0          0         36       1333   cmdline.o
        38          0          0          0          0        608   cpu.o
       476         10        768          0          0       2681   crc.o
       268          0          0          0          0       2718   def_1.o
        28          4         68          0          0       1351   err_1.o
      1740         32         12          1        240      19626   etharp.o
       736          4          0          0          0       7462   ethernet.o
       432          0          0          0          0       4548   fifo.o
      1532         46        120          0          0      12439   gpio.o
       244         10          0         24      24576       5076   heap_2.o
       568         28         48          0          0       9130   i2c.o
       544         10          0          0          0       3415   icmp_1.o
       530          0          0          0          0       4676   inet_chksum_1.o
        34          0          0          0          0      10215   init_1.o
       596         22        260        620          0       4681   interrupt.o
       956         24          0          2          0       4789   ip4.o
       500         12          4          0         16      11222   ip4_addr.o
         0          0          0          0         24       3326   ip_1.o
       140          0          0          0          0       1953   list.o
       516         62          0         24         48       8815   lwiplib.o
       140         46         71          0          0      22365   main.o
      7124       1522        756        160        784      76501   mb_cvt.o
       980         14          0         16       4115       5810   mem_1.o
       260          8        220         44      11227      10414   memp_1.o
       304          0          0          0          0       4305   netbuf_1.o
       820         12          0         12          0      12035   netif_1.o
       432        124          0          1          0       2947   network.o
      1732         14          0          1          0      15300   pbuf_1.o
       300         22          0          4          0       3673   port.o
      1176          4          0          0         80       8835   queue.o
         0          0          0          0          0       3951   slipif.o
      5868         42          0          4         64      46464   sockets_1.o
       632        622          0          0       1024        336   startup.o
         2          0          0          0        196       5498   stats_1.o
       744         20          0          0         96      13086   stellarisif.o
       768         10          0          4          0       9047   sys_arch.o
      2306        128        452          0          0      12399   sysctl.o
      2192         42         20         60        400      14323   tasks.o
      3560         64        201         32          0      28354   tcp_1.o
      4384        114          0         36         16      19217   tcp_in_1.o
      3288         16          0          0          0      24310   tcp_out_1.o
       544         32          0         16          0       7808   tcpip_1.o
       456         24         16         12          0       5356   timeouts.o
       684          6         64          0          0      10482   uart.o
       704         28         28          8          0       3883   uartstdio.o
       832        146          0          4          0       3716   user_epprom.o
      1344         30         45          4          0       7331   ustdlib.o
       184          4          0          0          0       3496   watchdog.o

    ----------------------------------------------------------------------
     57536       4074       3328       1172      43484     566261   Object Totals
         0          0         32          0          0          0   (incl. Generated)
         6          0         11         11         14          0   (incl. Padding)

    ----------------------------------------------------------------------

      Code (inc. data)   RO Data    RW Data    ZI Data      Debug   Library Member Name

        56          8          0          0          0         84   __0sscanf.o
        86          0          0          0          0          0   __dczerorl2.o
        28          0          0          0          0         68   _chval.o
       816          6          0          0          0        112   _scanf.o
       332          0          0          0          0         96   _scanf_int.o
        64          0          0          0          0         84   _sgetc.o
       158          0          0          0          0         92   _strtoul.o
        26          0          0          0          0         80   atoi.o
         8          4        133          0          0         68   ctype_o.o
         0          0          0          0          0          0   entry.o
         0          0          0          0          0          0   entry10a.o
         0          0          0          0          0          0   entry11a.o
         4          0          0          0          0          0   entry12b.o
         8          4          0          0          0          0   entry2.o
         4          0          0          0          0          0   entry5.o
         0          0          0          0          0          0   entry7b.o
         0          0          0          0          0          0   entry8b.o
         8          4          0          0          0          0   entry9a.o
         8          4          0          4          0         68   errno.o
        30          0          0          0          0          0   handlers.o
        36          8          0          0          0         68   init.o
        18          0          0          0          0         76   isspace_o.o
       360         30          0          0          0        356   mallocr.o
        26          0          0          0          0         80   memcmp.o
        64          0          0          0          0         76   memmovea.o
        36          0          0          0          0        108   memseta.o
         0          0          0          8          0          0   mvars.o
        40          8          0          0          0         84   scanf_char.o
        28          0          0          0          0         76   strcmp.o
        14          0          0          0          0         68   strlen.o
        30          0          0          0          0         80   strncmp.o
        24          0          0          0          0         76   strncpy.o
       112          0          0          0          0         88   strtol.o

    ----------------------------------------------------------------------
      2428         76        136        472          0       1988   Library Totals
         4          0          3        460          0          0   (incl. Padding)

    ----------------------------------------------------------------------

      Code (inc. data)   RO Data    RW Data    ZI Data      Debug   Library Name

      2424         76        133         12          0       1988   mc_w.l

    ----------------------------------------------------------------------
      2428         76        136        472          0       1988   Library Totals

    ----------------------------------------------------------------------

==============================================================================


      Code (inc. data)   RO Data    RW Data    ZI Data      Debug   

     59964       4150       3464       1644      43484     560993   Grand Totals
     59964       4150       3464        152      43484     560993   ELF Image Totals (compressed)
     59964       4150       3464        152          0          0   ROM Totals

==============================================================================

    Total RO  Size (Code + RO Data)                63428 (  61.94kB)
    Total RW  Size (RW Data + ZI Data)             45128 (  44.07kB)
    Total ROM Size (Code + RO Data + RW Data)      63580 (  62.09kB)

==============================================================================

