Component: ARM Compiler 5.06 update 4 (build 422) Tool: armlink [4d35d2]

==============================================================================

Section Cross References

    main.o(.text) refers to network.o(.text) for NetServerInit
    main.o(.text) refers to cmd.o(.text) for cmd_init
    main.o(.text) refers to tasks.o(.text) for vTaskSuspend
    main.o(.text) refers to bsp.o(.text) for BSP_Init
    main.o(.text) refers to sysctl.o(.text) for SysCtlResetCauseGet
    main.o(.text) refers to uartstdio.o(.text) for UARTprintf
    main.o(.text) refers to main.o(.conststring) for .conststring
    startup.o(RESET) refers to startup.o(STACK) for StackMem
    startup.o(RESET) refers to main.o(.text) for deviceDebugHander
    startup.o(RESET) refers to port.o(.emb_text) for vPortSVCHandler
    startup.o(RESET) refers to port.o(.text) for xPortSysTickHandler
    startup.o(RESET) refers to cmd.o(.text) for UART0IntHandler
    startup.o(RESET) refers to mb_cvt.o(.text) for UARTIntHandler
    startup.o(RESET) refers to lwiplib.o(.text) for lwIPEthernetIntHandler
    startup.o(RESET) refers to entry.o(.ARM.Collect$$$$00000000) for __main
    cgifuncs.o(.text) refers to strcmp.o(.text) for strcmp
    cgifuncs.o(.text) refers to ustdlib.o(.text) for usnprintf
    httpd.o(.text) refers to lmi_fs.o(.text) for fs_close
    httpd.o(.text) refers to mem.o(.text) for mem_free
    httpd.o(.text) refers to tcp.o(.text) for tcp_arg
    httpd.o(.text) refers to strstr.o(.text) for strstr
    httpd.o(.text) refers to strchr.o(.text) for strchr
    httpd.o(.text) refers to strcmp.o(.text) for strcmp
    httpd.o(.text) refers to strlen.o(.text) for strlen
    httpd.o(.text) refers to tcp_out.o(.text) for tcp_write
    httpd.o(.text) refers to httpd.o(.data) for .data
    httpd.o(.text) refers to httpd.o(.constdata) for .constdata
    httpd.o(.text) refers to pbuf.o(.text) for pbuf_free
    httpd.o(.text) refers to strncmp.o(.text) for strncmp
    httpd.o(.text) refers to ustdlib.o(.text) for usnprintf
    httpd.o(.text) refers to ip4_addr.o(.constdata) for ip_addr_any
    httpd.o(.constdata) refers to httpd.o(.conststring) for .conststring
    httpd.o(.data) refers to httpd.o(.conststring) for .conststring
    lmi_fs.o(.text) refers to mem.o(.text) for mem_malloc
    lmi_fs.o(.text) refers to strncmp.o(.text) for strncmp
    lmi_fs.o(.text) refers to strlen.o(.text) for strlen
    lmi_fs.o(.text) refers to memmovea.o(.text) for __aeabi_memcpy
    lmi_fs.o(.text) refers to lmi_fs.o(.bss) for .bss
    lmi_fs.o(.text) refers to lmi_fs.o(.constdata) for .constdata
    lmi_fs.o(.text) refers to lmi_fs.o(.data) for .data
    lmi_fs.o(.constdata) refers to lmi_fs.o(.constdata) for data_success_htm
    lmi_fs.o(.constdata) refers to lmi_fs.o(.constdata) for file_success_htm
    lmi_fs.o(.constdata) refers to lmi_fs.o(.constdata) for data_index_shtml
    lmi_fs.o(.constdata) refers to lmi_fs.o(.constdata) for file_index_shtml
    lmi_fs.o(.constdata) refers to lmi_fs.o(.constdata) for data_format_error_htm
    lmi_fs.o(.constdata) refers to lmi_fs.o(.constdata) for file_format_error_htm
    lmi_fs.o(.constdata) refers to lmi_fs.o(.constdata) for data_404_htm
    mb_cvt.o(.text) refers to mallocr.o(i.realloc) for realloc
    mb_cvt.o(.text) refers to heap_2.o(.text) for vPortFree
    mb_cvt.o(.text) refers to mb_cvt.o(.constdata) for .constdata
    mb_cvt.o(.text) refers to uart.o(.text) for UARTIntStatus
    mb_cvt.o(.text) refers to fifo.o(.text) for FIFO_Push
    mb_cvt.o(.text) refers to tasks.o(.text) for vTaskDelay
    mb_cvt.o(.text) refers to mb_cvt.o(.bss) for .bss
    mb_cvt.o(.text) refers to uartstdio.o(.text) for UARTprintf
    mb_cvt.o(.text) refers to def.o(.text) for lwip_htons
    mb_cvt.o(.text) refers to sockets.o(.text) for lwip_socket
    mb_cvt.o(.text) refers to watchdog.o(.text) for WatchdogReloadGet
    mb_cvt.o(.text) refers to cmd.o(.text) for do_reboot
    mb_cvt.o(.text) refers to ip4_addr.o(.text) for ip4addr_ntoa
    mb_cvt.o(.text) refers to memseta.o(.text) for __aeabi_memclr
    mb_cvt.o(.text) refers to mb_cvt.o(.data) for .data
    mb_cvt.o(.text) refers to user_epprom.o(.text) for get_user_data
    mb_cvt.o(.text) refers to sysctl.o(.text) for SysCtlPeripheralEnable
    mb_cvt.o(.text) refers to gpio.o(.text) for GPIOPinTypeUART
    mb_cvt.o(.text) refers to interrupt.o(.text) for IntEnable
    mb_cvt.o(.data) refers to mb_cvt.o(.text) for modbusParseRequest01020304
    cmd.o(.text) refers to _scanf_int.o(.text) for _scanf_int
    cmd.o(.text) refers to ctype_o.o(.text) for __rt_ctype_table
    cmd.o(.text) refers to strtok.o(.text) for strtok
    cmd.o(.text) refers to atoi.o(.text) for atoi
    cmd.o(.text) refers to uart.o(.text) for UARTIntStatus
    cmd.o(.text) refers to fifo.o(.text) for FIFO_Push
    cmd.o(.text) refers to uartstdio.o(.text) for UARTprintf
    cmd.o(.text) refers to heap_2.o(.text) for xPortGetFreeHeapSize
    cmd.o(.text) refers to tasks.o(.text) for xTaskGetTickCount
[...]
    EthernetConfigSet                        0x00003ea9   Thumb Code    42  ethernet.o(.text)
    EthernetConfigGet                        0x00003ed3   Thumb Code    24  ethernet.o(.text)
    EthernetMACAddrSet                       0x00003eeb   Thumb Code    52  ethernet.o(.text)
    EthernetMACAddrGet                       0x00003f1f   Thumb Code    48  ethernet.o(.text)
    EthernetEnable                           0x00003f4f   Thumb Code    34  ethernet.o(.text)
    EthernetDisable                          0x00003f71   Thumb Code    34  ethernet.o(.text)
    EthernetPacketAvail                      0x00003f93   Thumb Code    10  ethernet.o(.text)
    EthernetSpaceAvail                       0x00003f9d   Thumb Code    10  ethernet.o(.text)
    EthernetPacketGetNonBlocking             0x00004023   Thumb Code    12  ethernet.o(.text)
    EthernetPacketGet                        0x0000402f   Thumb Code     8  ethernet.o(.text)
    EthernetPacketPutNonBlocking             0x000040a9   Thumb Code    12  ethernet.o(.text)
    EthernetPacketPut                        0x000040b5   Thumb Code     8  ethernet.o(.text)
    EthernetIntRegister                      0x000040bd   Thumb Code    18  ethernet.o(.text)
    EthernetIntUnregister                    0x000040cf   Thumb Code    18  ethernet.o(.text)
    EthernetIntEnable                        0x000040e1   Thumb Code     8  ethernet.o(.text)
    EthernetIntDisable                       0x000040e9   Thumb Code     8  ethernet.o(.text)
    EthernetIntStatus                        0x000040f1   Thumb Code    14  ethernet.o(.text)
    EthernetIntClear                         0x000040ff   Thumb Code     4  ethernet.o(.text)
    EthernetPHYAddrSet                       0x00004103   Thumb Code    10  ethernet.o(.text)
    EthernetPHYWrite                         0x0000410d   Thumb Code    26  ethernet.o(.text)
    EthernetPHYRead                          0x00004127   Thumb Code    26  ethernet.o(.text)
    EthernetPHYPowerOff                      0x00004141   Thumb Code    28  ethernet.o(.text)
    EthernetPHYPowerOn                       0x0000415d   Thumb Code    28  ethernet.o(.text)
    GPIODirModeSet                           0x00004243   Thumb Code    38  gpio.o(.text)
    GPIODirModeGet                           0x00004269   Thumb Code    38  gpio.o(.text)
    GPIOIntTypeSet                           0x0000428f   Thumb Code    56  gpio.o(.text)
    GPIOIntTypeGet                           0x000042c7   Thumb Code    52  gpio.o(.text)
    GPIOPadConfigSet                         0x000042fb   Thumb Code   164  gpio.o(.text)
    GPIOPadConfigGet                         0x0000439f   Thumb Code   126  gpio.o(.text)
    GPIOPinIntEnable                         0x0000441d   Thumb Code    12  gpio.o(.text)
    GPIOPinIntDisable                        0x00004429   Thumb Code    12  gpio.o(.text)
    GPIOPinIntStatus                         0x00004435   Thumb Code    14  gpio.o(.text)
    GPIOPinIntClear                          0x00004443   Thumb Code     6  gpio.o(.text)
    GPIOPortIntRegister                      0x00004449   Thumb Code    26  gpio.o(.text)
    GPIOPortIntUnregister                    0x00004463   Thumb Code    22  gpio.o(.text)
    GPIOPinRead                              0x00004479   Thumb Code     6  gpio.o(.text)
    GPIOPinWrite                             0x0000447f   Thumb Code     6  gpio.o(.text)
    GPIOPinTypeADC                           0x00004485   Thumb Code    26  gpio.o(.text)
    GPIOPinTypeCAN                           0x0000449f   Thumb Code    26  gpio.o(.text)
    GPIOPinTypeComparator                    0x000044b9   Thumb Code    26  gpio.o(.text)
    GPIOPinTypeEPI                           0x000044d3   Thumb Code    26  gpio.o(.text)
    GPIOPinTypeEthernetLED                   0x000044ed   Thumb Code    26  gpio.o(.text)
    GPIOPinTypeEthernetMII                   0x00004507   Thumb Code    26  gpio.o(.text)
    GPIOPinTypeFan                           0x00004521   Thumb Code    26  gpio.o(.text)
    GPIOPinTypeGPIOInput                     0x0000453b   Thumb Code    26  gpio.o(.text)
    GPIOPinTypeGPIOOutput                    0x00004555   Thumb Code    44  gpio.o(.text)
    GPIOPinTypeGPIOOutputOD                  0x00004581   Thumb Code    26  gpio.o(.text)
    GPIOPinTypeI2C                           0x0000459b   Thumb Code    26  gpio.o(.text)
    GPIOPinTypeI2CSCL                        0x000045b5   Thumb Code    44  gpio.o(.text)
    GPIOPinTypeI2S                           0x000045e1   Thumb Code    26  gpio.o(.text)
    GPIOPinTypeLPC                           0x000045fb   Thumb Code    26  gpio.o(.text)
    GPIOPinTypePECIRx                        0x00004615   Thumb Code    26  gpio.o(.text)
    GPIOPinTypePECITx                        0x0000462f   Thumb Code    26  gpio.o(.text)
    GPIOPinTypePWM                           0x00004649   Thumb Code    26  gpio.o(.text)
    GPIOPinTypeQEI                           0x00004663   Thumb Code    26  gpio.o(.text)
    GPIOPinTypeSSI                           0x0000467d   Thumb Code    26  gpio.o(.text)
    GPIOPinTypeTimer                         0x00004697   Thumb Code    26  gpio.o(.text)
    GPIOPinTypeUART                          0x000046b1   Thumb Code    26  gpio.o(.text)
    GPIOPinTypeUSBAnalog                     0x000046cb   Thumb Code    26  gpio.o(.text)
    GPIOPinTypeUSBDigital                    0x000046e5   Thumb Code    26  gpio.o(.text)
    GPIOPinConfigure                         0x000046ff   Thumb Code    58  gpio.o(.text)
    GPIODMATriggerEnable                     0x00004739   Thumb Code    12  gpio.o(.text)
    GPIODMATriggerDisable                    0x00004745   Thumb Code    12  gpio.o(.text)
    GPIOADCTriggerEnable                     0x00004751   Thumb Code    12  gpio.o(.text)
    GPIOADCTriggerDisable                    0x0000475d   Thumb Code    12  gpio.o(.text)
    IntMasterEnable                          0x0000477b   Thumb Code    10  interrupt.o(.text)
    IntMasterDisable                         0x00004785   Thumb Code    10  interrupt.o(.text)
    IntRegister                              0x0000478f   Thumb Code    38  interrupt.o(.text)
    IntUnregister                            0x000047b5   Thumb Code    10  interrupt.o(.text)
    IntPriorityGroupingSet                   0x000047bf   Thumb Code    18  interrupt.o(.text)
    IntPriorityGroupingGet                   0x000047d1   Thumb Code    30  interrupt.o(.text)
    IntPrioritySet                           0x000047ef   Thumb Code    32  interrupt.o(.text)
    IntPriorityGet                           0x0000480f   Thumb Code    22  interrupt.o(.text)
    IntEnable                                0x00004825   Thumb Code    88  interrupt.o(.text)
    IntDisable                               0x0000487d   Thumb Code    88  interrupt.o(.text)
    IntIsEnabled                             0x000048d5   Thumb Code    90  interrupt.o(.text)
    IntPendSet                               0x0000492f   Thumb Code    70  interrupt.o(.text)
    IntPendClear                             0x00004975   Thumb Code    58  interrupt.o(.text)
    IntPriorityMaskSet                       0x000049af   Thumb Code     4  interrupt.o(.text)
    IntPriorityMaskGet                       0x000049b3   Thumb Code     4  interrupt.o(.text)
    SysCtlSRAMSizeGet                        0x000049cd   Thumb Code    16  sysctl.o(.text)
    SysCtlFlashSizeGet                       0x000049dd   Thumb Code    14  sysctl.o(.text)
    SysCtlPinPresent                         0x000049eb   Thumb Code    16  sysctl.o(.text)
    SysCtlPeripheralPresent                  0x000049fb   Thumb Code    90  sysctl.o(.text)
    SysCtlPeripheralReady                    0x00004a55   Thumb Code    42  sysctl.o(.text)
    SysCtlPeripheralPowerOn                  0x00004a7f   Thumb Code    42  sysctl.o(.text)
    SysCtlPeripheralPowerOff                 0x00004aa9   Thumb Code    42  sysctl.o(.text)
    SysCtlPeripheralReset                    0x00004ad3   Thumb Code   110  sysctl.o(.text)
    SysCtlPeripheralEnable                   0x00004b41   Thumb Code    70  sysctl.o(.text)
    SysCtlPeripheralDisable                  0x00004b87   Thumb Code    70  sysctl.o(.text)
    SysCtlPeripheralSleepEnable              0x00004bcd   Thumb Code    70  sysctl.o(.text)
    SysCtlPeripheralSleepDisable             0x00004c13   Thumb Code    70  sysctl.o(.text)
    SysCtlPeripheralDeepSleepEnable          0x00004c59   Thumb Code    70  sysctl.o(.text)
    SysCtlPeripheralDeepSleepDisable         0x00004c9f   Thumb Code    70  sysctl.o(.text)
    SysCtlPeripheralClockGating              0x00004ce5   Thumb Code    22  sysctl.o(.text)
    SysCtlIntRegister                        0x00004cfb   Thumb Code    20  sysctl.o(.text)
    SysCtlIntUnregister                      0x00004d0f   Thumb Code    18  sysctl.o(.text)
    SysCtlIntEnable                          0x00004d21   Thumb Code    10  sysctl.o(.text)
    SysCtlIntDisable                         0x00004d2b   Thumb Code    10  sysctl.o(.text)
    SysCtlIntClear                           0x00004d35   Thumb Code     6  sysctl.o(.text)
    SysCtlIntStatus                          0x00004d3b   Thumb Code    12  sysctl.o(.text)
    SysCtlLDOSet                             0x00004d47   Thumb Code     6  sysctl.o(.text)
    SysCtlLDOGet                             0x00004d4d   Thumb Code     6  sysctl.o(.text)
    SysCtlLDOConfigSet                       0x00004d53   Thumb Code     8  sysctl.o(.text)
    SysCtlReset                              0x00004d5b   Thumb Code     8  sysctl.o(.text)
    SysCtlSleep                              0x00004d63   Thumb Code     4  sysctl.o(.text)
    SysCtlDeepSleep                          0x00004d67   Thumb Code    28  sysctl.o(.text)
    SysCtlResetCauseGet                      0x00004d83   Thumb Code     6  sysctl.o(.text)
    SysCtlResetCauseClear                    0x00004d89   Thumb Code    10  sysctl.o(.text)
    SysCtlBrownOutConfigSet                  0x00004d93   Thumb Code    10  sysctl.o(.text)
    SysCtlMOSCConfigSet                      0x00004d9d   Thumb Code     6  sysctl.o(.text)
    SysCtlPIOSCCalibrate                     0x00004da3   Thumb Code   124  sysctl.o(.text)
    SysCtlClockSet                           0x00004e1f   Thumb Code   288  sysctl.o(.text)
    SysCtlClockGet                           0x00004f3f   Thumb Code   412  sysctl.o(.text)
    SysCtlDeepSleepClockSet                  0x000050db   Thumb Code     8  sysctl.o(.text)
    SysCtlPWMClockSet                        0x000050e3   Thumb Code    14  sysctl.o(.text)
    SysCtlPWMClockGet                        0x000050f1   Thumb Code    20  sysctl.o(.text)
    SysCtlADCSpeedSet                        0x00005105   Thumb Code    32  sysctl.o(.text)
    SysCtlADCSpeedGet                        0x00005125   Thumb Code    12  sysctl.o(.text)
    SysCtlIOSCVerificationSet                0x00005131   Thumb Code    22  sysctl.o(.text)
    SysCtlMOSCVerificationSet                0x00005147   Thumb Code    22  sysctl.o(.text)
    SysCtlPLLVerificationSet                 0x0000515d   Thumb Code    22  sysctl.o(.text)
    SysCtlClkVerificationClear               0x00005173   Thumb Code    16  sysctl.o(.text)
    SysCtlGPIOAHBEnable                      0x00005183   Thumb Code    12  sysctl.o(.text)
    SysCtlGPIOAHBDisable                     0x0000518f   Thumb Code    12  sysctl.o(.text)
    SysCtlUSBPLLEnable                       0x0000519b   Thumb Code    12  sysctl.o(.text)
    SysCtlUSBPLLDisable                      0x000051a7   Thumb Code    12  sysctl.o(.text)
    SysCtlI2SMClkSet                         0x000051b3   Thumb Code   246  sysctl.o(.text)
    UARTParityModeSet                        0x000052c9   Thumb Code    12  uart.o(.text)
    UARTParityModeGet                        0x000052d5   Thumb Code     8  uart.o(.text)
    UARTFIFOLevelSet                         0x000052dd   Thumb Code     6  uart.o(.text)
    UARTFIFOLevelGet                         0x000052e3   Thumb Code    16  uart.o(.text)
    UARTEnable                               0x000052f3   Thumb Code    20  uart.o(.text)
    UARTDisable                              0x00005307   Thumb Code    20  uart.o(.text)
    UARTConfigSetExpClk                      0x0000531b   Thumb Code    70  uart.o(.text)
    UARTConfigGetExpClk                      0x00005361   Thumb Code    38  uart.o(.text)
    UARTFIFOEnable                           0x00005387   Thumb Code    10  uart.o(.text)
    UARTFIFODisable                          0x00005391   Thumb Code    10  uart.o(.text)
    UARTEnableSIR                            0x0000539b   Thumb Code    20  uart.o(.text)
    UARTDisableSIR                           0x000053af   Thumb Code    10  uart.o(.text)
    UARTSmartCardEnable                      0x000053b9   Thumb Code    22  uart.o(.text)
    UARTSmartCardDisable                     0x000053cf   Thumb Code    10  uart.o(.text)
    UARTModemControlSet                      0x000053d9   Thumb Code    12  uart.o(.text)
    UARTModemControlClear                    0x000053e5   Thumb Code    12  uart.o(.text)
    UARTModemControlGet                      0x000053f1   Thumb Code     8  uart.o(.text)
    UARTModemStatusGet                       0x000053f9   Thumb Code    10  uart.o(.text)
    UARTFlowControlSet                       0x00005403   Thumb Code    12  uart.o(.text)
    UARTFlowControlGet                       0x0000540f   Thumb Code     8  uart.o(.text)
    UARTTxIntModeSet                         0x00005417   Thumb Code    12  uart.o(.text)
    UARTTxIntModeGet                         0x00005423   Thumb Code     8  uart.o(.text)
    UARTCharsAvail                           0x0000542b   Thumb Code    10  uart.o(.text)
    UARTSpaceAvail                           0x00005435   Thumb Code    10  uart.o(.text)
    UARTCharGetNonBlocking                   0x0000543f   Thumb Code    16  uart.o(.text)
    UARTCharGet                              0x0000544f   Thumb Code    10  uart.o(.text)
    UARTCharPutNonBlocking                   0x00005459   Thumb Code    16  uart.o(.text)
    UARTCharPut                              0x00005469   Thumb Code    10  uart.o(.text)
    UARTBreakCtl                             0x00005473   Thumb Code    20  uart.o(.text)
    UARTBusy                                 0x00005487   Thumb Code     8  uart.o(.text)
    UARTIntRegister                          0x0000548f   Thumb Code    26  uart.o(.text)
    UARTIntUnregister                        0x000054a9   Thumb Code    22  uart.o(.text)
    UARTIntEnable                            0x000054bf   Thumb Code     8  uart.o(.text)
    UARTIntDisable                           0x000054c7   Thumb Code     8  uart.o(.text)
    UARTIntStatus                            0x000054cf   Thumb Code    10  uart.o(.text)
    UARTIntClear                             0x000054d9   Thumb Code     4  uart.o(.text)
    UARTDMAEnable                            0x000054dd   Thumb Code     8  uart.o(.text)
    UARTDMADisable                           0x000054e5   Thumb Code     8  uart.o(.text)
    UARTRxErrorGet                           0x000054ed   Thumb Code     8  uart.o(.text)
    UARTRxErrorClear                         0x000054f5   Thumb Code     6  uart.o(.text)
    UARTClockSourceSet                       0x000054fb   Thumb Code     6  uart.o(.text)
    UARTClockSourceGet                       0x00005501   Thumb Code     6  uart.o(.text)
    UART9BitEnable                           0x00005507   Thumb Code    12  uart.o(.text)
    UART9BitDisable                          0x00005513   Thumb Code    12  uart.o(.text)
    UART9BitAddrSet                          0x0000551f   Thumb Code     8  uart.o(.text)
    UART9BitAddrSend                         0x00005527   Thumb Code    34  uart.o(.text)
    WatchdogRunning                          0x0000556d   Thumb Code     8  watchdog.o(.text)
    WatchdogEnable                           0x00005575   Thumb Code    10  watchdog.o(.text)
    WatchdogResetEnable                      0x0000557f   Thumb Code    10  watchdog.o(.text)
    WatchdogResetDisable                     0x00005589   Thumb Code    10  watchdog.o(.text)
    WatchdogLock                             0x00005593   Thumb Code     8  watchdog.o(.text)
    WatchdogUnlock                           0x0000559b   Thumb Code     8  watchdog.o(.text)
    WatchdogLockState                        0x000055a3   Thumb Code    12  watchdog.o(.text)
    WatchdogReloadSet                        0x000055af   Thumb Code     4  watchdog.o(.text)
    WatchdogReloadGet                        0x000055b3   Thumb Code     4  watchdog.o(.text)
    WatchdogValueGet                         0x000055b7   Thumb Code     4  watchdog.o(.text)
    WatchdogIntRegister                      0x000055bb   Thumb Code    18  watchdog.o(.text)
    WatchdogIntUnregister                    0x000055cd   Thumb Code    18  watchdog.o(.text)
    WatchdogIntEnable                        0x000055df   Thumb Code    10  watchdog.o(.text)
    WatchdogIntStatus                        0x000055e9   Thumb Code    10  watchdog.o(.text)
    WatchdogIntClear                         0x000055f3   Thumb Code     6  watchdog.o(.text)
    WatchdogIntTypeSet                       0x000055f9   Thumb Code    12  watchdog.o(.text)
    WatchdogStallEnable                      0x00005605   Thumb Code    14  watchdog.o(.text)
    WatchdogStallDisable                     0x00005613   Thumb Code    14  watchdog.o(.text)
    FlashUsecGet                             0x00005625   Thumb Code    10  flash.o(.text)
    FlashUsecSet                             0x0000562f   Thumb Code    10  flash.o(.text)
    FlashErase                               0x00005639   Thumb Code    32  flash.o(.text)
    FlashProgram                             0x00005659   Thumb Code   112  flash.o(.text)
    FlashProtectGet                          0x000056c9   Thumb Code   112  flash.o(.text)
    FlashProtectSet                          0x00005739   Thumb Code   220  flash.o(.text)
    FlashProtectSave                         0x00005815   Thumb Code    60  flash.o(.text)
    FlashUserGet                             0x00005851   Thumb Code    46  flash.o(.text)
    FlashUserSet                             0x0000587f   Thumb Code    42  flash.o(.text)
    FlashUserSave                            0x000058a9   Thumb Code    62  flash.o(.text)
    FlashIntRegister                         0x000058e7   Thumb Code    20  flash.o(.text)
    FlashIntUnregister                       0x000058fb   Thumb Code    18  flash.o(.text)
    FlashIntEnable                           0x0000590d   Thumb Code    10  flash.o(.text)
    FlashIntDisable                          0x00005917   Thumb Code    10  flash.o(.text)
    FlashIntStatus                           0x00005921   Thumb Code    12  flash.o(.text)
    FlashIntClear                            0x0000592d   Thumb Code     6  flash.o(.text)
    lwIPInit                                 0x00005a41   Thumb Code    54  lwiplib.o(.text)
    lwIPEthernetIntHandler                   0x00005a77   Thumb Code    60  lwiplib.o(.text)
    lwIPLocalIPAddrGet                       0x00005ab3   Thumb Code     6  lwiplib.o(.text)
    lwIPLocalNetMaskGet                      0x00005ab9   Thumb Code     6  lwiplib.o(.text)
    lwIPLocalGWAddrGet                       0x00005abf   Thumb Code     6  lwiplib.o(.text)
    lwIPLocalMACGet                          0x00005ac5   Thumb Code     8  lwiplib.o(.text)
    lwIPNetworkConfigChange                  0x00005b01   Thumb Code    22  lwiplib.o(.text)
    ustrncpy                                 0x00005b55   Thumb Code    36  ustdlib.o(.text)
    uvsnprintf                               0x00005b79   Thumb Code   576  ustdlib.o(.text)
    usprintf                                 0x00005db9   Thumb Code    22  ustdlib.o(.text)
    usnprintf                                0x00005dcf   Thumb Code    14  ustdlib.o(.text)
    ulocaltime                               0x00005ddd   Thumb Code   162  ustdlib.o(.text)
    umktime                                  0x00005ed1   Thumb Code    54  ustdlib.o(.text)
    ustrtoul                                 0x00005f07   Thumb Code   158  ustdlib.o(.text)
    ustrlen                                  0x00005fa5   Thumb Code    16  ustdlib.o(.text)
    ustrncmp                                 0x00005fb5   Thumb Code    46  ustdlib.o(.text)
    ustrstr                                  0x00005fe3   Thumb Code    42  ustdlib.o(.text)
    ustrnicmp                                0x0000600d   Thumb Code    88  ustdlib.o(.text)
    ustrcasecmp                              0x00006065   Thumb Code     6  ustdlib.o(.text)
    ustrcmp                                  0x0000606b   Thumb Code     6  ustdlib.o(.text)
    usrand                                   0x00006071   Thumb Code     6  ustdlib.o(.text)
    urand                                    0x00006077   Thumb Code    16  ustdlib.o(.text)
    UARTStdioInitExpClk                      0x00006095   Thumb Code    72  uartstdio.o(.text)
    UARTStdioInit                            0x000060dd   Thumb Code     6  uartstdio.o(.text)
    UARTwrite                                0x000060e3   Thumb Code    46  uartstdio.o(.text)
    UARTgets                                 0x00006111   Thumb Code   104  uartstdio.o(.text)
    UARTgetc                                 0x00006179   Thumb Code    14  uartstdio.o(.text)
    UARTprintf                               0x00006187   Thumb Code   434  uartstdio.o(.text)
    CmdLineProcess                           0x00006355   Thumb Code    90  cmdline.o(.text)
    Crc8CCITT                                0x000063b9   Thumb Code   116  crc.o(.text)
    Crc16                                    0x0000642d   Thumb Code   192  crc.o(.text)
    Crc16Array                               0x000064ed   Thumb Code     6  crc.o(.text)
    Crc16Array3                              0x000064f3   Thumb Code   152  crc.o(.text)
    FlashPBGet                               0x00006595   Thumb Code     6  flash_pb.o(.text)
    FlashPBSave                              0x0000659b   Thumb Code   150  flash_pb.o(.text)
    FlashPBInit                              0x00006631   Thumb Code   110  flash_pb.o(.text)
    stringtoip                               0x000066a9   Thumb Code    50  network.o(.text)
    lwIP_init                                0x000066db   Thumb Code    42  network.o(.text)
    NetServerInit                            0x000067af   Thumb Code    68  network.o(.text)
    sys_mbox_new                             0x00006821   Thumb Code    56  sys_arch.o(.text)
    sys_mbox_free                            0x00006859   Thumb Code    42  sys_arch.o(.text)
    sys_mbox_post                            0x00006883   Thumb Code    26  sys_arch.o(.text)
    sys_mbox_trypost                         0x0000689d   Thumb Code    64  sys_arch.o(.text)
    sys_mbox_trypost_fromisr                 0x000068dd   Thumb Code     2  sys_arch.o(.text)
    sys_arch_mbox_fetch                      0x000068df   Thumb Code    92  sys_arch.o(.text)
    sys_arch_mbox_tryfetch                   0x0000693b   Thumb Code    48  sys_arch.o(.text)
    sys_sem_new                              0x0000696b   Thumb Code    96  sys_arch.o(.text)
    sys_arch_sem_wait                        0x000069cb   Thumb Code    76  sys_arch.o(.text)
    sys_mutex_new                            0x00006a17   Thumb Code    60  sys_arch.o(.text)
    sys_mutex_lock                           0x00006a53   Thumb Code    26  sys_arch.o(.text)
    sys_mutex_unlock                         0x00006a6d   Thumb Code    12  sys_arch.o(.text)
    sys_mutex_free                           0x00006a79   Thumb Code    16  sys_arch.o(.text)
    sys_sem_signal                           0x00006a89   Thumb Code    38  sys_arch.o(.text)
    sys_sem_free                             0x00006aaf   Thumb Code    16  sys_arch.o(.text)
    sys_init                                 0x00006abf   Thumb Code     2  sys_arch.o(.text)
    sys_now                                  0x00006ac1   Thumb Code     4  sys_arch.o(.text)
    sys_thread_new                           0x00006ac5   Thumb Code    50  sys_arch.o(.text)
    sys_arch_protect                         0x00006af7   Thumb Code    16  sys_arch.o(.text)
    sys_arch_unprotect                       0x00006b07   Thumb Code    14  sys_arch.o(.text)
    sys_assert                               0x00006b15   Thumb Code     2  sys_arch.o(.text)
    stellarisif_init                         0x00006d01   Thumb Code   138  stellarisif.o(.text)
    stellarisif_interrupt                    0x00006d8b   Thumb Code   106  stellarisif.o(.text)
    etharp_tmr                               0x00006e29   Thumb Code    50  etharp.o(.text)
    etharp_cleanup_netif                     0x00006f47   Thumb Code    58  etharp.o(.text)
    etharp_find_addr                         0x00006f81   Thumb Code    52  etharp.o(.text)
    etharp_request                           0x000070ad   Thumb Code    32  etharp.o(.text)
    etharp_query                             0x000070cd   Thumb Code   316  etharp.o(.text)
    etharp_output                            0x00007209   Thumb Code   220  etharp.o(.text)
    ethernet_input                           0x000072e5   Thumb Code   108  etharp.o(.text)
    pvPortMalloc                             0x000074d5   Thumb Code   170  heap_2.o(.text)
    vPortFree                                0x0000757f   Thumb Code    56  heap_2.o(.text)
    xPortGetFreeHeapSize                     0x000075b7   Thumb Code     6  heap_2.o(.text)
    vPortInitialiseBlocks                    0x000075bd   Thumb Code     2  heap_2.o(.text)
    vListInitialise                          0x000075c9   Thumb Code    22  list.o(.text)
    vListInitialiseItem                      0x000075df   Thumb Code     6  list.o(.text)
    vListInsertEnd                           0x000075e5   Thumb Code    28  list.o(.text)
    vListInsert                              0x00007601   Thumb Code    48  list.o(.text)
    vListRemove                              0x00007631   Thumb Code    36  list.o(.text)
    pxPortInitialiseStack                    0x00007655   Thumb Code    28  port.o(.text)
    xPortStartScheduler                      0x00007671   Thumb Code    48  port.o(.text)
    vPortEndScheduler                        0x000076a1   Thumb Code     2  port.o(.text)
    vPortYieldFromISR                        0x000076a3   Thumb Code    12  port.o(.text)
    vPortEnterCritical                       0x000076af   Thumb Code    16  port.o(.text)
    vPortExitCritical                        0x000076bf   Thumb Code    16  port.o(.text)
    xPortSysTickHandler                      0x000076cf   Thumb Code    28  port.o(.text)
    xQueueGenericCreate                      0x000076f5   Thumb Code   100  queue.o(.text)
    xQueueGenericSend                        0x00007817   Thumb Code   214  queue.o(.text)
    xQueueCreateMutex                        0x000078ed   Thumb Code    68  queue.o(.text)
    xQueueGenericSendFromISR                 0x00007931   Thumb Code    82  queue.o(.text)
    xQueueGenericReceive                     0x000079ab   Thumb Code   268  queue.o(.text)
    xQueueReceiveFromISR                     0x00007ab7   Thumb Code    78  queue.o(.text)
    uxQueueMessagesWaiting                   0x00007b05   Thumb Code    18  queue.o(.text)
    uxQueueMessagesWaitingFromISR            0x00007b17   Thumb Code     4  queue.o(.text)
    vQueueDelete                             0x00007b1b   Thumb Code    50  queue.o(.text)
    xQueueIsQueueEmptyFromISR                0x00007b4d   Thumb Code    12  queue.o(.text)
    xQueueIsQueueFullFromISR                 0x00007b59   Thumb Code    16  queue.o(.text)
    vQueueAddToRegistry                      0x00007b69   Thumb Code    32  queue.o(.text)
    xTaskGenericCreate                       0x00007b8d   Thumb Code   354  tasks.o(.text)
    vTaskDelete                              0x00007cef   Thumb Code    92  tasks.o(.text)
    vTaskIncrementTick                       0x00007d4b   Thumb Code   150  tasks.o(.text)
    xTaskResumeAll                           0x00007de1   Thumb Code   160  tasks.o(.text)
    vTaskSuspendAll                          0x00007eb1   Thumb Code    10  tasks.o(.text)
    vTaskDelayUntil                          0x00007ebb   Thumb Code    78  tasks.o(.text)
    vTaskDelay                               0x00007f09   Thumb Code    48  tasks.o(.text)
    uxTaskPriorityGet                        0x00007f39   Thumb Code    24  tasks.o(.text)
    vTaskPrioritySet                         0x00007f51   Thumb Code   144  tasks.o(.text)
    vTaskSwitchContext                       0x00007fe1   Thumb Code   134  tasks.o(.text)
    vTaskSuspend                             0x00008067   Thumb Code    96  tasks.o(.text)
    xTaskIsTaskSuspended                     0x000080c7   Thumb Code    28  tasks.o(.text)
    vTaskResume                              0x000080e3   Thumb Code    84  tasks.o(.text)
    xTaskResumeFromISR                       0x00008137   Thumb Code    92  tasks.o(.text)
    vTaskStartScheduler                      0x000081a5   Thumb Code    50  tasks.o(.text)
    vTaskEndScheduler                        0x000081d7   Thumb Code    20  tasks.o(.text)
    xTaskGetTickCount                        0x000081eb   Thumb Code    18  tasks.o(.text)
    xTaskGetTickCountFromISR                 0x000081fd   Thumb Code    18  tasks.o(.text)
    uxTaskGetNumberOfTasks                   0x0000820f   Thumb Code     6  tasks.o(.text)
    vTaskPlaceOnEventList                    0x00008215   Thumb Code    50  tasks.o(.text)
    xTaskRemoveFromEventList                 0x00008247   Thumb Code    80  tasks.o(.text)
    vTaskSetTimeOutState                     0x00008297   Thumb Code    12  tasks.o(.text)
    xTaskCheckForTimeOut                     0x000082a3   Thumb Code    72  tasks.o(.text)
    vTaskMissedYield                         0x000082eb   Thumb Code     8  tasks.o(.text)
    uxTaskGetStackHighWaterMark              0x000082f3   Thumb Code    28  tasks.o(.text)
    xTaskGetCurrentTaskHandle                0x0000830f   Thumb Code     6  tasks.o(.text)
    vTaskPriorityInherit                     0x00008315   Thumb Code    90  tasks.o(.text)
    vTaskPriorityDisinherit                  0x0000836f   Thumb Code    64  tasks.o(.text)
    netconn_new_with_proto_and_callback      0x0000841d   Thumb Code    66  api_lib.o(.text)
    netconn_prepare_delete                   0x0000845f   Thumb Code    28  api_lib.o(.text)
    netconn_delete                           0x0000847b   Thumb Code    30  api_lib.o(.text)
    netconn_getaddr                          0x00008499   Thumb Code    42  api_lib.o(.text)
    netconn_bind                             0x000084c3   Thumb Code    36  api_lib.o(.text)
    netconn_bind_if                          0x000084e7   Thumb Code    28  api_lib.o(.text)
    netconn_connect                          0x00008503   Thumb Code    36  api_lib.o(.text)
    netconn_disconnect                       0x00008527   Thumb Code    24  api_lib.o(.text)
    netconn_listen_with_backlog              0x0000853f   Thumb Code    24  api_lib.o(.text)
    netconn_err                              0x00008557   Thumb Code    30  api_lib.o(.text)
    netconn_accept                           0x00008575   Thumb Code   136  api_lib.o(.text)
    netconn_tcp_recvd                        0x000086a7   Thumb Code    30  api_lib.o(.text)
    netconn_recv_tcp_pbuf                    0x00008757   Thumb Code    22  api_lib.o(.text)
    netconn_recv_tcp_pbuf_flags              0x0000876d   Thumb Code    26  api_lib.o(.text)
    netconn_recv_udp_raw_netbuf              0x00008787   Thumb Code    22  api_lib.o(.text)
    netconn_recv_udp_raw_netbuf_flags        0x0000879d   Thumb Code    24  api_lib.o(.text)
    netconn_recv                             0x000087b5   Thumb Code    82  api_lib.o(.text)
    netconn_send                             0x00008807   Thumb Code    68  api_lib.o(.text)
    netconn_sendto                           0x0000884b   Thumb Code    18  api_lib.o(.text)
    netconn_write_vectors_partly             0x0000885d   Thumb Code   138  api_lib.o(.text)
    netconn_write_partly                     0x000088e7   Thumb Code    20  api_lib.o(.text)
    netconn_close                            0x000088fb   Thumb Code     6  api_lib.o(.text)
    netconn_shutdown                         0x00008901   Thumb Code    14  api_lib.o(.text)
    lwip_netconn_is_err_msg                  0x00008975   Thumb Code    42  api_msg.o(.text)
    netconn_free                             0x00008e7f   Thumb Code    26  api_msg.o(.text)
    netconn_alloc                            0x00008e99   Thumb Code   102  api_msg.o(.text)
    lwip_netconn_do_newconn                  0x00008fd3   Thumb Code    64  api_msg.o(.text)
    lwip_netconn_do_delconn                  0x000090a5   Thumb Code   142  api_msg.o(.text)
    lwip_netconn_do_bind                     0x00009133   Thumb Code    38  api_msg.o(.text)
    lwip_netconn_do_bind_if                  0x00009159   Thumb Code    50  api_msg.o(.text)
    lwip_netconn_do_connect                  0x000091eb   Thumb Code   174  api_msg.o(.text)
    lwip_netconn_do_disconnect               0x00009299   Thumb Code     6  api_msg.o(.text)
    lwip_netconn_do_listen                   0x0000929f   Thumb Code   166  api_msg.o(.text)
    lwip_netconn_do_send                     0x00009345   Thumb Code    20  api_msg.o(.text)
    lwip_netconn_do_recv                     0x00009359   Thumb Code    66  api_msg.o(.text)
    lwip_netconn_do_write                    0x0000939b   Thumb Code    88  api_msg.o(.text)
    lwip_netconn_do_getaddr                  0x000093f3   Thumb Code    72  api_msg.o(.text)
    lwip_netconn_do_close                    0x0000943b   Thumb Code   112  api_msg.o(.text)
    err_to_errno                             0x000094dd   Thumb Code    24  err.o(.text)
    netbuf_new                               0x000094f9   Thumb Code    24  netbuf.o(.text)
    netbuf_delete                            0x00009511   Thumb Code    34  netbuf.o(.text)
    netbuf_alloc                             0x00009533   Thumb Code    44  netbuf.o(.text)
    netbuf_free                              0x0000955f   Thumb Code    22  netbuf.o(.text)
    netbuf_ref                               0x00009575   Thumb Code    64  netbuf.o(.text)
    netbuf_chain                             0x000095b5   Thumb Code    38  netbuf.o(.text)
    netbuf_data                              0x000095db   Thumb Code    38  netbuf.o(.text)
    netbuf_next                              0x00009601   Thumb Code    30  netbuf.o(.text)
    netbuf_first                             0x0000961f   Thumb Code    10  netbuf.o(.text)
    lwip_socket_thread_init                  0x00009629   Thumb Code     2  sockets.o(.text)
    lwip_socket_thread_cleanup               0x0000962b   Thumb Code     2  sockets.o(.text)
    lwip_socket_dbg_get_socket               0x0000962d   Thumb Code     4  sockets.o(.text)
    lwip_accept                              0x000096bb   Thumb Code   288  sockets.o(.text)
    lwip_bind                                0x000097db   Thumb Code    82  sockets.o(.text)
    lwip_close                               0x0000982d   Thumb Code    72  sockets.o(.text)
    lwip_connect                             0x00009875   Thumb Code    96  sockets.o(.text)
    lwip_listen                              0x000098d5   Thumb Code    82  sockets.o(.text)
    lwip_recvfrom                            0x00009b1d   Thumb Code   208  sockets.o(.text)
    lwip_read                                0x00009bed   Thumb Code    14  sockets.o(.text)
    lwip_recvmsg                             0x00009bfb   Thumb Code   240  sockets.o(.text)
    lwip_readv                               0x00009ceb   Thumb Code    32  sockets.o(.text)
    lwip_recv                                0x00009d0b   Thumb Code    14  sockets.o(.text)
    lwip_send                                0x00009d19   Thumb Code   112  sockets.o(.text)
    lwip_sendmsg                             0x00009d89   Thumb Code   156  sockets.o(.text)
    lwip_sendto                              0x00009e25   Thumb Code   202  sockets.o(.text)
    lwip_socket                              0x0000a077   Thumb Code   104  sockets.o(.text)
    lwip_write                               0x0000a0df   Thumb Code     4  sockets.o(.text)
    lwip_writev                              0x0000a0e3   Thumb Code    30  sockets.o(.text)
    lwip_select                              0x0000a2b7   Thumb Code   672  sockets.o(.text)
    lwip_poll                                0x0000a649   Thumb Code   160  sockets.o(.text)
    lwip_shutdown                            0x0000a6e9   Thumb Code   112  sockets.o(.text)
    lwip_getpeername                         0x0000a7cb   Thumb Code     4  sockets.o(.text)
    lwip_getsockname                         0x0000a7cf   Thumb Code     4  sockets.o(.text)
    lwip_getsockopt                          0x0000a967   Thumb Code    84  sockets.o(.text)
    lwip_setsockopt                          0x0000ab2b   Thumb Code    80  sockets.o(.text)
    lwip_ioctl                               0x0000ab7b   Thumb Code    68  sockets.o(.text)
    lwip_fcntl                               0x0000abbf   Thumb Code   146  sockets.o(.text)
    lwip_inet_ntop                           0x0000ac51   Thumb Code    64  sockets.o(.text)
    lwip_inet_pton                           0x0000ac91   Thumb Code    36  sockets.o(.text)
    tcpip_inpkt                              0x0000adab   Thumb Code    64  tcpip.o(.text)
    tcpip_input                              0x0000adeb   Thumb Code    18  tcpip.o(.text)
    tcpip_callback                           0x0000adfd   Thumb Code    42  tcpip.o(.text)
    tcpip_try_callback                       0x0000ae27   Thumb Code    56  tcpip.o(.text)
    tcpip_send_msg_wait_sem                  0x0000ae5f   Thumb Code    26  tcpip.o(.text)
    tcpip_api_call                           0x0000ae79   Thumb Code    28  tcpip.o(.text)
    tcpip_callbackmsg_new                    0x0000ae95   Thumb Code    26  tcpip.o(.text)
    tcpip_callbackmsg_delete                 0x0000aeaf   Thumb Code     8  tcpip.o(.text)
    tcpip_callbackmsg_trycallback            0x0000aeb7   Thumb Code    10  tcpip.o(.text)
    tcpip_callbackmsg_trycallback_fromisr    0x0000aec1   Thumb Code    10  tcpip.o(.text)
    tcpip_init                               0x0000aecb   Thumb Code    52  tcpip.o(.text)
    pbuf_free_callback                       0x0000af03   Thumb Code     6  tcpip.o(.text)
    mem_free_callback                        0x0000af09   Thumb Code     6  tcpip.o(.text)
    lwip_htons                               0x0000af31   Thumb Code     4  def.o(.text)
    lwip_htonl                               0x0000af35   Thumb Code     4  def.o(.text)
    lwip_strnstr                             0x0000af39   Thumb Code    64  def.o(.text)
    lwip_stricmp                             0x0000af79   Thumb Code    46  def.o(.text)
    lwip_strnicmp                            0x0000afa7   Thumb Code    50  def.o(.text)
    lwip_itoa                                0x0000afd9   Thumb Code   100  def.o(.text)
    lwip_standard_chksum                     0x0000b03d   Thumb Code    86  inet_chksum.o(.text)
    inet_chksum_pseudo                       0x0000b093   Thumb Code    40  inet_chksum.o(.text)
    ip_chksum_pseudo                         0x0000b0bb   Thumb Code    12  inet_chksum.o(.text)
    inet_chksum_pseudo_partial               0x0000b0c7   Thumb Code    44  inet_chksum.o(.text)
    ip_chksum_pseudo_partial                 0x0000b0f3   Thumb Code    16  inet_chksum.o(.text)
    inet_chksum                              0x0000b103   Thumb Code    12  inet_chksum.o(.text)
    inet_chksum_pbuf                         0x0000b10f   Thumb Code    74  inet_chksum.o(.text)
    lwip_init                                0x0000b24f   Thumb Code    34  init.o(.text)
    mem_init                                 0x0000b271   Thumb Code    62  mem.o(.text)
    mem_free                                 0x0000b2af   Thumb Code   196  mem.o(.text)
    mem_trim                                 0x0000b373   Thumb Code   258  mem.o(.text)
    mem_malloc                               0x0000b475   Thumb Code   280  mem.o(.text)
    mem_calloc                               0x0000b58d   Thumb Code    34  mem.o(.text)
    memp_init_pool                           0x0000b645   Thumb Code    46  memp.o(.text)
    memp_init                                0x0000b673   Thumb Code    40  memp.o(.text)
    memp_malloc_pool                         0x0000b6df   Thumb Code     8  memp.o(.text)
    memp_malloc                              0x0000b6e7   Thumb Code    16  memp.o(.text)
    memp_free_pool                           0x0000b6f7   Thumb Code    14  memp.o(.text)
    memp_free                                0x0000b705   Thumb Code    20  memp.o(.text)
    netif_init                               0x0000b749   Thumb Code     2  netif.o(.text)
    netif_input                              0x0000b74b   Thumb Code    18  netif.o(.text)
    netif_set_addr                           0x0000b7b3   Thumb Code    92  netif.o(.text)
    netif_add                                0x0000b815   Thumb Code   148  netif.o(.text)
    netif_add_noaddr                         0x0000b8a9   Thumb Code    18  netif.o(.text)
    netif_set_ipaddr                         0x0000b8bb   Thumb Code    18  netif.o(.text)
    netif_set_netmask                        0x0000b8cd   Thumb Code    16  netif.o(.text)
    netif_set_gw                             0x0000b8dd   Thumb Code    16  netif.o(.text)
    netif_set_default                        0x0000b8ed   Thumb Code     6  netif.o(.text)
    netif_set_down                           0x0000b8f3   Thumb Code    30  netif.o(.text)
    netif_remove                             0x0000b911   Thumb Code    76  netif.o(.text)
    netif_set_up                             0x0000b95d   Thumb Code    26  netif.o(.text)
    netif_set_link_up                        0x0000b977   Thumb Code    26  netif.o(.text)
    netif_set_link_down                      0x0000b991   Thumb Code    22  netif.o(.text)
    netif_find                               0x0000b9a7   Thumb Code    60  netif.o(.text)
    netif_name_to_index                      0x0000b9e3   Thumb Code    20  netif.o(.text)
    netif_get_by_index                       0x0000b9f7   Thumb Code    32  netif.o(.text)
    netif_index_to_name                      0x0000ba17   Thumb Code    38  netif.o(.text)
    pbuf_free                                0x0000baa3   Thumb Code    86  pbuf.o(.text)
    pbuf_alloc_reference                     0x0000baf9   Thumb Code    46  pbuf.o(.text)
    pbuf_alloc                               0x0000bb27   Thumb Code   254  pbuf.o(.text)
    pbuf_realloc                             0x0000bc25   Thumb Code    82  pbuf.o(.text)
    pbuf_add_header                          0x0000bcbd   Thumb Code     4  pbuf.o(.text)
    pbuf_add_header_force                    0x0000bcc1   Thumb Code     4  pbuf.o(.text)
    pbuf_remove_header                       0x0000bcc5   Thumb Code    46  pbuf.o(.text)
    pbuf_header                              0x0000bcf3   Thumb Code     6  pbuf.o(.text)
    pbuf_header_force                        0x0000bcf9   Thumb Code     6  pbuf.o(.text)
    pbuf_free_header                         0x0000bcff   Thumb Code    50  pbuf.o(.text)
    pbuf_clen                                0x0000bd31   Thumb Code    18  pbuf.o(.text)
    pbuf_ref                                 0x0000bd43   Thumb Code    26  pbuf.o(.text)
    pbuf_cat                                 0x0000bd5d   Thumb Code    40  pbuf.o(.text)
    pbuf_chain                               0x0000bd85   Thumb Code    16  pbuf.o(.text)
    pbuf_dechain                             0x0000bd95   Thumb Code    38  pbuf.o(.text)
    pbuf_copy                                0x0000bdbb   Thumb Code   142  pbuf.o(.text)
    pbuf_copy_partial                        0x0000be49   Thumb Code   114  pbuf.o(.text)
    pbuf_get_contiguous                      0x0000bebb   Thumb Code    66  pbuf.o(.text)
    pbuf_skip                                0x0000befd   Thumb Code     4  pbuf.o(.text)
    pbuf_take                                0x0000bf01   Thumb Code    78  pbuf.o(.text)
    pbuf_take_at                             0x0000bf4f   Thumb Code    84  pbuf.o(.text)
    pbuf_clone                               0x0000bfa3   Thumb Code    30  pbuf.o(.text)
    pbuf_coalesce                            0x0000bfc1   Thumb Code    40  pbuf.o(.text)
    pbuf_try_get_at                          0x0000bfe9   Thumb Code    32  pbuf.o(.text)
    pbuf_get_at                              0x0000c009   Thumb Code    18  pbuf.o(.text)
    pbuf_put_at                              0x0000c01b   Thumb Code    30  pbuf.o(.text)
    pbuf_memcmp                              0x0000c039   Thumb Code    90  pbuf.o(.text)
    pbuf_memfind                             0x0000c093   Thumb Code    58  pbuf.o(.text)
    pbuf_strstr                              0x0000c0cd   Thumb Code    50  pbuf.o(.text)
    stats_init                               0x0000c13d   Thumb Code     2  stats.o(.text)
    tcp_init                                 0x0000c141   Thumb Code     2  tcp.o(.text)
    tcp_free                                 0x0000c143   Thumb Code     8  tcp.o(.text)
    tcp_seg_free                             0x0000c14b   Thumb Code    28  tcp.o(.text)
    tcp_segs_free                            0x0000c167   Thumb Code    18  tcp.o(.text)
    tcp_free_ooseq                           0x0000c179   Thumb Code    20  tcp.o(.text)
    tcp_pcb_purge                            0x0000c18d   Thumb Code    70  tcp.o(.text)
    tcp_slowtmr                              0x0000c1d3   Thumb Code   702  tcp.o(.text)
    tcp_pcb_remove                           0x0000c4e1   Thumb Code    80  tcp.o(.text)
    tcp_close                                0x0000c63d   Thumb Code    26  tcp.o(.text)
    tcp_update_rcv_ann_wnd                   0x0000c657   Thumb Code    52  tcp.o(.text)
    tcp_recved                               0x0000c68b   Thumb Code    62  tcp.o(.text)
    tcp_recv_null                            0x0000c6c9   Thumb Code    42  tcp.o(.text)
    tcp_process_refused_data                 0x0000c6f3   Thumb Code   116  tcp.o(.text)
    tcp_fasttmr                              0x0000c767   Thumb Code   104  tcp.o(.text)
    tcp_tmr                                  0x0000c7cf   Thumb Code    28  tcp.o(.text)
    tcp_shutdown                             0x0000c7eb   Thumb Code    84  tcp.o(.text)
    tcp_abandon                              0x0000c83f   Thumb Code   208  tcp.o(.text)
    tcp_abort                                0x0000c90f   Thumb Code     4  tcp.o(.text)
    tcp_bind                                 0x0000c969   Thumb Code   166  tcp.o(.text)
    tcp_bind_netif                           0x0000ca0f   Thumb Code    12  tcp.o(.text)
    tcp_listen_with_backlog_and_err          0x0000ca29   Thumb Code   196  tcp.o(.text)
    tcp_listen_with_backlog                  0x0000caed   Thumb Code     4  tcp.o(.text)
    tcp_eff_send_mss_netif                   0x0000caf1   Thumb Code    30  tcp.o(.text)
    tcp_next_iss                             0x0000cb0f   Thumb Code    12  tcp.o(.text)
    tcp_connect                              0x0000cb1b   Thumb Code   328  tcp.o(.text)
    tcp_txnow                                0x0000cc63   Thumb Code    28  tcp.o(.text)
    tcp_setprio                              0x0000cc7f   Thumb Code     8  tcp.o(.text)
    tcp_seg_copy                             0x0000cc87   Thumb Code    36  tcp.o(.text)
    tcp_alloc                                0x0000cce1   Thumb Code   350  tcp.o(.text)
    tcp_new                                  0x0000ce3f   Thumb Code     4  tcp.o(.text)
    tcp_new_ip_type                          0x0000ce43   Thumb Code     4  tcp.o(.text)
    tcp_arg                                  0x0000ce47   Thumb Code     8  tcp.o(.text)
    tcp_recv                                 0x0000ce4f   Thumb Code    10  tcp.o(.text)
    tcp_sent                                 0x0000ce59   Thumb Code    10  tcp.o(.text)
    tcp_err                                  0x0000ce63   Thumb Code    10  tcp.o(.text)
    tcp_accept                               0x0000ce6d   Thumb Code    14  tcp.o(.text)
    tcp_poll                                 0x0000ce7b   Thumb Code    12  tcp.o(.text)
    tcp_netif_ip_addr_changed                0x0000ce87   Thumb Code    70  tcp.o(.text)
    tcp_debug_state_str                      0x0000cecd   Thumb Code     8  tcp.o(.text)
    tcp_tcp_get_tcp_addrinfo                 0x0000ced5   Thumb Code    38  tcp.o(.text)
    tcp_input                                0x0000db91   Thumb Code  1090  tcp_in.o(.text)
    tcp_trigger_input_pcb_close              0x0000dfd3   Thumb Code    12  tcp_in.o(.text)
    tcp_write                                0x0000e13b   Thumb Code   860  tcp_out.o(.text)
    tcp_split_unsent_seg                     0x0000e497   Thumb Code   298  tcp_out.o(.text)
    tcp_enqueue_flags                        0x0000e5c1   Thumb Code   150  tcp_out.o(.text)
    tcp_send_fin                             0x0000e657   Thumb Code    68  tcp_out.o(.text)
    tcp_send_empty_ack                       0x0000e85d   Thumb Code    70  tcp_out.o(.text)
    tcp_output                               0x0000e8a3   Thumb Code   496  tcp_out.o(.text)
    tcp_rexmit_rto_prepare                   0x0000ea93   Thumb Code   102  tcp_out.o(.text)
    tcp_rexmit_rto_commit                    0x0000eaf9   Thumb Code    16  tcp_out.o(.text)
    tcp_rexmit_rto                           0x0000eb09   Thumb Code    22  tcp_out.o(.text)
    tcp_rexmit                               0x0000eb1f   Thumb Code   100  tcp_out.o(.text)
    tcp_rexmit_fast                          0x0000eb83   Thumb Code    92  tcp_out.o(.text)
    tcp_rst                                  0x0000ebdf   Thumb Code    72  tcp_out.o(.text)
    tcp_keepalive                            0x0000ec27   Thumb Code    48  tcp_out.o(.text)
    tcp_zero_window_probe                    0x0000ec57   Thumb Code   170  tcp_out.o(.text)
    sys_timeout                              0x0000ed6b   Thumb Code    24  timeouts.o(.text)
    tcp_timer_needed                         0x0000eda9   Thumb Code    34  timeouts.o(.text)
    sys_timeouts_init                        0x0000edfb   Thumb Code    28  timeouts.o(.text)
    sys_untimeout                            0x0000ee17   Thumb Code    56  timeouts.o(.text)
    sys_check_timeouts                       0x0000ee4f   Thumb Code    60  timeouts.o(.text)
    sys_restart_timeouts                     0x0000ee8b   Thumb Code    36  timeouts.o(.text)
    sys_timeouts_sleeptime                   0x0000eeaf   Thumb Code    34  timeouts.o(.text)
    icmp_input                               0x0000eee9   Thumb Code   394  icmp.o(.text)
    icmp_dest_unreach                        0x0000f073   Thumb Code     8  icmp.o(.text)
    ip4_route                                0x0000f109   Thumb Code    94  ip4.o(.text)
    ip4_input                                0x0000f18f   Thumb Code   490  ip4.o(.text)
    ip4_output_if_src                        0x0000f379   Thumb Code   218  ip4.o(.text)
    ip4_output_if                            0x0000f453   Thumb Code    30  ip4.o(.text)
    ip4_output                               0x0000f471   Thumb Code    60  ip4.o(.text)
    ip4_addr_isbroadcast_u32                 0x0000f4c5   Thumb Code    46  ip4_addr.o(.text)
    ip4_addr_netmask_valid                   0x0000f4f3   Thumb Code    38  ip4_addr.o(.text)
    ip4addr_aton                             0x0000f519   Thumb Code   272  ip4_addr.o(.text)
    ipaddr_addr                              0x0000f629   Thumb Code    20  ip4_addr.o(.text)
    ip4addr_ntoa_r                           0x0000f63d   Thumb Code   118  ip4_addr.o(.text)
    ip4addr_ntoa                             0x0000f6b3   Thumb Code     6  ip4_addr.o(.text)
    __rt_ctype_table                         0x0000f6bd   Thumb Code     4  ctype_o.o(.text)
    isspace                                  0x0000f6c5   Thumb Code    18  isspace_o.o(.text)
    ___aeabi_memcpy4$move                    0x0000f6d7   Thumb Code     0  memmovea.o(.text)
    ___aeabi_memcpy8$move                    0x0000f6d7   Thumb Code     0  memmovea.o(.text)
    __aeabi_memcpy                           0x0000f6d7   Thumb Code    64  memmovea.o(.text)
    __aeabi_memmove                          0x0000f6d7   Thumb Code     0  memmovea.o(.text)
    __aeabi_memmove4                         0x0000f6d7   Thumb Code     0  memmovea.o(.text)
    __aeabi_memmove8                         0x0000f6d7   Thumb Code     0  memmovea.o(.text)
    __aeabi_memset                           0x0000f717   Thumb Code    14  memseta.o(.text)
    __aeabi_memset4                          0x0000f717   Thumb Code     0  memseta.o(.text)
    __aeabi_memset8                          0x0000f717   Thumb Code     0  memseta.o(.text)
    __aeabi_memclr                           0x0000f725   Thumb Code     4  memseta.o(.text)
    __aeabi_memclr4                          0x0000f725   Thumb Code     0  memseta.o(.text)
    __aeabi_memclr8                          0x0000f725   Thumb Code     0  memseta.o(.text)
    _memset$wrapper                          0x0000f729   Thumb Code    18  memseta.o(.text)
    strstr                                   0x0000f73b   Thumb Code    36  strstr.o(.text)
    strncpy                                  0x0000f75f   Thumb Code    24  strncpy.o(.text)
    strchr                                   0x0000f777   Thumb Code    20  strchr.o(.text)
    strlen                                   0x0000f78b   Thumb Code    14  strlen.o(.text)
    strcmp                                   0x0000f799   Thumb Code    28  strcmp.o(.text)
    memcmp                                   0x0000f7b5   Thumb Code    26  memcmp.o(.text)
    strncmp                                  0x0000f7cf   Thumb Code    30  strncmp.o(.text)
    strtok                                   0x0000f7ed   Thumb Code    62  strtok.o(.text)
    __0sscanf                                0x0000f831   Thumb Code    48  __0sscanf.o(.text)
    _scanf_int                               0x0000f869   Thumb Code   332  _scanf_int.o(.text)
    atoi                                     0x0000f9b5   Thumb Code    26  atoi.o(.text)
    _chval                                   0x0000f9cf   Thumb Code    28  _chval.o(.text)
    __vfscanf_char                           0x0000f9f9   Thumb Code    20  scanf_char.o(.text)
    _sgetc                                   0x0000fa15   Thumb Code    30  _sgetc.o(.text)
    _sbackspace                              0x0000fa33   Thumb Code    34  _sgetc.o(.text)
    strtol                                   0x0000fa55   Thumb Code   112  strtol.o(.text)
    __scatterload                            0x0000fac5   Thumb Code    28  init.o(.text)
    __scatterload_rt2                        0x0000fac5   Thumb Code     0  init.o(.text)
    __vfscanf                                0x0000fae9   Thumb Code   808  _scanf.o(.text)
    _strtoul                                 0x0000fe15   Thumb Code   158  _strtoul.o(.text)
    __decompress                             0x0000feb3   Thumb Code     0  __dczerorl2.o(.text)
    __decompress1                            0x0000feb3   Thumb Code    86  __dczerorl2.o(.text)
    __0snprintf$2                            0x0000ff09   Thumb Code    44  printf2.o(i.__0snprintf$2)
    __1snprintf$2                            0x0000ff09   Thumb Code     0  printf2.o(i.__0snprintf$2)
    __2snprintf                              0x0000ff09   Thumb Code     0  printf2.o(i.__0snprintf$2)
    __aeabi_errno_addr                       0x0000ff39   Thumb Code     4  errno.o(i.__aeabi_errno_addr)
    __rt_errno_addr                          0x0000ff39   Thumb Code     0  errno.o(i.__aeabi_errno_addr)
    __free$realloc                           0x0000ff41   Thumb Code    88  mallocr.o(i.__free$realloc)
    __malloc$realloc                         0x0000ff9d   Thumb Code    64  mallocr.o(i.__malloc$realloc)
    __scatterload_copy                       0x0000ffed   Thumb Code    14  handlers.o(i.__scatterload_copy)
    __scatterload_null                       0x0000fffb   Thumb Code     2  handlers.o(i.__scatterload_null)
    __scatterload_zeroinit                   0x0000fffd   Thumb Code    14  handlers.o(i.__scatterload_zeroinit)
    realloc                                  0x00010149   Thumb Code   102  mallocr.o(i.realloc)
    g_pcTagLeadIn                            0x000101b4   Data           4  httpd.o(.constdata)
    g_pcTagLeadOut                           0x000101b8   Data           4  httpd.o(.constdata)
    g_psDefaultFilenames                     0x000101bc   Data          40  httpd.o(.constdata)
    file_success_htm                         0x00010e6c   Data          16  lmi_fs.o(.constdata)
    file_index_shtml                         0x00010e7c   Data          16  lmi_fs.o(.constdata)
    file_format_error_htm                    0x00010e8c   Data          16  lmi_fs.o(.constdata)
    file_404_htm                             0x00010e9c   Data          16  lmi_fs.o(.constdata)
    ethbroadcast                             0x00011880   Data           6  etharp.o(.constdata)
    ethzero                                  0x00011886   Data           6  etharp.o(.constdata)
    netconn_aborted                          0x000118a0   Data           1  api_msg.o(.constdata)
    netconn_reset                            0x000118a1   Data           1  api_msg.o(.constdata)
    netconn_closed                           0x000118a2   Data           1  api_msg.o(.constdata)
    memp_TCP_PCB                             0x000118e8   Data          16  memp.o(.constdata)
    memp_TCP_PCB_LISTEN                      0x000118f8   Data          16  memp.o(.constdata)
    memp_TCP_SEG                             0x00011908   Data          16  memp.o(.constdata)
    memp_NETBUF                              0x00011918   Data          16  memp.o(.constdata)
    memp_NETCONN                             0x00011928   Data          16  memp.o(.constdata)
    memp_TCPIP_MSG_API                       0x00011938   Data          16  memp.o(.constdata)
    memp_TCPIP_MSG_INPKT                     0x00011948   Data          16  memp.o(.constdata)
    memp_ARP_QUEUE                           0x00011958   Data          16  memp.o(.constdata)
    memp_SYS_TIMEOUT                         0x00011968   Data          16  memp.o(.constdata)
    memp_PBUF                                0x00011978   Data          16  memp.o(.constdata)
    memp_PBUF_POOL                           0x00011988   Data          16  memp.o(.constdata)
    memp_pools                               0x00011998   Data          44  memp.o(.constdata)
    tcp_pcb_lists                            0x00011a08   Data          16  tcp.o(.constdata)
    lwip_cyclic_timers                       0x00011a18   Data          16  timeouts.o(.constdata)
    ip_addr_any                              0x00011a28   Data           4  ip4_addr.o(.constdata)
    __ctype_table                            0x00011a2c   Data         129  ctype_o.o(.constdata)
    Region$$Table$$Base                      0x0001237c   Number         0  anon$$obj.o(Region$$Table)
    Region$$Table$$Limit                     0x0001239c   Number         0  anon$$obj.o(Region$$Table)
    g_pfnSSIHandler                          0x20000000   Data           4  httpd.o(.data)
    g_iNumTags                               0x20000004   Data           4  httpd.o(.data)
    g_ppcTags                                0x20000008   Data           4  httpd.o(.data)
    g_pCGIs                                  0x2000000c   Data           4  httpd.o(.data)
    g_iNumCGIs                               0x20000010   Data           4  httpd.o(.data)
    g_pcSSIExtensions                        0x20000014   Data          16  httpd.o(.data)
    g_psHTTPHeaderStrings                    0x20000024   Data          72  httpd.o(.data)
    g_psHTTPHeaders                          0x2000006c   Data         136  httpd.o(.data)
    modbusSlaveDefaultFunctions              0x200000fc   Data          80  mb_cvt.o(.data)
    modbusMasterDefaultFunctions             0x2000014c   Data          80  mb_cvt.o(.data)
    g_sCmdTable                              0x2000019c   Data          84  cmd.o(.data)
    timeout                                  0x200001f0   Data           4  webserver.o(.data)
    g_pInterrupt                             0x20000218   Data           4  lwiplib.o(.data)
    g_bNetStatus                             0x20000244   Data           1  network.o(.data)
    timer_count                              0x20000248   Data           4  network.o(.data)
    xInsideISR                               0x2000024c   Data           4  sys_arch.o(.data)
    pxCurrentTCB                             0x20000270   Data           4  tasks.o(.data)
    lock_tcpip_core                          0x200002bc   Data           4  tcpip.o(.data)
    netif_list                               0x20000300   Data           4  netif.o(.data)
    netif_default                            0x20000304   Data           4  netif.o(.data)
    pbuf_free_ooseq_pending                  0x20000308   Data           1  pbuf.o(.data)
    tcp_active_pcbs_changed                  0x2000030c   Data           1  tcp.o(.data)
    tcp_ticks                                0x20000318   Data           4  tcp.o(.data)
    tcp_bound_pcbs                           0x2000031c   Data           4  tcp.o(.data)
    tcp_listen_pcbs                          0x20000320   Data           4  tcp.o(.data)
    tcp_active_pcbs                          0x20000324   Data           4  tcp.o(.data)
    tcp_tw_pcbs                              0x20000328   Data           4  tcp.o(.data)
    tcp_input_pcb                            0x2000034c   Data           4  tcp_in.o(.data)
    __microlib_freelist                      0x20000368   Data           4  mvars.o(.data)
    __microlib_freelist_initialised          0x2000036c   Data           4  mvars.o(.data)
    xQueueRegistry                           0x20006d60   Data          80  queue.o(.bss)
    ip_data                                  0x20006f80   Data          24  ip.o(.bss)
    ram_heap                                 0x20006f98   Data        4115  mem.o(.bss)
    memp_memory_TCP_PCB_base                 0x20007fab   Data         783  memp.o(.bss)
    memp_memory_TCP_PCB_LISTEN_base          0x200082c4   Data         227  memp.o(.bss)
    memp_memory_TCP_SEG_base                 0x200083b2   Data         419  memp.o(.bss)
    memp_memory_NETBUF_base                  0x20008560   Data          35  memp.o(.bss)
    memp_memory_NETCONN_base                 0x2000858e   Data         179  memp.o(.bss)
    memp_memory_TCPIP_MSG_API_base           0x2000864c   Data          67  memp.o(.bss)
    memp_memory_TCPIP_MSG_INPKT_base         0x2000869a   Data          67  memp.o(.bss)
    memp_memory_ARP_QUEUE_base               0x200086e8   Data         243  memp.o(.bss)
    memp_memory_SYS_TIMEOUT_base             0x200087e6   Data         131  memp.o(.bss)
    memp_memory_PBUF_base                    0x20008874   Data         259  memp.o(.bss)
    memp_memory_PBUF_POOL_base               0x20008982   Data        8707  memp.o(.bss)
    lwip_stats                               0x2000ab90   Data         196  stats.o(.bss)
    __heap_base                              0x2000ac78   Data           0  startup.o(HEAP)
    __heap_limit                             0x2000ac78   Data           0  startup.o(HEAP)
    __initial_sp                             0x2000b078   Data           0  startup.o(STACK)



==============================================================================

Memory Map of the image

  Image Entry point : 0x00000279

  Load Region LR_IROM1 (Base: 0x00000000, Size: 0x00012a08, Max: 0x00040000, ABSOLUTE, COMPRESSED[0x000124f0])

    Execution Region ER_IROM1 (Base: 0x00000000, Size: 0x0001239c, Max: 0x00040000, ABSOLUTE)

    Base Addr    Size         Type   Attr      Idx    E Section Name        Object

    0x00000000   0x00000278   Code   RO          186    RESET               startup.o
    0x00000278   0x00000000   Code   RO         1938  * .ARM.Collect$$$$00000000  mc_w.l(entry.o)
    0x00000278   0x00000004   Code   RO         2296    .ARM.Collect$$$$00000001  mc_w.l(entry2.o)
    0x0000027c   0x00000004   Code   RO         2299    .ARM.Collect$$$$00000004  mc_w.l(entry5.o)
    0x00000280   0x00000000   Code   RO         2301    .ARM.Collect$$$$00000008  mc_w.l(entry7b.o)
    0x00000280   0x00000000   Code   RO         2303    .ARM.Collect$$$$0000000A  mc_w.l(entry8b.o)
    0x00000280   0x00000008   Code   RO         2304    .ARM.Collect$$$$0000000B  mc_w.l(entry9a.o)
    0x00000288   0x00000000   Code   RO         2306    .ARM.Collect$$$$0000000D  mc_w.l(entry10a.o)
    0x00000288   0x00000000   Code   RO         2308    .ARM.Collect$$$$0000000F  mc_w.l(entry11a.o)
    0x00000288   0x00000004   Code   RO         2297    .ARM.Collect$$$$00002712  mc_w.l(entry2.o)
    0x0000028c   0x00000026   Code   RO          592    .emb_text           cpu.o
    0x000002b2   0x00000002   PAD
    0x000002b4   0x00000006   Code   RO          687    .emb_text           sysctl.o
    0x000002ba   0x00000002   PAD
    0x000002bc   0x0000008c   Code   RO         1146    .emb_text           port.o
    0x00000348   0x0000008c   Code   RO            1    .text               main.o
    0x000003d4   0x000001b0   Code   RO          191    .text               fifo.o
    0x00000584   0x000001e4   Code   RO          207    .text               cgifuncs.o
    0x00000768   0x00000978   Code   RO          223    .text               httpd.o
    0x000010e0   0x0000022c   Code   RO          326    .text               lmi_fs.o
    0x0000130c   0x00001bd4   Code   RO          426    .text               mb_cvt.o
    0x00002ee0   0x000008b4   Code   RO          508    .text               cmd.o
    0x00003794   0x000001f8   Code   RO          543    .text               user_epprom.o
    0x0000398c   0x0000049c   Code   RO          562    .text               webserver.o
    0x00003e28   0x00000074   Code   RO          580    .text               bsp.o
    0x00003e9c   0x000002e0   Code   RO          605    .text               ethernet.o
    0x0000417c   0x000005fc   Code   RO          630    .text               gpio.o
    0x00004778   0x00000254   Code   RO          648    .text               interrupt.o
    0x000049cc   0x000008fc   Code   RO          688    .text               sysctl.o
    0x000052c8   0x000002a4   Code   RO          742    .text               uart.o
    0x0000556c   0x000000b8   Code   RO          781    .text               watchdog.o
    0x00005624   0x0000032c   Code   RO          799    .text               flash.o
    0x00005950   0x00000204   Code   RO          819    .text               lwiplib.o
    0x00005b54   0x00000540   Code   RO          856    .text               ustdlib.o
    0x00006094   0x000002c0   Code   RO          873    .text               uartstdio.o
    0x00006354   0x00000064   Code   RO          895    .text               cmdline.o
    0x000063b8   0x000001dc   Code   RO          908    .text               crc.o
    0x00006594   0x00000114   Code   RO          922    .text               flash_pb.o
    0x000066a8   0x00000178   Code   RO          936    .text               network.o
    0x00006820   0x00000300   Code   RO          958    .text               sys_arch.o
    0x00006b20   0x000002e8   Code   RO         1011    .text               stellarisif.o
    0x00006e08   0x000006cc   Code   RO         1050    .text               etharp.o
    0x000074d4   0x000000f4   Code   RO         1113    .text               heap_2.o
    0x000075c8   0x0000008c   Code   RO         1134    .text               list.o
    0x00007654   0x000000a0   Code   RO         1147    .text               port.o
    0x000076f4   0x00000498   Code   RO         1164    .text               queue.o
    0x00007b8c   0x00000890   Code   RO         1182    .text               tasks.o
    0x0000841c   0x00000558   Code   RO         1210    .text               api_lib.o
    0x00008974   0x00000b68   Code   RO         1248    .text               api_msg.o
    0x000094dc   0x0000001c   Code   RO         1285    .text               err.o
    0x000094f8   0x00000130   Code   RO         1303    .text               netbuf.o
    0x00009628   0x000016e4   Code   RO         1333    .text               sockets.o
    0x0000ad0c   0x00000224   Code   RO         1360    .text               tcpip.o
    0x0000af30   0x0000010c   Code   RO         1410    .text               def.o
    0x0000b03c   0x00000212   Code   RO         1428    .text               inet_chksum.o
    0x0000b24e   0x00000022   Code   RO         1443    .text               init.o
    0x0000b270   0x000003d4   Code   RO         1500    .text               mem.o
    0x0000b644   0x00000104   Code   RO         1516    .text               memp.o
    0x0000b748   0x00000330   Code   RO         1615    .text               netif.o
    0x0000ba78   0x000006c4   Code   RO         1651    .text               pbuf.o
    0x0000c13c   0x00000002   Code   RO         1673    .text               stats.o
    0x0000c13e   0x00000002   PAD
    0x0000c140   0x00000de8   Code   RO         1710    .text               tcp.o
    0x0000cf28   0x00001120   Code   RO         1735    .text               tcp_in.o
    0x0000e048   0x00000cd8   Code   RO         1772    .text               tcp_out.o
    0x0000ed20   0x000001c8   Code   RO         1792    .text               timeouts.o
    0x0000eee8   0x00000220   Code   RO         1834    .text               icmp.o
    0x0000f108   0x000003bc   Code   RO         1855    .text               ip4.o
    0x0000f4c4   0x000001f8   Code   RO         1872    .text               ip4_addr.o
    0x0000f6bc   0x00000008   Code   RO         1946    .text               mc_w.l(ctype_o.o)
    0x0000f6c4   0x00000012   Code   RO         1968    .text               mc_w.l(isspace_o.o)
    0x0000f6d6   0x00000040   Code   RO         1976    .text               mc_w.l(memmovea.o)
    0x0000f716   0x00000024   Code   RO         1978    .text               mc_w.l(memseta.o)
    0x0000f73a   0x00000024   Code   RO         1980    .text               mc_w.l(strstr.o)
    0x0000f75e   0x00000018   Code   RO         1982    .text               mc_w.l(strncpy.o)
    0x0000f776   0x00000014   Code   RO         1984    .text               mc_w.l(strchr.o)
    0x0000f78a   0x0000000e   Code   RO         1986    .text               mc_w.l(strlen.o)
    0x0000f798   0x0000001c   Code   RO         1988    .text               mc_w.l(strcmp.o)
    0x0000f7b4   0x0000001a   Code   RO         1990    .text               mc_w.l(memcmp.o)
    0x0000f7ce   0x0000001e   Code   RO         1992    .text               mc_w.l(strncmp.o)
    0x0000f7ec   0x00000044   Code   RO         1994    .text               mc_w.l(strtok.o)
    0x0000f830   0x00000038   Code   RO         2290    .text               mc_w.l(__0sscanf.o)
    0x0000f868   0x0000014c   Code   RO         2292    .text               mc_w.l(_scanf_int.o)
    0x0000f9b4   0x0000001a   Code   RO         2294    .text               mc_w.l(atoi.o)
    0x0000f9ce   0x0000001c   Code   RO         2317    .text               mc_w.l(_chval.o)
    0x0000f9ea   0x00000002   PAD
    0x0000f9ec   0x00000028   Code   RO         2319    .text               mc_w.l(scanf_char.o)
    0x0000fa14   0x00000040   Code   RO         2321    .text               mc_w.l(_sgetc.o)
    0x0000fa54   0x00000070   Code   RO         2323    .text               mc_w.l(strtol.o)
    0x0000fac4   0x00000024   Code   RO         2336    .text               mc_w.l(init.o)
    0x0000fae8   0x0000032c   Code   RO         2346    .text               mc_w.l(_scanf.o)
    0x0000fe14   0x0000009e   Code   RO         2348    .text               mc_w.l(_strtoul.o)
    0x0000feb2   0x00000056   Code   RO         2363    .text               mc_w.l(__dczerorl2.o)
    0x0000ff08   0x00000030   Code   RO         2072    i.__0snprintf$2     mc_w.l(printf2.o)
    0x0000ff38   0x00000008   Code   RO         2283    i.__aeabi_errno_addr  mc_w.l(errno.o)
    0x0000ff40   0x0000005c   Code   RO         2265    i.__free$realloc    mc_w.l(mallocr.o)
    0x0000ff9c   0x00000050   Code   RO         2266    i.__malloc$realloc  mc_w.l(mallocr.o)
    0x0000ffec   0x0000000e   Code   RO         2357    i.__scatterload_copy  mc_w.l(handlers.o)
    0x0000fffa   0x00000002   Code   RO         2358    i.__scatterload_null  mc_w.l(handlers.o)
    0x0000fffc   0x0000000e   Code   RO         2359    i.__scatterload_zeroinit  mc_w.l(handlers.o)
    0x0001000a   0x000000d6   Code   RO         2078    i._printf_core      mc_w.l(printf2.o)
    0x000100e0   0x00000016   Code   RO         2079    i._snputc           mc_w.l(printf2.o)
    0x000100f6   0x00000002   PAD
    0x000100f8   0x00000050   Code   RO         2267    i.internal_alloc    mc_w.l(mallocr.o)
    0x00010148   0x0000006c   Code   RO         2268    i.realloc           mc_w.l(mallocr.o)
    0x000101b4   0x00000030   Data   RO          224    .constdata          httpd.o
    0x000101e4   0x000000d9   Data   RO          328    .constdata          lmi_fs.o
    0x000102bd   0x000000dc   Data   RO          329    .constdata          lmi_fs.o
    0x00010399   0x000009de   Data   RO          330    .constdata          lmi_fs.o
    0x00010d77   0x000000f5   Data   RO          331    .constdata          lmi_fs.o
    0x00010e6c   0x00000010   Data   RO          332    .constdata          lmi_fs.o
    0x00010e7c   0x00000010   Data   RO          333    .constdata          lmi_fs.o
    0x00010e8c   0x00000010   Data   RO          334    .constdata          lmi_fs.o
    0x00010e9c   0x00000010   Data   RO          335    .constdata          lmi_fs.o
    0x00010eac   0x000002f4   Data   RO          435    .constdata          mb_cvt.o
    0x000111a0   0x00000008   Data   RO          564    .constdata          webserver.o
    0x000111a8   0x00000078   Data   RO          631    .constdata          gpio.o
    0x00011220   0x00000104   Data   RO          649    .constdata          interrupt.o
    0x00011324   0x000001c4   Data   RO          689    .constdata          sysctl.o
    0x000114e8   0x00000040   Data   RO          743    .constdata          uart.o
    0x00011528   0x00000020   Data   RO          800    .constdata          flash.o
    0x00011548   0x0000001c   Data   RO          857    .constdata          ustdlib.o
    0x00011564   0x0000001c   Data   RO          874    .constdata          uartstdio.o
    0x00011580   0x00000300   Data   RO          909    .constdata          crc.o
    0x00011880   0x0000000c   Data   RO         1052    .constdata          etharp.o
    0x0001188c   0x00000014   Data   RO         1184    .constdata          tasks.o
    0x000118a0   0x00000003   Data   RO         1249    .constdata          api_msg.o
    0x000118a3   0x00000001   PAD
    0x000118a4   0x00000044   Data   RO         1286    .constdata          err.o
    0x000118e8   0x00000010   Data   RO         1539    .constdata          memp.o
    0x000118f8   0x00000010   Data   RO         1540    .constdata          memp.o
    0x00011908   0x00000010   Data   RO         1541    .constdata          memp.o
    0x00011918   0x00000010   Data   RO         1542    .constdata          memp.o
    0x00011928   0x00000010   Data   RO         1543    .constdata          memp.o
    0x00011938   0x00000010   Data   RO         1544    .constdata          memp.o
    0x00011948   0x00000010   Data   RO         1545    .constdata          memp.o
    0x00011958   0x00000010   Data   RO         1546    .constdata          memp.o
    0x00011968   0x00000010   Data   RO         1547    .constdata          memp.o
    0x00011978   0x00000010   Data   RO         1548    .constdata          memp.o
    0x00011988   0x00000010   Data   RO         1549    .constdata          memp.o
    0x00011998   0x0000002c   Data   RO         1550    .constdata          memp.o
    0x000119c4   0x00000054   Data   RO         1711    .constdata          tcp.o
    0x00011a18   0x00000010   Data   RO         1793    .constdata          timeouts.o
    0x00011a28   0x00000004   Data   RO         1874    .constdata          ip4_addr.o
    0x00011a2c   0x00000081   Data   RO         1947    .constdata          mc_w.l(ctype_o.o)
    0x00011aad   0x00000003   PAD
    0x00011ab0   0x00000004   Data   RO         1948    .constdata          mc_w.l(ctype_o.o)
    0x00011ab4   0x00000047   Data   RO            2    .conststring        main.o
    0x00011afb   0x00000001   PAD
    0x00011afc   0x0000038c   Data   RO          225    .conststring        httpd.o
    0x00011e88   0x00000095   Data   RO          510    .conststring        cmd.o
    0x00011f1d   0x00000003   PAD
    0x00011f20   0x000003cf   Data   RO          565    .conststring        webserver.o
    0x000122ef   0x00000001   PAD
    0x000122f0   0x00000011   Data   RO          858    .conststring        ustdlib.o
    0x00012301   0x00000003   PAD
    0x00012304   0x00000075   Data   RO         1712    .conststring        tcp.o
    0x00012379   0x00000003   PAD
    0x0001237c   0x00000020   Data   RO         2355    Region$$Table       anon$$obj.o


    Execution Region RW_IRAM1 (Base: 0x20000000, Size: 0x0000b078, Max: 0x00010000, ABSOLUTE, COMPRESSED[0x00000154])

    Base Addr    Size         Type   Attr      Idx    E Section Name        Object

    0x20000000   0x000000f4   Data   RW          226    .data               httpd.o
    0x200000f4   0x00000008   Data   RW          336    .data               lmi_fs.o
    0x200000fc   0x000000a0   Data   RW          436    .data               mb_cvt.o
    0x2000019c   0x00000054   Data   RW          511    .data               cmd.o
    0x200001f0   0x00000020   Data   RW          566    .data               webserver.o
    0x20000210   0x00000018   Data   RW          821    .data               lwiplib.o
    0x20000228   0x00000004   Data   RW          859    .data               ustdlib.o
    0x2000022c   0x00000008   Data   RW          876    .data               uartstdio.o
    0x20000234   0x00000010   Data   RW          923    .data               flash_pb.o
    0x20000244   0x00000008   Data   RW          941    .data               network.o
    0x2000024c   0x00000004   Data   RW          959    .data               sys_arch.o
    0x20000250   0x00000001   Data   RW         1053    .data               etharp.o
    0x20000251   0x00000003   PAD
    0x20000254   0x00000018   Data   RW         1115    .data               heap_2.o
    0x2000026c   0x00000004   Data   RW         1148    .data               port.o
    0x20000270   0x0000003c   Data   RW         1185    .data               tasks.o
    0x200002ac   0x00000004   Data   RW         1335    .data               sockets.o
    0x200002b0   0x00000010   Data   RW         1361    .data               tcpip.o
    0x200002c0   0x00000010   Data   RW         1502    .data               mem.o
    0x200002d0   0x00000004   Data   RW         1551    .data               memp.o
    0x200002d4   0x00000004   Data   RW         1552    .data               memp.o
    0x200002d8   0x00000004   Data   RW         1553    .data               memp.o
    0x200002dc   0x00000004   Data   RW         1554    .data               memp.o
    0x200002e0   0x00000004   Data   RW         1555    .data               memp.o
    0x200002e4   0x00000004   Data   RW         1556    .data               memp.o
    0x200002e8   0x00000004   Data   RW         1557    .data               memp.o
    0x200002ec   0x00000004   Data   RW         1558    .data               memp.o
    0x200002f0   0x00000004   Data   RW         1559    .data               memp.o
    0x200002f4   0x00000004   Data   RW         1560    .data               memp.o
    0x200002f8   0x00000004   Data   RW         1561    .data               memp.o
    0x200002fc   0x0000000c   Data   RW         1616    .data               netif.o
    0x20000308   0x00000001   Data   RW         1652    .data               pbuf.o
    0x20000309   0x00000003   PAD
    0x2000030c   0x00000020   Data   RW         1713    .data               tcp.o
    0x2000032c   0x00000024   Data   RW         1737    .data               tcp_in.o
    0x20000350   0x0000000c   Data   RW         1795    .data               timeouts.o
    0x2000035c   0x00000002   Data   RW         1856    .data               ip4.o
    0x2000035e   0x00000002   PAD
    0x20000360   0x00000004   Data   RW         1995    .data               mc_w.l(strtok.o)
    0x20000364   0x00000004   Data   RW         2286    .data               mc_w.l(errno.o)
    0x20000368   0x00000004   Data   RW         2315    .data               mc_w.l(mvars.o)
    0x2000036c   0x00000004   Data   RW         2316    .data               mc_w.l(mvars.o)
    0x20000370   0x00000090   PAD
    0x20000400   0x0000026c   Data   RW          650    vtable              interrupt.o
    0x2000066c   0x00000030   Zero   RW          327    .bss                lmi_fs.o
    0x2000069c   0x00000310   Zero   RW          427    .bss                mb_cvt.o
    0x200009ac   0x00000210   Zero   RW          509    .bss                cmd.o
    0x20000bbc   0x00000030   Zero   RW          820    .bss                lwiplib.o
    0x20000bec   0x00000024   Zero   RW          896    .bss                cmdline.o
    0x20000c10   0x00000060   Zero   RW         1012    .bss                stellarisif.o
    0x20000c70   0x000000f0   Zero   RW         1051    .bss                etharp.o
    0x20000d60   0x00006000   Zero   RW         1114    .bss                heap_2.o
    0x20006d60   0x00000050   Zero   RW         1165    .bss                queue.o
    0x20006db0   0x00000190   Zero   RW         1183    .bss                tasks.o
    0x20006f40   0x00000040   Zero   RW         1334    .bss                sockets.o
    0x20006f80   0x00000018   Zero   RW         1488    .bss                ip.o
    0x20006f98   0x00001013   Zero   RW         1501    .bss                mem.o
    0x20007fab   0x0000030f   Zero   RW         1517    .bss                memp.o
    0x200082ba   0x0000000a   Zero   RW         1518    .bss                memp.o
    0x200082c4   0x000000e3   Zero   RW         1519    .bss                memp.o
    0x200083a7   0x00000001   PAD
    0x200083a8   0x0000000a   Zero   RW         1520    .bss                memp.o
    0x200083b2   0x000001a3   Zero   RW         1521    .bss                memp.o
    0x20008555   0x00000001   PAD
    0x20008556   0x0000000a   Zero   RW         1522    .bss                memp.o
    0x20008560   0x00000023   Zero   RW         1523    .bss                memp.o
    0x20008583   0x00000001   PAD
    0x20008584   0x0000000a   Zero   RW         1524    .bss                memp.o
    0x2000858e   0x000000b3   Zero   RW         1525    .bss                memp.o
    0x20008641   0x00000001   PAD
    0x20008642   0x0000000a   Zero   RW         1526    .bss                memp.o
    0x2000864c   0x00000043   Zero   RW         1527    .bss                memp.o
    0x2000868f   0x00000001   PAD
    0x20008690   0x0000000a   Zero   RW         1528    .bss                memp.o
    0x2000869a   0x00000043   Zero   RW         1529    .bss                memp.o
    0x200086dd   0x00000001   PAD
    0x200086de   0x0000000a   Zero   RW         1530    .bss                memp.o
    0x200086e8   0x000000f3   Zero   RW         1531    .bss                memp.o
    0x200087db   0x00000001   PAD
    0x200087dc   0x0000000a   Zero   RW         1532    .bss                memp.o
    0x200087e6   0x00000083   Zero   RW         1533    .bss                memp.o
    0x20008869   0x00000001   PAD
    0x2000886a   0x0000000a   Zero   RW         1534    .bss                memp.o
    0x20008874   0x00000103   Zero   RW         1535    .bss                memp.o
    0x20008977   0x00000001   PAD
    0x20008978   0x0000000a   Zero   RW         1536    .bss                memp.o
    0x20008982   0x00002203   Zero   RW         1537    .bss                memp.o
    0x2000ab85   0x00000001   PAD
    0x2000ab86   0x0000000a   Zero   RW         1538    .bss                memp.o
    0x2000ab90   0x000000c4   Zero   RW         1674    .bss                stats.o
    0x2000ac54   0x00000010   Zero   RW         1736    .bss                tcp_in.o
    0x2000ac64   0x00000010   Zero   RW         1873    .bss                ip4_addr.o
    0x2000ac74   0x00000004   PAD
    0x2000ac78   0x00000000   Zero   RW          185    HEAP                startup.o
    0x2000ac78   0x00000400   Zero   RW          184    STACK               startup.o


==============================================================================

Image component sizes


      Code (inc. data)   RO Data    RW Data    ZI Data      Debug   Object Name

      1368         56          0          0          0      27996   api_lib.o
      2920         52          3          0          0      22515   api_msg.o
       116         18          0          0          0        547   bsp.o
       484          8          0          0          0       4386   cgifuncs.o
      2228        828        149         84        528      15426   cmd.o
       100         10          0          0         36       1333   cmdline.o
        38          0          0          0          0        608   cpu.o
       476         10        768          0          0       2681   crc.o
       268          0          0          0          0       2718   def.o
        28          4         68          0          0       1351   err.o
      1740         32         12          1        240      19626   etharp.o
       736          4          0          0          0       7462   ethernet.o
       432          0          0          0          0       4548   fifo.o
       812         30         32          0          0       5997   flash.o
       276         10          0         16          0       2661   flash_pb.o
      1532         46        120          0          0      12439   gpio.o
       244         10          0         24      24576       5076   heap_2.o
      2424        110        956        244          0      41668   httpd.o
       544         10          0          0          0       3415   icmp.o
       530          0          0          0          0       4676   inet_chksum.o
        34          0          0          0          0      10215   init.o
       596         22        260        620          0       4681   interrupt.o
         0          0          0          0         24       3326   ip.o
       956         24          0          2          0       4789   ip4.o
       504         10          4          0         16      11218   ip4_addr.o
       140          0          0          0          0       1953   list.o
       556        164       3272          8         48      11668   lmi_fs.o
       516         62          0         24         48       3291   lwiplib.o
       140         46         71          0          0      25057   main.o
      7124       1502        756        160        784      52916   mb_cvt.o
       980         14          0         16       4115       5810   mem.o
       260          8        220         44      11227       9614   memp.o
       304          0          0          0          0       4305   netbuf.o
       816         12          0         12          0      12031   netif.o
       376         48          0          8          0       3147   network.o
      1732         14          0          1          0      15300   pbuf.o
       300         22          0          4          0       3673   port.o
      1176          4          0          0         80       8835   queue.o
         0          0          0          0          0       3951   slipif.o
      5860         40          0          4         64      46452   sockets.o
       632        622          0          0       1024        336   startup.o
         2          0          0          0        196       5498   stats.o
       744         20          0          0         96       7033   stellarisif.o
       768         10          0          4          0       9047   sys_arch.o
      2306        128        452          0          0      12399   sysctl.o
      2192         42         20         60        400      14323   tasks.o
      3560         64        201         32          0      28354   tcp.o
      4384        114          0         36         16      19217   tcp_in.o
      3288         16          0          0          0      24310   tcp_out.o
       548         34          0         16          0       7808   tcpip.o
       456         24         16         12          0       5356   timeouts.o
       676          4         64          0          0      10474   uart.o
       704         28         28          8          0       3883   uartstdio.o
       504        114          0          0          0       2064   user_epprom.o
      1344         30         45          4          0       7331   ustdlib.o
       184          4          0          0          0       3496   watchdog.o
      1180        378        983         32          0       3756   webserver.o

    ----------------------------------------------------------------------
     63144       4862       8544       1484      43532     594046   Object Totals
         0          0         32          0          0          0   (incl. Generated)
         6          0         12          8         14          0   (incl. Padding)

    ----------------------------------------------------------------------

      Code (inc. data)   RO Data    RW Data    ZI Data      Debug   Library Member Name

        56          8          0          0          0         84   __0sscanf.o
        86          0          0          0          0          0   __dczerorl2.o
        28          0          0          0          0         68   _chval.o
       812          4          0          0          0        112   _scanf.o
       332          0          0          0          0         96   _scanf_int.o
        64          0          0          0          0         84   _sgetc.o
       158          0          0          0          0         92   _strtoul.o
        26          0          0          0          0         80   atoi.o
         8          4        133          0          0         68   ctype_o.o
         0          0          0          0          0          0   entry.o
         0          0          0          0          0          0   entry10a.o
         0          0          0          0          0          0   entry11a.o
         8          4          0          0          0          0   entry2.o
         4          0          0          0          0          0   entry5.o
         0          0          0          0          0          0   entry7b.o
         0          0          0          0          0          0   entry8b.o
         8          4          0          0          0          0   entry9a.o
         8          4          0          4          0         68   errno.o
        30          0          0          0          0          0   handlers.o
        36          8          0          0          0         68   init.o
        18          0          0          0          0         76   isspace_o.o
       360         30          0          0          0        356   mallocr.o
        26          0          0          0          0         80   memcmp.o
        64          0          0          0          0         76   memmovea.o
        36          0          0          0          0        108   memseta.o
         0          0          0          8          0          0   mvars.o
       284          4          0          0          0        244   printf2.o
        40          8          0          0          0         84   scanf_char.o
        20          0          0          0          0         68   strchr.o
        28          0          0          0          0         76   strcmp.o
        14          0          0          0          0         68   strlen.o
        30          0          0          0          0         80   strncmp.o
        24          0          0          0          0         76   strncpy.o
        36          0          0          0          0         80   strstr.o
        68          6          0          4          0         80   strtok.o
       112          0          0          0          0         88   strtol.o

    ----------------------------------------------------------------------
      2828         84        136        160          0       2460   Library Totals
         4          0          3        144          0          0   (incl. Padding)

    ----------------------------------------------------------------------

      Code (inc. data)   RO Data    RW Data    ZI Data      Debug   Library Name

      2824         84        133         16          0       2460   mc_w.l

    ----------------------------------------------------------------------
      2828         84        136        160          0       2460   Library Totals

    ----------------------------------------------------------------------

==============================================================================


      Code (inc. data)   RO Data    RW Data    ZI Data      Debug   

     65972       4946       8680       1644      43532     588418   Grand Totals
     65972       4946       8680        340      43532     588418   ELF Image Totals (compressed)
     65972       4946       8680        340          0          0   ROM Totals

==============================================================================

    Total RO  Size (Code + RO Data)                74652 (  72.90kB)
    Total RW  Size (RW Data + ZI Data)             45176 (  44.12kB)
    Total ROM Size (Code + RO Data + RW Data)      74992 (  73.23kB)

==============================================================================

