Component: ARM Compiler 5.06 update 7 (build 960) Tool: armlink [4d3601]

==============================================================================

Section Cross References

    main.o(.text) refers to network.o(.text) for NetServerInit
    main.o(.text) refers to tasks.o(.text) for vTaskSuspend
    main.o(.text) refers to bsp.o(.text) for BSP_Init
    main.o(.text) refers to uartstdio.o(.text) for UARTprintf
    startup.o(RESET) refers to startup.o(STACK) for StackMem
    startup.o(RESET) refers to main.o(.text) for deviceDebugHander
    startup.o(RESET) refers to port.o(.emb_text) for vPortSVCHandler
    startup.o(RESET) refers to port.o(.text) for xPortSysTickHandler
    startup.o(RESET) refers to mb_cvt.o(.text) for UARTIntHandler
    startup.o(RESET) refers to lwiplib.o(.text) for lwIPEthernetIntHandler
    startup.o(RESET) refers to entry.o(.ARM.Collect$$$$00000000) for __main
    mb_cvt.o(.text) refers to mallocr.o(i.realloc) for realloc
    mb_cvt.o(.text) refers to heap_2.o(.text) for vPortFree
    mb_cvt.o(.text) refers to mb_cvt.o(.constdata) for .constdata
    mb_cvt.o(.text) refers to uart.o(.text) for UARTIntStatus
    mb_cvt.o(.text) refers to fifo.o(.text) for FIFO_Push
    mb_cvt.o(.text) refers to tasks.o(.text) for vTaskDelay
    mb_cvt.o(.text) refers to mb_cvt.o(.bss) for .bss
    mb_cvt.o(.text) refers to uartstdio.o(.text) for UARTprintf
    mb_cvt.o(.text) refers to def_1.o(.text) for lwip_htons
    mb_cvt.o(.text) refers to sockets_1.o(.text) for lwip_socket
    mb_cvt.o(.text) refers to sysctl.o(.text) for SysCtlPeripheralEnable
    mb_cvt.o(.text) refers to gpio.o(.text) for GPIOPinTypeUART
    mb_cvt.o(.text) refers to interrupt.o(.text) for IntEnable
    mb_cvt.o(.text) refers to ip4_addr.o(.text) for ip4addr_ntoa
    mb_cvt.o(.text) refers to memseta.o(.text) for __aeabi_memclr
    mb_cvt.o(.text) refers to mb_cvt.o(.data) for .data
    mb_cvt.o(.data) refers to mb_cvt.o(.text) for modbusParseRequest01020304
    bsp.o(.text) refers to sysctl.o(.text) for SysCtlLDOSet
    bsp.o(.text) refers to gpio.o(.text) for GPIOPinTypeUART
    bsp.o(.text) refers to uartstdio.o(.text) for UARTStdioInit
    ethernet.o(.text) refers to interrupt.o(.text) for IntRegister
    gpio.o(.text) refers to interrupt.o(.text) for IntRegister
    gpio.o(.text) refers to gpio.o(.constdata) for .constdata
    interrupt.o(.text) refers to cpu.o(.emb_text) for CPUcpsie
    interrupt.o(.text) refers to interrupt.o(vtable) for vtable
    interrupt.o(.text) refers to interrupt.o(.constdata) for .constdata
    hibernate.o(.text) refers to sysctl.o(.emb_text) for SysCtlDelay
    hibernate.o(.text) refers to interrupt.o(.text) for IntRegister
    hibernate.o(.text) refers to hibernate.o(.data) for .data
    sysctl.o(.text) refers to interrupt.o(.text) for IntRegister
    sysctl.o(.text) refers to cpu.o(.emb_text) for CPUwfi
    sysctl.o(.text) refers to sysctl.o(.constdata) for .constdata
    sysctl.o(.text) refers to sysctl.o(.emb_text) for SysCtlDelay
    ssi.o(.text) refers to interrupt.o(.text) for IntRegister
    ssi.o(.text) refers to ssi.o(.constdata) for .constdata
    timer.o(.text) refers to interrupt.o(.text) for IntRegister
    timer.o(.text) refers to timer.o(.constdata) for .constdata
    uart.o(.text) refers to interrupt.o(.text) for IntRegister
    uart.o(.text) refers to uart.o(.constdata) for .constdata
    lwiplib.o(.text) refers to queue.o(.text) for xQueueGenericReceive
    lwiplib.o(.text) refers to stellarisif.o(.text) for stellarisif_interrupt
    lwiplib.o(.text) refers to ethernet.o(.text) for EthernetIntEnable
    lwiplib.o(.text) refers to timeouts.o(.text) for sys_timeout
    lwiplib.o(.text) refers to tasks.o(.text) for xTaskGenericCreate
    lwiplib.o(.text) refers to netif_1.o(.text) for netif_add
    lwiplib.o(.text) refers to def_1.o(.text) for lwip_htonl
    lwiplib.o(.text) refers to sysctl.o(.text) for SysCtlPeripheralEnable
    lwiplib.o(.text) refers to tcpip_1.o(.text) for tcpip_init
    lwiplib.o(.text) refers to port.o(.text) for vPortYieldFromISR
    lwiplib.o(.text) refers to lwiplib.o(.data) for .data
    lwiplib.o(.text) refers to lwiplib.o(.bss) for .bss
    ustdlib.o(.text) refers to ustdlib.o(.constdata) for .constdata
    ustdlib.o(.text) refers to ustdlib.o(.data) for .data
    ustdlib.o(.constdata) refers to ustdlib.o(.conststring) for .conststring
    uartstdio.o(.text) refers to sysctl.o(.text) for SysCtlPeripheralPresent
    uartstdio.o(.text) refers to uart.o(.text) for UARTConfigSetExpClk
    uartstdio.o(.text) refers to uartstdio.o(.constdata) for .constdata
    uartstdio.o(.text) refers to uartstdio.o(.data) for .data
    uartstdio.o(.constdata) refers to uartstdio.o(.conststring) for .conststring
    network.o(.text) refers to ustdlib.o(.text) for usprintf
    network.o(.text) refers to memmovea.o(.text) for __aeabi_memcpy
    network.o(.text) refers to lwiplib.o(.text) for lwIPInit
    network.o(.text) refers to tasks.o(.text) for vTaskDelay
[...]
    __main_after_scatterload                 0x00000281   Thumb Code     0  entry5.o(.ARM.Collect$$$$00000004)
    _main_clock                              0x00000281   Thumb Code     0  entry7b.o(.ARM.Collect$$$$00000008)
    _main_cpp_init                           0x00000281   Thumb Code     0  entry8b.o(.ARM.Collect$$$$0000000A)
    _main_init                               0x00000281   Thumb Code     0  entry9a.o(.ARM.Collect$$$$0000000B)
    __rt_lib_shutdown_fini                   0x00000289   Thumb Code     0  entry12b.o(.ARM.Collect$$$$0000000E)
    __rt_final_cpp                           0x0000028d   Thumb Code     0  entry10a.o(.ARM.Collect$$$$0000000F)
    __rt_final_exit                          0x0000028d   Thumb Code     0  entry11a.o(.ARM.Collect$$$$00000011)
    CPUcpsid                                 0x00000291   Thumb Code     8  cpu.o(.emb_text)
    CPUprimask                               0x00000299   Thumb Code     6  cpu.o(.emb_text)
    CPUcpsie                                 0x0000029f   Thumb Code     8  cpu.o(.emb_text)
    CPUwfi                                   0x000002a7   Thumb Code     4  cpu.o(.emb_text)
    CPUbasepriSet                            0x000002ab   Thumb Code     6  cpu.o(.emb_text)
    CPUbasepriGet                            0x000002b1   Thumb Code     6  cpu.o(.emb_text)
    SysCtlDelay                              0x000002b9   Thumb Code     6  sysctl.o(.emb_text)
    vPortSVCHandler                          0x000002c1   Thumb Code    28  port.o(.emb_text)
    vPortStartFirstTask                      0x000002e1   Thumb Code    16  port.o(.emb_text)
    xPortPendSVHandler                       0x000002f5   Thumb Code    56  port.o(.emb_text)
    vPortSetInterruptMask                    0x00000331   Thumb Code    14  port.o(.emb_text)
    vPortClearInterruptMask                  0x0000033f   Thumb Code    14  port.o(.emb_text)
    main                                     0x00000359   Thumb Code    40  main.o(.text)
    vApplicationStackOverflowHook            0x00000381   Thumb Code    16  main.o(.text)
    deviceDebugHander                        0x00000391   Thumb Code     2  main.o(.text)
    modbusCRC                                0x000003d9   Thumb Code    50  mb_cvt.o(.text)
    modbusBufferAllocateADU                  0x0000040b   Thumb Code    50  mb_cvt.o(.text)
    modbusBufferFree                         0x0000043d   Thumb Code     6  mb_cvt.o(.text)
    modbusDefaultAllocator                   0x00000443   Thumb Code    42  mb_cvt.o(.text)
    modbusBufferInit                         0x0000046d   Thumb Code    14  mb_cvt.o(.text)
    modbusBufferDestroy                      0x0000047b   Thumb Code     2  mb_cvt.o(.text)
    modbusSlaveInit                          0x0000047d   Thumb Code    26  mb_cvt.o(.text)
    modbusSlaveDestroy                       0x00000497   Thumb Code     6  mb_cvt.o(.text)
    modbusBuildException                     0x0000049d   Thumb Code    46  mb_cvt.o(.text)
    modbusBuildExceptionPDU                  0x000004cb   Thumb Code    28  mb_cvt.o(.text)
    modbusBuildExceptionRTU                  0x000004e7   Thumb Code    82  mb_cvt.o(.text)
    modbusBuildExceptionTCP                  0x00000539   Thumb Code    84  mb_cvt.o(.text)
    modbusParseRequest                       0x0000058d   Thumb Code    60  mb_cvt.o(.text)
    modbusParseRequestPDU                    0x000005c9   Thumb Code    20  mb_cvt.o(.text)
    modbusParseRequestRTU                    0x000005dd   Thumb Code   194  mb_cvt.o(.text)
    modbusParseRequestTCP                    0x0000069f   Thumb Code   192  mb_cvt.o(.text)
    modbusParseRequest01020304               0x0000075f   Thumb Code   334  mb_cvt.o(.text)
    modbusParseRequest0506                   0x000008ad   Thumb Code   196  mb_cvt.o(.text)
    modbusParseRequest1516                   0x00000971   Thumb Code   330  mb_cvt.o(.text)
    modbusParseRequest22                     0x00000abb   Thumb Code   234  mb_cvt.o(.text)
    modbusMasterInit                         0x00000ba5   Thumb Code    24  mb_cvt.o(.text)
    modbusMasterDestroy                      0x00000bbd   Thumb Code     6  mb_cvt.o(.text)
    modbusBeginRequestPDU                    0x00000bc3   Thumb Code    10  mb_cvt.o(.text)
    modbusEndRequestPDU                      0x00000bcd   Thumb Code     4  mb_cvt.o(.text)
    modbusBeginRequestRTU                    0x00000bd1   Thumb Code    12  mb_cvt.o(.text)
    modbusEndRequestRTU                      0x00000bdd   Thumb Code    52  mb_cvt.o(.text)
    modbusBeginRequestTCP                    0x00000c11   Thumb Code    10  mb_cvt.o(.text)
    modbusEndRequestTCP                      0x00000c1b   Thumb Code    60  mb_cvt.o(.text)
    modbusParseResponsePDU                   0x00000c57   Thumb Code   148  mb_cvt.o(.text)
    modbusParseResponseRTU                   0x00000ceb   Thumb Code   204  mb_cvt.o(.text)
    modbusParseResponseTCP                   0x00000db7   Thumb Code   244  mb_cvt.o(.text)
    modbusParseResponse01020304              0x00000eab   Thumb Code   254  mb_cvt.o(.text)
    modbusParseResponse0506                  0x00000fa9   Thumb Code    78  mb_cvt.o(.text)
    modbusParseResponse1516                  0x00000ff7   Thumb Code   138  mb_cvt.o(.text)
    modbusParseResponse22                    0x00001081   Thumb Code    68  mb_cvt.o(.text)
    modbusBuildRequest01020304               0x000010c5   Thumb Code   116  mb_cvt.o(.text)
    modbusBuildRequest0506                   0x00001139   Thumb Code    72  mb_cvt.o(.text)
    modbusBuildRequest15                     0x00001181   Thumb Code   178  mb_cvt.o(.text)
    modbusBuildRequest16                     0x00001233   Thumb Code   126  mb_cvt.o(.text)
    modbusBuildRequest22                     0x000012b1   Thumb Code    66  mb_cvt.o(.text)
    modbusErrorStr                           0x000012f3   Thumb Code    78  mb_cvt.o(.text)
    modbusErrorSourceStr                     0x00001341   Thumb Code    34  mb_cvt.o(.text)
    modbusExceptionCodeStr                   0x00001363   Thumb Code    48  mb_cvt.o(.text)
    modbusDataTypeStr                        0x00001393   Thumb Code    36  mb_cvt.o(.text)
    modbusRegisterQueryStr                   0x000013b7   Thumb Code    34  mb_cvt.o(.text)
    UARTIntHandler                           0x000013d9   Thumb Code    48  mb_cvt.o(.text)
    rtu_recv                                 0x00001409   Thumb Code   956  mb_cvt.o(.text)
    rtu_send                                 0x000017c5   Thumb Code    26  mb_cvt.o(.text)
    registerCallback                         0x000017df   Thumb Code     4  mb_cvt.o(.text)
    exceptionCallback                        0x000017e3   Thumb Code     4  mb_cvt.o(.text)
    printErrorInfo                           0x000017e7   Thumb Code    50  mb_cvt.o(.text)
    printResponse                            0x00001819   Thumb Code    28  mb_cvt.o(.text)
    rtu_send_msg_pre                         0x00001835   Thumb Code    54  mb_cvt.o(.text)
    myAllocator                              0x0000186b   Thumb Code    28  mb_cvt.o(.text)
    dataCallback                             0x00001887   Thumb Code     4  mb_cvt.o(.text)
    masterExceptionCallback                  0x0000188b   Thumb Code     4  mb_cvt.o(.text)
    modbus_init                              0x00001dd3   Thumb Code    36  mb_cvt.o(.text)
    FIFO_Create                              0x00001ea9   Thumb Code    32  fifo.o(.text)
    FIFO_Destroy                             0x00001ec9   Thumb Code     2  fifo.o(.text)
    FIFO_Reset                               0x00001ecb   Thumb Code    24  fifo.o(.text)
    FIFO_Push                                0x00001ee3   Thumb Code    62  fifo.o(.text)
    FIFO_Pop                                 0x00001f21   Thumb Code    62  fifo.o(.text)
    FIFO_GetCount                            0x00001f5f   Thumb Code     6  fifo.o(.text)
    FIFO_Recv                                0x00001f65   Thumb Code    48  fifo.o(.text)
    FIFO_EnableProtect                       0x00001f95   Thumb Code    16  fifo.o(.text)
    FIFO_DisableProtect                      0x00001fa5   Thumb Code     8  fifo.o(.text)
    FIFO_RewindHead                          0x00001fad   Thumb Code    56  fifo.o(.text)
    FIFO_IsEnablePush                        0x00001fe5   Thumb Code    42  fifo.o(.text)
    FIFO_IsEmpty                             0x0000200f   Thumb Code    14  fifo.o(.text)
    FIFO_IsFull                              0x0000201d   Thumb Code    16  fifo.o(.text)
    FIFO_ProbeFirst                          0x0000202d   Thumb Code    22  fifo.o(.text)
    FIFO_ProbeLast                           0x00002043   Thumb Code    22  fifo.o(.text)
    BSP_Init                                 0x00002059   Thumb Code    62  bsp.o(.text)
    EthernetInitExpClk                       0x000020b9   Thumb Code    12  ethernet.o(.text)
    EthernetConfigSet                        0x000020c5   Thumb Code    42  ethernet.o(.text)
    EthernetConfigGet                        0x000020ef   Thumb Code    24  ethernet.o(.text)
    EthernetMACAddrSet                       0x00002107   Thumb Code    52  ethernet.o(.text)
    EthernetMACAddrGet                       0x0000213b   Thumb Code    48  ethernet.o(.text)
    EthernetEnable                           0x0000216b   Thumb Code    34  ethernet.o(.text)
    EthernetDisable                          0x0000218d   Thumb Code    34  ethernet.o(.text)
    EthernetPacketAvail                      0x000021af   Thumb Code    10  ethernet.o(.text)
    EthernetSpaceAvail                       0x000021b9   Thumb Code    10  ethernet.o(.text)
    EthernetPacketGetNonBlocking             0x0000223f   Thumb Code    12  ethernet.o(.text)
    EthernetPacketGet                        0x0000224b   Thumb Code     8  ethernet.o(.text)
    EthernetPacketPutNonBlocking             0x000022c5   Thumb Code    12  ethernet.o(.text)
    EthernetPacketPut                        0x000022d1   Thumb Code     8  ethernet.o(.text)
    EthernetIntRegister                      0x000022d9   Thumb Code    18  ethernet.o(.text)
    EthernetIntUnregister                    0x000022eb   Thumb Code    18  ethernet.o(.text)
    EthernetIntEnable                        0x000022fd   Thumb Code     8  ethernet.o(.text)
    EthernetIntDisable                       0x00002305   Thumb Code     8  ethernet.o(.text)
    EthernetIntStatus                        0x0000230d   Thumb Code    14  ethernet.o(.text)
    EthernetIntClear                         0x0000231b   Thumb Code     4  ethernet.o(.text)
    EthernetPHYAddrSet                       0x0000231f   Thumb Code    10  ethernet.o(.text)
    EthernetPHYWrite                         0x00002329   Thumb Code    26  ethernet.o(.text)
    EthernetPHYRead                          0x00002343   Thumb Code    26  ethernet.o(.text)
    EthernetPHYPowerOff                      0x0000235d   Thumb Code    28  ethernet.o(.text)
    EthernetPHYPowerOn                       0x00002379   Thumb Code    28  ethernet.o(.text)
    GPIODirModeSet                           0x0000245f   Thumb Code    38  gpio.o(.text)
    GPIODirModeGet                           0x00002485   Thumb Code    38  gpio.o(.text)
    GPIOIntTypeSet                           0x000024ab   Thumb Code    56  gpio.o(.text)
    GPIOIntTypeGet                           0x000024e3   Thumb Code    52  gpio.o(.text)
    GPIOPadConfigSet                         0x00002517   Thumb Code   164  gpio.o(.text)
    GPIOPadConfigGet                         0x000025bb   Thumb Code   126  gpio.o(.text)
    GPIOPinIntEnable                         0x00002639   Thumb Code    12  gpio.o(.text)
    GPIOPinIntDisable                        0x00002645   Thumb Code    12  gpio.o(.text)
    GPIOPinIntStatus                         0x00002651   Thumb Code    14  gpio.o(.text)
    GPIOPinIntClear                          0x0000265f   Thumb Code     6  gpio.o(.text)
    GPIOPortIntRegister                      0x00002665   Thumb Code    26  gpio.o(.text)
    GPIOPortIntUnregister                    0x0000267f   Thumb Code    22  gpio.o(.text)
    GPIOPinRead                              0x00002695   Thumb Code     6  gpio.o(.text)
    GPIOPinWrite                             0x0000269b   Thumb Code     6  gpio.o(.text)
    GPIOPinTypeADC                           0x000026a1   Thumb Code    26  gpio.o(.text)
    GPIOPinTypeCAN                           0x000026bb   Thumb Code    26  gpio.o(.text)
    GPIOPinTypeComparator                    0x000026d5   Thumb Code    26  gpio.o(.text)
    GPIOPinTypeEPI                           0x000026ef   Thumb Code    26  gpio.o(.text)
    GPIOPinTypeEthernetLED                   0x00002709   Thumb Code    26  gpio.o(.text)
    GPIOPinTypeEthernetMII                   0x00002723   Thumb Code    26  gpio.o(.text)
    GPIOPinTypeFan                           0x0000273d   Thumb Code    26  gpio.o(.text)
    GPIOPinTypeGPIOInput                     0x00002757   Thumb Code    26  gpio.o(.text)
    GPIOPinTypeGPIOOutput                    0x00002771   Thumb Code    44  gpio.o(.text)
    GPIOPinTypeGPIOOutputOD                  0x0000279d   Thumb Code    26  gpio.o(.text)
    GPIOPinTypeI2C                           0x000027b7   Thumb Code    26  gpio.o(.text)
    GPIOPinTypeI2CSCL                        0x000027d1   Thumb Code    44  gpio.o(.text)
    GPIOPinTypeI2S                           0x000027fd   Thumb Code    26  gpio.o(.text)
    GPIOPinTypeLPC                           0x00002817   Thumb Code    26  gpio.o(.text)
    GPIOPinTypePECIRx                        0x00002831   Thumb Code    26  gpio.o(.text)
    GPIOPinTypePECITx                        0x0000284b   Thumb Code    26  gpio.o(.text)
    GPIOPinTypePWM                           0x00002865   Thumb Code    26  gpio.o(.text)
    GPIOPinTypeQEI                           0x0000287f   Thumb Code    26  gpio.o(.text)
    GPIOPinTypeSSI                           0x00002899   Thumb Code    26  gpio.o(.text)
    GPIOPinTypeTimer                         0x000028b3   Thumb Code    26  gpio.o(.text)
    GPIOPinTypeUART                          0x000028cd   Thumb Code    26  gpio.o(.text)
    GPIOPinTypeUSBAnalog                     0x000028e7   Thumb Code    26  gpio.o(.text)
    GPIOPinTypeUSBDigital                    0x00002901   Thumb Code    26  gpio.o(.text)
    GPIOPinConfigure                         0x0000291b   Thumb Code    58  gpio.o(.text)
    GPIODMATriggerEnable                     0x00002955   Thumb Code    12  gpio.o(.text)
    GPIODMATriggerDisable                    0x00002961   Thumb Code    12  gpio.o(.text)
    GPIOADCTriggerEnable                     0x0000296d   Thumb Code    12  gpio.o(.text)
    GPIOADCTriggerDisable                    0x00002979   Thumb Code    12  gpio.o(.text)
    IntMasterEnable                          0x00002997   Thumb Code    10  interrupt.o(.text)
    IntMasterDisable                         0x000029a1   Thumb Code    10  interrupt.o(.text)
    IntRegister                              0x000029ab   Thumb Code    38  interrupt.o(.text)
    IntUnregister                            0x000029d1   Thumb Code    10  interrupt.o(.text)
    IntPriorityGroupingSet                   0x000029db   Thumb Code    18  interrupt.o(.text)
    IntPriorityGroupingGet                   0x000029ed   Thumb Code    30  interrupt.o(.text)
    IntPrioritySet                           0x00002a0b   Thumb Code    32  interrupt.o(.text)
    IntPriorityGet                           0x00002a2b   Thumb Code    22  interrupt.o(.text)
    IntEnable                                0x00002a41   Thumb Code    88  interrupt.o(.text)
    IntDisable                               0x00002a99   Thumb Code    88  interrupt.o(.text)
    IntIsEnabled                             0x00002af1   Thumb Code    90  interrupt.o(.text)
    IntPendSet                               0x00002b4b   Thumb Code    70  interrupt.o(.text)
    IntPendClear                             0x00002b91   Thumb Code    58  interrupt.o(.text)
    IntPriorityMaskSet                       0x00002bcb   Thumb Code     4  interrupt.o(.text)
    IntPriorityMaskGet                       0x00002bcf   Thumb Code     4  interrupt.o(.text)
    SysCtlSRAMSizeGet                        0x00002be9   Thumb Code    16  sysctl.o(.text)
    SysCtlFlashSizeGet                       0x00002bf9   Thumb Code    14  sysctl.o(.text)
    SysCtlPinPresent                         0x00002c07   Thumb Code    16  sysctl.o(.text)
    SysCtlPeripheralPresent                  0x00002c17   Thumb Code    90  sysctl.o(.text)
    SysCtlPeripheralReady                    0x00002c71   Thumb Code    42  sysctl.o(.text)
    SysCtlPeripheralPowerOn                  0x00002c9b   Thumb Code    42  sysctl.o(.text)
    SysCtlPeripheralPowerOff                 0x00002cc5   Thumb Code    42  sysctl.o(.text)
    SysCtlPeripheralReset                    0x00002cef   Thumb Code   110  sysctl.o(.text)
    SysCtlPeripheralEnable                   0x00002d5d   Thumb Code    70  sysctl.o(.text)
    SysCtlPeripheralDisable                  0x00002da3   Thumb Code    70  sysctl.o(.text)
    SysCtlPeripheralSleepEnable              0x00002de9   Thumb Code    70  sysctl.o(.text)
    SysCtlPeripheralSleepDisable             0x00002e2f   Thumb Code    70  sysctl.o(.text)
    SysCtlPeripheralDeepSleepEnable          0x00002e75   Thumb Code    70  sysctl.o(.text)
    SysCtlPeripheralDeepSleepDisable         0x00002ebb   Thumb Code    70  sysctl.o(.text)
    SysCtlPeripheralClockGating              0x00002f01   Thumb Code    22  sysctl.o(.text)
    SysCtlIntRegister                        0x00002f17   Thumb Code    20  sysctl.o(.text)
    SysCtlIntUnregister                      0x00002f2b   Thumb Code    18  sysctl.o(.text)
    SysCtlIntEnable                          0x00002f3d   Thumb Code    10  sysctl.o(.text)
    SysCtlIntDisable                         0x00002f47   Thumb Code    10  sysctl.o(.text)
    SysCtlIntClear                           0x00002f51   Thumb Code     6  sysctl.o(.text)
    SysCtlIntStatus                          0x00002f57   Thumb Code    12  sysctl.o(.text)
    SysCtlLDOSet                             0x00002f63   Thumb Code     6  sysctl.o(.text)
    SysCtlLDOGet                             0x00002f69   Thumb Code     6  sysctl.o(.text)
    SysCtlLDOConfigSet                       0x00002f6f   Thumb Code     8  sysctl.o(.text)
    SysCtlReset                              0x00002f77   Thumb Code     8  sysctl.o(.text)
    SysCtlSleep                              0x00002f7f   Thumb Code     4  sysctl.o(.text)
    SysCtlDeepSleep                          0x00002f83   Thumb Code    28  sysctl.o(.text)
    SysCtlResetCauseGet                      0x00002f9f   Thumb Code     6  sysctl.o(.text)
    SysCtlResetCauseClear                    0x00002fa5   Thumb Code    10  sysctl.o(.text)
    SysCtlBrownOutConfigSet                  0x00002faf   Thumb Code    10  sysctl.o(.text)
    SysCtlMOSCConfigSet                      0x00002fb9   Thumb Code     6  sysctl.o(.text)
    SysCtlPIOSCCalibrate                     0x00002fbf   Thumb Code   124  sysctl.o(.text)
    SysCtlClockSet                           0x0000303b   Thumb Code   288  sysctl.o(.text)
    SysCtlClockGet                           0x0000315b   Thumb Code   412  sysctl.o(.text)
    SysCtlDeepSleepClockSet                  0x000032f7   Thumb Code     8  sysctl.o(.text)
    SysCtlPWMClockSet                        0x000032ff   Thumb Code    14  sysctl.o(.text)
    SysCtlPWMClockGet                        0x0000330d   Thumb Code    20  sysctl.o(.text)
    SysCtlADCSpeedSet                        0x00003321   Thumb Code    32  sysctl.o(.text)
    SysCtlADCSpeedGet                        0x00003341   Thumb Code    12  sysctl.o(.text)
    SysCtlIOSCVerificationSet                0x0000334d   Thumb Code    22  sysctl.o(.text)
    SysCtlMOSCVerificationSet                0x00003363   Thumb Code    22  sysctl.o(.text)
    SysCtlPLLVerificationSet                 0x00003379   Thumb Code    22  sysctl.o(.text)
    SysCtlClkVerificationClear               0x0000338f   Thumb Code    16  sysctl.o(.text)
    SysCtlGPIOAHBEnable                      0x0000339f   Thumb Code    12  sysctl.o(.text)
    SysCtlGPIOAHBDisable                     0x000033ab   Thumb Code    12  sysctl.o(.text)
    SysCtlUSBPLLEnable                       0x000033b7   Thumb Code    12  sysctl.o(.text)
    SysCtlUSBPLLDisable                      0x000033c3   Thumb Code    12  sysctl.o(.text)
    SysCtlI2SMClkSet                         0x000033cf   Thumb Code   246  sysctl.o(.text)
    UARTParityModeSet                        0x000034e5   Thumb Code    12  uart.o(.text)
    UARTParityModeGet                        0x000034f1   Thumb Code     8  uart.o(.text)
    UARTFIFOLevelSet                         0x000034f9   Thumb Code     6  uart.o(.text)
    UARTFIFOLevelGet                         0x000034ff   Thumb Code    16  uart.o(.text)
    UARTEnable                               0x0000350f   Thumb Code    20  uart.o(.text)
    UARTDisable                              0x00003523   Thumb Code    26  uart.o(.text)
    UARTConfigSetExpClk                      0x0000353d   Thumb Code    70  uart.o(.text)
    UARTConfigGetExpClk                      0x00003583   Thumb Code    38  uart.o(.text)
    UARTFIFOEnable                           0x000035a9   Thumb Code    10  uart.o(.text)
    UARTFIFODisable                          0x000035b3   Thumb Code    10  uart.o(.text)
    UARTEnableSIR                            0x000035bd   Thumb Code    20  uart.o(.text)
    UARTDisableSIR                           0x000035d1   Thumb Code    10  uart.o(.text)
    UARTSmartCardEnable                      0x000035db   Thumb Code    22  uart.o(.text)
    UARTSmartCardDisable                     0x000035f1   Thumb Code    10  uart.o(.text)
    UARTModemControlSet                      0x000035fb   Thumb Code    12  uart.o(.text)
    UARTModemControlClear                    0x00003607   Thumb Code    12  uart.o(.text)
    UARTModemControlGet                      0x00003613   Thumb Code     8  uart.o(.text)
    UARTModemStatusGet                       0x0000361b   Thumb Code    10  uart.o(.text)
    UARTFlowControlSet                       0x00003625   Thumb Code    12  uart.o(.text)
    UARTFlowControlGet                       0x00003631   Thumb Code     8  uart.o(.text)
    UARTTxIntModeSet                         0x00003639   Thumb Code    12  uart.o(.text)
    UARTTxIntModeGet                         0x00003645   Thumb Code     8  uart.o(.text)
    UARTCharsAvail                           0x0000364d   Thumb Code    10  uart.o(.text)
    UARTSpaceAvail                           0x00003657   Thumb Code    10  uart.o(.text)
    UARTCharGetNonBlocking                   0x00003661   Thumb Code    16  uart.o(.text)
    UARTCharGet                              0x00003671   Thumb Code    10  uart.o(.text)
    UARTCharPutNonBlocking                   0x0000367b   Thumb Code    16  uart.o(.text)
    UARTCharPut                              0x0000368b   Thumb Code    10  uart.o(.text)
    UARTBreakCtl                             0x00003695   Thumb Code    20  uart.o(.text)
    UARTBusy                                 0x000036a9   Thumb Code     8  uart.o(.text)
    UARTIntRegister                          0x000036b1   Thumb Code    26  uart.o(.text)
    UARTIntUnregister                        0x000036cb   Thumb Code    22  uart.o(.text)
    UARTIntEnable                            0x000036e1   Thumb Code     8  uart.o(.text)
    UARTIntDisable                           0x000036e9   Thumb Code     8  uart.o(.text)
    UARTIntStatus                            0x000036f1   Thumb Code    10  uart.o(.text)
    UARTIntClear                             0x000036fb   Thumb Code     4  uart.o(.text)
    UARTDMAEnable                            0x000036ff   Thumb Code     8  uart.o(.text)
    UARTDMADisable                           0x00003707   Thumb Code     8  uart.o(.text)
    UARTRxErrorGet                           0x0000370f   Thumb Code     8  uart.o(.text)
    UARTRxErrorClear                         0x00003717   Thumb Code     6  uart.o(.text)
    UARTClockSourceSet                       0x0000371d   Thumb Code     6  uart.o(.text)
    UARTClockSourceGet                       0x00003723   Thumb Code     6  uart.o(.text)
    UART9BitEnable                           0x00003729   Thumb Code    12  uart.o(.text)
    UART9BitDisable                          0x00003735   Thumb Code    12  uart.o(.text)
    UART9BitAddrSet                          0x00003741   Thumb Code     8  uart.o(.text)
    UART9BitAddrSend                         0x00003749   Thumb Code    34  uart.o(.text)
    lwIPInit                                 0x00003881   Thumb Code    54  lwiplib.o(.text)
    lwIPEthernetIntHandler                   0x000038b7   Thumb Code    60  lwiplib.o(.text)
    lwIPLocalIPAddrGet                       0x000038f3   Thumb Code     6  lwiplib.o(.text)
    lwIPLocalNetMaskGet                      0x000038f9   Thumb Code     6  lwiplib.o(.text)
    lwIPLocalGWAddrGet                       0x000038ff   Thumb Code     6  lwiplib.o(.text)
    lwIPLocalMACGet                          0x00003905   Thumb Code     8  lwiplib.o(.text)
    lwIPNetworkConfigChange                  0x00003941   Thumb Code    22  lwiplib.o(.text)
    ustrncpy                                 0x00003995   Thumb Code    36  ustdlib.o(.text)
    uvsnprintf                               0x000039b9   Thumb Code   576  ustdlib.o(.text)
    usprintf                                 0x00003bf9   Thumb Code    22  ustdlib.o(.text)
    usnprintf                                0x00003c0f   Thumb Code    14  ustdlib.o(.text)
    ulocaltime                               0x00003c1d   Thumb Code   162  ustdlib.o(.text)
    umktime                                  0x00003d11   Thumb Code    54  ustdlib.o(.text)
    ustrtoul                                 0x00003d47   Thumb Code   158  ustdlib.o(.text)
    ustrlen                                  0x00003de5   Thumb Code    16  ustdlib.o(.text)
    ustrncmp                                 0x00003df5   Thumb Code    46  ustdlib.o(.text)
    ustrstr                                  0x00003e23   Thumb Code    42  ustdlib.o(.text)
    ustrnicmp                                0x00003e4d   Thumb Code    88  ustdlib.o(.text)
    ustrcasecmp                              0x00003ea5   Thumb Code     6  ustdlib.o(.text)
    ustrcmp                                  0x00003eab   Thumb Code     6  ustdlib.o(.text)
    usrand                                   0x00003eb1   Thumb Code     6  ustdlib.o(.text)
    urand                                    0x00003eb7   Thumb Code    16  ustdlib.o(.text)
    UARTStdioInitExpClk                      0x00003ed5   Thumb Code    72  uartstdio.o(.text)
    UARTStdioInit                            0x00003f1d   Thumb Code     6  uartstdio.o(.text)
    UARTwrite                                0x00003f23   Thumb Code    46  uartstdio.o(.text)
    UARTgets                                 0x00003f51   Thumb Code   104  uartstdio.o(.text)
    UARTgetc                                 0x00003fb9   Thumb Code    14  uartstdio.o(.text)
    UARTprintf                               0x00003fc7   Thumb Code   434  uartstdio.o(.text)
    stringtoip                               0x00004195   Thumb Code    50  network.o(.text)
    lwIP_init                                0x000041c7   Thumb Code   182  network.o(.text)
    NetServerInit                            0x00004289   Thumb Code    68  network.o(.text)
    sys_mbox_new                             0x000043d5   Thumb Code    56  sys_arch.o(.text)
    sys_mbox_free                            0x0000440d   Thumb Code    42  sys_arch.o(.text)
    sys_mbox_post                            0x00004437   Thumb Code    26  sys_arch.o(.text)
    sys_mbox_trypost                         0x00004451   Thumb Code    64  sys_arch.o(.text)
    sys_mbox_trypost_fromisr                 0x00004491   Thumb Code     2  sys_arch.o(.text)
    sys_arch_mbox_fetch                      0x00004493   Thumb Code    92  sys_arch.o(.text)
    sys_arch_mbox_tryfetch                   0x000044ef   Thumb Code    48  sys_arch.o(.text)
    sys_sem_new                              0x0000451f   Thumb Code    96  sys_arch.o(.text)
    sys_arch_sem_wait                        0x0000457f   Thumb Code    76  sys_arch.o(.text)
    sys_mutex_new                            0x000045cb   Thumb Code    60  sys_arch.o(.text)
    sys_mutex_lock                           0x00004607   Thumb Code    26  sys_arch.o(.text)
    sys_mutex_unlock                         0x00004621   Thumb Code    12  sys_arch.o(.text)
    sys_mutex_free                           0x0000462d   Thumb Code    16  sys_arch.o(.text)
    sys_sem_signal                           0x0000463d   Thumb Code    38  sys_arch.o(.text)
    sys_sem_free                             0x00004663   Thumb Code    16  sys_arch.o(.text)
    sys_init                                 0x00004673   Thumb Code     2  sys_arch.o(.text)
    sys_now                                  0x00004675   Thumb Code     4  sys_arch.o(.text)
    sys_thread_new                           0x00004679   Thumb Code    50  sys_arch.o(.text)
    sys_arch_protect                         0x000046ab   Thumb Code    16  sys_arch.o(.text)
    sys_arch_unprotect                       0x000046bb   Thumb Code    14  sys_arch.o(.text)
    sys_assert                               0x000046c9   Thumb Code     2  sys_arch.o(.text)
    stellarisif_init                         0x000048b5   Thumb Code   138  stellarisif.o(.text)
    stellarisif_interrupt                    0x0000493f   Thumb Code   106  stellarisif.o(.text)
    etharp_tmr                               0x000049dd   Thumb Code    50  etharp.o(.text)
    etharp_cleanup_netif                     0x00004afb   Thumb Code    58  etharp.o(.text)
    etharp_find_addr                         0x00004b35   Thumb Code    52  etharp.o(.text)
    etharp_request                           0x00004c61   Thumb Code    32  etharp.o(.text)
    etharp_query                             0x00004c81   Thumb Code   316  etharp.o(.text)
    etharp_output                            0x00004dbd   Thumb Code   220  etharp.o(.text)
    ethernet_input                           0x00004e99   Thumb Code   108  etharp.o(.text)
    pvPortMalloc                             0x00005089   Thumb Code   170  heap_2.o(.text)
    vPortFree                                0x00005133   Thumb Code    56  heap_2.o(.text)
    xPortGetFreeHeapSize                     0x0000516b   Thumb Code     6  heap_2.o(.text)
    vPortInitialiseBlocks                    0x00005171   Thumb Code     2  heap_2.o(.text)
    vListInitialise                          0x0000517d   Thumb Code    22  list.o(.text)
    vListInitialiseItem                      0x00005193   Thumb Code     6  list.o(.text)
    vListInsertEnd                           0x00005199   Thumb Code    28  list.o(.text)
    vListInsert                              0x000051b5   Thumb Code    48  list.o(.text)
    vListRemove                              0x000051e5   Thumb Code    36  list.o(.text)
    pxPortInitialiseStack                    0x00005209   Thumb Code    28  port.o(.text)
    xPortStartScheduler                      0x00005225   Thumb Code    48  port.o(.text)
    vPortEndScheduler                        0x00005255   Thumb Code     2  port.o(.text)
    vPortYieldFromISR                        0x00005257   Thumb Code    12  port.o(.text)
    vPortEnterCritical                       0x00005263   Thumb Code    16  port.o(.text)
    vPortExitCritical                        0x00005273   Thumb Code    16  port.o(.text)
    xPortSysTickHandler                      0x00005283   Thumb Code    28  port.o(.text)
    xQueueGenericCreate                      0x000052a9   Thumb Code   100  queue.o(.text)
    xQueueGenericSend                        0x000053cb   Thumb Code   214  queue.o(.text)
    xQueueCreateMutex                        0x000054a1   Thumb Code    68  queue.o(.text)
    xQueueGenericSendFromISR                 0x000054e5   Thumb Code    82  queue.o(.text)
    xQueueGenericReceive                     0x0000555f   Thumb Code   268  queue.o(.text)
    xQueueReceiveFromISR                     0x0000566b   Thumb Code    78  queue.o(.text)
    uxQueueMessagesWaiting                   0x000056b9   Thumb Code    18  queue.o(.text)
    uxQueueMessagesWaitingFromISR            0x000056cb   Thumb Code     4  queue.o(.text)
    vQueueDelete                             0x000056cf   Thumb Code    50  queue.o(.text)
    xQueueIsQueueEmptyFromISR                0x00005701   Thumb Code    12  queue.o(.text)
    xQueueIsQueueFullFromISR                 0x0000570d   Thumb Code    16  queue.o(.text)
    vQueueAddToRegistry                      0x0000571d   Thumb Code    32  queue.o(.text)
    xTaskGenericCreate                       0x00005741   Thumb Code   354  tasks.o(.text)
    vTaskDelete                              0x000058a3   Thumb Code    92  tasks.o(.text)
    vTaskIncrementTick                       0x000058ff   Thumb Code   150  tasks.o(.text)
    xTaskResumeAll                           0x00005995   Thumb Code   160  tasks.o(.text)
    vTaskSuspendAll                          0x00005a65   Thumb Code    10  tasks.o(.text)
    vTaskDelayUntil                          0x00005a6f   Thumb Code    78  tasks.o(.text)
    vTaskDelay                               0x00005abd   Thumb Code    48  tasks.o(.text)
    uxTaskPriorityGet                        0x00005aed   Thumb Code    24  tasks.o(.text)
    vTaskPrioritySet                         0x00005b05   Thumb Code   144  tasks.o(.text)
    vTaskSwitchContext                       0x00005b95   Thumb Code   134  tasks.o(.text)
    vTaskSuspend                             0x00005c1b   Thumb Code    96  tasks.o(.text)
    xTaskIsTaskSuspended                     0x00005c7b   Thumb Code    28  tasks.o(.text)
    vTaskResume                              0x00005c97   Thumb Code    84  tasks.o(.text)
    xTaskResumeFromISR                       0x00005ceb   Thumb Code    92  tasks.o(.text)
    vTaskStartScheduler                      0x00005d59   Thumb Code    50  tasks.o(.text)
    vTaskEndScheduler                        0x00005d8b   Thumb Code    20  tasks.o(.text)
    xTaskGetTickCount                        0x00005d9f   Thumb Code    18  tasks.o(.text)
    xTaskGetTickCountFromISR                 0x00005db1   Thumb Code    18  tasks.o(.text)
    uxTaskGetNumberOfTasks                   0x00005dc3   Thumb Code     6  tasks.o(.text)
    vTaskPlaceOnEventList                    0x00005dc9   Thumb Code    50  tasks.o(.text)
    xTaskRemoveFromEventList                 0x00005dfb   Thumb Code    80  tasks.o(.text)
    vTaskSetTimeOutState                     0x00005e4b   Thumb Code    12  tasks.o(.text)
    xTaskCheckForTimeOut                     0x00005e57   Thumb Code    72  tasks.o(.text)
    vTaskMissedYield                         0x00005e9f   Thumb Code     8  tasks.o(.text)
    uxTaskGetStackHighWaterMark              0x00005ea7   Thumb Code    28  tasks.o(.text)
    xTaskGetCurrentTaskHandle                0x00005ec3   Thumb Code     6  tasks.o(.text)
    vTaskPriorityInherit                     0x00005ec9   Thumb Code    90  tasks.o(.text)
    vTaskPriorityDisinherit                  0x00005f23   Thumb Code    64  tasks.o(.text)
    netconn_new_with_proto_and_callback      0x00005fd1   Thumb Code    66  api_lib_1.o(.text)
    netconn_prepare_delete                   0x00006013   Thumb Code    28  api_lib_1.o(.text)
    netconn_delete                           0x0000602f   Thumb Code    30  api_lib_1.o(.text)
    netconn_getaddr                          0x0000604d   Thumb Code    42  api_lib_1.o(.text)
    netconn_bind                             0x00006077   Thumb Code    36  api_lib_1.o(.text)
    netconn_bind_if                          0x0000609b   Thumb Code    28  api_lib_1.o(.text)
    netconn_connect                          0x000060b7   Thumb Code    36  api_lib_1.o(.text)
    netconn_disconnect                       0x000060db   Thumb Code    24  api_lib_1.o(.text)
    netconn_listen_with_backlog              0x000060f3   Thumb Code    24  api_lib_1.o(.text)
    netconn_err                              0x0000610b   Thumb Code    30  api_lib_1.o(.text)
    netconn_accept                           0x00006129   Thumb Code   136  api_lib_1.o(.text)
    netconn_tcp_recvd                        0x0000625b   Thumb Code    30  api_lib_1.o(.text)
    netconn_recv_tcp_pbuf                    0x0000630b   Thumb Code    22  api_lib_1.o(.text)
    netconn_recv_tcp_pbuf_flags              0x00006321   Thumb Code    26  api_lib_1.o(.text)
    netconn_recv_udp_raw_netbuf              0x0000633b   Thumb Code    22  api_lib_1.o(.text)
    netconn_recv_udp_raw_netbuf_flags        0x00006351   Thumb Code    24  api_lib_1.o(.text)
    netconn_recv                             0x00006369   Thumb Code    82  api_lib_1.o(.text)
    netconn_send                             0x000063bb   Thumb Code    68  api_lib_1.o(.text)
    netconn_sendto                           0x000063ff   Thumb Code    18  api_lib_1.o(.text)
    netconn_write_vectors_partly             0x00006411   Thumb Code   138  api_lib_1.o(.text)
    netconn_write_partly                     0x0000649b   Thumb Code    20  api_lib_1.o(.text)
    netconn_close                            0x000064af   Thumb Code     6  api_lib_1.o(.text)
    netconn_shutdown                         0x000064b5   Thumb Code    14  api_lib_1.o(.text)
    lwip_netconn_is_err_msg                  0x00006529   Thumb Code    42  api_msg_1.o(.text)
    netconn_free                             0x00006a33   Thumb Code    26  api_msg_1.o(.text)
    netconn_alloc                            0x00006a4d   Thumb Code   102  api_msg_1.o(.text)
    lwip_netconn_do_newconn                  0x00006b87   Thumb Code    64  api_msg_1.o(.text)
    lwip_netconn_do_delconn                  0x00006c59   Thumb Code   142  api_msg_1.o(.text)
    lwip_netconn_do_bind                     0x00006ce7   Thumb Code    38  api_msg_1.o(.text)
    lwip_netconn_do_bind_if                  0x00006d0d   Thumb Code    50  api_msg_1.o(.text)
    lwip_netconn_do_connect                  0x00006d9f   Thumb Code   174  api_msg_1.o(.text)
    lwip_netconn_do_disconnect               0x00006e4d   Thumb Code     6  api_msg_1.o(.text)
    lwip_netconn_do_listen                   0x00006e53   Thumb Code   166  api_msg_1.o(.text)
    lwip_netconn_do_send                     0x00006ef9   Thumb Code    20  api_msg_1.o(.text)
    lwip_netconn_do_recv                     0x00006f0d   Thumb Code    66  api_msg_1.o(.text)
    lwip_netconn_do_write                    0x00006f4f   Thumb Code    88  api_msg_1.o(.text)
    lwip_netconn_do_getaddr                  0x00006fa7   Thumb Code    72  api_msg_1.o(.text)
    lwip_netconn_do_close                    0x00006fef   Thumb Code   112  api_msg_1.o(.text)
    err_to_errno                             0x00007091   Thumb Code    24  err_1.o(.text)
    netbuf_new                               0x000070ad   Thumb Code    24  netbuf_1.o(.text)
    netbuf_delete                            0x000070c5   Thumb Code    34  netbuf_1.o(.text)
    netbuf_alloc                             0x000070e7   Thumb Code    44  netbuf_1.o(.text)
    netbuf_free                              0x00007113   Thumb Code    22  netbuf_1.o(.text)
    netbuf_ref                               0x00007129   Thumb Code    64  netbuf_1.o(.text)
    netbuf_chain                             0x00007169   Thumb Code    38  netbuf_1.o(.text)
    netbuf_data                              0x0000718f   Thumb Code    38  netbuf_1.o(.text)
    netbuf_next                              0x000071b5   Thumb Code    30  netbuf_1.o(.text)
    netbuf_first                             0x000071d3   Thumb Code    10  netbuf_1.o(.text)
    lwip_socket_thread_init                  0x000071dd   Thumb Code     2  sockets_1.o(.text)
    lwip_socket_thread_cleanup               0x000071df   Thumb Code     2  sockets_1.o(.text)
    lwip_socket_dbg_get_socket               0x000071e1   Thumb Code     4  sockets_1.o(.text)
    lwip_accept                              0x0000726f   Thumb Code   288  sockets_1.o(.text)
    lwip_bind                                0x0000738f   Thumb Code    82  sockets_1.o(.text)
    lwip_close                               0x000073e1   Thumb Code    72  sockets_1.o(.text)
    lwip_connect                             0x00007429   Thumb Code   100  sockets_1.o(.text)
    lwip_listen                              0x0000748d   Thumb Code    82  sockets_1.o(.text)
    lwip_recvfrom                            0x000076d7   Thumb Code   208  sockets_1.o(.text)
    lwip_read                                0x000077a7   Thumb Code    14  sockets_1.o(.text)
    lwip_recvmsg                             0x000077b5   Thumb Code   240  sockets_1.o(.text)
    lwip_readv                               0x000078a5   Thumb Code    32  sockets_1.o(.text)
    lwip_recv                                0x000078c5   Thumb Code    14  sockets_1.o(.text)
    lwip_send                                0x000078d3   Thumb Code   112  sockets_1.o(.text)
    lwip_sendmsg                             0x00007943   Thumb Code   156  sockets_1.o(.text)
    lwip_sendto                              0x000079df   Thumb Code   202  sockets_1.o(.text)
    lwip_socket                              0x00007c31   Thumb Code   104  sockets_1.o(.text)
    lwip_write                               0x00007c99   Thumb Code     4  sockets_1.o(.text)
    lwip_writev                              0x00007c9d   Thumb Code    30  sockets_1.o(.text)
    lwip_select                              0x00007e71   Thumb Code   674  sockets_1.o(.text)
    lwip_poll                                0x00008205   Thumb Code   160  sockets_1.o(.text)
    lwip_shutdown                            0x000082a5   Thumb Code   112  sockets_1.o(.text)
    lwip_getpeername                         0x00008387   Thumb Code     4  sockets_1.o(.text)
    lwip_getsockname                         0x0000838b   Thumb Code     4  sockets_1.o(.text)
    lwip_getsockopt                          0x00008523   Thumb Code    84  sockets_1.o(.text)
    lwip_setsockopt                          0x000086e7   Thumb Code    80  sockets_1.o(.text)
    lwip_ioctl                               0x00008737   Thumb Code    68  sockets_1.o(.text)
    lwip_fcntl                               0x0000877b   Thumb Code   146  sockets_1.o(.text)
    lwip_inet_ntop                           0x0000880d   Thumb Code    64  sockets_1.o(.text)
    lwip_inet_pton                           0x0000884d   Thumb Code    36  sockets_1.o(.text)
    tcpip_inpkt                              0x00008967   Thumb Code    64  tcpip_1.o(.text)
    tcpip_input                              0x000089a7   Thumb Code    18  tcpip_1.o(.text)
    tcpip_callback                           0x000089b9   Thumb Code    42  tcpip_1.o(.text)
    tcpip_try_callback                       0x000089e3   Thumb Code    56  tcpip_1.o(.text)
    tcpip_send_msg_wait_sem                  0x00008a1b   Thumb Code    26  tcpip_1.o(.text)
    tcpip_api_call                           0x00008a35   Thumb Code    28  tcpip_1.o(.text)
    tcpip_callbackmsg_new                    0x00008a51   Thumb Code    26  tcpip_1.o(.text)
    tcpip_callbackmsg_delete                 0x00008a6b   Thumb Code     8  tcpip_1.o(.text)
    tcpip_callbackmsg_trycallback            0x00008a73   Thumb Code    10  tcpip_1.o(.text)
    tcpip_callbackmsg_trycallback_fromisr    0x00008a7d   Thumb Code    10  tcpip_1.o(.text)
    tcpip_init                               0x00008a87   Thumb Code    50  tcpip_1.o(.text)
    pbuf_free_callback                       0x00008abd   Thumb Code     6  tcpip_1.o(.text)
    mem_free_callback                        0x00008ac3   Thumb Code     6  tcpip_1.o(.text)
    lwip_htons                               0x00008ae9   Thumb Code     4  def_1.o(.text)
    lwip_htonl                               0x00008aed   Thumb Code     4  def_1.o(.text)
    lwip_strnstr                             0x00008af1   Thumb Code    64  def_1.o(.text)
    lwip_stricmp                             0x00008b31   Thumb Code    46  def_1.o(.text)
    lwip_strnicmp                            0x00008b5f   Thumb Code    50  def_1.o(.text)
    lwip_itoa                                0x00008b91   Thumb Code   100  def_1.o(.text)
    lwip_standard_chksum                     0x00008bf5   Thumb Code    86  inet_chksum_1.o(.text)
    inet_chksum_pseudo                       0x00008c4b   Thumb Code    40  inet_chksum_1.o(.text)
    ip_chksum_pseudo                         0x00008c73   Thumb Code    12  inet_chksum_1.o(.text)
    inet_chksum_pseudo_partial               0x00008c7f   Thumb Code    44  inet_chksum_1.o(.text)
    ip_chksum_pseudo_partial                 0x00008cab   Thumb Code    16  inet_chksum_1.o(.text)
    inet_chksum                              0x00008cbb   Thumb Code    12  inet_chksum_1.o(.text)
    inet_chksum_pbuf                         0x00008cc7   Thumb Code    74  inet_chksum_1.o(.text)
    lwip_init                                0x00008e07   Thumb Code    34  init_1.o(.text)
    mem_init                                 0x00008e29   Thumb Code    62  mem_1.o(.text)
    mem_free                                 0x00008e67   Thumb Code   196  mem_1.o(.text)
    mem_trim                                 0x00008f2b   Thumb Code   258  mem_1.o(.text)
    mem_malloc                               0x0000902d   Thumb Code   280  mem_1.o(.text)
    mem_calloc                               0x00009145   Thumb Code    34  mem_1.o(.text)
    memp_init_pool                           0x000091fd   Thumb Code    46  memp_1.o(.text)
    memp_init                                0x0000922b   Thumb Code    40  memp_1.o(.text)
    memp_malloc_pool                         0x00009297   Thumb Code     8  memp_1.o(.text)
    memp_malloc                              0x0000929f   Thumb Code    16  memp_1.o(.text)
    memp_free_pool                           0x000092af   Thumb Code    14  memp_1.o(.text)
    memp_free                                0x000092bd   Thumb Code    20  memp_1.o(.text)
    netif_init                               0x00009301   Thumb Code     2  netif_1.o(.text)
    netif_input                              0x00009303   Thumb Code    18  netif_1.o(.text)
    netif_set_addr                           0x0000936f   Thumb Code    92  netif_1.o(.text)
    netif_add                                0x000093d1   Thumb Code   148  netif_1.o(.text)
    netif_add_noaddr                         0x00009465   Thumb Code    18  netif_1.o(.text)
    netif_set_ipaddr                         0x00009477   Thumb Code    18  netif_1.o(.text)
    netif_set_netmask                        0x00009489   Thumb Code    16  netif_1.o(.text)
    netif_set_gw                             0x00009499   Thumb Code    16  netif_1.o(.text)
    netif_set_default                        0x000094a9   Thumb Code     6  netif_1.o(.text)
    netif_set_down                           0x000094af   Thumb Code    30  netif_1.o(.text)
    netif_remove                             0x000094cd   Thumb Code    76  netif_1.o(.text)
    netif_set_up                             0x00009519   Thumb Code    26  netif_1.o(.text)
    netif_set_link_up                        0x00009533   Thumb Code    26  netif_1.o(.text)
    netif_set_link_down                      0x0000954d   Thumb Code    22  netif_1.o(.text)
    netif_find                               0x00009563   Thumb Code    60  netif_1.o(.text)
    netif_name_to_index                      0x0000959f   Thumb Code    20  netif_1.o(.text)
    netif_get_by_index                       0x000095b3   Thumb Code    32  netif_1.o(.text)
    netif_index_to_name                      0x000095d3   Thumb Code    38  netif_1.o(.text)
    pbuf_free                                0x0000965f   Thumb Code    86  pbuf_1.o(.text)
    pbuf_alloc_reference                     0x000096b5   Thumb Code    46  pbuf_1.o(.text)
    pbuf_alloc                               0x000096e3   Thumb Code   254  pbuf_1.o(.text)
    pbuf_realloc                             0x000097e1   Thumb Code    82  pbuf_1.o(.text)
    pbuf_add_header                          0x00009879   Thumb Code     4  pbuf_1.o(.text)
    pbuf_add_header_force                    0x0000987d   Thumb Code     4  pbuf_1.o(.text)
    pbuf_remove_header                       0x00009881   Thumb Code    46  pbuf_1.o(.text)
    pbuf_header                              0x000098af   Thumb Code     6  pbuf_1.o(.text)
    pbuf_header_force                        0x000098b5   Thumb Code     6  pbuf_1.o(.text)
    pbuf_free_header                         0x000098bb   Thumb Code    50  pbuf_1.o(.text)
    pbuf_clen                                0x000098ed   Thumb Code    18  pbuf_1.o(.text)
    pbuf_ref                                 0x000098ff   Thumb Code    26  pbuf_1.o(.text)
    pbuf_cat                                 0x00009919   Thumb Code    40  pbuf_1.o(.text)
    pbuf_chain                               0x00009941   Thumb Code    16  pbuf_1.o(.text)
    pbuf_dechain                             0x00009951   Thumb Code    38  pbuf_1.o(.text)
    pbuf_copy                                0x00009977   Thumb Code   142  pbuf_1.o(.text)
    pbuf_copy_partial                        0x00009a05   Thumb Code   114  pbuf_1.o(.text)
    pbuf_get_contiguous                      0x00009a77   Thumb Code    66  pbuf_1.o(.text)
    pbuf_skip                                0x00009ab9   Thumb Code     4  pbuf_1.o(.text)
    pbuf_take                                0x00009abd   Thumb Code    78  pbuf_1.o(.text)
    pbuf_take_at                             0x00009b0b   Thumb Code    84  pbuf_1.o(.text)
    pbuf_clone                               0x00009b5f   Thumb Code    30  pbuf_1.o(.text)
    pbuf_coalesce                            0x00009b7d   Thumb Code    40  pbuf_1.o(.text)
    pbuf_try_get_at                          0x00009ba5   Thumb Code    32  pbuf_1.o(.text)
    pbuf_get_at                              0x00009bc5   Thumb Code    18  pbuf_1.o(.text)
    pbuf_put_at                              0x00009bd7   Thumb Code    30  pbuf_1.o(.text)
    pbuf_memcmp                              0x00009bf5   Thumb Code    90  pbuf_1.o(.text)
    pbuf_memfind                             0x00009c4f   Thumb Code    58  pbuf_1.o(.text)
    pbuf_strstr                              0x00009c89   Thumb Code    50  pbuf_1.o(.text)
    stats_init                               0x00009cf9   Thumb Code     2  stats_1.o(.text)
    tcp_init                                 0x00009cfd   Thumb Code     2  tcp_1.o(.text)
    tcp_free                                 0x00009cff   Thumb Code     8  tcp_1.o(.text)
    tcp_seg_free                             0x00009d07   Thumb Code    28  tcp_1.o(.text)
    tcp_segs_free                            0x00009d23   Thumb Code    18  tcp_1.o(.text)
    tcp_free_ooseq                           0x00009d35   Thumb Code    20  tcp_1.o(.text)
    tcp_pcb_purge                            0x00009d49   Thumb Code    70  tcp_1.o(.text)
    tcp_slowtmr                              0x00009d8f   Thumb Code   702  tcp_1.o(.text)
    tcp_pcb_remove                           0x0000a09d   Thumb Code    80  tcp_1.o(.text)
    tcp_close                                0x0000a1f9   Thumb Code    26  tcp_1.o(.text)
    tcp_update_rcv_ann_wnd                   0x0000a213   Thumb Code    52  tcp_1.o(.text)
    tcp_recved                               0x0000a247   Thumb Code    62  tcp_1.o(.text)
    tcp_recv_null                            0x0000a285   Thumb Code    42  tcp_1.o(.text)
    tcp_process_refused_data                 0x0000a2af   Thumb Code   116  tcp_1.o(.text)
    tcp_fasttmr                              0x0000a323   Thumb Code   104  tcp_1.o(.text)
    tcp_tmr                                  0x0000a38b   Thumb Code    28  tcp_1.o(.text)
    tcp_shutdown                             0x0000a3a7   Thumb Code    84  tcp_1.o(.text)
    tcp_abandon                              0x0000a3fb   Thumb Code   208  tcp_1.o(.text)
    tcp_abort                                0x0000a4cb   Thumb Code     4  tcp_1.o(.text)
    tcp_bind                                 0x0000a525   Thumb Code   166  tcp_1.o(.text)
    tcp_bind_netif                           0x0000a5cb   Thumb Code    12  tcp_1.o(.text)
    tcp_listen_with_backlog_and_err          0x0000a5e5   Thumb Code   196  tcp_1.o(.text)
    tcp_listen_with_backlog                  0x0000a6a9   Thumb Code     4  tcp_1.o(.text)
    tcp_eff_send_mss_netif                   0x0000a6ad   Thumb Code    30  tcp_1.o(.text)
    tcp_next_iss                             0x0000a6cb   Thumb Code    12  tcp_1.o(.text)
    tcp_connect                              0x0000a6d7   Thumb Code   328  tcp_1.o(.text)
    tcp_txnow                                0x0000a81f   Thumb Code    28  tcp_1.o(.text)
    tcp_setprio                              0x0000a83b   Thumb Code     8  tcp_1.o(.text)
    tcp_seg_copy                             0x0000a843   Thumb Code    36  tcp_1.o(.text)
    tcp_alloc                                0x0000a89d   Thumb Code   350  tcp_1.o(.text)
    tcp_new                                  0x0000a9fb   Thumb Code     4  tcp_1.o(.text)
    tcp_new_ip_type                          0x0000a9ff   Thumb Code     4  tcp_1.o(.text)
    tcp_arg                                  0x0000aa03   Thumb Code     8  tcp_1.o(.text)
    tcp_recv                                 0x0000aa0b   Thumb Code    10  tcp_1.o(.text)
    tcp_sent                                 0x0000aa15   Thumb Code    10  tcp_1.o(.text)
    tcp_err                                  0x0000aa1f   Thumb Code    10  tcp_1.o(.text)
    tcp_accept                               0x0000aa29   Thumb Code    14  tcp_1.o(.text)
    tcp_poll                                 0x0000aa37   Thumb Code    12  tcp_1.o(.text)
    tcp_netif_ip_addr_changed                0x0000aa43   Thumb Code    70  tcp_1.o(.text)
    tcp_debug_state_str                      0x0000aa89   Thumb Code     8  tcp_1.o(.text)
    tcp_tcp_get_tcp_addrinfo                 0x0000aa91   Thumb Code    38  tcp_1.o(.text)
    tcp_input                                0x0000b74d   Thumb Code  1090  tcp_in_1.o(.text)
    tcp_trigger_input_pcb_close              0x0000bb8f   Thumb Code    12  tcp_in_1.o(.text)
    tcp_write                                0x0000bcf7   Thumb Code   860  tcp_out_1.o(.text)
    tcp_split_unsent_seg                     0x0000c053   Thumb Code   298  tcp_out_1.o(.text)
    tcp_enqueue_flags                        0x0000c17d   Thumb Code   150  tcp_out_1.o(.text)
    tcp_send_fin                             0x0000c213   Thumb Code    68  tcp_out_1.o(.text)
    tcp_send_empty_ack                       0x0000c419   Thumb Code    70  tcp_out_1.o(.text)
    tcp_output                               0x0000c45f   Thumb Code   496  tcp_out_1.o(.text)
    tcp_rexmit_rto_prepare                   0x0000c64f   Thumb Code   102  tcp_out_1.o(.text)
    tcp_rexmit_rto_commit                    0x0000c6b5   Thumb Code    16  tcp_out_1.o(.text)
    tcp_rexmit_rto                           0x0000c6c5   Thumb Code    22  tcp_out_1.o(.text)
    tcp_rexmit                               0x0000c6db   Thumb Code   100  tcp_out_1.o(.text)
    tcp_rexmit_fast                          0x0000c73f   Thumb Code    92  tcp_out_1.o(.text)
    tcp_rst                                  0x0000c79b   Thumb Code    72  tcp_out_1.o(.text)
    tcp_keepalive                            0x0000c7e3   Thumb Code    48  tcp_out_1.o(.text)
    tcp_zero_window_probe                    0x0000c813   Thumb Code   170  tcp_out_1.o(.text)
    sys_timeout                              0x0000c927   Thumb Code    24  timeouts.o(.text)
    tcp_timer_needed                         0x0000c965   Thumb Code    34  timeouts.o(.text)
    sys_timeouts_init                        0x0000c9b7   Thumb Code    28  timeouts.o(.text)
    sys_untimeout                            0x0000c9d3   Thumb Code    56  timeouts.o(.text)
    sys_check_timeouts                       0x0000ca0b   Thumb Code    60  timeouts.o(.text)
    sys_restart_timeouts                     0x0000ca47   Thumb Code    36  timeouts.o(.text)
    sys_timeouts_sleeptime                   0x0000ca6b   Thumb Code    34  timeouts.o(.text)
    icmp_input                               0x0000caa5   Thumb Code   394  icmp_1.o(.text)
    icmp_dest_unreach                        0x0000cc2f   Thumb Code     8  icmp_1.o(.text)
    ip4_route                                0x0000ccc5   Thumb Code    94  ip4.o(.text)
    ip4_input                                0x0000cd4b   Thumb Code   490  ip4.o(.text)
    ip4_output_if_src                        0x0000cf35   Thumb Code   218  ip4.o(.text)
    ip4_output_if                            0x0000d00f   Thumb Code    30  ip4.o(.text)
    ip4_output                               0x0000d02d   Thumb Code    60  ip4.o(.text)
    ip4_addr_isbroadcast_u32                 0x0000d081   Thumb Code    46  ip4_addr.o(.text)
    ip4_addr_netmask_valid                   0x0000d0af   Thumb Code    38  ip4_addr.o(.text)
    ip4addr_aton                             0x0000d0d5   Thumb Code   266  ip4_addr.o(.text)
    ipaddr_addr                              0x0000d1df   Thumb Code    20  ip4_addr.o(.text)
    ip4addr_ntoa_r                           0x0000d1f3   Thumb Code   118  ip4_addr.o(.text)
    ip4addr_ntoa                             0x0000d269   Thumb Code     6  ip4_addr.o(.text)
    __rt_ctype_table                         0x0000d275   Thumb Code     4  ctype_o.o(.text)
    ___aeabi_memcpy4$move                    0x0000d27d   Thumb Code     0  memmovea.o(.text)
    ___aeabi_memcpy8$move                    0x0000d27d   Thumb Code     0  memmovea.o(.text)
    __aeabi_memcpy                           0x0000d27d   Thumb Code    64  memmovea.o(.text)
    __aeabi_memmove                          0x0000d27d   Thumb Code     0  memmovea.o(.text)
    __aeabi_memmove4                         0x0000d27d   Thumb Code     0  memmovea.o(.text)
    __aeabi_memmove8                         0x0000d27d   Thumb Code     0  memmovea.o(.text)
    __aeabi_memset                           0x0000d2bd   Thumb Code    14  memseta.o(.text)
    __aeabi_memset4                          0x0000d2bd   Thumb Code     0  memseta.o(.text)
    __aeabi_memset8                          0x0000d2bd   Thumb Code     0  memseta.o(.text)
    __aeabi_memclr                           0x0000d2cb   Thumb Code     4  memseta.o(.text)
    __aeabi_memclr4                          0x0000d2cb   Thumb Code     0  memseta.o(.text)
    __aeabi_memclr8                          0x0000d2cb   Thumb Code     0  memseta.o(.text)
    _memset$wrapper                          0x0000d2cf   Thumb Code    18  memseta.o(.text)
    strncpy                                  0x0000d2e1   Thumb Code    24  strncpy.o(.text)
    strlen                                   0x0000d2f9   Thumb Code    14  strlen.o(.text)
    memcmp                                   0x0000d307   Thumb Code    26  memcmp.o(.text)
    strncmp                                  0x0000d321   Thumb Code    30  strncmp.o(.text)
    atoi                                     0x0000d33f   Thumb Code    26  atoi.o(.text)
    strtol                                   0x0000d359   Thumb Code   112  strtol.o(.text)
    __scatterload                            0x0000d3c9   Thumb Code    28  init.o(.text)
    __scatterload_rt2                        0x0000d3c9   Thumb Code     0  init.o(.text)
    _strtoul                                 0x0000d3ed   Thumb Code   158  _strtoul.o(.text)
    _chval                                   0x0000d48b   Thumb Code    28  _chval.o(.text)
    __decompress                             0x0000d4a7   Thumb Code     0  __dczerorl2.o(.text)
    __decompress1                            0x0000d4a7   Thumb Code    86  __dczerorl2.o(.text)
    __aeabi_errno_addr                       0x0000d4fd   Thumb Code     4  errno.o(i.__aeabi_errno_addr)
    __rt_errno_addr                          0x0000d4fd   Thumb Code     0  errno.o(i.__aeabi_errno_addr)
    __free$realloc                           0x0000d505   Thumb Code    88  mallocr.o(i.__free$realloc)
    __malloc$realloc                         0x0000d561   Thumb Code    64  mallocr.o(i.__malloc$realloc)
    __scatterload_copy                       0x0000d5b1   Thumb Code    14  handlers.o(i.__scatterload_copy)
    __scatterload_null                       0x0000d5bf   Thumb Code     2  handlers.o(i.__scatterload_null)
    __scatterload_zeroinit                   0x0000d5c1   Thumb Code    14  handlers.o(i.__scatterload_zeroinit)
    realloc                                  0x0000d621   Thumb Code   102  mallocr.o(i.realloc)
    ethbroadcast                             0x0000dd38   Data           6  etharp.o(.constdata)
    ethzero                                  0x0000dd3e   Data           6  etharp.o(.constdata)
    netconn_aborted                          0x0000dd58   Data           1  api_msg_1.o(.constdata)
    netconn_reset                            0x0000dd59   Data           1  api_msg_1.o(.constdata)
    netconn_closed                           0x0000dd5a   Data           1  api_msg_1.o(.constdata)
    memp_TCP_PCB                             0x0000dda0   Data          16  memp_1.o(.constdata)
    memp_TCP_PCB_LISTEN                      0x0000ddb0   Data          16  memp_1.o(.constdata)
    memp_TCP_SEG                             0x0000ddc0   Data          16  memp_1.o(.constdata)
    memp_NETBUF                              0x0000ddd0   Data          16  memp_1.o(.constdata)
    memp_NETCONN                             0x0000dde0   Data          16  memp_1.o(.constdata)
    memp_TCPIP_MSG_API                       0x0000ddf0   Data          16  memp_1.o(.constdata)
    memp_TCPIP_MSG_INPKT                     0x0000de00   Data          16  memp_1.o(.constdata)
    memp_ARP_QUEUE                           0x0000de10   Data          16  memp_1.o(.constdata)
    memp_SYS_TIMEOUT                         0x0000de20   Data          16  memp_1.o(.constdata)
    memp_PBUF                                0x0000de30   Data          16  memp_1.o(.constdata)
    memp_PBUF_POOL                           0x0000de40   Data          16  memp_1.o(.constdata)
    memp_pools                               0x0000de50   Data          44  memp_1.o(.constdata)
    tcp_pcb_lists                            0x0000dec0   Data          16  tcp_1.o(.constdata)
    lwip_cyclic_timers                       0x0000ded0   Data          16  timeouts.o(.constdata)
    ip_addr_any                              0x0000dee0   Data           4  ip4_addr.o(.constdata)
    __ctype_table                            0x0000dee4   Data         129  ctype_o.o(.constdata)
    Region$$Table$$Base                      0x0000dff8   Number         0  anon$$obj.o(Region$$Table)
    Region$$Table$$Limit                     0x0000e018   Number         0  anon$$obj.o(Region$$Table)
    modbusSlaveDefaultFunctions              0x20000000   Data          80  mb_cvt.o(.data)
    modbusMasterDefaultFunctions             0x20000050   Data          80  mb_cvt.o(.data)
    g_pInterrupt                             0x200000a8   Data           4  lwiplib.o(.data)
    g_bNetStatus                             0x200000c4   Data           1  network.o(.data)
    IPAddress                                0x200000c5   Data           4  network.o(.data)
    NetMaskAddr                              0x200000c9   Data           4  network.o(.data)
    GwWayAddr                                0x200000cd   Data           4  network.o(.data)
    MACAddress                               0x200000d1   Data           6  network.o(.data)
    xInsideISR                               0x200000d8   Data           4  sys_arch.o(.data)
    pxCurrentTCB                             0x200000fc   Data           4  tasks.o(.data)
    lock_tcpip_core                          0x20000148   Data           4  tcpip_1.o(.data)
    netif_list                               0x2000018c   Data           4  netif_1.o(.data)
    netif_default                            0x20000190   Data           4  netif_1.o(.data)
    pbuf_free_ooseq_pending                  0x20000194   Data           1  pbuf_1.o(.data)
    tcp_active_pcbs_changed                  0x20000198   Data           1  tcp_1.o(.data)
    tcp_ticks                                0x200001a4   Data           4  tcp_1.o(.data)
    tcp_bound_pcbs                           0x200001a8   Data           4  tcp_1.o(.data)
    tcp_listen_pcbs                          0x200001ac   Data           4  tcp_1.o(.data)
    tcp_active_pcbs                          0x200001b0   Data           4  tcp_1.o(.data)
    tcp_tw_pcbs                              0x200001b4   Data           4  tcp_1.o(.data)
    tcp_input_pcb                            0x200001d8   Data           4  tcp_in_1.o(.data)
    __microlib_freelist                      0x200001f0   Data           4  mvars.o(.data)
    __microlib_freelist_initialised          0x200001f4   Data           4  mvars.o(.data)
    xQueueRegistry                           0x20006b00   Data          80  queue.o(.bss)
    ip_data                                  0x20006d20   Data          24  ip_1.o(.bss)
    ram_heap                                 0x20006d38   Data        4115  mem_1.o(.bss)
    memp_memory_TCP_PCB_base                 0x20007d4b   Data         783  memp_1.o(.bss)
    memp_memory_TCP_PCB_LISTEN_base          0x20008064   Data         227  memp_1.o(.bss)
    memp_memory_TCP_SEG_base                 0x20008152   Data         419  memp_1.o(.bss)
    memp_memory_NETBUF_base                  0x20008300   Data          35  memp_1.o(.bss)
    memp_memory_NETCONN_base                 0x2000832e   Data         179  memp_1.o(.bss)
    memp_memory_TCPIP_MSG_API_base           0x200083ec   Data          67  memp_1.o(.bss)
    memp_memory_TCPIP_MSG_INPKT_base         0x2000843a   Data          67  memp_1.o(.bss)
    memp_memory_ARP_QUEUE_base               0x20008488   Data         243  memp_1.o(.bss)
    memp_memory_SYS_TIMEOUT_base             0x20008586   Data         131  memp_1.o(.bss)
    memp_memory_PBUF_base                    0x20008614   Data         259  memp_1.o(.bss)
    memp_memory_PBUF_POOL_base               0x20008722   Data        8707  memp_1.o(.bss)
    lwip_stats                               0x2000a930   Data         196  stats_1.o(.bss)
    __heap_base                              0x2000aa18   Data           0  startup.o(HEAP)
    __heap_limit                             0x2000aa18   Data           0  startup.o(HEAP)
    __initial_sp                             0x2000ae18   Data           0  startup.o(STACK)



==============================================================================

Memory Map of the image

  Image Entry point : 0x00000279

  Load Region LR_IROM1 (Base: 0x00000000, Size: 0x0000e684, Max: 0x00040000, ABSOLUTE, COMPRESSED[0x0000e094])

    Execution Region ER_IROM1 (Exec base: 0x00000000, Load base: 0x00000000, Size: 0x0000e018, Max: 0x00040000, ABSOLUTE)

    Exec Addr    Load Addr    Size         Type   Attr      Idx    E Section Name        Object

    0x00000000   0x00000000   0x00000278   Code   RO          130    RESET               startup.o
    0x00000278   0x00000278   0x00000000   Code   RO         1693  * .ARM.Collect$$$$00000000  mc_w.l(entry.o)
    0x00000278   0x00000278   0x00000004   Code   RO         1774    .ARM.Collect$$$$00000001  mc_w.l(entry2.o)
    0x0000027c   0x0000027c   0x00000004   Code   RO         1777    .ARM.Collect$$$$00000004  mc_w.l(entry5.o)
    0x00000280   0x00000280   0x00000000   Code   RO         1779    .ARM.Collect$$$$00000008  mc_w.l(entry7b.o)
    0x00000280   0x00000280   0x00000000   Code   RO         1781    .ARM.Collect$$$$0000000A  mc_w.l(entry8b.o)
    0x00000280   0x00000280   0x00000008   Code   RO         1782    .ARM.Collect$$$$0000000B  mc_w.l(entry9a.o)
    0x00000288   0x00000288   0x00000004   Code   RO         1789    .ARM.Collect$$$$0000000E  mc_w.l(entry12b.o)
    0x0000028c   0x0000028c   0x00000000   Code   RO         1784    .ARM.Collect$$$$0000000F  mc_w.l(entry10a.o)
    0x0000028c   0x0000028c   0x00000000   Code   RO         1786    .ARM.Collect$$$$00000011  mc_w.l(entry11a.o)
    0x0000028c   0x0000028c   0x00000004   Code   RO         1775    .ARM.Collect$$$$00002712  mc_w.l(entry2.o)
    0x00000290   0x00000290   0x00000026   Code   RO          364    .emb_text           cpu.o
    0x000002b6   0x000002b6   0x00000002   PAD
    0x000002b8   0x000002b8   0x00000006   Code   RO          459    .emb_text           sysctl.o
    0x000002be   0x000002be   0x00000002   PAD
    0x000002c0   0x000002c0   0x0000008c   Code   RO          888    .emb_text           port.o
    0x0000034c   0x0000034c   0x00000070   Code   RO            1    .text               main.o
    0x000003bc   0x000003bc   0x00001aec   Code   RO          135    .text               mb_cvt.o
    0x00001ea8   0x00001ea8   0x000001b0   Code   RO          323    .text               fifo.o
    0x00002058   0x00002058   0x00000060   Code   RO          352    .text               bsp.o
    0x000020b8   0x000020b8   0x000002e0   Code   RO          377    .text               ethernet.o
    0x00002398   0x00002398   0x000005fc   Code   RO          402    .text               gpio.o
    0x00002994   0x00002994   0x00000254   Code   RO          420    .text               interrupt.o
    0x00002be8   0x00002be8   0x000008fc   Code   RO          460    .text               sysctl.o
    0x000034e4   0x000034e4   0x000002ac   Code   RO          514    .text               uart.o
    0x00003790   0x00003790   0x00000204   Code   RO          532    .text               lwiplib.o
    0x00003994   0x00003994   0x00000540   Code   RO          605    .text               ustdlib.o
    0x00003ed4   0x00003ed4   0x000002c0   Code   RO          625    .text               uartstdio.o
    0x00004194   0x00004194   0x00000240   Code   RO          647    .text               network.o
    0x000043d4   0x000043d4   0x00000300   Code   RO          677    .text               sys_arch.o
    0x000046d4   0x000046d4   0x000002e8   Code   RO          739    .text               stellarisif.o
    0x000049bc   0x000049bc   0x000006cc   Code   RO          792    .text               etharp.o
    0x00005088   0x00005088   0x000000f4   Code   RO          855    .text               heap_2.o
    0x0000517c   0x0000517c   0x0000008c   Code   RO          876    .text               list.o
    0x00005208   0x00005208   0x000000a0   Code   RO          889    .text               port.o
    0x000052a8   0x000052a8   0x00000498   Code   RO          906    .text               queue.o
    0x00005740   0x00005740   0x00000890   Code   RO          924    .text               tasks.o
    0x00005fd0   0x00005fd0   0x00000558   Code   RO          952    .text               api_lib_1.o
    0x00006528   0x00006528   0x00000b68   Code   RO          990    .text               api_msg_1.o
    0x00007090   0x00007090   0x0000001c   Code   RO         1027    .text               err_1.o
    0x000070ac   0x000070ac   0x00000130   Code   RO         1045    .text               netbuf_1.o
    0x000071dc   0x000071dc   0x000016ec   Code   RO         1082    .text               sockets_1.o
    0x000088c8   0x000088c8   0x00000220   Code   RO         1109    .text               tcpip_1.o
    0x00008ae8   0x00008ae8   0x0000010c   Code   RO         1159    .text               def_1.o
    0x00008bf4   0x00008bf4   0x00000212   Code   RO         1177    .text               inet_chksum_1.o
    0x00008e06   0x00008e06   0x00000022   Code   RO         1192    .text               init_1.o
    0x00008e28   0x00008e28   0x000003d4   Code   RO         1249    .text               mem_1.o
    0x000091fc   0x000091fc   0x00000104   Code   RO         1265    .text               memp_1.o
    0x00009300   0x00009300   0x00000334   Code   RO         1367    .text               netif_1.o
    0x00009634   0x00009634   0x000006c4   Code   RO         1403    .text               pbuf_1.o
    0x00009cf8   0x00009cf8   0x00000002   Code   RO         1425    .text               stats_1.o
    0x00009cfa   0x00009cfa   0x00000002   PAD
    0x00009cfc   0x00009cfc   0x00000de8   Code   RO         1462    .text               tcp_1.o
    0x0000aae4   0x0000aae4   0x00001120   Code   RO         1487    .text               tcp_in_1.o
    0x0000bc04   0x0000bc04   0x00000cd8   Code   RO         1524    .text               tcp_out_1.o
    0x0000c8dc   0x0000c8dc   0x000001c8   Code   RO         1544    .text               timeouts.o
    0x0000caa4   0x0000caa4   0x00000220   Code   RO         1586    .text               icmp_1.o
    0x0000ccc4   0x0000ccc4   0x000003bc   Code   RO         1607    .text               ip4.o
    0x0000d080   0x0000d080   0x000001f4   Code   RO         1624    .text               ip4_addr.o
    0x0000d274   0x0000d274   0x00000008   Code   RO         1701    .text               mc_w.l(ctype_o.o)
    0x0000d27c   0x0000d27c   0x00000040   Code   RO         1731    .text               mc_w.l(memmovea.o)
    0x0000d2bc   0x0000d2bc   0x00000024   Code   RO         1733    .text               mc_w.l(memseta.o)
    0x0000d2e0   0x0000d2e0   0x00000018   Code   RO         1735    .text               mc_w.l(strncpy.o)
    0x0000d2f8   0x0000d2f8   0x0000000e   Code   RO         1737    .text               mc_w.l(strlen.o)
    0x0000d306   0x0000d306   0x0000001a   Code   RO         1739    .text               mc_w.l(memcmp.o)
    0x0000d320   0x0000d320   0x0000001e   Code   RO         1741    .text               mc_w.l(strncmp.o)
    0x0000d33e   0x0000d33e   0x0000001a   Code   RO         1772    .text               mc_w.l(atoi.o)
    0x0000d358   0x0000d358   0x00000070   Code   RO         1792    .text               mc_w.l(strtol.o)
    0x0000d3c8   0x0000d3c8   0x00000024   Code   RO         1794    .text               mc_w.l(init.o)
    0x0000d3ec   0x0000d3ec   0x0000009e   Code   RO         1796    .text               mc_w.l(_strtoul.o)
    0x0000d48a   0x0000d48a   0x0000001c   Code   RO         1798    .text               mc_w.l(_chval.o)
    0x0000d4a6   0x0000d4a6   0x00000056   Code   RO         1808    .text               mc_w.l(__dczerorl2.o)
    0x0000d4fc   0x0000d4fc   0x00000008   Code   RO         1765    i.__aeabi_errno_addr  mc_w.l(errno.o)
    0x0000d504   0x0000d504   0x0000005c   Code   RO         1747    i.__free$realloc    mc_w.l(mallocr.o)
    0x0000d560   0x0000d560   0x00000050   Code   RO         1748    i.__malloc$realloc  mc_w.l(mallocr.o)
    0x0000d5b0   0x0000d5b0   0x0000000e   Code   RO         1802    i.__scatterload_copy  mc_w.l(handlers.o)
    0x0000d5be   0x0000d5be   0x00000002   Code   RO         1803    i.__scatterload_null  mc_w.l(handlers.o)
    0x0000d5c0   0x0000d5c0   0x0000000e   Code   RO         1804    i.__scatterload_zeroinit  mc_w.l(handlers.o)
    0x0000d5ce   0x0000d5ce   0x00000002   PAD
    0x0000d5d0   0x0000d5d0   0x00000050   Code   RO         1749    i.internal_alloc    mc_w.l(mallocr.o)
    0x0000d620   0x0000d620   0x0000006c   Code   RO         1750    i.realloc           mc_w.l(mallocr.o)
    0x0000d68c   0x0000d68c   0x000002f4   Data   RO          144    .constdata          mb_cvt.o
    0x0000d980   0x0000d980   0x00000078   Data   RO          403    .constdata          gpio.o
    0x0000d9f8   0x0000d9f8   0x00000104   Data   RO          421    .constdata          interrupt.o
    0x0000dafc   0x0000dafc   0x000001c4   Data   RO          461    .constdata          sysctl.o
    0x0000dcc0   0x0000dcc0   0x00000040   Data   RO          515    .constdata          uart.o
    0x0000dd00   0x0000dd00   0x0000001c   Data   RO          606    .constdata          ustdlib.o
    0x0000dd1c   0x0000dd1c   0x0000001c   Data   RO          626    .constdata          uartstdio.o
    0x0000dd38   0x0000dd38   0x0000000c   Data   RO          794    .constdata          etharp.o
    0x0000dd44   0x0000dd44   0x00000014   Data   RO          926    .constdata          tasks.o
    0x0000dd58   0x0000dd58   0x00000003   Data   RO          991    .constdata          api_msg_1.o
    0x0000dd5b   0x0000dd5b   0x00000001   PAD
    0x0000dd5c   0x0000dd5c   0x00000044   Data   RO         1028    .constdata          err_1.o
    0x0000dda0   0x0000dda0   0x00000010   Data   RO         1288    .constdata          memp_1.o
    0x0000ddb0   0x0000ddb0   0x00000010   Data   RO         1289    .constdata          memp_1.o
    0x0000ddc0   0x0000ddc0   0x00000010   Data   RO         1290    .constdata          memp_1.o
    0x0000ddd0   0x0000ddd0   0x00000010   Data   RO         1291    .constdata          memp_1.o
    0x0000dde0   0x0000dde0   0x00000010   Data   RO         1292    .constdata          memp_1.o
    0x0000ddf0   0x0000ddf0   0x00000010   Data   RO         1293    .constdata          memp_1.o
    0x0000de00   0x0000de00   0x00000010   Data   RO         1294    .constdata          memp_1.o
    0x0000de10   0x0000de10   0x00000010   Data   RO         1295    .constdata          memp_1.o
    0x0000de20   0x0000de20   0x00000010   Data   RO         1296    .constdata          memp_1.o
    0x0000de30   0x0000de30   0x00000010   Data   RO         1297    .constdata          memp_1.o
    0x0000de40   0x0000de40   0x00000010   Data   RO         1298    .constdata          memp_1.o
    0x0000de50   0x0000de50   0x0000002c   Data   RO         1299    .constdata          memp_1.o
    0x0000de7c   0x0000de7c   0x00000054   Data   RO         1463    .constdata          tcp_1.o
    0x0000ded0   0x0000ded0   0x00000010   Data   RO         1545    .constdata          timeouts.o
    0x0000dee0   0x0000dee0   0x00000004   Data   RO         1626    .constdata          ip4_addr.o
    0x0000dee4   0x0000dee4   0x00000081   Data   RO         1702    .constdata          mc_w.l(ctype_o.o)
    0x0000df65   0x0000df65   0x00000003   PAD
    0x0000df68   0x0000df68   0x00000004   Data   RO         1703    .constdata          mc_w.l(ctype_o.o)
    0x0000df6c   0x0000df6c   0x00000011   Data   RO          607    .conststring        ustdlib.o
    0x0000df7d   0x0000df7d   0x00000003   PAD
    0x0000df80   0x0000df80   0x00000075   Data   RO         1464    .conststring        tcp_1.o
    0x0000dff5   0x0000dff5   0x00000003   PAD
    0x0000dff8   0x0000dff8   0x00000020   Data   RO         1800    Region$$Table       anon$$obj.o


    Execution Region RW_IRAM1 (Exec base: 0x20000000, Load base: 0x0000e018, Size: 0x0000ae18, Max: 0x00010000, ABSOLUTE, COMPRESSED[0x0000007c])

    Exec Addr    Load Addr    Size         Type   Attr      Idx    E Section Name        Object

    0x20000000   COMPRESSED   0x000000a0   Data   RW          145    .data               mb_cvt.o
    0x200000a0   COMPRESSED   0x00000018   Data   RW          534    .data               lwiplib.o
    0x200000b8   COMPRESSED   0x00000004   Data   RW          608    .data               ustdlib.o
    0x200000bc   COMPRESSED   0x00000008   Data   RW          628    .data               uartstdio.o
    0x200000c4   COMPRESSED   0x00000013   Data   RW          648    .data               network.o
    0x200000d7   COMPRESSED   0x00000001   PAD
    0x200000d8   COMPRESSED   0x00000004   Data   RW          678    .data               sys_arch.o
    0x200000dc   COMPRESSED   0x00000001   Data   RW          795    .data               etharp.o
    0x200000dd   COMPRESSED   0x00000003   PAD
    0x200000e0   COMPRESSED   0x00000018   Data   RW          857    .data               heap_2.o
    0x200000f8   COMPRESSED   0x00000004   Data   RW          890    .data               port.o
    0x200000fc   COMPRESSED   0x0000003c   Data   RW          927    .data               tasks.o
    0x20000138   COMPRESSED   0x00000004   Data   RW         1084    .data               sockets_1.o
    0x2000013c   COMPRESSED   0x00000010   Data   RW         1110    .data               tcpip_1.o
    0x2000014c   COMPRESSED   0x00000010   Data   RW         1251    .data               mem_1.o
    0x2000015c   COMPRESSED   0x00000004   Data   RW         1300    .data               memp_1.o
    0x20000160   COMPRESSED   0x00000004   Data   RW         1301    .data               memp_1.o
    0x20000164   COMPRESSED   0x00000004   Data   RW         1302    .data               memp_1.o
    0x20000168   COMPRESSED   0x00000004   Data   RW         1303    .data               memp_1.o
    0x2000016c   COMPRESSED   0x00000004   Data   RW         1304    .data               memp_1.o
    0x20000170   COMPRESSED   0x00000004   Data   RW         1305    .data               memp_1.o
    0x20000174   COMPRESSED   0x00000004   Data   RW         1306    .data               memp_1.o
    0x20000178   COMPRESSED   0x00000004   Data   RW         1307    .data               memp_1.o
    0x2000017c   COMPRESSED   0x00000004   Data   RW         1308    .data               memp_1.o
    0x20000180   COMPRESSED   0x00000004   Data   RW         1309    .data               memp_1.o
    0x20000184   COMPRESSED   0x00000004   Data   RW         1310    .data               memp_1.o
    0x20000188   COMPRESSED   0x0000000c   Data   RW         1368    .data               netif_1.o
    0x20000194   COMPRESSED   0x00000001   Data   RW         1404    .data               pbuf_1.o
    0x20000195   COMPRESSED   0x00000003   PAD
    0x20000198   COMPRESSED   0x00000020   Data   RW         1465    .data               tcp_1.o
    0x200001b8   COMPRESSED   0x00000024   Data   RW         1489    .data               tcp_in_1.o
    0x200001dc   COMPRESSED   0x0000000c   Data   RW         1547    .data               timeouts.o
    0x200001e8   COMPRESSED   0x00000002   Data   RW         1608    .data               ip4.o
    0x200001ea   COMPRESSED   0x00000002   PAD
    0x200001ec   COMPRESSED   0x00000004   Data   RW         1768    .data               mc_w.l(errno.o)
    0x200001f0   COMPRESSED   0x00000004   Data   RW         1790    .data               mc_w.l(mvars.o)
    0x200001f4   COMPRESSED   0x00000004   Data   RW         1791    .data               mc_w.l(mvars.o)
    0x200001f8   COMPRESSED   0x00000208   PAD
    0x20000400   COMPRESSED   0x0000026c   Data   RW          422    vtable              interrupt.o
    0x2000066c        -       0x00000310   Zero   RW          136    .bss                mb_cvt.o
    0x2000097c        -       0x00000030   Zero   RW          533    .bss                lwiplib.o
    0x200009ac        -       0x00000060   Zero   RW          740    .bss                stellarisif.o
    0x20000a0c        -       0x000000f0   Zero   RW          793    .bss                etharp.o
    0x20000afc   COMPRESSED   0x00000004   PAD
    0x20000b00        -       0x00006000   Zero   RW          856    .bss                heap_2.o
    0x20006b00        -       0x00000050   Zero   RW          907    .bss                queue.o
    0x20006b50        -       0x00000190   Zero   RW          925    .bss                tasks.o
    0x20006ce0        -       0x00000040   Zero   RW         1083    .bss                sockets_1.o
    0x20006d20        -       0x00000018   Zero   RW         1237    .bss                ip_1.o
    0x20006d38        -       0x00001013   Zero   RW         1250    .bss                mem_1.o
    0x20007d4b        -       0x0000030f   Zero   RW         1266    .bss                memp_1.o
    0x2000805a        -       0x0000000a   Zero   RW         1267    .bss                memp_1.o
    0x20008064        -       0x000000e3   Zero   RW         1268    .bss                memp_1.o
    0x20008147   COMPRESSED   0x00000001   PAD
    0x20008148        -       0x0000000a   Zero   RW         1269    .bss                memp_1.o
    0x20008152        -       0x000001a3   Zero   RW         1270    .bss                memp_1.o
    0x200082f5   COMPRESSED   0x00000001   PAD
    0x200082f6        -       0x0000000a   Zero   RW         1271    .bss                memp_1.o
    0x20008300        -       0x00000023   Zero   RW         1272    .bss                memp_1.o
    0x20008323   COMPRESSED   0x00000001   PAD
    0x20008324        -       0x0000000a   Zero   RW         1273    .bss                memp_1.o
    0x2000832e        -       0x000000b3   Zero   RW         1274    .bss                memp_1.o
    0x200083e1   COMPRESSED   0x00000001   PAD
    0x200083e2        -       0x0000000a   Zero   RW         1275    .bss                memp_1.o
    0x200083ec        -       0x00000043   Zero   RW         1276    .bss                memp_1.o
    0x2000842f   COMPRESSED   0x00000001   PAD
    0x20008430        -       0x0000000a   Zero   RW         1277    .bss                memp_1.o
    0x2000843a        -       0x00000043   Zero   RW         1278    .bss                memp_1.o
    0x2000847d   COMPRESSED   0x00000001   PAD
    0x2000847e        -       0x0000000a   Zero   RW         1279    .bss                memp_1.o
    0x20008488        -       0x000000f3   Zero   RW         1280    .bss                memp_1.o
    0x2000857b   COMPRESSED   0x00000001   PAD
    0x2000857c        -       0x0000000a   Zero   RW         1281    .bss                memp_1.o
    0x20008586        -       0x00000083   Zero   RW         1282    .bss                memp_1.o
    0x20008609   COMPRESSED   0x00000001   PAD
    0x2000860a        -       0x0000000a   Zero   RW         1283    .bss                memp_1.o
    0x20008614        -       0x00000103   Zero   RW         1284    .bss                memp_1.o
    0x20008717   COMPRESSED   0x00000001   PAD
    0x20008718        -       0x0000000a   Zero   RW         1285    .bss                memp_1.o
    0x20008722        -       0x00002203   Zero   RW         1286    .bss                memp_1.o
    0x2000a925   COMPRESSED   0x00000001   PAD
    0x2000a926        -       0x0000000a   Zero   RW         1287    .bss                memp_1.o
    0x2000a930        -       0x000000c4   Zero   RW         1426    .bss                stats_1.o
    0x2000a9f4        -       0x00000010   Zero   RW         1488    .bss                tcp_in_1.o
    0x2000aa04        -       0x00000010   Zero   RW         1625    .bss                ip4_addr.o
    0x2000aa14   COMPRESSED   0x00000004   PAD
    0x2000aa18        -       0x00000000   Zero   RW          129    HEAP                startup.o
    0x2000aa18        -       0x00000400   Zero   RW          128    STACK               startup.o


==============================================================================

Image component sizes


      Code (inc. data)   RO Data    RW Data    ZI Data      Debug   Object Name

      1368         56          0          0          0      27996   api_lib_1.o
      2920         52          3          0          0      22515   api_msg_1.o
        96         34          0          0          0        527   bsp.o
        38          0          0          0          0        608   cpu.o
       268          0          0          0          0       2718   def_1.o
        28          4         68          0          0       1351   err_1.o
      1740         32         12          1        240      19626   etharp.o
       736          4          0          0          0       7462   ethernet.o
       432          0          0          0          0       4016   fifo.o
      1532         46        120          0          0      12439   gpio.o
       244         10          0         24      24576       5076   heap_2.o
       544         10          0          0          0       3415   icmp_1.o
       530          0          0          0          0       4676   inet_chksum_1.o
        34          0          0          0          0      10215   init_1.o
       596         22        260        620          0       4681   interrupt.o
       956         24          0          2          0       4789   ip4.o
       500         12          4          0         16      12662   ip4_addr.o
         0          0          0          0         24       3326   ip_1.o
       140          0          0          0          0       1953   list.o
       516         62          0         24         48       8815   lwiplib.o
       112         42          0          0          0      21311   main.o
      6892       1494        756        160        784      76369   mb_cvt.o
       980         14          0         16       4115       5810   mem_1.o
       260          8        220         44      11227      10414   memp_1.o
       304          0          0          0          0      12357   netbuf_1.o
       820         12          0         12          0      12035   netif_1.o
       576        126          0         19          0       2947   network.o
      1732         14          0          1          0      15300   pbuf_1.o
       300         22          0          4          0       3673   port.o
      1176          4          0          0         80       8835   queue.o
         0          0          0          0          0       3951   slipif.o
      5868         42          0          4         64      46460   sockets_1.o
       632        622          0          0       1024        336   startup.o
         2          0          0          0        196       5498   stats_1.o
       744         20          0          0         96      13086   stellarisif.o
       768         10          0          4          0       9047   sys_arch.o
      2306        128        452          0          0      12399   sysctl.o
      2192         42         20         60        400      14323   tasks.o
      3560         64        201         32          0      28354   tcp_1.o
      4384        114          0         36         16      19217   tcp_in_1.o
      3288         16          0          0          0      24310   tcp_out_1.o
       544         32          0         16          0       7808   tcpip_1.o
       456         24         16         12          0       5356   timeouts.o
       684          6         64          0          0      10482   uart.o
       704         28         28          8          0       3883   uartstdio.o
      1344         30         45          4          0       7331   ustdlib.o

    ----------------------------------------------------------------------
     53852       3282       2308       1112      42924     539758   Object Totals
         0          0         32          0          0          0   (incl. Generated)
         6          0          7          9         18          0   (incl. Padding)

    ----------------------------------------------------------------------

      Code (inc. data)   RO Data    RW Data    ZI Data      Debug   Library Member Name

        86          0          0          0          0          0   __dczerorl2.o
        28          0          0          0          0         68   _chval.o
       158          0          0          0          0         92   _strtoul.o
        26          0          0          0          0         80   atoi.o
         8          4        133          0          0         68   ctype_o.o
         0          0          0          0          0          0   entry.o
         0          0          0          0          0          0   entry10a.o
         0          0          0          0          0          0   entry11a.o
         4          0          0          0          0          0   entry12b.o
         8          4          0          0          0          0   entry2.o
         4          0          0          0          0          0   entry5.o
         0          0          0          0          0          0   entry7b.o
         0          0          0          0          0          0   entry8b.o
         8          4          0          0          0          0   entry9a.o
         8          4          0          4          0         68   errno.o
        30          0          0          0          0          0   handlers.o
        36          8          0          0          0         68   init.o
       360         30          0          0          0        356   mallocr.o
        26          0          0          0          0         80   memcmp.o
        64          0          0          0          0         76   memmovea.o
        36          0          0          0          0        108   memseta.o
         0          0          0          8          0          0   mvars.o
        14          0          0          0          0         68   strlen.o
        30          0          0          0          0         80   strncmp.o
        24          0          0          0          0         76   strncpy.o
       112          0          0          0          0         88   strtol.o

    ----------------------------------------------------------------------
      1072         54        136        532          0       1376   Library Totals
         2          0          3        520          0          0   (incl. Padding)

    ----------------------------------------------------------------------

      Code (inc. data)   RO Data    RW Data    ZI Data      Debug   Library Name

      1070         54        133         12          0       1376   mc_w.l

    ----------------------------------------------------------------------
      1072         54        136        532          0       1376   Library Totals

    ----------------------------------------------------------------------

==============================================================================


      Code (inc. data)   RO Data    RW Data    ZI Data      Debug   

     54924       3336       2444       1644      42924     534970   Grand Totals
     54924       3336       2444        124      42924     534970   ELF Image Totals (compressed)
     54924       3336       2444        124          0          0   ROM Totals

==============================================================================

    Total RO  Size (Code + RO Data)                57368 (  56.02kB)
    Total RW  Size (RW Data + ZI Data)             44568 (  43.52kB)
    Total ROM Size (Code + RO Data + RW Data)      57492 (  56.14kB)

==============================================================================

