Component: ARM Compiler 5.06 update 7 (build 960) Tool: armlink [4d3601]

==============================================================================

Section Cross References

    app.o(.text) refers to sysctl.o(.text) for SysCtlClockGet
    app.o(.text) refers to os_cpu_c.o(.text) for OS_CPU_SysTickInit
    app.o(.text) refers to net_tcpip.o(.text) for lwIP_init
    app.o(.text) refers to os_task.o(.text) for OSTaskSuspend
    app.o(.text) refers to bsp.o(.text) for BSP_Init
    app.o(.text) refers to os_core.o(.text) for OSInit
    app.o(.text) refers to app.o(.bss) for .bss
    startup.o(STACK) refers (Special) to heapauxi.o(.text) for __use_two_region_memory
    startup.o(HEAP) refers (Special) to heapauxi.o(.text) for __use_two_region_memory
    startup.o(RESET) refers (Special) to heapauxi.o(.text) for __use_two_region_memory
    startup.o(RESET) refers to startup.o(STACK) for StackMem
    startup.o(RESET) refers to os_cpu_a.o(.text) for OS_CPU_PendSVHandler
    startup.o(RESET) refers to os_cpu_c.o(.text) for OS_CPU_SysTickHandler
    startup.o(RESET) refers to lwiplib.o(.text) for lwIPEthernetIntHandler
    startup.o(RESET) refers to __main.o(!!!main) for __main
    startup.o(.text) refers (Special) to heapauxi.o(.text) for __use_two_region_memory
    startup.o(.text) refers to startup.o(HEAP) for HeapMem
    startup.o(.text) refers to startup.o(STACK) for StackMem
    modbus.o(.text) refers to h1_realloc.o(.text) for realloc
    modbus.o(.text) refers to h1_free.o(.text) for free
    modbus.o(.text) refers to modbus.o(.constdata) for .constdata
    modbus.o(.text) refers to uartstdio.o(.text) for UARTprintf
    modbus.o(.text) refers to modbus.o(.conststring) for .conststring
    modbus.o(.text) refers to def.o(.text) for lwip_htons
    modbus.o(.text) refers to sockets.o(.text) for lwip_socket
    modbus.o(.text) refers to ip_addr.o(.text) for ipaddr_ntoa
    modbus.o(.text) refers to rt_memclr.o(.text) for __aeabi_memclr
    modbus.o(.text) refers to modbus.o(.bss) for .bss
    modbus.o(.text) refers to modbus.o(.data) for .data
    modbus.o(.data) refers to modbus.o(.text) for modbusParseRequest01020304
    modbus.o(.data) refers to modbus.o(.text) for modbusParseResponse01020304
    bsp.o(.text) refers to sysctl.o(.text) for SysCtlPeripheralEnable
    bsp.o(.text) refers to gpio.o(.text) for GPIOPinTypeEthernetLED
    bsp.o(.text) refers to uartstdio.o(.text) for UARTStdioInit
    bsp_ssi.o(.text) refers to sysctl.o(.text) for SysCtlPeripheralEnable
    bsp_ssi.o(.text) refers to ssi.o(.text) for SSIDisable
    bsp_ssi.o(.text) refers to gpio.o(.text) for GPIOPinTypeSSI
    cc2520-arch.o(.text) refers to sysctl.o(.text) for SysCtlPeripheralEnable
    cc2520-arch.o(.text) refers to gpio.o(.text) for GPIOPinTypeGPIOInput
    cc2520-arch.o(.text) refers to ssi.o(.text) for SSIDataPut
    cc2520-arch.o(.text) refers to sysctl.o(.emb_text) for SysCtlDelay
    ethernet.o(.text) refers to interrupt.o(.text) for IntRegister
    gpio.o(.text) refers to interrupt.o(.text) for IntRegister
    gpio.o(.text) refers to gpio.o(.constdata) for .constdata
    hibernate.o(.text) refers to sysctl.o(.emb_text) for SysCtlDelay
    hibernate.o(.text) refers to interrupt.o(.text) for IntRegister
    hibernate.o(.text) refers to hibernate.o(.data) for .data
    interrupt.o(.text) refers to cpu.o(.emb_text) for CPUcpsie
    interrupt.o(.text) refers to interrupt.o(vtable) for vtable
    interrupt.o(.text) refers to interrupt.o(.constdata) for .constdata
    ssi.o(.text) refers to interrupt.o(.text) for IntRegister
    ssi.o(.text) refers to ssi.o(.constdata) for .constdata
    sysctl.o(.text) refers to interrupt.o(.text) for IntRegister
    sysctl.o(.text) refers to cpu.o(.emb_text) for CPUwfi
    sysctl.o(.text) refers to sysctl.o(.constdata) for .constdata
    sysctl.o(.text) refers to sysctl.o(.emb_text) for SysCtlDelay
    uart.o(.text) refers to interrupt.o(.text) for IntRegister
    uart.o(.text) refers to uart.o(.constdata) for .constdata
    lwiplib.o(.text) refers to os_q.o(.text) for OSQPend
    lwiplib.o(.text) refers to stellarisif.o(.text) for stellarisif_interrupt
    lwiplib.o(.text) refers to ethernet.o(.text) for EthernetIntEnable
    lwiplib.o(.text) refers to timers.o(.text) for sys_timeout
    lwiplib.o(.text) refers to os_sem.o(.text) for OSSemCreate
    lwiplib.o(.text) refers to os_task.o(.text) for OSTaskCreate
    lwiplib.o(.text) refers to netif.o(.text) for netif_add
    lwiplib.o(.text) refers to def.o(.text) for lwip_htonl
    lwiplib.o(.text) refers to dhcp.o(.text) for dhcp_start
    lwiplib.o(.text) refers to sysctl.o(.text) for SysCtlPeripheralEnable
    lwiplib.o(.text) refers to tcpip.o(.text) for tcpip_init
    lwiplib.o(.text) refers to lwiplib.o(.data) for .data
    lwiplib.o(.text) refers to lwiplib.o(.bss) for .bss
    ustdlib.o(.text) refers to ustdlib.o(.constdata) for .constdata
    ustdlib.o(.text) refers to ustdlib.o(.data) for .data
[...]
    modbusRegisterQueryStr                   0x000011e5   Thumb Code    34  modbus.o(.text)
    printBytes                               0x00001207   Thumb Code    26  modbus.o(.text)
    printErrorInfo                           0x00001221   Thumb Code    50  modbus.o(.text)
    registerCallback                         0x00001253   Thumb Code   992  modbus.o(.text)
    dataCallback                             0x00001633   Thumb Code    58  modbus.o(.text)
    exceptionCallback                        0x0000166d   Thumb Code    24  modbus.o(.text)
    staticAllocator                          0x00001685   Thumb Code    26  modbus.o(.text)
    slaveExceptionCallback                   0x0000169f   Thumb Code    22  modbus.o(.text)
    modbus_task                              0x000016b5   Thumb Code   512  modbus.o(.text)
    BSP_EthernetInit                         0x00001ab9   Thumb Code    34  bsp.o(.text)
    BSP_UartInit                             0x00001adb   Thumb Code    42  bsp.o(.text)
    BSP_SysclkInit                           0x00001b05   Thumb Code    28  bsp.o(.text)
    BSP_Init                                 0x00001b21   Thumb Code    16  bsp.o(.text)
    EthernetInitExpClk                       0x00001b59   Thumb Code    12  ethernet.o(.text)
    EthernetConfigSet                        0x00001b65   Thumb Code    42  ethernet.o(.text)
    EthernetConfigGet                        0x00001b8f   Thumb Code    24  ethernet.o(.text)
    EthernetMACAddrSet                       0x00001ba7   Thumb Code    44  ethernet.o(.text)
    EthernetMACAddrGet                       0x00001bd3   Thumb Code    26  ethernet.o(.text)
    EthernetEnable                           0x00001bed   Thumb Code    34  ethernet.o(.text)
    EthernetDisable                          0x00001c0f   Thumb Code    34  ethernet.o(.text)
    EthernetPacketAvail                      0x00001c31   Thumb Code    10  ethernet.o(.text)
    EthernetSpaceAvail                       0x00001c3b   Thumb Code    10  ethernet.o(.text)
    EthernetPacketGetNonBlocking             0x00001cbd   Thumb Code    12  ethernet.o(.text)
    EthernetPacketGet                        0x00001cc9   Thumb Code     8  ethernet.o(.text)
    EthernetPacketPutNonBlocking             0x00001d43   Thumb Code    12  ethernet.o(.text)
    EthernetPacketPut                        0x00001d4f   Thumb Code     8  ethernet.o(.text)
    EthernetIntRegister                      0x00001d57   Thumb Code    18  ethernet.o(.text)
    EthernetIntUnregister                    0x00001d69   Thumb Code    18  ethernet.o(.text)
    EthernetIntEnable                        0x00001d7b   Thumb Code     8  ethernet.o(.text)
    EthernetIntDisable                       0x00001d83   Thumb Code     8  ethernet.o(.text)
    EthernetIntStatus                        0x00001d8b   Thumb Code    14  ethernet.o(.text)
    EthernetIntClear                         0x00001d99   Thumb Code     4  ethernet.o(.text)
    EthernetPHYAddrSet                       0x00001d9d   Thumb Code    10  ethernet.o(.text)
    EthernetPHYWrite                         0x00001da7   Thumb Code    26  ethernet.o(.text)
    EthernetPHYRead                          0x00001dc1   Thumb Code    26  ethernet.o(.text)
    EthernetPHYPowerOff                      0x00001ddb   Thumb Code    28  ethernet.o(.text)
    EthernetPHYPowerOn                       0x00001df7   Thumb Code    28  ethernet.o(.text)
    GPIODirModeSet                           0x00001edf   Thumb Code    38  gpio.o(.text)
    GPIODirModeGet                           0x00001f05   Thumb Code    38  gpio.o(.text)
    GPIOIntTypeSet                           0x00001f2b   Thumb Code    56  gpio.o(.text)
    GPIOIntTypeGet                           0x00001f63   Thumb Code    52  gpio.o(.text)
    GPIOPadConfigSet                         0x00001f97   Thumb Code   164  gpio.o(.text)
    GPIOPadConfigGet                         0x0000203b   Thumb Code   118  gpio.o(.text)
    GPIOPinIntEnable                         0x000020b1   Thumb Code    12  gpio.o(.text)
    GPIOPinIntDisable                        0x000020bd   Thumb Code    12  gpio.o(.text)
    GPIOPinIntStatus                         0x000020c9   Thumb Code    14  gpio.o(.text)
    GPIOPinIntClear                          0x000020d7   Thumb Code     6  gpio.o(.text)
    GPIOPortIntRegister                      0x000020dd   Thumb Code    26  gpio.o(.text)
    GPIOPortIntUnregister                    0x000020f7   Thumb Code    22  gpio.o(.text)
    GPIOPinRead                              0x0000210d   Thumb Code     6  gpio.o(.text)
    GPIOPinWrite                             0x00002113   Thumb Code     6  gpio.o(.text)
    GPIOPinTypeADC                           0x00002119   Thumb Code    26  gpio.o(.text)
    GPIOPinTypeCAN                           0x00002133   Thumb Code    26  gpio.o(.text)
    GPIOPinTypeComparator                    0x0000214d   Thumb Code    26  gpio.o(.text)
    GPIOPinTypeEPI                           0x00002167   Thumb Code    26  gpio.o(.text)
    GPIOPinTypeEthernetLED                   0x00002181   Thumb Code    26  gpio.o(.text)
    GPIOPinTypeEthernetMII                   0x0000219b   Thumb Code    26  gpio.o(.text)
    GPIOPinTypeFan                           0x000021b5   Thumb Code    26  gpio.o(.text)
    GPIOPinTypeGPIOInput                     0x000021cf   Thumb Code    26  gpio.o(.text)
    GPIOPinTypeGPIOOutput                    0x000021e9   Thumb Code    44  gpio.o(.text)
    GPIOPinTypeGPIOOutputOD                  0x00002215   Thumb Code    26  gpio.o(.text)
    GPIOPinTypeI2C                           0x0000222f   Thumb Code    26  gpio.o(.text)
    GPIOPinTypeI2CSCL                        0x00002249   Thumb Code    44  gpio.o(.text)
    GPIOPinTypeI2S                           0x00002275   Thumb Code    26  gpio.o(.text)
    GPIOPinTypeLPC                           0x0000228f   Thumb Code    26  gpio.o(.text)
    GPIOPinTypePECIRx                        0x000022a9   Thumb Code    26  gpio.o(.text)
    GPIOPinTypePECITx                        0x000022c3   Thumb Code    26  gpio.o(.text)
    GPIOPinTypePWM                           0x000022dd   Thumb Code    26  gpio.o(.text)
    GPIOPinTypeQEI                           0x000022f7   Thumb Code    26  gpio.o(.text)
    GPIOPinTypeSSI                           0x00002311   Thumb Code    26  gpio.o(.text)
    GPIOPinTypeTimer                         0x0000232b   Thumb Code    26  gpio.o(.text)
    GPIOPinTypeUART                          0x00002345   Thumb Code    26  gpio.o(.text)
    GPIOPinTypeUSBAnalog                     0x0000235f   Thumb Code    26  gpio.o(.text)
    GPIOPinTypeUSBDigital                    0x00002379   Thumb Code    26  gpio.o(.text)
    GPIOPinConfigure                         0x00002393   Thumb Code    58  gpio.o(.text)
    GPIODMATriggerEnable                     0x000023cd   Thumb Code    12  gpio.o(.text)
    GPIODMATriggerDisable                    0x000023d9   Thumb Code    12  gpio.o(.text)
    GPIOADCTriggerEnable                     0x000023e5   Thumb Code    12  gpio.o(.text)
    GPIOADCTriggerDisable                    0x000023f1   Thumb Code    12  gpio.o(.text)
    IntMasterEnable                          0x0000240f   Thumb Code    10  interrupt.o(.text)
    IntMasterDisable                         0x00002419   Thumb Code    10  interrupt.o(.text)
    IntRegister                              0x00002423   Thumb Code    40  interrupt.o(.text)
    IntUnregister                            0x0000244b   Thumb Code    10  interrupt.o(.text)
    IntPriorityGroupingSet                   0x00002455   Thumb Code    18  interrupt.o(.text)
    IntPriorityGroupingGet                   0x00002467   Thumb Code    30  interrupt.o(.text)
    IntPrioritySet                           0x00002485   Thumb Code    32  interrupt.o(.text)
    IntPriorityGet                           0x000024a5   Thumb Code    22  interrupt.o(.text)
    IntEnable                                0x000024bb   Thumb Code    88  interrupt.o(.text)
    IntDisable                               0x00002513   Thumb Code    88  interrupt.o(.text)
    IntIsEnabled                             0x0000256b   Thumb Code    90  interrupt.o(.text)
    IntPendSet                               0x000025c5   Thumb Code    70  interrupt.o(.text)
    IntPendClear                             0x0000260b   Thumb Code    58  interrupt.o(.text)
    IntPriorityMaskSet                       0x00002645   Thumb Code     4  interrupt.o(.text)
    IntPriorityMaskGet                       0x00002649   Thumb Code     4  interrupt.o(.text)
    SysCtlSRAMSizeGet                        0x00002661   Thumb Code    16  sysctl.o(.text)
    SysCtlFlashSizeGet                       0x00002671   Thumb Code    14  sysctl.o(.text)
    SysCtlPinPresent                         0x0000267f   Thumb Code    16  sysctl.o(.text)
    SysCtlPeripheralPresent                  0x0000268f   Thumb Code    90  sysctl.o(.text)
    SysCtlPeripheralReady                    0x000026e9   Thumb Code    42  sysctl.o(.text)
    SysCtlPeripheralPowerOn                  0x00002713   Thumb Code    42  sysctl.o(.text)
    SysCtlPeripheralPowerOff                 0x0000273d   Thumb Code    42  sysctl.o(.text)
    SysCtlPeripheralReset                    0x00002767   Thumb Code   110  sysctl.o(.text)
    SysCtlPeripheralEnable                   0x000027d5   Thumb Code    70  sysctl.o(.text)
    SysCtlPeripheralDisable                  0x0000281b   Thumb Code    70  sysctl.o(.text)
    SysCtlPeripheralSleepEnable              0x00002861   Thumb Code    70  sysctl.o(.text)
    SysCtlPeripheralSleepDisable             0x000028a7   Thumb Code    70  sysctl.o(.text)
    SysCtlPeripheralDeepSleepEnable          0x000028ed   Thumb Code    70  sysctl.o(.text)
    SysCtlPeripheralDeepSleepDisable         0x00002933   Thumb Code    70  sysctl.o(.text)
    SysCtlPeripheralClockGating              0x00002979   Thumb Code    22  sysctl.o(.text)
    SysCtlIntRegister                        0x0000298f   Thumb Code    20  sysctl.o(.text)
    SysCtlIntUnregister                      0x000029a3   Thumb Code    18  sysctl.o(.text)
    SysCtlIntEnable                          0x000029b5   Thumb Code    10  sysctl.o(.text)
    SysCtlIntDisable                         0x000029bf   Thumb Code    10  sysctl.o(.text)
    SysCtlIntClear                           0x000029c9   Thumb Code     6  sysctl.o(.text)
    SysCtlIntStatus                          0x000029cf   Thumb Code    12  sysctl.o(.text)
    SysCtlLDOSet                             0x000029db   Thumb Code     6  sysctl.o(.text)
    SysCtlLDOGet                             0x000029e1   Thumb Code     6  sysctl.o(.text)
    SysCtlLDOConfigSet                       0x000029e7   Thumb Code     8  sysctl.o(.text)
    SysCtlReset                              0x000029ef   Thumb Code     8  sysctl.o(.text)
    SysCtlSleep                              0x000029f7   Thumb Code     4  sysctl.o(.text)
    SysCtlDeepSleep                          0x000029fb   Thumb Code    28  sysctl.o(.text)
    SysCtlResetCauseGet                      0x00002a17   Thumb Code     6  sysctl.o(.text)
    SysCtlResetCauseClear                    0x00002a1d   Thumb Code    10  sysctl.o(.text)
    SysCtlBrownOutConfigSet                  0x00002a27   Thumb Code    10  sysctl.o(.text)
    SysCtlMOSCConfigSet                      0x00002a31   Thumb Code     6  sysctl.o(.text)
    SysCtlPIOSCCalibrate                     0x00002a37   Thumb Code   124  sysctl.o(.text)
    SysCtlClockSet                           0x00002ab3   Thumb Code   288  sysctl.o(.text)
    SysCtlClockGet                           0x00002bd3   Thumb Code   412  sysctl.o(.text)
    SysCtlDeepSleepClockSet                  0x00002d6f   Thumb Code     8  sysctl.o(.text)
    SysCtlPWMClockSet                        0x00002d77   Thumb Code    14  sysctl.o(.text)
    SysCtlPWMClockGet                        0x00002d85   Thumb Code    20  sysctl.o(.text)
    SysCtlADCSpeedSet                        0x00002d99   Thumb Code    32  sysctl.o(.text)
    SysCtlADCSpeedGet                        0x00002db9   Thumb Code    12  sysctl.o(.text)
    SysCtlIOSCVerificationSet                0x00002dc5   Thumb Code    22  sysctl.o(.text)
    SysCtlMOSCVerificationSet                0x00002ddb   Thumb Code    22  sysctl.o(.text)
    SysCtlPLLVerificationSet                 0x00002df1   Thumb Code    22  sysctl.o(.text)
    SysCtlClkVerificationClear               0x00002e07   Thumb Code    16  sysctl.o(.text)
    SysCtlGPIOAHBEnable                      0x00002e17   Thumb Code    12  sysctl.o(.text)
    SysCtlGPIOAHBDisable                     0x00002e23   Thumb Code    12  sysctl.o(.text)
    SysCtlUSBPLLEnable                       0x00002e2f   Thumb Code    12  sysctl.o(.text)
    SysCtlUSBPLLDisable                      0x00002e3b   Thumb Code    12  sysctl.o(.text)
    SysCtlI2SMClkSet                         0x00002e47   Thumb Code   246  sysctl.o(.text)
    UARTParityModeSet                        0x00002f5d   Thumb Code    12  uart.o(.text)
    UARTParityModeGet                        0x00002f69   Thumb Code     8  uart.o(.text)
    UARTFIFOLevelSet                         0x00002f71   Thumb Code     6  uart.o(.text)
    UARTFIFOLevelGet                         0x00002f77   Thumb Code    16  uart.o(.text)
    UARTEnable                               0x00002f87   Thumb Code    20  uart.o(.text)
    UARTDisable                              0x00002f9b   Thumb Code    26  uart.o(.text)
    UARTConfigSetExpClk                      0x00002fb5   Thumb Code    70  uart.o(.text)
    UARTConfigGetExpClk                      0x00002ffb   Thumb Code    38  uart.o(.text)
    UARTFIFOEnable                           0x00003021   Thumb Code    10  uart.o(.text)
    UARTFIFODisable                          0x0000302b   Thumb Code    10  uart.o(.text)
    UARTEnableSIR                            0x00003035   Thumb Code    20  uart.o(.text)
    UARTDisableSIR                           0x00003049   Thumb Code    10  uart.o(.text)
    UARTSmartCardEnable                      0x00003053   Thumb Code    22  uart.o(.text)
    UARTSmartCardDisable                     0x00003069   Thumb Code    10  uart.o(.text)
    UARTModemControlSet                      0x00003073   Thumb Code    12  uart.o(.text)
    UARTModemControlClear                    0x0000307f   Thumb Code    12  uart.o(.text)
    UARTModemControlGet                      0x0000308b   Thumb Code     8  uart.o(.text)
    UARTModemStatusGet                       0x00003093   Thumb Code    10  uart.o(.text)
    UARTFlowControlSet                       0x0000309d   Thumb Code    12  uart.o(.text)
    UARTFlowControlGet                       0x000030a9   Thumb Code     8  uart.o(.text)
    UARTTxIntModeSet                         0x000030b1   Thumb Code    12  uart.o(.text)
    UARTTxIntModeGet                         0x000030bd   Thumb Code     8  uart.o(.text)
    UARTCharsAvail                           0x000030c5   Thumb Code    10  uart.o(.text)
    UARTSpaceAvail                           0x000030cf   Thumb Code    10  uart.o(.text)
    UARTCharGetNonBlocking                   0x000030d9   Thumb Code    16  uart.o(.text)
    UARTCharGet                              0x000030e9   Thumb Code    10  uart.o(.text)
    UARTCharPutNonBlocking                   0x000030f3   Thumb Code    16  uart.o(.text)
    UARTCharPut                              0x00003103   Thumb Code    10  uart.o(.text)
    UARTBreakCtl                             0x0000310d   Thumb Code    20  uart.o(.text)
    UARTBusy                                 0x00003121   Thumb Code     8  uart.o(.text)
    UARTIntRegister                          0x00003129   Thumb Code    26  uart.o(.text)
    UARTIntUnregister                        0x00003143   Thumb Code    22  uart.o(.text)
    UARTIntEnable                            0x00003159   Thumb Code     8  uart.o(.text)
    UARTIntDisable                           0x00003161   Thumb Code     8  uart.o(.text)
    UARTIntStatus                            0x00003169   Thumb Code    10  uart.o(.text)
    UARTIntClear                             0x00003173   Thumb Code     4  uart.o(.text)
    UARTDMAEnable                            0x00003177   Thumb Code     8  uart.o(.text)
    UARTDMADisable                           0x0000317f   Thumb Code     8  uart.o(.text)
    UARTRxErrorGet                           0x00003187   Thumb Code     8  uart.o(.text)
    UARTRxErrorClear                         0x0000318f   Thumb Code     6  uart.o(.text)
    UARTClockSourceSet                       0x00003195   Thumb Code     6  uart.o(.text)
    UARTClockSourceGet                       0x0000319b   Thumb Code     6  uart.o(.text)
    UART9BitEnable                           0x000031a1   Thumb Code    12  uart.o(.text)
    UART9BitDisable                          0x000031ad   Thumb Code    12  uart.o(.text)
    UART9BitAddrSet                          0x000031b9   Thumb Code     8  uart.o(.text)
    UART9BitAddrSend                         0x000031c1   Thumb Code    34  uart.o(.text)
    lwIPInit                                 0x000032ef   Thumb Code    48  lwiplib.o(.text)
    lwIPEthernetIntHandler                   0x0000331f   Thumb Code    40  lwiplib.o(.text)
    lwIPLocalIPAddrGet                       0x00003347   Thumb Code     6  lwiplib.o(.text)
    lwIPLocalNetMaskGet                      0x0000334d   Thumb Code     6  lwiplib.o(.text)
    lwIPLocalGWAddrGet                       0x00003353   Thumb Code     6  lwiplib.o(.text)
    lwIPLocalMACGet                          0x00003359   Thumb Code     8  lwiplib.o(.text)
    lwIPNetworkConfigChange                  0x000033c9   Thumb Code    24  lwiplib.o(.text)
    ustrncpy                                 0x00003419   Thumb Code    36  ustdlib.o(.text)
    uvsnprintf                               0x0000343d   Thumb Code   586  ustdlib.o(.text)
    usprintf                                 0x00003687   Thumb Code    22  ustdlib.o(.text)
    usnprintf                                0x0000369d   Thumb Code    14  ustdlib.o(.text)
    ulocaltime                               0x000036ab   Thumb Code   164  ustdlib.o(.text)
    umktime                                  0x000037a1   Thumb Code    54  ustdlib.o(.text)
    ustrtoul                                 0x000037d7   Thumb Code   174  ustdlib.o(.text)
    ustrlen                                  0x00003885   Thumb Code    16  ustdlib.o(.text)
    ustrncmp                                 0x00003895   Thumb Code    46  ustdlib.o(.text)
    ustrstr                                  0x000038c3   Thumb Code    58  ustdlib.o(.text)
    ustrnicmp                                0x000038fd   Thumb Code    70  ustdlib.o(.text)
    ustrcasecmp                              0x00003943   Thumb Code     6  ustdlib.o(.text)
    ustrcmp                                  0x00003949   Thumb Code     6  ustdlib.o(.text)
    usrand                                   0x0000394f   Thumb Code     6  ustdlib.o(.text)
    urand                                    0x00003955   Thumb Code    16  ustdlib.o(.text)
    UARTStdioInitExpClk                      0x00003971   Thumb Code    72  uartstdio.o(.text)
    UARTStdioInit                            0x000039b9   Thumb Code     6  uartstdio.o(.text)
    UARTwrite                                0x000039bf   Thumb Code    46  uartstdio.o(.text)
    UARTgets                                 0x000039ed   Thumb Code    98  uartstdio.o(.text)
    UARTgetc                                 0x00003a4f   Thumb Code    14  uartstdio.o(.text)
    UARTprintf                               0x00003a5d   Thumb Code   428  uartstdio.o(.text)
    lwIP_init                                0x00003c25   Thumb Code    28  net_tcpip.o(.text)
    stringtoip                               0x00003c41   Thumb Code    46  net_tcpip.o(.text)
    TaskTcpip_Create                         0x00003ca5   Thumb Code    12  net_tcpip.o(.text)
    utilReverseBuf                           0x00003db5   Thumb Code    24  net_socket.o(.text)
    sockex_testrecv                          0x00003dcd   Thumb Code   420  net_socket.o(.text)
    sockex_selects                           0x00003f71   Thumb Code   486  net_socket.o(.text)
    TaskSocket_Create                        0x00004157   Thumb Code    20  net_socket.o(.text)
    sys_init                                 0x00004321   Thumb Code    42  sys_arch.o(.text)
    sys_sem_new                              0x0000434b   Thumb Code    24  sys_arch.o(.text)
    sys_sem_signal                           0x00004363   Thumb Code     6  sys_arch.o(.text)
    sys_sem_free                             0x00004369   Thumb Code    14  sys_arch.o(.text)
    sys_sem_set_invalid                      0x00004377   Thumb Code     6  sys_arch.o(.text)
    sys_sem_valid                            0x0000437d   Thumb Code     4  sys_arch.o(.text)
    sys_arch_sem_wait                        0x00004381   Thumb Code    98  sys_arch.o(.text)
    sys_mbox_new                             0x000043e3   Thumb Code    68  sys_arch.o(.text)
    sys_mbox_valid                           0x00004427   Thumb Code     4  sys_arch.o(.text)
    sys_mbox_set_invalid                     0x0000442b   Thumb Code     6  sys_arch.o(.text)
    sys_mbox_post                            0x00004431   Thumb Code    12  sys_arch.o(.text)
    sys_mbox_trypost                         0x0000443d   Thumb Code    24  sys_arch.o(.text)
    sys_mbox_free                            0x00004455   Thumb Code    36  sys_arch.o(.text)
    sys_arch_mbox_fetch                      0x00004479   Thumb Code   118  sys_arch.o(.text)
    sys_arch_mbox_tryfetch                   0x000044ef   Thumb Code    36  sys_arch.o(.text)
    sys_thread_new                           0x00004513   Thumb Code    60  sys_arch.o(.text)
    sys_now                                  0x0000454f   Thumb Code     4  sys_arch.o(.text)
    sys_arch_protect                         0x00004553   Thumb Code     4  sys_arch.o(.text)
    sys_arch_unprotect                       0x00004557   Thumb Code     4  sys_arch.o(.text)
    stellarisif_init                         0x0000472d   Thumb Code   138  stellarisif.o(.text)
    stellarisif_interrupt                    0x000047b7   Thumb Code    92  stellarisif.o(.text)
    etharp_tmr                               0x00004853   Thumb Code    50  etharp.o(.text)
    etharp_find_addr                         0x000049c7   Thumb Code    48  etharp.o(.text)
    etharp_request                           0x00004ac3   Thumb Code    32  etharp.o(.text)
    etharp_query                             0x00004ae3   Thumb Code   240  etharp.o(.text)
    etharp_output                            0x00004bd3   Thumb Code   214  etharp.o(.text)
    ethernet_input                           0x00004ca9   Thumb Code   120  etharp.o(.text)
    netconn_new_with_proto_and_callback      0x00004de9   Thumb Code    92  api_lib.o(.text)
    netconn_delete                           0x00004e45   Thumb Code    32  api_lib.o(.text)
    netconn_getaddr                          0x00004e65   Thumb Code    68  api_lib.o(.text)
    netconn_bind                             0x00004ea9   Thumb Code    58  api_lib.o(.text)
    netconn_connect                          0x00004ee3   Thumb Code    58  api_lib.o(.text)
    netconn_disconnect                       0x00004f1d   Thumb Code    52  api_lib.o(.text)
    netconn_listen_with_backlog              0x00004f51   Thumb Code    56  api_lib.o(.text)
    netconn_accept                           0x00004f89   Thumb Code   140  api_lib.o(.text)
    netconn_recv_tcp_pbuf                    0x000050db   Thumb Code    16  api_lib.o(.text)
    netconn_recv                             0x000050eb   Thumb Code   134  api_lib.o(.text)
    netconn_recved                           0x00005171   Thumb Code    40  api_lib.o(.text)
    netconn_send                             0x00005199   Thumb Code    54  api_lib.o(.text)
    netconn_sendto                           0x000051cf   Thumb Code    56  api_lib.o(.text)
    netconn_write                            0x00005207   Thumb Code    78  api_lib.o(.text)
    netconn_close                            0x0000528d   Thumb Code     4  api_lib.o(.text)
    netconn_shutdown                         0x00005291   Thumb Code    12  api_lib.o(.text)
    netconn_gethostbyname                    0x0000529d   Thumb Code    76  api_lib.o(.text)
    netconn_free                             0x000057b5   Thumb Code    46  api_msg.o(.text)
    netconn_alloc                            0x000057e3   Thumb Code   128  api_msg.o(.text)
    do_newconn                               0x000058d1   Thumb Code    32  api_msg.o(.text)
    do_delconn                               0x0000598b   Thumb Code   146  api_msg.o(.text)
    do_bind                                  0x00005a1d   Thumb Code    92  api_msg.o(.text)
    do_connect                               0x00005ae3   Thumb Code   166  api_msg.o(.text)
    do_disconnect                            0x00005b89   Thumb Code    42  api_msg.o(.text)
    do_listen                                0x00005bb3   Thumb Code   166  api_msg.o(.text)
    do_send                                  0x00005c59   Thumb Code   128  api_msg.o(.text)
    do_recv                                  0x00005cd9   Thumb Code    82  api_msg.o(.text)
    do_write                                 0x00005d2b   Thumb Code    66  api_msg.o(.text)
    do_getaddr                               0x00005d6d   Thumb Code   108  api_msg.o(.text)
    do_close                                 0x00005dd9   Thumb Code    82  api_msg.o(.text)
    do_gethostbyname                         0x00005e5b   Thumb Code    38  api_msg.o(.text)
    netbuf_new                               0x00005f0d   Thumb Code    24  netbuf.o(.text)
    netbuf_delete                            0x00005f25   Thumb Code    34  netbuf.o(.text)
    netbuf_alloc                             0x00005f47   Thumb Code    42  netbuf.o(.text)
    netbuf_free                              0x00005f71   Thumb Code    22  netbuf.o(.text)
    netbuf_ref                               0x00005f87   Thumb Code    64  netbuf.o(.text)
    netbuf_chain                             0x00005fc7   Thumb Code    38  netbuf.o(.text)
    netbuf_data                              0x00005fed   Thumb Code    38  netbuf.o(.text)
    netbuf_next                              0x00006013   Thumb Code    30  netbuf.o(.text)
    netbuf_first                             0x00006031   Thumb Code    10  netbuf.o(.text)
    lwip_socket_init                         0x0000603d   Thumb Code     2  sockets.o(.text)
    lwip_accept                              0x0000609f   Thumb Code   252  sockets.o(.text)
    lwip_bind                                0x0000619b   Thumb Code    88  sockets.o(.text)
    lwip_close                               0x000061f3   Thumb Code    78  sockets.o(.text)
    lwip_connect                             0x00006241   Thumb Code    88  sockets.o(.text)
    lwip_listen                              0x00006299   Thumb Code    72  sockets.o(.text)
    lwip_recvfrom                            0x000062e1   Thumb Code   442  sockets.o(.text)
    lwip_read                                0x0000649b   Thumb Code    14  sockets.o(.text)
    lwip_recv                                0x000064a9   Thumb Code    14  sockets.o(.text)
    lwip_sendto                              0x000064b7   Thumb Code   172  sockets.o(.text)
    lwip_send                                0x00006563   Thumb Code   142  sockets.o(.text)
    lwip_socket                              0x00006711   Thumb Code   104  sockets.o(.text)
    lwip_write                               0x00006779   Thumb Code     4  sockets.o(.text)
    lwip_select                              0x0000687d   Thumb Code   574  sockets.o(.text)
    lwip_shutdown                            0x00006abb   Thumb Code   108  sockets.o(.text)
    lwip_getpeername                         0x00006b91   Thumb Code     4  sockets.o(.text)
    lwip_getsockname                         0x00006b95   Thumb Code     4  sockets.o(.text)
    lwip_getsockopt                          0x00006cbb   Thumb Code   246  sockets.o(.text)
    lwip_setsockopt                          0x00006ebb   Thumb Code   228  sockets.o(.text)
    lwip_ioctl                               0x00006f9f   Thumb Code    68  sockets.o(.text)
    lwip_fcntl                               0x00006fe3   Thumb Code    70  sockets.o(.text)
    tcpip_input                              0x000070df   Thumb Code    74  tcpip.o(.text)
    tcpip_callback_with_block                0x00007129   Thumb Code    92  tcpip.o(.text)
    tcpip_timeout                            0x00007185   Thumb Code    62  tcpip.o(.text)
    tcpip_untimeout                          0x000071c3   Thumb Code    58  tcpip.o(.text)
    tcpip_apimsg                             0x000071fd   Thumb Code    58  tcpip.o(.text)
    tcpip_init                               0x00007237   Thumb Code    44  tcpip.o(.text)
    pbuf_free_callback                       0x00007267   Thumb Code     8  tcpip.o(.text)
    mem_free_callback                        0x0000726f   Thumb Code     8  tcpip.o(.text)
    lwip_htons                               0x00007299   Thumb Code     4  def.o(.text)
    lwip_ntohs                               0x0000729d   Thumb Code     4  def.o(.text)
    lwip_htonl                               0x000072a1   Thumb Code     4  def.o(.text)
    lwip_ntohl                               0x000072a5   Thumb Code     4  def.o(.text)
    dhcp_renew                               0x00007601   Thumb Code   130  dhcp.o(.text)
    dhcp_coarse_tmr                          0x00007711   Thumb Code    90  dhcp.o(.text)
    dhcp_release                             0x00007805   Thumb Code   158  dhcp.o(.text)
    dhcp_fine_tmr                            0x00007955   Thumb Code    46  dhcp.o(.text)
    dhcp_set_struct                          0x00007a03   Thumb Code    18  dhcp.o(.text)
    dhcp_cleanup                             0x00007a15   Thumb Code    20  dhcp.o(.text)
    dhcp_stop                                0x00007a29   Thumb Code    48  dhcp.o(.text)
    dhcp_start                               0x00007d1d   Thumb Code   154  dhcp.o(.text)
    dhcp_inform                              0x00007db7   Thumb Code   144  dhcp.o(.text)
    dhcp_network_changed                     0x00007e47   Thumb Code    68  dhcp.o(.text)
    dhcp_arp_reply                           0x00007e8b   Thumb Code    30  dhcp.o(.text)
    dns_setserver                            0x0000802d   Thumb Code    32  dns.o(.text)
    dns_init                                 0x000081af   Thumb Code    64  dns.o(.text)
    dns_getserver                            0x000081ef   Thumb Code    20  dns.o(.text)
    dns_tmr                                  0x00008365   Thumb Code    28  dns.o(.text)
    dns_gethostbyname                        0x00008381   Thumb Code   208  dns.o(.text)
    lwip_init                                0x0000852d   Thumb Code    34  init.o(.text)
    mem_init                                 0x00008551   Thumb Code    52  mem.o(.text)
    mem_free                                 0x00008585   Thumb Code    76  mem.o(.text)
    mem_trim                                 0x000085d1   Thumb Code   228  mem.o(.text)
    mem_malloc                               0x000086b5   Thumb Code   214  mem.o(.text)
    mem_calloc                               0x0000878b   Thumb Code    26  mem.o(.text)
    memp_init                                0x000087fd   Thumb Code    78  memp.o(.text)
    memp_malloc                              0x0000884b   Thumb Code    40  memp.o(.text)
    memp_free                                0x00008873   Thumb Code    38  memp.o(.text)
    netif_poll                               0x000088a1   Thumb Code    86  netif.o(.text)
    netif_loop_output                        0x000088f7   Thumb Code    98  netif.o(.text)
    netif_set_up                             0x0000896f   Thumb Code    32  netif.o(.text)
    netif_set_gw                             0x0000898f   Thumb Code     8  netif.o(.text)
    netif_set_netmask                        0x00008997   Thumb Code     8  netif.o(.text)
    netif_set_ipaddr                         0x0000899f   Thumb Code    94  netif.o(.text)
    netif_set_addr                           0x000089fd   Thumb Code    30  netif.o(.text)
    netif_add                                0x00008a1b   Thumb Code    72  netif.o(.text)
    netif_init                               0x00008a63   Thumb Code    46  netif.o(.text)
    netif_set_default                        0x00008a91   Thumb Code     6  netif.o(.text)
    netif_set_down                           0x00008a97   Thumb Code    18  netif.o(.text)
    netif_remove                             0x00008aa9   Thumb Code    68  netif.o(.text)
    netif_find                               0x00008aed   Thumb Code    60  netif.o(.text)
    netif_set_link_up                        0x00008b29   Thumb Code    56  netif.o(.text)
    netif_set_link_down                      0x00008b61   Thumb Code    18  netif.o(.text)
    pbuf_free                                0x00008bf1   Thumb Code    96  pbuf.o(.text)
    pbuf_alloc                               0x00008c51   Thumb Code   278  pbuf.o(.text)
    pbuf_alloced_custom                      0x00008d67   Thumb Code    88  pbuf.o(.text)
    pbuf_realloc                             0x00008dbf   Thumb Code    78  pbuf.o(.text)
    pbuf_header                              0x00008e0d   Thumb Code    96  pbuf.o(.text)
    pbuf_clen                                0x00008e6d   Thumb Code    18  pbuf.o(.text)
    pbuf_ref                                 0x00008e7f   Thumb Code    26  pbuf.o(.text)
    pbuf_cat                                 0x00008e99   Thumb Code    40  pbuf.o(.text)
    pbuf_chain                               0x00008ec1   Thumb Code    16  pbuf.o(.text)
    pbuf_dechain                             0x00008ed1   Thumb Code    38  pbuf.o(.text)
    pbuf_copy                                0x00008ef7   Thumb Code   158  pbuf.o(.text)
    pbuf_copy_partial                        0x00008f95   Thumb Code   102  pbuf.o(.text)
    pbuf_take                                0x00008ffb   Thumb Code    78  pbuf.o(.text)
    pbuf_coalesce                            0x00009049   Thumb Code    44  pbuf.o(.text)
    pbuf_get_at                              0x00009075   Thumb Code    24  pbuf.o(.text)
    pbuf_memcmp                              0x0000908d   Thumb Code    68  pbuf.o(.text)
    pbuf_memfind                             0x000090d1   Thumb Code    56  pbuf.o(.text)
    pbuf_strstr                              0x00009109   Thumb Code    54  pbuf.o(.text)
    raw_input                                0x00009141   Thumb Code   104  raw.o(.text)
    raw_bind                                 0x000091a9   Thumb Code    10  raw.o(.text)
    raw_connect                              0x000091b3   Thumb Code    10  raw.o(.text)
    raw_recv                                 0x000091bd   Thumb Code     6  raw.o(.text)
    raw_sendto                               0x000091c3   Thumb Code   144  raw.o(.text)
    raw_send                                 0x00009253   Thumb Code     4  raw.o(.text)
    raw_remove                               0x00009257   Thumb Code    40  raw.o(.text)
    raw_new                                  0x0000927f   Thumb Code    38  raw.o(.text)
    tcp_seg_free                             0x000092b1   Thumb Code    28  tcp.o(.text)
    tcp_segs_free                            0x000092cd   Thumb Code    18  tcp.o(.text)
    tcp_pcb_purge                            0x000092df   Thumb Code   114  tcp.o(.text)
    tcp_slowtmr                              0x00009351   Thumb Code   570  tcp.o(.text)
    tcp_pcb_remove                           0x0000958b   Thumb Code    88  tcp.o(.text)
    tcp_close                                0x000096f3   Thumb Code    22  tcp.o(.text)
    tcp_update_rcv_ann_wnd                   0x00009709   Thumb Code    52  tcp.o(.text)
    tcp_recved                               0x0000973d   Thumb Code    58  tcp.o(.text)
    tcp_recv_null                            0x00009777   Thumb Code    34  tcp.o(.text)
    tcp_fasttmr                              0x00009799   Thumb Code    98  tcp.o(.text)
    tcp_tmr                                  0x000097fb   Thumb Code    26  tcp.o(.text)
    tcp_shutdown                             0x00009815   Thumb Code    78  tcp.o(.text)
    tcp_abandon                              0x00009863   Thumb Code   140  tcp.o(.text)
    tcp_abort                                0x000098ef   Thumb Code     4  tcp.o(.text)
    tcp_bind                                 0x0000992f   Thumb Code   138  tcp.o(.text)
    tcp_listen_with_backlog                  0x000099bf   Thumb Code   178  tcp.o(.text)
    tcp_eff_send_mss                         0x00009a71   Thumb Code    32  tcp.o(.text)
    tcp_next_iss                             0x00009a91   Thumb Code    12  tcp.o(.text)
    tcp_connect                              0x00009a9d   Thumb Code   298  tcp.o(.text)
    tcp_setprio                              0x00009bc7   Thumb Code     4  tcp.o(.text)
    tcp_seg_copy                             0x00009bcb   Thumb Code    40  tcp.o(.text)
    tcp_alloc                                0x00009bf3   Thumb Code   256  tcp.o(.text)
    tcp_new                                  0x00009cf3   Thumb Code     4  tcp.o(.text)
    tcp_arg                                  0x00009cf7   Thumb Code     4  tcp.o(.text)
    tcp_recv                                 0x00009cfb   Thumb Code     6  tcp.o(.text)
    tcp_sent                                 0x00009d01   Thumb Code     6  tcp.o(.text)
    tcp_err                                  0x00009d07   Thumb Code     6  tcp.o(.text)
    tcp_accept                               0x00009d0d   Thumb Code     4  tcp.o(.text)
    tcp_poll                                 0x00009d11   Thumb Code    10  tcp.o(.text)
    tcp_debug_state_str                      0x00009d1b   Thumb Code     8  tcp.o(.text)
    tcp_input                                0x0000a909   Thumb Code   844  tcp_in.o(.text)
    tcp_enqueue_flags                        0x0000adc9   Thumb Code   174  tcp_out.o(.text)
    tcp_send_fin                             0x0000ae77   Thumb Code    58  tcp_out.o(.text)
    tcp_write                                0x0000aeff   Thumb Code   728  tcp_out.o(.text)
    tcp_send_empty_ack                       0x0000b1d7   Thumb Code    96  tcp_out.o(.text)
    tcp_output                               0x0000b2e5   Thumb Code   424  tcp_out.o(.text)
    tcp_rst                                  0x0000b48d   Thumb Code   136  tcp_out.o(.text)
    tcp_rexmit_rto                           0x0000b515   Thumb Code    44  tcp_out.o(.text)
    tcp_rexmit                               0x0000b541   Thumb Code    72  tcp_out.o(.text)
    tcp_rexmit_fast                          0x0000b589   Thumb Code    92  tcp_out.o(.text)
    tcp_keepalive                            0x0000b5e5   Thumb Code    80  tcp_out.o(.text)
    tcp_zero_window_probe                    0x0000b635   Thumb Code   182  tcp_out.o(.text)
    sys_timeout                              0x0000b6ed   Thumb Code    88  timers.o(.text)
    tcp_timer_needed                         0x0000b76b   Thumb Code    34  timers.o(.text)
    sys_timeouts_init                        0x0000b7f1   Thumb Code    62  timers.o(.text)
    sys_untimeout                            0x0000b82f   Thumb Code    68  timers.o(.text)
    sys_timeouts_mbox_fetch                  0x0000b873   Thumb Code    92  timers.o(.text)
    udp_input                                0x0000b8f5   Thumb Code   404  udp.o(.text)
    udp_bind                                 0x0000ba89   Thumb Code   134  udp.o(.text)
    udp_sendto_if                            0x0000bb0f   Thumb Code   212  udp.o(.text)
    udp_sendto                               0x0000bbe3   Thumb Code    40  udp.o(.text)
    udp_send                                 0x0000bc0b   Thumb Code     6  udp.o(.text)
    udp_connect                              0x0000bc11   Thumb Code    70  udp.o(.text)
    udp_disconnect                           0x0000bc57   Thumb Code    16  udp.o(.text)
    udp_recv                                 0x0000bc67   Thumb Code     6  udp.o(.text)
    udp_remove                               0x0000bc6d   Thumb Code    40  udp.o(.text)
    udp_new                                  0x0000bc95   Thumb Code    26  udp.o(.text)
    icmp_input                               0x0000bcbd   Thumb Code   276  icmp.o(.text)
    icmp_dest_unreach                        0x0000be35   Thumb Code     6  icmp.o(.text)
    icmp_time_exceeded                       0x0000be3b   Thumb Code     6  icmp.o(.text)
    inet_chksum_pseudo                       0x0000bea1   Thumb Code   134  inet_chksum.o(.text)
    inet_chksum_pseudo_partial               0x0000bf27   Thumb Code   154  inet_chksum.o(.text)
    inet_chksum                              0x0000bfc1   Thumb Code    12  inet_chksum.o(.text)
    inet_chksum_pbuf                         0x0000bfcd   Thumb Code    72  inet_chksum.o(.text)
    ip_route                                 0x0000c015   Thumb Code    54  ip.o(.text)
    ip_input                                 0x0000c04b   Thumb Code   394  ip.o(.text)
    ip_output_if                             0x0000c1d5   Thumb Code   230  ip.o(.text)
    ip_output                                0x0000c2bb   Thumb Code    52  ip.o(.text)
    ip4_addr_isbroadcast                     0x0000c2fd   Thumb Code    46  ip_addr.o(.text)
    ip4_addr_netmask_valid                   0x0000c32b   Thumb Code    38  ip_addr.o(.text)
    ipaddr_aton                              0x0000c351   Thumb Code   248  ip_addr.o(.text)
    ipaddr_addr                              0x0000c449   Thumb Code    20  ip_addr.o(.text)
    ipaddr_ntoa_r                            0x0000c45d   Thumb Code   120  ip_addr.o(.text)
    ipaddr_ntoa                              0x0000c4d5   Thumb Code     6  ip_addr.o(.text)
    ip_reass_tmr                             0x0000c54d   Thumb Code    40  ip_frag.o(.text)
    ip_reass                                 0x0000c6c7   Thumb Code   402  ip_frag.o(.text)
    ip_frag                                  0x0000c86f   Thumb Code   360  ip_frag.o(.text)
    OSInitHookBegin                          0x0000ca05   Thumb Code     2  os_cpu_c.o(.text)
    OSInitHookEnd                            0x0000ca07   Thumb Code     2  os_cpu_c.o(.text)
    OSTaskCreateHook                         0x0000ca09   Thumb Code     2  os_cpu_c.o(.text)
    OSTaskDelHook                            0x0000ca0b   Thumb Code     2  os_cpu_c.o(.text)
    OSTaskIdleHook                           0x0000ca0d   Thumb Code     2  os_cpu_c.o(.text)
    OSTaskReturnHook                         0x0000ca0f   Thumb Code     2  os_cpu_c.o(.text)
    OSTaskStatHook                           0x0000ca11   Thumb Code     2  os_cpu_c.o(.text)
    OSTaskStkInit                            0x0000ca13   Thumb Code   114  os_cpu_c.o(.text)
    OSTaskSwHook                             0x0000ca85   Thumb Code     2  os_cpu_c.o(.text)
    OSTCBInitHook                            0x0000ca87   Thumb Code     2  os_cpu_c.o(.text)
    OSTimeTickHook                           0x0000ca89   Thumb Code     2  os_cpu_c.o(.text)
    OS_CPU_SysTickHandler                    0x0000ca8b   Thumb Code    30  os_cpu_c.o(.text)
    OS_CPU_SysTickInit                       0x0000caa9   Thumb Code    32  os_cpu_c.o(.text)
    OS_CPU_SR_Save                           0x0000cad5   Thumb Code     0  os_cpu_a.o(.text)
    OS_CPU_SR_Restore                        0x0000cadd   Thumb Code     0  os_cpu_a.o(.text)
    OSStartHighRdy                           0x0000cae3   Thumb Code     0  os_cpu_a.o(.text)
    OSCtxSw                                  0x0000cb03   Thumb Code     0  os_cpu_a.o(.text)
    OSIntCtxSw                               0x0000cb0d   Thumb Code     0  os_cpu_a.o(.text)
    OS_CPU_PendSVHandler                     0x0000cb17   Thumb Code     0  os_cpu_a.o(.text)
    OS_StrLen                                0x0000cb79   Thumb Code    20  os_core.o(.text)
    OSEventNameGet                           0x0000cb8d   Thumb Code    90  os_core.o(.text)
    OSEventNameSet                           0x0000cbe7   Thumb Code    72  os_core.o(.text)
    OS_EventTaskRemoveMulti                  0x0000cc2f   Thumb Code    40  os_core.o(.text)
    OS_Sched                                 0x0000cc57   Thumb Code    64  os_core.o(.text)
    OS_EventTaskWaitMulti                    0x0000cc97   Thumb Code    88  os_core.o(.text)
    OSEventPendMulti                         0x0000ccef   Thumb Code   474  os_core.o(.text)
    OS_TaskStatStkChk                        0x0000cec9   Thumb Code    50  os_core.o(.text)
    OS_TaskStat                              0x0000cefb   Thumb Code    82  os_core.o(.text)
    OS_TaskIdle                              0x0000cf4d   Thumb Code    24  os_core.o(.text)
    OS_MemClr                                0x0000cf65   Thumb Code    28  os_core.o(.text)
    OSInit                                   0x0000cf81   Thumb Code   284  os_core.o(.text)
    OSIntEnter                               0x0000d09d   Thumb Code    20  os_core.o(.text)
    OSIntExit                                0x0000d0b1   Thumb Code    82  os_core.o(.text)
    OSSchedLock                              0x0000d103   Thumb Code    38  os_core.o(.text)
    OSSchedUnlock                            0x0000d129   Thumb Code    52  os_core.o(.text)
    OSStart                                  0x0000d15d   Thumb Code    38  os_core.o(.text)
    OSStatInit                               0x0000d183   Thumb Code    48  os_core.o(.text)
    OSTimeTick                               0x0000d1b3   Thumb Code   156  os_core.o(.text)
    OSVersion                                0x0000d24f   Thumb Code     6  os_core.o(.text)
    OS_Dummy                                 0x0000d255   Thumb Code     2  os_core.o(.text)
    OS_EventTaskRemove                       0x0000d257   Thumb Code    32  os_core.o(.text)
    OS_EventTaskRdy                          0x0000d277   Thumb Code   100  os_core.o(.text)
    OS_EventTaskWait                         0x0000d2db   Thumb Code    68  os_core.o(.text)
    OS_EventWaitListInit                     0x0000d31f   Thumb Code    24  os_core.o(.text)
    OS_MemCopy                               0x0000d337   Thumb Code    20  os_core.o(.text)
    OS_TCBInit                               0x0000d34b   Thumb Code   290  os_core.o(.text)
    OSFlagAccept                             0x0000d491   Thumb Code   166  os_flag.o(.text)
    OSFlagCreate                             0x0000d537   Thumb Code    70  os_flag.o(.text)
    OS_FlagUnlink                            0x0000d57d   Thumb Code    32  os_flag.o(.text)
    OSFlagDel                                0x0000d5e5   Thumb Code   188  os_flag.o(.text)
    OSFlagNameGet                            0x0000d6a1   Thumb Code    86  os_flag.o(.text)
    OSFlagNameSet                            0x0000d6f7   Thumb Code    64  os_flag.o(.text)
    OSFlagPend                               0x0000d78d   Thumb Code   356  os_flag.o(.text)
    OSFlagPendGetFlagsRdy                    0x0000d8f1   Thumb Code    20  os_flag.o(.text)
    OSFlagPost                               0x0000d905   Thumb Code   216  os_flag.o(.text)
    OSFlagQuery                              0x0000d9dd   Thumb Code    46  os_flag.o(.text)
    OS_FlagInit                              0x0000da0b   Thumb Code    64  os_flag.o(.text)
    OSMemCreate                              0x0000da55   Thumb Code   122  os_mem.o(.text)
    OSMemGet                                 0x0000dacf   Thumb Code    64  os_mem.o(.text)
    OSMemNameGet                             0x0000db0f   Thumb Code    68  os_mem.o(.text)
    OSMemNameSet                             0x0000db53   Thumb Code    50  os_mem.o(.text)
    OSMemPut                                 0x0000db85   Thumb Code    58  os_mem.o(.text)
    OSMemQuery                               0x0000dbbf   Thumb Code    58  os_mem.o(.text)
    OS_MemInit                               0x0000dbf9   Thumb Code    56  os_mem.o(.text)
    OSQAccept                                0x0000dc41   Thumb Code    86  os_q.o(.text)
    OSQCreate                                0x0000dc97   Thumb Code   114  os_q.o(.text)
    OSQDel                                   0x0000dd09   Thumb Code   226  os_q.o(.text)
    OSQFlush                                 0x0000ddeb   Thumb Code    48  os_q.o(.text)
    OSQPend                                  0x0000de1b   Thumb Code   216  os_q.o(.text)
    OSQPendAbort                             0x0000def3   Thumb Code   116  os_q.o(.text)
    OSQPost                                  0x0000df67   Thumb Code   112  os_q.o(.text)
    OSQPostFront                             0x0000dfd7   Thumb Code   110  os_q.o(.text)
    OSQPostOpt                               0x0000e045   Thumb Code   192  os_q.o(.text)
    OSQQuery                                 0x0000e105   Thumb Code    94  os_q.o(.text)
    OS_QInit                                 0x0000e163   Thumb Code    44  os_q.o(.text)
    OSSemAccept                              0x0000e199   Thumb Code    36  os_sem.o(.text)
    OSSemCreate                              0x0000e1bd   Thumb Code    58  os_sem.o(.text)
    OSSemDel                                 0x0000e1f7   Thumb Code   196  os_sem.o(.text)
    OSSemPend                                0x0000e2bb   Thumb Code   182  os_sem.o(.text)
    OSSemPendAbort                           0x0000e371   Thumb Code   118  os_sem.o(.text)
    OSSemPost                                0x0000e3e7   Thumb Code    88  os_sem.o(.text)
    OSSemQuery                               0x0000e43f   Thumb Code    76  os_sem.o(.text)
    OSSemSet                                 0x0000e48b   Thumb Code    60  os_sem.o(.text)
    OSTaskChangePrio                         0x0000e4dd   Thumb Code   350  os_task.o(.text)
    OSTaskCreate                             0x0000e63b   Thumb Code   132  os_task.o(.text)
    OS_TaskStkClr                            0x0000e6bf   Thumb Code    22  os_task.o(.text)
    OSTaskCreateExt                          0x0000e6d5   Thumb Code   152  os_task.o(.text)
    OSTaskDel                                0x0000e76d   Thumb Code   282  os_task.o(.text)
    OSTaskDelReq                             0x0000e887   Thumb Code   140  os_task.o(.text)
    OSTaskNameGet                            0x0000e913   Thumb Code   112  os_task.o(.text)
    OSTaskNameSet                            0x0000e983   Thumb Code    96  os_task.o(.text)
    OSTaskResume                             0x0000e9e3   Thumb Code   140  os_task.o(.text)
    OSTaskStkChk                             0x0000ea6f   Thumb Code   126  os_task.o(.text)
    OSTaskSuspend                            0x0000eaed   Thumb Code   146  os_task.o(.text)
    OSTaskQuery                              0x0000eb7f   Thumb Code    94  os_task.o(.text)
    OSTaskRegGet                             0x0000ebdd   Thumb Code    66  os_task.o(.text)
    OSTaskRegSet                             0x0000ec1f   Thumb Code    64  os_task.o(.text)
    OS_TaskReturn                            0x0000ec5f   Thumb Code    18  os_task.o(.text)
    OSTimeDly                                0x0000ec89   Thumb Code    74  os_time.o(.text)
    OSTimeDlyHMSM                            0x0000ecd3   Thumb Code    98  os_time.o(.text)
    OSTimeDlyResume                          0x0000ed35   Thumb Code   144  os_time.o(.text)
    OSTimeGet                                0x0000edc5   Thumb Code    18  os_time.o(.text)
    OSTimeSet                                0x0000edd7   Thumb Code    20  os_time.o(.text)
    free                                     0x0000ee05   Thumb Code    78  h1_free.o(.text)
    realloc                                  0x0000ee53   Thumb Code   184  h1_realloc.o(.text)
    strlen                                   0x0000ef0b   Thumb Code    62  strlen.o(.text)
    __aeabi_memcpy                           0x0000ef49   Thumb Code     0  rt_memcpy_v6.o(.text)
    __rt_memcpy                              0x0000ef49   Thumb Code   138  rt_memcpy_v6.o(.text)
    _memcpy_lastbytes                        0x0000efaf   Thumb Code     0  rt_memcpy_v6.o(.text)
    __aeabi_memclr                           0x0000efd3   Thumb Code     0  rt_memclr.o(.text)
    __rt_memclr                              0x0000efd3   Thumb Code    68  rt_memclr.o(.text)
    _memset                                  0x0000efd7   Thumb Code     0  rt_memclr.o(.text)
    __aeabi_memclr4                          0x0000f017   Thumb Code     0  rt_memclr_w.o(.text)
    __aeabi_memclr8                          0x0000f017   Thumb Code     0  rt_memclr_w.o(.text)
    __rt_memclr_w                            0x0000f017   Thumb Code    78  rt_memclr_w.o(.text)
    _memset_w                                0x0000f01b   Thumb Code     0  rt_memclr_w.o(.text)
    strcmp                                   0x0000f065   Thumb Code   128  strcmpv7m.o(.text)
    __use_two_region_memory                  0x0000f0e5   Thumb Code     2  heapauxi.o(.text)
    __rt_heap_escrow                         0x0000f0e7   Thumb Code     2  heapauxi.o(.text)
    __rt_heap_expand                         0x0000f0e9   Thumb Code     2  heapauxi.o(.text)
    __rt_heap_descriptor                     0x0000f0ed   Thumb Code     8  rt_heap_descriptor_intlibspace.o(.text)
    __use_no_heap                            0x0000f0f5   Thumb Code     2  hguard.o(.text)
    __heap$guard                             0x0000f0f7   Thumb Code     2  hguard.o(.text)
    _terminate_user_alloc                    0x0000f0f9   Thumb Code     2  init_alloc.o(.text)
    _init_user_alloc                         0x0000f0fb   Thumb Code     2  init_alloc.o(.text)
    __Heap_Full                              0x0000f0fd   Thumb Code    34  init_alloc.o(.text)
    __Heap_Broken                            0x0000f11f   Thumb Code     6  init_alloc.o(.text)
    _init_alloc                              0x0000f125   Thumb Code    94  init_alloc.o(.text)
    malloc                                   0x0000f183   Thumb Code    94  h1_alloc.o(.text)
    __aeabi_memcpy4                          0x0000f1e1   Thumb Code     0  rt_memcpy_w.o(.text)
    __aeabi_memcpy8                          0x0000f1e1   Thumb Code     0  rt_memcpy_w.o(.text)
    __rt_memcpy_w                            0x0000f1e1   Thumb Code   100  rt_memcpy_w.o(.text)
    _memcpy_lastbytes_aligned                0x0000f229   Thumb Code     0  rt_memcpy_w.o(.text)
    __user_libspace                          0x0000f245   Thumb Code     8  libspace.o(.text)
    __user_perproc_libspace                  0x0000f245   Thumb Code     0  libspace.o(.text)
    __user_perthread_libspace                0x0000f245   Thumb Code     0  libspace.o(.text)
    __Heap_Initialize                        0x0000f24d   Thumb Code    10  h1_init.o(.text)
    __Heap_DescSize                          0x0000f257   Thumb Code     4  h1_init.o(.text)
    __Heap_ProvideMemory                     0x0000f25b   Thumb Code    52  h1_extend.o(.text)
    __rt_SIGRTMEM                            0x0000f28f   Thumb Code    14  defsig_rtmem_outer.o(.text)
    __user_setup_stackheap                   0x0000f29d   Thumb Code    74  sys_stackheap_outer.o(.text)
    exit                                     0x0000f2e7   Thumb Code    18  exit.o(.text)
    __sig_exit                               0x0000f2f9   Thumb Code    10  defsig_exit.o(.text)
    __rt_SIGRTMEM_inner                      0x0000f305   Thumb Code    22  defsig_rtmem_inner.o(.text)
    _sys_exit                                0x0000f355   Thumb Code     8  sys_exit.o(.text)
    __I$use$semihosting                      0x0000f361   Thumb Code     0  use_no_semi.o(.text)
    __use_no_semihosting_swi                 0x0000f361   Thumb Code     2  use_no_semi.o(.text)
    __default_signal_display                 0x0000f363   Thumb Code    50  defsig_general.o(.text)
    __semihosting_library_function           0x0000f363   Thumb Code     0  indicate_semi.o(.text)
    _ttywrch                                 0x0000f395   Thumb Code    14  sys_wrch.o(.text)
    pvNullPointer                            0x0000f850   Data           4  sys_arch.o(.constdata)
    ethbroadcast                             0x0000f854   Data           6  etharp.o(.constdata)
    ethzero                                  0x0000f85a   Data           6  etharp.o(.constdata)
    tcp_persist_backoff                      0x0000f8e0   Data           7  tcp.o(.constdata)
    tcp_state_str                            0x0000f8e8   Data          44  tcp.o(.constdata)
    tcp_backoff                              0x0000f914   Data          13  tcp.o(.constdata)
    tcp_pcb_lists                            0x0000f924   Data          16  tcp.o(.constdata)
    ip_addr_any                              0x0000f934   Data           4  ip_addr.o(.constdata)
    ip_addr_broadcast                        0x0000f938   Data           4  ip_addr.o(.constdata)
    OSUnMapTbl                               0x0000f93c   Data         256  os_core.o(.constdata)
    Region$$Table$$Base                      0x0000fb10   Number         0  anon$$obj.o(Region$$Table)
    Region$$Table$$Limit                     0x0000fb30   Number         0  anon$$obj.o(Region$$Table)
    modbusSlaveDefaultFunctions              0x20000000   Data          80  modbus.o(.data)
    LwIP_NetISR_Sem                          0x20000064   Data           4  lwiplib.o(.data)
    g_bNetStatus                             0x20000074   Data           1  net_tcpip.o(.data)
    MACAddress                               0x20000075   Data           6  net_tcpip.o(.data)
    netif_list                               0x200000c4   Data           4  netif.o(.data)
    netif_default                            0x200000c8   Data           4  netif.o(.data)
    tcp_ticks                                0x200000dc   Data           4  tcp.o(.data)
    tcp_bound_pcbs                           0x200000e0   Data           4  tcp.o(.data)
    tcp_listen_pcbs                          0x200000e4   Data           4  tcp.o(.data)
    tcp_active_pcbs                          0x200000e8   Data           4  tcp.o(.data)
    tcp_tw_pcbs                              0x200000ec   Data           4  tcp.o(.data)
    tcp_tmp_pcb                              0x200000f0   Data           4  tcp.o(.data)
    tcp_input_pcb                            0x2000010c   Data           4  tcp_in.o(.data)
    udp_pcbs                                 0x20000118   Data           4  udp.o(.data)
    current_netif                            0x20000120   Data           4  ip.o(.data)
    current_header                           0x20000124   Data           4  ip.o(.data)
    current_iphdr_src                        0x20000128   Data           4  ip.o(.data)
    current_iphdr_dest                       0x2000012c   Data           4  ip.o(.data)
    OSCPUUsage                               0x20000138   Data           1  os_core.o(.data)
    OSStatRdy                                0x20000139   Data           1  os_core.o(.data)
    OSIntNesting                             0x2000013a   Data           1  os_core.o(.data)
    OSLockNesting                            0x2000013b   Data           1  os_core.o(.data)
    OSPrioCur                                0x2000013c   Data           1  os_core.o(.data)
    OSPrioHighRdy                            0x2000013d   Data           1  os_core.o(.data)
    OSRdyGrp                                 0x2000013e   Data           1  os_core.o(.data)
    OSRunning                                0x2000013f   Data           1  os_core.o(.data)
    OSTaskCtr                                0x20000140   Data           1  os_core.o(.data)
    OSTickStepState                          0x20000141   Data           1  os_core.o(.data)
    OSCtxSwCtr                               0x20000144   Data           4  os_core.o(.data)
    OSEventFreeList                          0x20000148   Data           4  os_core.o(.data)
    OSIdleCtrMax                             0x2000014c   Data           4  os_core.o(.data)
    OSIdleCtrRun                             0x20000150   Data           4  os_core.o(.data)
    OSIdleCtr                                0x20000154   Data           4  os_core.o(.data)
    OSTCBCur                                 0x20000158   Data           4  os_core.o(.data)
    OSTCBFreeList                            0x2000015c   Data           4  os_core.o(.data)
    OSTCBHighRdy                             0x20000160   Data           4  os_core.o(.data)
    OSTCBList                                0x20000164   Data           4  os_core.o(.data)
    OSTime                                   0x20000168   Data           4  os_core.o(.data)
    OSRdyTbl                                 0x2000016c   Data           8  os_core.o(.data)
    OSFlagFreeList                           0x20000174   Data           4  os_core.o(.data)
    OSMemFreeList                            0x20000178   Data           4  os_core.o(.data)
    OSQFreeList                              0x2000017c   Data           4  os_core.o(.data)
    Task_Eth_Stk                             0x200010b0   Data        2048  net_tcpip.o(.bss)
    tcp_query                                0x200018b0   Data         256  net_socket.o(.bss)
    LWIP_TASK_STK                            0x20001cfc   Data       12288  sys_arch.o(.bss)
    lwip_timeouts                            0x20004cfc   Data          12  sys_arch.o(.bss)
    dhcp_rx_options_val                      0x20004e98   Data          40  dhcp.o(.bss)
    dhcp_rx_options_given                    0x20004ec0   Data          10  dhcp.o(.bss)
    ram_heap                                 0x2000552f   Data        3092  mem.o(.bss)
    OSEventTbl                               0x20008664   Data         720  os_core.o(.bss)
    OSTaskStatStk                            0x20008934   Data         512  os_core.o(.bss)
    OSTaskIdleStk                            0x20008b34   Data         512  os_core.o(.bss)
    OSTCBPrioTbl                             0x20008d34   Data         256  os_core.o(.bss)
    OSTCBTbl                                 0x20008e34   Data        1584  os_core.o(.bss)
    OSFlagTbl                                0x20009464   Data          64  os_core.o(.bss)
    OSMemTbl                                 0x200094a4   Data          96  os_core.o(.bss)
    OSQTbl                                   0x20009504   Data         240  os_core.o(.bss)
    __libspace_start                         0x200095f4   Data          96  libspace.o(.bss)
    __temporary_stack_top$libspace           0x20009654   Data           0  libspace.o(.bss)



==============================================================================

Memory Map of the image

  Image Entry point : 0x000000f1

  Load Region LR_IROM1 (Base: 0x00000000, Size: 0x0001019c, Max: 0x00040000, ABSOLUTE, COMPRESSED[0x0000fb74])

    Execution Region ER_IROM1 (Exec base: 0x00000000, Load base: 0x00000000, Size: 0x0000fb30, Max: 0x00040000, ABSOLUTE)

    Exec Addr    Load Addr    Size         Type   Attr      Idx    E Section Name        Object

    0x00000000   0x00000000   0x000000fc   Code   RO            5  * RESET               startup.o
    0x000000fc   0x000000fc   0x00000008   Code   RO          183  * !!!main             c_w.l(__main.o)
    0x00000104   0x00000104   0x00000034   Code   RO          351    !!!scatter          c_w.l(__scatter.o)
    0x00000138   0x00000138   0x0000005a   Code   RO          350    !!dczerorl2         c_w.l(__dczerorl2.o)
    0x00000192   0x00000192   0x00000002   PAD
    0x00000194   0x00000194   0x0000001c   Code   RO          352    !!handler_zi        c_w.l(__scatter_zi.o)
    0x000001b0   0x000001b0   0x00000002   Code   RO          298    .ARM.Collect$$libinit$$00000000  c_w.l(libinit.o)
    0x000001b2   0x000001b2   0x00000000   Code   RO          236    .ARM.Collect$$libinit$$00000002  c_w.l(libinit2.o)
    0x000001b2   0x000001b2   0x00000000   Code   RO          238    .ARM.Collect$$libinit$$00000004  c_w.l(libinit2.o)
    0x000001b2   0x000001b2   0x00000008   Code   RO          239    .ARM.Collect$$libinit$$00000005  c_w.l(libinit2.o)
    0x000001ba   0x000001ba   0x00000000   Code   RO          241    .ARM.Collect$$libinit$$0000000A  c_w.l(libinit2.o)
    0x000001ba   0x000001ba   0x00000000   Code   RO          243    .ARM.Collect$$libinit$$0000000C  c_w.l(libinit2.o)
    0x000001ba   0x000001ba   0x00000000   Code   RO          245    .ARM.Collect$$libinit$$0000000E  c_w.l(libinit2.o)
    0x000001ba   0x000001ba   0x00000000   Code   RO          248    .ARM.Collect$$libinit$$00000011  c_w.l(libinit2.o)
    0x000001ba   0x000001ba   0x00000000   Code   RO          250    .ARM.Collect$$libinit$$00000013  c_w.l(libinit2.o)
    0x000001ba   0x000001ba   0x00000000   Code   RO          252    .ARM.Collect$$libinit$$00000015  c_w.l(libinit2.o)
    0x000001ba   0x000001ba   0x00000000   Code   RO          254    .ARM.Collect$$libinit$$00000017  c_w.l(libinit2.o)
    0x000001ba   0x000001ba   0x00000000   Code   RO          256    .ARM.Collect$$libinit$$00000019  c_w.l(libinit2.o)
    0x000001ba   0x000001ba   0x00000000   Code   RO          258    .ARM.Collect$$libinit$$0000001B  c_w.l(libinit2.o)
    0x000001ba   0x000001ba   0x00000000   Code   RO          260    .ARM.Collect$$libinit$$0000001D  c_w.l(libinit2.o)
    0x000001ba   0x000001ba   0x00000000   Code   RO          262    .ARM.Collect$$libinit$$0000001F  c_w.l(libinit2.o)
    0x000001ba   0x000001ba   0x00000000   Code   RO          264    .ARM.Collect$$libinit$$00000021  c_w.l(libinit2.o)
    0x000001ba   0x000001ba   0x00000000   Code   RO          266    .ARM.Collect$$libinit$$00000023  c_w.l(libinit2.o)
    0x000001ba   0x000001ba   0x00000000   Code   RO          268    .ARM.Collect$$libinit$$00000025  c_w.l(libinit2.o)
    0x000001ba   0x000001ba   0x00000000   Code   RO          272    .ARM.Collect$$libinit$$0000002C  c_w.l(libinit2.o)
    0x000001ba   0x000001ba   0x00000000   Code   RO          274    .ARM.Collect$$libinit$$0000002E  c_w.l(libinit2.o)
    0x000001ba   0x000001ba   0x00000000   Code   RO          276    .ARM.Collect$$libinit$$00000030  c_w.l(libinit2.o)
    0x000001ba   0x000001ba   0x00000000   Code   RO          278    .ARM.Collect$$libinit$$00000032  c_w.l(libinit2.o)
    0x000001ba   0x000001ba   0x00000002   Code   RO          279    .ARM.Collect$$libinit$$00000033  c_w.l(libinit2.o)
    0x000001bc   0x000001bc   0x00000002   Code   RO          347    .ARM.Collect$$libshutdown$$00000000  c_w.l(libshutdown.o)
    0x000001be   0x000001be   0x00000000   Code   RO          312    .ARM.Collect$$libshutdown$$00000002  c_w.l(libshutdown2.o)
    0x000001be   0x000001be   0x00000000   Code   RO          314    .ARM.Collect$$libshutdown$$00000004  c_w.l(libshutdown2.o)
    0x000001be   0x000001be   0x00000000   Code   RO          316    .ARM.Collect$$libshutdown$$00000006  c_w.l(libshutdown2.o)
    0x000001be   0x000001be   0x00000000   Code   RO          319    .ARM.Collect$$libshutdown$$00000009  c_w.l(libshutdown2.o)
    0x000001be   0x000001be   0x00000000   Code   RO          322    .ARM.Collect$$libshutdown$$0000000C  c_w.l(libshutdown2.o)
    0x000001be   0x000001be   0x00000000   Code   RO          324    .ARM.Collect$$libshutdown$$0000000E  c_w.l(libshutdown2.o)
    0x000001be   0x000001be   0x00000000   Code   RO          327    .ARM.Collect$$libshutdown$$00000011  c_w.l(libshutdown2.o)
    0x000001be   0x000001be   0x00000002   Code   RO          328    .ARM.Collect$$libshutdown$$00000012  c_w.l(libshutdown2.o)
    0x000001c0   0x000001c0   0x00000000   Code   RO          185    .ARM.Collect$$rtentry$$00000000  c_w.l(__rtentry.o)
    0x000001c0   0x000001c0   0x00000000   Code   RO          208    .ARM.Collect$$rtentry$$00000002  c_w.l(__rtentry2.o)
    0x000001c0   0x000001c0   0x00000006   Code   RO          220    .ARM.Collect$$rtentry$$00000004  c_w.l(__rtentry4.o)
    0x000001c6   0x000001c6   0x00000000   Code   RO          210    .ARM.Collect$$rtentry$$00000009  c_w.l(__rtentry2.o)
    0x000001c6   0x000001c6   0x00000004   Code   RO          211    .ARM.Collect$$rtentry$$0000000A  c_w.l(__rtentry2.o)
    0x000001ca   0x000001ca   0x00000000   Code   RO          213    .ARM.Collect$$rtentry$$0000000C  c_w.l(__rtentry2.o)
    0x000001ca   0x000001ca   0x00000008   Code   RO          214    .ARM.Collect$$rtentry$$0000000D  c_w.l(__rtentry2.o)
    0x000001d2   0x000001d2   0x00000002   Code   RO          303    .ARM.Collect$$rtexit$$00000000  c_w.l(rtexit.o)
    0x000001d4   0x000001d4   0x00000000   Code   RO          331    .ARM.Collect$$rtexit$$00000002  c_w.l(rtexit2.o)
    0x000001d4   0x000001d4   0x00000004   Code   RO          332    .ARM.Collect$$rtexit$$00000003  c_w.l(rtexit2.o)
    0x000001d8   0x000001d8   0x00000006   Code   RO          333    .ARM.Collect$$rtexit$$00000004  c_w.l(rtexit2.o)
    0x000001de   0x000001de   0x00000002   PAD
    0x000001e0   0x000001e0   0x00000026   Code   RO           18    .emb_text           cpu.o
    0x00000206   0x00000206   0x00000002   PAD
    0x00000208   0x00000208   0x00000006   Code   RO           29    .emb_text           sysctl.o
    0x0000020e   0x0000020e   0x00000002   PAD
    0x00000210   0x00000210   0x00000000   Code   RO          223    .emb_text           c_w.l(maybetermalloc1.o)
    0x00000210   0x00000210   0x00000048   Code   RO            1    .text               app.o
    0x00000258   0x00000258   0x00000018   Code   RO            6    .text               startup.o
    0x00000270   0x00000270   0x00001848   Code   RO            7    .text               modbus.o
    0x00001ab8   0x00001ab8   0x000000a0   Code   RO           15    .text               bsp.o
    0x00001b58   0x00001b58   0x000002c0   Code   RO           19    .text               ethernet.o
    0x00001e18   0x00001e18   0x000005f4   Code   RO           20    .text               gpio.o
    0x0000240c   0x0000240c   0x00000254   Code   RO           24    .text               interrupt.o
    0x00002660   0x00002660   0x000008fc   Code   RO           30    .text               sysctl.o
    0x00002f5c   0x00002f5c   0x000002ac   Code   RO           32    .text               uart.o
    0x00003208   0x00003208   0x00000210   Code   RO           34    .text               lwiplib.o
    0x00003418   0x00003418   0x00000558   Code   RO           37    .text               ustdlib.o
    0x00003970   0x00003970   0x000002b4   Code   RO           41    .text               uartstdio.o
    0x00003c24   0x00003c24   0x00000190   Code   RO           45    .text               net_tcpip.o
    0x00003db4   0x00003db4   0x0000056c   Code   RO           51    .text               net_socket.o
    0x00004320   0x00004320   0x00000250   Code   RO           54    .text               sys_arch.o
    0x00004570   0x00004570   0x000002b4   Code   RO           59    .text               stellarisif.o
    0x00004824   0x00004824   0x000005c4   Code   RO           61    .text               etharp.o
    0x00004de8   0x00004de8   0x0000050c   Code   RO           65    .text               api_lib.o
    0x000052f4   0x000052f4   0x00000c18   Code   RO           66    .text               api_msg.o
    0x00005f0c   0x00005f0c   0x0000012e   Code   RO           67    .text               netbuf.o
    0x0000603a   0x0000603a   0x00000002   PAD
    0x0000603c   0x0000603c   0x0000102c   Code   RO           71    .text               sockets.o
    0x00007068   0x00007068   0x00000230   Code   RO           75    .text               tcpip.o
    0x00007298   0x00007298   0x00000010   Code   RO           77    .text               def.o
    0x000072a8   0x000072a8   0x00000d84   Code   RO           78    .text               dhcp.o
    0x0000802c   0x0000802c   0x00000500   Code   RO           81    .text               dns.o
    0x0000852c   0x0000852c   0x00000022   Code   RO           84    .text               init.o
    0x0000854e   0x0000854e   0x00000002   PAD
    0x00008550   0x00008550   0x000002ac   Code   RO           85    .text               mem.o
    0x000087fc   0x000087fc   0x000000a4   Code   RO           88    .text               memp.o
    0x000088a0   0x000088a0   0x000002f0   Code   RO           91    .text               netif.o
    0x00008b90   0x00008b90   0x000005ae   Code   RO           94    .text               pbuf.o
    0x0000913e   0x0000913e   0x00000002   PAD
    0x00009140   0x00009140   0x00000170   Code   RO           96    .text               raw.o
    0x000092b0   0x000092b0   0x00000a84   Code   RO           99    .text               tcp.o
    0x00009d34   0x00009d34   0x00000f90   Code   RO          103    .text               tcp_in.o
    0x0000acc4   0x0000acc4   0x00000a26   Code   RO          106    .text               tcp_out.o
    0x0000b6ea   0x0000b6ea   0x00000002   PAD
    0x0000b6ec   0x0000b6ec   0x00000208   Code   RO          107    .text               timers.o
    0x0000b8f4   0x0000b8f4   0x000003c8   Code   RO          109    .text               udp.o
    0x0000bcbc   0x0000bcbc   0x0000018c   Code   RO          111    .text               icmp.o
    0x0000be48   0x0000be48   0x000001cc   Code   RO          112    .text               inet_chksum.o
    0x0000c014   0x0000c014   0x000002e8   Code   RO          113    .text               ip.o
    0x0000c2fc   0x0000c2fc   0x000001e4   Code   RO          115    .text               ip_addr.o
    0x0000c4e0   0x0000c4e0   0x00000524   Code   RO          119    .text               ip_frag.o
    0x0000ca04   0x0000ca04   0x000000d0   Code   RO          121    .text               os_cpu_c.o
    0x0000cad4   0x0000cad4   0x000000a4   Code   RO          123    .text               os_cpu_a.o
    0x0000cb78   0x0000cb78   0x00000918   Code   RO          124    .text               os_core.o
    0x0000d490   0x0000d490   0x000005c4   Code   RO          134    .text               os_flag.o
    0x0000da54   0x0000da54   0x000001ec   Code   RO          136    .text               os_mem.o
    0x0000dc40   0x0000dc40   0x00000558   Code   RO          138    .text               os_q.o
    0x0000e198   0x0000e198   0x00000344   Code   RO          139    .text               os_sem.o
    0x0000e4dc   0x0000e4dc   0x000007ac   Code   RO          140    .text               os_task.o
    0x0000ec88   0x0000ec88   0x0000017c   Code   RO          141    .text               os_time.o
    0x0000ee04   0x0000ee04   0x0000004e   Code   RO          146    .text               c_w.l(h1_free.o)
    0x0000ee52   0x0000ee52   0x000000b8   Code   RO          147    .text               c_w.l(h1_realloc.o)
    0x0000ef0a   0x0000ef0a   0x0000003e   Code   RO          177    .text               c_w.l(strlen.o)
    0x0000ef48   0x0000ef48   0x0000008a   Code   RO          178    .text               c_w.l(rt_memcpy_v6.o)
    0x0000efd2   0x0000efd2   0x00000044   Code   RO          179    .text               c_w.l(rt_memclr.o)
    0x0000f016   0x0000f016   0x0000004e   Code   RO          180    .text               c_w.l(rt_memclr_w.o)
    0x0000f064   0x0000f064   0x00000080   Code   RO          181    .text               c_w.l(strcmpv7m.o)
    0x0000f0e4   0x0000f0e4   0x00000006   Code   RO          182    .text               c_w.l(heapauxi.o)
    0x0000f0ea   0x0000f0ea   0x00000002   PAD
    0x0000f0ec   0x0000f0ec   0x00000008   Code   RO          188    .text               c_w.l(rt_heap_descriptor_intlibspace.o)
    0x0000f0f4   0x0000f0f4   0x00000004   Code   RO          192    .text               c_w.l(hguard.o)
    0x0000f0f8   0x0000f0f8   0x0000008a   Code   RO          193    .text               c_w.l(init_alloc.o)
    0x0000f182   0x0000f182   0x0000005e   Code   RO          196    .text               c_w.l(h1_alloc.o)
    0x0000f1e0   0x0000f1e0   0x00000064   Code   RO          204    .text               c_w.l(rt_memcpy_w.o)
    0x0000f244   0x0000f244   0x00000008   Code   RO          205    .text               c_w.l(libspace.o)
    0x0000f24c   0x0000f24c   0x0000000e   Code   RO          225    .text               c_w.l(h1_init.o)
    0x0000f25a   0x0000f25a   0x00000034   Code   RO          226    .text               c_w.l(h1_extend.o)
    0x0000f28e   0x0000f28e   0x0000000e   Code   RO          230    .text               c_w.l(defsig_rtmem_outer.o)
    0x0000f29c   0x0000f29c   0x0000004a   Code   RO          281    .text               c_w.l(sys_stackheap_outer.o)
    0x0000f2e6   0x0000f2e6   0x00000012   Code   RO          291    .text               c_w.l(exit.o)
    0x0000f2f8   0x0000f2f8   0x0000000a   Code   RO          292    .text               c_w.l(defsig_exit.o)
    0x0000f302   0x0000f302   0x00000002   PAD
    0x0000f304   0x0000f304   0x00000050   Code   RO          293    .text               c_w.l(defsig_rtmem_inner.o)
    0x0000f354   0x0000f354   0x0000000c   Code   RO          300    .text               c_w.l(sys_exit.o)
    0x0000f360   0x0000f360   0x00000002   Code   RO          301    .text               c_w.l(use_no_semi.o)
    0x0000f362   0x0000f362   0x00000000   Code   RO          302    .text               c_w.l(indicate_semi.o)
    0x0000f362   0x0000f362   0x00000032   Code   RO          308    .text               c_w.l(defsig_general.o)
    0x0000f394   0x0000f394   0x0000000e   Code   RO          329    .text               c_w.l(sys_wrch.o)
    0x0000f3a2   0x0000f3a2   0x00000002   PAD
    0x0000f3a4   0x0000f3a4   0x000000f4   Data   RO           11    .constdata          modbus.o
    0x0000f498   0x0000f498   0x00000078   Data   RO           21    .constdata          gpio.o
    0x0000f510   0x0000f510   0x00000104   Data   RO           25    .constdata          interrupt.o
    0x0000f614   0x0000f614   0x000001c4   Data   RO           31    .constdata          sysctl.o
    0x0000f7d8   0x0000f7d8   0x00000040   Data   RO           33    .constdata          uart.o
    0x0000f818   0x0000f818   0x0000001c   Data   RO           38    .constdata          ustdlib.o
    0x0000f834   0x0000f834   0x0000001c   Data   RO           42    .constdata          uartstdio.o
    0x0000f850   0x0000f850   0x00000004   Data   RO           56    .constdata          sys_arch.o
    0x0000f854   0x0000f854   0x0000000c   Data   RO           63    .constdata          etharp.o
    0x0000f860   0x0000f860   0x00000040   Data   RO           73    .constdata          sockets.o
    0x0000f8a0   0x0000f8a0   0x00000040   Data   RO           90    .constdata          memp.o
    0x0000f8e0   0x0000f8e0   0x00000054   Data   RO          100    .constdata          tcp.o
    0x0000f934   0x0000f934   0x00000004   Data   RO          117    .constdata          ip_addr.o
    0x0000f938   0x0000f938   0x00000004   Data   RO          118    .constdata          ip_addr.o
    0x0000f93c   0x0000f93c   0x00000100   Data   RO          129    .constdata          os_core.o
    0x0000fa3c   0x0000fa3c   0x00000048   Data   RO           12    .conststring        modbus.o
    0x0000fa84   0x0000fa84   0x00000011   Data   RO           39    .conststring        ustdlib.o
    0x0000fa95   0x0000fa95   0x00000003   PAD
    0x0000fa98   0x0000fa98   0x00000075   Data   RO          101    .conststring        tcp.o
    0x0000fb0d   0x0000fb0d   0x00000003   PAD
    0x0000fb10   0x0000fb10   0x00000020   Data   RO          348    Region$$Table       anon$$obj.o


    Execution Region RW_IRAM1 (Exec base: 0x20000000, Load base: 0x0000fb30, Size: 0x00009e58, Max: 0x00010000, ABSOLUTE, COMPRESSED[0x00000044])

    Exec Addr    Load Addr    Size         Type   Attr      Idx    E Section Name        Object

    0x20000000   COMPRESSED   0x00000050   Data   RW           13    .data               modbus.o
    0x20000050   COMPRESSED   0x00000018   Data   RW           36    .data               lwiplib.o
    0x20000068   COMPRESSED   0x00000004   Data   RW           40    .data               ustdlib.o
    0x2000006c   COMPRESSED   0x00000008   Data   RW           44    .data               uartstdio.o
    0x20000074   COMPRESSED   0x00000007   Data   RW           47    .data               net_tcpip.o
    0x2000007b   COMPRESSED   0x00000001   PAD
    0x2000007c   COMPRESSED   0x00000004   Data   RW           57    .data               sys_arch.o
    0x20000080   COMPRESSED   0x00000001   Data   RW           64    .data               etharp.o
    0x20000081   COMPRESSED   0x00000003   PAD
    0x20000084   COMPRESSED   0x00000008   Data   RW           74    .data               sockets.o
    0x2000008c   COMPRESSED   0x0000000c   Data   RW           76    .data               tcpip.o
    0x20000098   COMPRESSED   0x00000004   Data   RW           80    .data               dhcp.o
    0x2000009c   COMPRESSED   0x00000014   Data   RW           83    .data               dns.o
    0x200000b0   COMPRESSED   0x00000010   Data   RW           87    .data               mem.o
    0x200000c0   COMPRESSED   0x0000000c   Data   RW           93    .data               netif.o
    0x200000cc   COMPRESSED   0x00000001   Data   RW           95    .data               pbuf.o
    0x200000cd   COMPRESSED   0x00000003   PAD
    0x200000d0   COMPRESSED   0x00000004   Data   RW           97    .data               raw.o
    0x200000d4   COMPRESSED   0x00000020   Data   RW          102    .data               tcp.o
    0x200000f4   COMPRESSED   0x0000001c   Data   RW          105    .data               tcp_in.o
    0x20000110   COMPRESSED   0x00000008   Data   RW          108    .data               timers.o
    0x20000118   COMPRESSED   0x00000004   Data   RW          110    .data               udp.o
    0x2000011c   COMPRESSED   0x00000014   Data   RW          114    .data               ip.o
    0x20000130   COMPRESSED   0x00000008   Data   RW          120    .data               ip_frag.o
    0x20000138   COMPRESSED   0x0000003c   Data   RW          130    .data               os_core.o
    0x20000174   COMPRESSED   0x00000004   Data   RW          131    .data               os_core.o
    0x20000178   COMPRESSED   0x00000004   Data   RW          132    .data               os_core.o
    0x2000017c   COMPRESSED   0x00000004   Data   RW          133    .data               os_core.o
    0x20000180   COMPRESSED   0x00000280   PAD
    0x20000400   COMPRESSED   0x0000026c   Data   RW           26    vtable              interrupt.o
    0x2000066c        -       0x000000c8   Zero   RW            2    .bss                app.o
    0x20000734        -       0x00000140   Zero   RW            8    .bss                modbus.o
    0x20000874        -       0x0000083c   Zero   RW           35    .bss                lwiplib.o
    0x200010b0        -       0x00000800   Zero   RW           46    .bss                net_tcpip.o
    0x200018b0        -       0x00000100   Zero   RW           52    .bss                net_socket.o
    0x200019b0        -       0x00003358   Zero   RW           55    .bss                sys_arch.o
    0x20004d08        -       0x00000060   Zero   RW           60    .bss                stellarisif.o
    0x20004d68        -       0x000000a0   Zero   RW           62    .bss                etharp.o
    0x20004e08        -       0x00000090   Zero   RW           72    .bss                sockets.o
    0x20004e98        -       0x00000032   Zero   RW           79    .bss                dhcp.o
    0x20004eca   COMPRESSED   0x00000002   PAD
    0x20004ecc        -       0x00000663   Zero   RW           82    .bss                dns.o
    0x2000552f        -       0x00000c14   Zero   RW           86    .bss                mem.o
    0x20006143   COMPRESSED   0x00000001   PAD
    0x20006144        -       0x000024c3   Zero   RW           89    .bss                memp.o
    0x20008607   COMPRESSED   0x00000001   PAD
    0x20008608        -       0x0000003c   Zero   RW           92    .bss                netif.o
    0x20008644        -       0x00000010   Zero   RW          104    .bss                tcp_in.o
    0x20008654        -       0x00000010   Zero   RW          116    .bss                ip_addr.o
    0x20008664        -       0x00000e00   Zero   RW          125    .bss                os_core.o
    0x20009464        -       0x00000040   Zero   RW          126    .bss                os_core.o
    0x200094a4        -       0x00000060   Zero   RW          127    .bss                os_core.o
    0x20009504        -       0x000000f0   Zero   RW          128    .bss                os_core.o
    0x200095f4        -       0x00000060   Zero   RW          206    .bss                c_w.l(libspace.o)
    0x20009654   COMPRESSED   0x00000004   PAD
    0x20009658        -       0x00000000   Zero   RW            4    HEAP                startup.o
    0x20009658        -       0x00000800   Zero   RW            3    STACK               startup.o


==============================================================================

Image component sizes


      Code (inc. data)   RO Data    RW Data    ZI Data      Debug   Object Name

      1292         50          0          0          0          0   api_lib.o
      3096         56          0          0          0          0   api_msg.o
        72         10          0          0        200          0   app.o
       160         40          0          0          0          0   bsp.o
        38          0          0          0          0          0   cpu.o
        16          0          0          0          0          0   def.o
      3460         52          0          4         50          0   dhcp.o
      1280         64          0         20       1635          0   dns.o
      1476         22         12          1        160          0   etharp.o
       704          6          0          0          0          0   ethernet.o
      1524         46        120          0          0          0   gpio.o
       396          8          0          0          0          0   icmp.o
       460          0          0          0          0          0   inet_chksum.o
        34          0          0          0          0          0   init.o
       596         20        260        620          0          0   interrupt.o
       744         14          0         20          0          0   ip.o
       484         12          8          0         16          0   ip_addr.o
      1316         14          0          8          0          0   ip_frag.o
       528         56          0         24       2108          0   lwiplib.o
       684         10          0         16       3092          0   mem.o
       164          8         64          0       9411          0   memp.o
      6216       1396        316         80        320          0   modbus.o
      1388        438          0          0        256          0   net_socket.o
       400        138          0          7       2048          0   net_tcpip.o
       302          0          0          0          0          0   netbuf.o
       752         30          0         12         60          0   netif.o
      2328         86        256         72       3984          0   os_core.o
       164         32          0          0          0          0   os_cpu_a.o
       208         12          0          0          0          0   os_cpu_c.o
      1476         38          0          0          0          0   os_flag.o
       492         16          0          0          0          0   os_mem.o
      1368         34          0          0          0          0   os_q.o
       836         22          0          0          0          0   os_sem.o
      1964         68          0          0          0          0   os_task.o
       380         26          0          0          0          0   os_time.o
      1454         14          0          1          0          0   pbuf.o
       368         12          0          4          0          0   raw.o
      4140         78         64          8        144          0   sockets.o
       276        256          0          0       2048          0   startup.o
       692         18          0          0         96          0   stellarisif.o
       592         22          4          4      13144          0   sys_arch.o
      2306        128        452          0          0          0   sysctl.o
      2692         54        201         32          0          0   tcp.o
      3984        100          0         28         16          0   tcp_in.o
      2598         12          0          0          0          0   tcp_out.o
       560         40          0         12          0          0   tcpip.o
       520         38          0          8          0          0   timers.o
       684          4         64          0          0          0   uart.o
       692         28         28          8          0          0   uartstdio.o
       968         14          0          4          0          0   udp.o
      1368         28         45          4          0          0   ustdlib.o

    ----------------------------------------------------------------------
     60704       3670       1932       1644      38792          0   Object Totals
         0          0         32          0          0          0   (incl. Generated)
        12          0          6        647          4          0   (incl. Padding)

    ----------------------------------------------------------------------

      Code (inc. data)   RO Data    RW Data    ZI Data      Debug   Library Member Name

        90          0          0          0          0          0   __dczerorl2.o
         8          0          0          0          0          0   __main.o
         0          0          0          0          0          0   __rtentry.o
        12          0          0          0          0          0   __rtentry2.o
         6          0          0          0          0          0   __rtentry4.o
        52          8          0          0          0          0   __scatter.o
        28          0          0          0          0          0   __scatter_zi.o
        10          0          0          0          0          0   defsig_exit.o
        50          0          0          0          0          0   defsig_general.o
        80         58          0          0          0          0   defsig_rtmem_inner.o
        14          0          0          0          0          0   defsig_rtmem_outer.o
        18          0          0          0          0          0   exit.o
        94          0          0          0          0          0   h1_alloc.o
        52          0          0          0          0          0   h1_extend.o
        78          0          0          0          0          0   h1_free.o
        14          0          0          0          0          0   h1_init.o
       184          0          0          0          0          0   h1_realloc.o
         6          0          0          0          0          0   heapauxi.o
         4          0          0          0          0          0   hguard.o
         0          0          0          0          0          0   indicate_semi.o
       138          0          0          0          0          0   init_alloc.o
         2          0          0          0          0          0   libinit.o
        10          0          0          0          0          0   libinit2.o
         2          0          0          0          0          0   libshutdown.o
         2          0          0          0          0          0   libshutdown2.o
         8          4          0          0         96          0   libspace.o
         0          0          0          0          0          0   maybetermalloc1.o
         8          4          0          0          0          0   rt_heap_descriptor_intlibspace.o
        68          0          0          0          0          0   rt_memclr.o
        78          0          0          0          0          0   rt_memclr_w.o
       138          0          0          0          0          0   rt_memcpy_v6.o
       100          0          0          0          0          0   rt_memcpy_w.o
         2          0          0          0          0          0   rtexit.o
        10          0          0          0          0          0   rtexit2.o
       128          0          0          0          0          0   strcmpv7m.o
        62          0          0          0          0          0   strlen.o
        12          4          0          0          0          0   sys_exit.o
        74          0          0          0          0          0   sys_stackheap_outer.o
        14          0          0          0          0          0   sys_wrch.o
         2          0          0          0          0          0   use_no_semi.o

    ----------------------------------------------------------------------
      1668         78          0          0        100          0   Library Totals
        10          0          0          0          4          0   (incl. Padding)

    ----------------------------------------------------------------------

      Code (inc. data)   RO Data    RW Data    ZI Data      Debug   Library Name

      1658         78          0          0         96          0   c_w.l

    ----------------------------------------------------------------------
      1668         78          0          0        100          0   Library Totals

    ----------------------------------------------------------------------

==============================================================================


      Code (inc. data)   RO Data    RW Data    ZI Data      Debug   

     62372       3748       1932       1644      38892          0   Grand Totals
     62372       3748       1932         68      38892          0   ELF Image Totals (compressed)
     62372       3748       1932         68          0          0   ROM Totals

==============================================================================

    Total RO  Size (Code + RO Data)                64304 (  62.80kB)
    Total RW  Size (RW Data + ZI Data)             40536 (  39.59kB)
    Total ROM Size (Code + RO Data + RW Data)      64372 (  62.86kB)

==============================================================================

