<html>
<body>
<pre>
<h1>µVision Build Log</h1>
<h2>Tool Versions:</h2>
IDE-Version: µVision V5.35.0.0
Copyright (C) 2021 ARM Ltd and ARM Germany GmbH. All rights reserved.
License Information: Lam Phung Le, EES, LIC=32B1Q-NU6A5-WFYI7-E0ZZR-T25WA-HRLDX
 
Tool Versions:
Toolchain:       MDK-ARM Plus  Version: 5.35.0.2
Toolchain Path:  C:\Keil_v5\ARM\ARMCC\Bin
C Compiler:      Armcc.exe V5.06 update 7 (build 960)
Assembler:       Armasm.exe V5.06 update 7 (build 960)
Linker/Locator:  ArmLink.exe V5.06 update 7 (build 960)
Library Manager: ArmAr.exe V5.06 update 7 (build 960)
Hex Converter:   FromElf.exe V5.06 update 7 (build 960)
CPU DLL:         SARMCM3.DLL V5.35.0.2
Dialog DLL:      DLM.DLL V1.26.0.0
Target DLL:      Segger\JL2CM3.dll V2.99.40.0
Dialog DLL:      TLM.DLL V1.24.0.0
 
<h2>Project:</h2>
E:\LamPL\1.Code\etz-main\app\Stellaris\host_lm3s8962\prj\keil\host_lm3s8962.uvproj
Project File Date:  09/20/2021

<h2>Output:</h2>
*** Using Compiler 'V5.06 update 7 (build 960)', folder: 'C:\Keil_v5\ARM\ARMCC\Bin'
Rebuild target 'lwIP-1.40 uC/OS-2.89'
assembling Startup.s...
compiling bsp.c...
compiling hibernate.c...
compiling interrupt.c...
compiling bsp_ssi.c...
compiling ethernet.c...
compiling cpu.c...
compiling ssi.c...
compiling gpio.c...
compiling app.c...
compiling cc2520-arch.c...
compiling perf.c...
compiling uart.c...
compiling uartstdio.c...
compiling ustdlib.c...
compiling sys_arch.c...
compiling stellarisif.c...
compiling sysctl.c...
compiling lwiplib.c...
compiling net_tcpip.c...
compiling err.c...
compiling net_socket.c...
..\..\src\net\net_socket.c(54): warning:  #177-D: variable "enable"  was declared but never referenced
  	int enable;
..\..\src\net\net_socket.c(184): warning:  #550-D: variable "tv"  was set but never used
  	struct timeval tv;
..\..\src\net\net_socket.c: 2 warnings, 0 errors
compiling netbuf.c...
compiling etharp.c...
compiling api_lib.c...
compiling modbus.c...
..\..\src\lightmodbus\slave_func.impl.h(62): warning:  #111-D: statement is unreachable
  			break;
..\..\src\lightmodbus\debug.impl.h(30): warning:  #111-D: statement is unreachable
  		ECASE(MODBUS_OK);
..\..\src\lightmodbus\debug.impl.h(31): warning:  #111-D: statement is unreachable
  		ECASE(MODBUS_ERROR_LENGTH);
..\..\src\lightmodbus\debug.impl.h(32): warning:  #111-D: statement is unreachable
  		ECASE(MODBUS_ERROR_ALLOC);
..\..\src\lightmodbus\debug.impl.h(33): warning:  #111-D: statement is unreachable
  		ECASE(MODBUS_ERROR_FUNCTION);
..\..\src\lightmodbus\debug.impl.h(34): warning:  #111-D: statement is unreachable
  		ECASE(MODBUS_ERROR_COUNT);
..\..\src\lightmodbus\debug.impl.h(35): warning:  #111-D: statement is unreachable
  		ECASE(MODBUS_ERROR_INDEX);
..\..\src\lightmodbus\debug.impl.h(36): warning:  #111-D: statement is unreachable
  		ECASE(MODBUS_ERROR_VALUE);
..\..\src\lightmodbus\debug.impl.h(37): warning:  #111-D: statement is unreachable
  		ECASE(MODBUS_ERROR_RANGE);
..\..\src\lightmodbus\debug.impl.h(38): warning:  #111-D: statement is unreachable
  		ECASE(MODBUS_ERROR_CRC);
..\..\src\lightmodbus\debug.impl.h(39): warning:  #111-D: statement is unreachable
  		ECASE(MODBUS_ERROR_BAD_PROTOCOL);
..\..\src\lightmodbus\debug.impl.h(40): warning:  #111-D: statement is unreachable
  		ECASE(MODBUS_ERROR_BAD_TRANSACTION);
..\..\src\lightmodbus\debug.impl.h(41): warning:  #111-D: statement is unreachable
  		ECASE(MODBUS_ERROR_ADDRESS);
..\..\src\lightmodbus\debug.impl.h(42): warning:  #111-D: statement is unreachable
  		ECASE(MODBUS_ERROR_OTHER);
..\..\src\lightmodbus\debug.impl.h(55): warning:  #111-D: statement is unreachable
  		ECASE(MODBUS_ERROR_SOURCE_GENERAL);
..\..\src\lightmodbus\debug.impl.h(56): warning:  #111-D: statement is unreachable
  		ECASE(MODBUS_ERROR_SOURCE_REQUEST);
..\..\src\lightmodbus\debug.impl.h(57): warning:  #111-D: statement is unreachable
  		ECASE(MODBUS_ERROR_SOURCE_RESPONSE);
..\..\src\lightmodbus\debug.impl.h(58): warning:  #111-D: statement is unreachable
  		ECASE(MODBUS_ERROR_SOURCE_RESERVED);
..\..\src\lightmodbus\debug.impl.h(71): warning:  #111-D: statement is unreachable
  		ECASE(MODBUS_EXCEP_NONE);
..\..\src\lightmodbus\debug.impl.h(72): warning:  #111-D: statement is unreachable
  		ECASE(MODBUS_EXCEP_ILLEGAL_FUNCTION);
..\..\src\lightmodbus\debug.impl.h(73): warning:  #111-D: statement is unreachable
  		ECASE(MODBUS_EXCEP_ILLEGAL_ADDRESS);
..\..\src\lightmodbus\debug.impl.h(74): warning:  #111-D: statement is unreachable
  		ECASE(MODBUS_EXCEP_ILLEGAL_VALUE);
..\..\src\lightmodbus\debug.impl.h(75): warning:  #111-D: statement is unreachable
  		ECASE(MODBUS_EXCEP_SLAVE_FAILURE);
..\..\src\lightmodbus\debug.impl.h(76): warning:  #111-D: statement is unreachable
  		ECASE(MODBUS_EXCEP_ACK);
..\..\src\lightmodbus\debug.impl.h(77): warning:  #111-D: statement is unreachable
  		ECASE(MODBUS_EXCEP_NACK);
..\..\src\lightmodbus\debug.impl.h(90): warning:  #111-D: statement is unreachable
  		ECASE(MODBUS_HOLDING_REGISTER);
..\..\src\lightmodbus\debug.impl.h(91): warning:  #111-D: statement is unreachable
  		ECASE(MODBUS_INPUT_REGISTER);
..\..\src\lightmodbus\debug.impl.h(92): warning:  #111-D: statement is unreachable
  		ECASE(MODBUS_COIL);
..\..\src\lightmodbus\debug.impl.h(93): warning:  #111-D: statement is unreachable
  		ECASE(MODBUS_DISCRETE_INPUT);
..\..\src\lightmodbus\debug.impl.h(106): warning:  #111-D: statement is unreachable
  		ECASE(MODBUS_REGQ_R_CHECK);
..\..\src\lightmodbus\debug.impl.h(107): warning:  #111-D: statement is unreachable
  		ECASE(MODBUS_REGQ_W_CHECK);
..\..\src\lightmodbus\debug.impl.h(108): warning:  #111-D: statement is unreachable
  		ECASE(MODBUS_REGQ_R);
..\..\src\lightmodbus\debug.impl.h(109): warning:  #111-D: statement is unreachable
  		ECASE(MODBUS_REGQ_W);
..\..\src\app\modbus.c(286): warning:  #1-D: last line of file ends without a newline
  }
..\..\src\app\modbus.c: 34 warnings, 0 errors
compiling netifapi.c...
compiling netdb.c...
compiling def.c...
compiling api_msg.c...
compiling tcpip.c...
compiling init.c...
compiling mem.c...
compiling dns.c...
compiling sockets.c...
compiling dhcp.c...
compiling memp.c...
compiling stats.c...
compiling raw.c...
compiling netif.c...
compiling sys.c...
compiling pbuf.c...
compiling autoip.c...
compiling timers.c...
compiling igmp.c...
compiling icmp.c...
compiling udp.c...
compiling inet.c...
compiling tcp.c...
compiling inet_chksum.c...
compiling tcp_out.c...
compiling ip_addr.c...
compiling ip.c...
compiling os_dbg.c...
compiling os_cpu_c.c...
assembling os_cpu_a.asm...
compiling tcp_in.c...
compiling ip_frag.c...
compiling os_mbox.c...
compiling os_mem.c...
compiling os_flag.c...
compiling os_mutex.c...
compiling os_core.c...
compiling os_sem.c...
compiling os_q.c...
compiling os_tmr.c...
compiling os_time.c...
compiling os_task.c...
linking...
.\obj\lm3s8962_cc2520.axf: Warning: L6914W: option ropi ignored when using --scatter.
.\obj\lm3s8962_cc2520.axf: Warning: L6914W: option rwpi ignored when using --scatter.
Program Size: Code=62372 RO-data=1932 RW-data=1644 ZI-data=38892  
Finished: 0 information, 2 warning and 0 error messages.
".\obj\lm3s8962_cc2520.axf" - 0 Error(s), 38 Warning(s).
Build Time Elapsed:  00:00:02
</pre>
</body>
</html>
