<html>
<body>
<pre>
<h1>µVision Build Log</h1>
<h2>Tool Versions:</h2>
IDE-Version: µVision V5.35.0.0
Copyright (C) 2021 ARM Ltd and ARM Germany GmbH. All rights reserved.
License Information: Lam Phung Le, EES, LIC=32B1Q-NU6A5-WFYI7-E0ZZR-T25WA-HRLDX
 
Tool Versions:
Toolchain:       MDK-ARM Plus  Version: 5.35.0.2
Toolchain Path:  C:\Keil_v5\ARM\ARMCC\Bin
C Compiler:      Armcc.exe V5.06 update 7 (build 960)
Assembler:       Armasm.exe V5.06 update 7 (build 960)
Linker/Locator:  ArmLink.exe V5.06 update 7 (build 960)
Library Manager: ArmAr.exe V5.06 update 7 (build 960)
Hex Converter:   FromElf.exe V5.06 update 7 (build 960)
CPU DLL:         SARMCM3.DLL V5.35.0.2
Dialog DLL:      DLM.DLL V1.26.0.0
Target DLL:      Segger\JL2CM3.dll V2.99.40.0
Dialog DLL:      TLM.DLL V1.24.0.0
 
<h2>Project:</h2>
E:\LamPL\1.Code\etz-main\app\Stellaris\host_lm3s8962\prj\keil\host_lm3s8962.uvproj
Project File Date:  09/19/2021

<h2>Output:</h2>
*** Using Compiler 'V5.06 update 7 (build 960)', folder: 'C:\Keil_v5\ARM\ARMCC\Bin'
Rebuild target 'lwIP-1.40 uC/OS-2.89'
assembling Startup.s...
compiling hibernate.c...
compiling ssi.c...
compiling interrupt.c...
compiling ethernet.c...
compiling bsp_ssi.c...
compiling cpu.c...
compiling bsp.c...
compiling gpio.c...
compiling app.c...
compiling uart.c...
compiling cc2520-arch.c...
compiling perf.c...
compiling ustdlib.c...
compiling uartstdio.c...
compiling sys_arch.c...
compiling sysctl.c...
compiling stellarisif.c...
compiling err.c...
compiling etharp.c...
compiling lwiplib.c...
compiling netbuf.c...
compiling api_lib.c...
compiling net_socket.c...
..\..\src\net\net_socket.c(54): warning:  #177-D: variable "enable"  was declared but never referenced
  	int enable;
..\..\src\net\net_socket.c(184): warning:  #550-D: variable "tv"  was set but never used
  	struct timeval tv;
..\..\src\net\net_socket.c: 2 warnings, 0 errors
compiling net_tcpip.c...
compiling netifapi.c...
compiling netdb.c...
compiling api_msg.c...
compiling def.c...
compiling tcpip.c...
compiling dns.c...
compiling init.c...
compiling sockets.c...
compiling dhcp.c...
compiling mem.c...
compiling stats.c...
compiling raw.c...
compiling memp.c...
compiling sys.c...
compiling netif.c...
compiling pbuf.c...
compiling autoip.c...
compiling timers.c...
compiling tcp.c...
compiling udp.c...
compiling igmp.c...
compiling icmp.c...
compiling tcp_out.c...
compiling inet.c...
compiling tcp_in.c...
compiling inet_chksum.c...
compiling ip_addr.c...
compiling ip.c...
compiling ip_frag.c...
compiling os_cpu_c.c...
assembling os_cpu_a.asm...
compiling os_dbg.c...
compiling os_flag.c...
compiling os_core.c...
compiling os_mem.c...
compiling os_mbox.c...
compiling os_mutex.c...
compiling os_tmr.c...
compiling os_time.c...
compiling os_sem.c...
compiling os_q.c...
compiling os_task.c...
linking...
Program Size: Code=71472 RO-data=1612 RW-data=1644 ZI-data=34476  
".\obj\lm3s8962_cc2520.axf" - 0 Error(s), 2 Warning(s).
Build Time Elapsed:  00:00:02
</pre>
</body>
</html>
